[2025-07-16T11:06:36.502+0000] {processor.py:157} INFO - Started process (PID=4103) to work on /home/vscode/.local/lib/python3.10/site-packages/airflow/example_dags/example_short_circuit_operator.py
[2025-07-16T11:06:36.503+0000] {processor.py:826} INFO - Processing file /home/vscode/.local/lib/python3.10/site-packages/airflow/example_dags/example_short_circuit_operator.py for tasks to queue
[2025-07-16T11:06:36.504+0000] {logging_mixin.py:150} INFO - [2025-07-16T11:06:36.504+0000] {dagbag.py:541} INFO - Filling up the DagBag from /home/vscode/.local/lib/python3.10/site-packages/airflow/example_dags/example_short_circuit_operator.py
[2025-07-16T11:06:36.511+0000] {processor.py:836} INFO - DAG(s) dict_keys(['example_short_circuit_operator']) retrieved from /home/vscode/.local/lib/python3.10/site-packages/airflow/example_dags/example_short_circuit_operator.py
[2025-07-16T11:06:36.533+0000] {logging_mixin.py:150} INFO - [2025-07-16T11:06:36.533+0000] {dag.py:2742} INFO - Sync 1 DAGs
[2025-07-16T11:06:36.550+0000] {logging_mixin.py:150} INFO - [2025-07-16T11:06:36.549+0000] {dag.py:3504} INFO - Setting next_dagrun for example_short_circuit_operator to 2025-07-15T11:06:36.549628+00:00, run_after=2025-07-16T11:06:36.549628+00:00
[2025-07-16T11:06:36.566+0000] {processor.py:179} INFO - Processing /home/vscode/.local/lib/python3.10/site-packages/airflow/example_dags/example_short_circuit_operator.py took 0.067 seconds
[2025-07-16T11:07:22.839+0000] {processor.py:157} INFO - Started process (PID=4507) to work on /home/vscode/.local/lib/python3.10/site-packages/airflow/example_dags/example_short_circuit_operator.py
[2025-07-16T11:07:22.839+0000] {processor.py:826} INFO - Processing file /home/vscode/.local/lib/python3.10/site-packages/airflow/example_dags/example_short_circuit_operator.py for tasks to queue
[2025-07-16T11:07:22.840+0000] {logging_mixin.py:150} INFO - [2025-07-16T11:07:22.840+0000] {dagbag.py:541} INFO - Filling up the DagBag from /home/vscode/.local/lib/python3.10/site-packages/airflow/example_dags/example_short_circuit_operator.py
[2025-07-16T11:07:22.847+0000] {processor.py:836} INFO - DAG(s) dict_keys(['example_short_circuit_operator']) retrieved from /home/vscode/.local/lib/python3.10/site-packages/airflow/example_dags/example_short_circuit_operator.py
[2025-07-16T11:07:22.861+0000] {logging_mixin.py:150} INFO - [2025-07-16T11:07:22.861+0000] {dag.py:2742} INFO - Sync 1 DAGs
[2025-07-16T11:07:22.877+0000] {logging_mixin.py:150} INFO - [2025-07-16T11:07:22.877+0000] {dag.py:3504} INFO - Setting next_dagrun for example_short_circuit_operator to 2025-07-15T11:07:22.877312+00:00, run_after=2025-07-16T11:07:22.877312+00:00
[2025-07-16T11:07:22.892+0000] {processor.py:179} INFO - Processing /home/vscode/.local/lib/python3.10/site-packages/airflow/example_dags/example_short_circuit_operator.py took 0.056 seconds
[2025-07-16T11:08:06.761+0000] {processor.py:157} INFO - Started process (PID=4835) to work on /home/vscode/.local/lib/python3.10/site-packages/airflow/example_dags/example_short_circuit_operator.py
[2025-07-16T11:08:06.762+0000] {processor.py:826} INFO - Processing file /home/vscode/.local/lib/python3.10/site-packages/airflow/example_dags/example_short_circuit_operator.py for tasks to queue
[2025-07-16T11:08:06.762+0000] {logging_mixin.py:150} INFO - [2025-07-16T11:08:06.762+0000] {dagbag.py:541} INFO - Filling up the DagBag from /home/vscode/.local/lib/python3.10/site-packages/airflow/example_dags/example_short_circuit_operator.py
[2025-07-16T11:08:06.769+0000] {processor.py:836} INFO - DAG(s) dict_keys(['example_short_circuit_operator']) retrieved from /home/vscode/.local/lib/python3.10/site-packages/airflow/example_dags/example_short_circuit_operator.py
[2025-07-16T11:08:06.783+0000] {logging_mixin.py:150} INFO - [2025-07-16T11:08:06.783+0000] {dag.py:2742} INFO - Sync 1 DAGs
[2025-07-16T11:08:06.798+0000] {logging_mixin.py:150} INFO - [2025-07-16T11:08:06.797+0000] {dag.py:3504} INFO - Setting next_dagrun for example_short_circuit_operator to 2025-07-15T11:08:06.797766+00:00, run_after=2025-07-16T11:08:06.797766+00:00
[2025-07-16T11:08:06.814+0000] {processor.py:179} INFO - Processing /home/vscode/.local/lib/python3.10/site-packages/airflow/example_dags/example_short_circuit_operator.py took 0.056 seconds
[2025-07-16T11:08:52.749+0000] {processor.py:157} INFO - Started process (PID=5154) to work on /home/vscode/.local/lib/python3.10/site-packages/airflow/example_dags/example_short_circuit_operator.py
[2025-07-16T11:08:52.750+0000] {processor.py:826} INFO - Processing file /home/vscode/.local/lib/python3.10/site-packages/airflow/example_dags/example_short_circuit_operator.py for tasks to queue
[2025-07-16T11:08:52.751+0000] {logging_mixin.py:150} INFO - [2025-07-16T11:08:52.751+0000] {dagbag.py:541} INFO - Filling up the DagBag from /home/vscode/.local/lib/python3.10/site-packages/airflow/example_dags/example_short_circuit_operator.py
[2025-07-16T11:08:52.758+0000] {processor.py:836} INFO - DAG(s) dict_keys(['example_short_circuit_operator']) retrieved from /home/vscode/.local/lib/python3.10/site-packages/airflow/example_dags/example_short_circuit_operator.py
[2025-07-16T11:08:52.772+0000] {logging_mixin.py:150} INFO - [2025-07-16T11:08:52.772+0000] {dag.py:2742} INFO - Sync 1 DAGs
[2025-07-16T11:08:52.787+0000] {logging_mixin.py:150} INFO - [2025-07-16T11:08:52.787+0000] {dag.py:3504} INFO - Setting next_dagrun for example_short_circuit_operator to 2025-07-15T11:08:52.786893+00:00, run_after=2025-07-16T11:08:52.786893+00:00
[2025-07-16T11:08:52.802+0000] {processor.py:179} INFO - Processing /home/vscode/.local/lib/python3.10/site-packages/airflow/example_dags/example_short_circuit_operator.py took 0.056 seconds
[2025-07-16T11:09:40.730+0000] {processor.py:157} INFO - Started process (PID=5535) to work on /home/vscode/.local/lib/python3.10/site-packages/airflow/example_dags/example_short_circuit_operator.py
[2025-07-16T11:09:40.731+0000] {processor.py:826} INFO - Processing file /home/vscode/.local/lib/python3.10/site-packages/airflow/example_dags/example_short_circuit_operator.py for tasks to queue
[2025-07-16T11:09:40.732+0000] {logging_mixin.py:150} INFO - [2025-07-16T11:09:40.732+0000] {dagbag.py:541} INFO - Filling up the DagBag from /home/vscode/.local/lib/python3.10/site-packages/airflow/example_dags/example_short_circuit_operator.py
[2025-07-16T11:09:40.738+0000] {processor.py:836} INFO - DAG(s) dict_keys(['example_short_circuit_operator']) retrieved from /home/vscode/.local/lib/python3.10/site-packages/airflow/example_dags/example_short_circuit_operator.py
[2025-07-16T11:09:40.752+0000] {logging_mixin.py:150} INFO - [2025-07-16T11:09:40.752+0000] {dag.py:2742} INFO - Sync 1 DAGs
[2025-07-16T11:09:40.766+0000] {logging_mixin.py:150} INFO - [2025-07-16T11:09:40.766+0000] {dag.py:3504} INFO - Setting next_dagrun for example_short_circuit_operator to 2025-07-15T11:09:40.766441+00:00, run_after=2025-07-16T11:09:40.766441+00:00
[2025-07-16T11:09:40.782+0000] {processor.py:179} INFO - Processing /home/vscode/.local/lib/python3.10/site-packages/airflow/example_dags/example_short_circuit_operator.py took 0.053 seconds
[2025-07-16T11:10:29.308+0000] {processor.py:157} INFO - Started process (PID=5877) to work on /home/vscode/.local/lib/python3.10/site-packages/airflow/example_dags/example_short_circuit_operator.py
[2025-07-16T11:10:29.309+0000] {processor.py:826} INFO - Processing file /home/vscode/.local/lib/python3.10/site-packages/airflow/example_dags/example_short_circuit_operator.py for tasks to queue
[2025-07-16T11:10:29.310+0000] {logging_mixin.py:150} INFO - [2025-07-16T11:10:29.310+0000] {dagbag.py:541} INFO - Filling up the DagBag from /home/vscode/.local/lib/python3.10/site-packages/airflow/example_dags/example_short_circuit_operator.py
[2025-07-16T11:10:29.316+0000] {processor.py:836} INFO - DAG(s) dict_keys(['example_short_circuit_operator']) retrieved from /home/vscode/.local/lib/python3.10/site-packages/airflow/example_dags/example_short_circuit_operator.py
[2025-07-16T11:10:29.330+0000] {logging_mixin.py:150} INFO - [2025-07-16T11:10:29.330+0000] {dag.py:2742} INFO - Sync 1 DAGs
[2025-07-16T11:10:29.344+0000] {logging_mixin.py:150} INFO - [2025-07-16T11:10:29.344+0000] {dag.py:3504} INFO - Setting next_dagrun for example_short_circuit_operator to 2025-07-15T11:10:29.344187+00:00, run_after=2025-07-16T11:10:29.344187+00:00
[2025-07-16T11:10:29.359+0000] {processor.py:179} INFO - Processing /home/vscode/.local/lib/python3.10/site-packages/airflow/example_dags/example_short_circuit_operator.py took 0.053 seconds
[2025-07-16T11:11:14.335+0000] {processor.py:157} INFO - Started process (PID=6231) to work on /home/vscode/.local/lib/python3.10/site-packages/airflow/example_dags/example_short_circuit_operator.py
[2025-07-16T11:11:14.335+0000] {processor.py:826} INFO - Processing file /home/vscode/.local/lib/python3.10/site-packages/airflow/example_dags/example_short_circuit_operator.py for tasks to queue
[2025-07-16T11:11:14.336+0000] {logging_mixin.py:150} INFO - [2025-07-16T11:11:14.336+0000] {dagbag.py:541} INFO - Filling up the DagBag from /home/vscode/.local/lib/python3.10/site-packages/airflow/example_dags/example_short_circuit_operator.py
[2025-07-16T11:11:14.343+0000] {processor.py:836} INFO - DAG(s) dict_keys(['example_short_circuit_operator']) retrieved from /home/vscode/.local/lib/python3.10/site-packages/airflow/example_dags/example_short_circuit_operator.py
[2025-07-16T11:11:14.358+0000] {logging_mixin.py:150} INFO - [2025-07-16T11:11:14.358+0000] {dag.py:2742} INFO - Sync 1 DAGs
[2025-07-16T11:11:14.373+0000] {logging_mixin.py:150} INFO - [2025-07-16T11:11:14.372+0000] {dag.py:3504} INFO - Setting next_dagrun for example_short_circuit_operator to 2025-07-15T11:11:14.372694+00:00, run_after=2025-07-16T11:11:14.372694+00:00
[2025-07-16T11:11:14.390+0000] {processor.py:179} INFO - Processing /home/vscode/.local/lib/python3.10/site-packages/airflow/example_dags/example_short_circuit_operator.py took 0.058 seconds
[2025-07-16T11:12:00.618+0000] {processor.py:157} INFO - Started process (PID=6560) to work on /home/vscode/.local/lib/python3.10/site-packages/airflow/example_dags/example_short_circuit_operator.py
[2025-07-16T11:12:00.619+0000] {processor.py:826} INFO - Processing file /home/vscode/.local/lib/python3.10/site-packages/airflow/example_dags/example_short_circuit_operator.py for tasks to queue
[2025-07-16T11:12:00.620+0000] {logging_mixin.py:150} INFO - [2025-07-16T11:12:00.619+0000] {dagbag.py:541} INFO - Filling up the DagBag from /home/vscode/.local/lib/python3.10/site-packages/airflow/example_dags/example_short_circuit_operator.py
[2025-07-16T11:12:00.626+0000] {processor.py:836} INFO - DAG(s) dict_keys(['example_short_circuit_operator']) retrieved from /home/vscode/.local/lib/python3.10/site-packages/airflow/example_dags/example_short_circuit_operator.py
[2025-07-16T11:12:00.640+0000] {logging_mixin.py:150} INFO - [2025-07-16T11:12:00.640+0000] {dag.py:2742} INFO - Sync 1 DAGs
[2025-07-16T11:12:00.654+0000] {logging_mixin.py:150} INFO - [2025-07-16T11:12:00.654+0000] {dag.py:3504} INFO - Setting next_dagrun for example_short_circuit_operator to 2025-07-15T11:12:00.653931+00:00, run_after=2025-07-16T11:12:00.653931+00:00
[2025-07-16T11:12:00.674+0000] {processor.py:179} INFO - Processing /home/vscode/.local/lib/python3.10/site-packages/airflow/example_dags/example_short_circuit_operator.py took 0.059 seconds
[2025-07-16T11:12:42.421+0000] {processor.py:157} INFO - Started process (PID=6870) to work on /home/vscode/.local/lib/python3.10/site-packages/airflow/example_dags/example_short_circuit_operator.py
[2025-07-16T11:12:42.422+0000] {processor.py:826} INFO - Processing file /home/vscode/.local/lib/python3.10/site-packages/airflow/example_dags/example_short_circuit_operator.py for tasks to queue
[2025-07-16T11:12:42.423+0000] {logging_mixin.py:150} INFO - [2025-07-16T11:12:42.422+0000] {dagbag.py:541} INFO - Filling up the DagBag from /home/vscode/.local/lib/python3.10/site-packages/airflow/example_dags/example_short_circuit_operator.py
[2025-07-16T11:12:42.429+0000] {processor.py:836} INFO - DAG(s) dict_keys(['example_short_circuit_operator']) retrieved from /home/vscode/.local/lib/python3.10/site-packages/airflow/example_dags/example_short_circuit_operator.py
[2025-07-16T11:12:42.443+0000] {logging_mixin.py:150} INFO - [2025-07-16T11:12:42.443+0000] {dag.py:2742} INFO - Sync 1 DAGs
[2025-07-16T11:12:42.458+0000] {logging_mixin.py:150} INFO - [2025-07-16T11:12:42.458+0000] {dag.py:3504} INFO - Setting next_dagrun for example_short_circuit_operator to 2025-07-15T11:12:42.457866+00:00, run_after=2025-07-16T11:12:42.457866+00:00
[2025-07-16T11:12:42.473+0000] {processor.py:179} INFO - Processing /home/vscode/.local/lib/python3.10/site-packages/airflow/example_dags/example_short_circuit_operator.py took 0.054 seconds
[2025-07-16T11:13:32.014+0000] {processor.py:157} INFO - Started process (PID=7241) to work on /home/vscode/.local/lib/python3.10/site-packages/airflow/example_dags/example_short_circuit_operator.py
[2025-07-16T11:13:32.015+0000] {processor.py:826} INFO - Processing file /home/vscode/.local/lib/python3.10/site-packages/airflow/example_dags/example_short_circuit_operator.py for tasks to queue
[2025-07-16T11:13:32.016+0000] {logging_mixin.py:150} INFO - [2025-07-16T11:13:32.015+0000] {dagbag.py:541} INFO - Filling up the DagBag from /home/vscode/.local/lib/python3.10/site-packages/airflow/example_dags/example_short_circuit_operator.py
[2025-07-16T11:13:32.022+0000] {processor.py:836} INFO - DAG(s) dict_keys(['example_short_circuit_operator']) retrieved from /home/vscode/.local/lib/python3.10/site-packages/airflow/example_dags/example_short_circuit_operator.py
[2025-07-16T11:13:32.036+0000] {logging_mixin.py:150} INFO - [2025-07-16T11:13:32.036+0000] {dag.py:2742} INFO - Sync 1 DAGs
[2025-07-16T11:13:32.050+0000] {logging_mixin.py:150} INFO - [2025-07-16T11:13:32.050+0000] {dag.py:3504} INFO - Setting next_dagrun for example_short_circuit_operator to 2025-07-15T11:13:32.050508+00:00, run_after=2025-07-16T11:13:32.050508+00:00
[2025-07-16T11:13:32.066+0000] {processor.py:179} INFO - Processing /home/vscode/.local/lib/python3.10/site-packages/airflow/example_dags/example_short_circuit_operator.py took 0.055 seconds
[2025-07-16T11:14:20.456+0000] {processor.py:157} INFO - Started process (PID=7670) to work on /home/vscode/.local/lib/python3.10/site-packages/airflow/example_dags/example_short_circuit_operator.py
[2025-07-16T11:14:20.457+0000] {processor.py:826} INFO - Processing file /home/vscode/.local/lib/python3.10/site-packages/airflow/example_dags/example_short_circuit_operator.py for tasks to queue
[2025-07-16T11:14:20.458+0000] {logging_mixin.py:150} INFO - [2025-07-16T11:14:20.457+0000] {dagbag.py:541} INFO - Filling up the DagBag from /home/vscode/.local/lib/python3.10/site-packages/airflow/example_dags/example_short_circuit_operator.py
[2025-07-16T11:14:20.464+0000] {processor.py:836} INFO - DAG(s) dict_keys(['example_short_circuit_operator']) retrieved from /home/vscode/.local/lib/python3.10/site-packages/airflow/example_dags/example_short_circuit_operator.py
[2025-07-16T11:14:20.478+0000] {logging_mixin.py:150} INFO - [2025-07-16T11:14:20.478+0000] {dag.py:2742} INFO - Sync 1 DAGs
[2025-07-16T11:14:20.492+0000] {logging_mixin.py:150} INFO - [2025-07-16T11:14:20.492+0000] {dag.py:3504} INFO - Setting next_dagrun for example_short_circuit_operator to 2025-07-15T11:14:20.492071+00:00, run_after=2025-07-16T11:14:20.492071+00:00
[2025-07-16T11:14:20.509+0000] {processor.py:179} INFO - Processing /home/vscode/.local/lib/python3.10/site-packages/airflow/example_dags/example_short_circuit_operator.py took 0.055 seconds
[2025-07-16T11:15:08.014+0000] {processor.py:157} INFO - Started process (PID=8137) to work on /home/vscode/.local/lib/python3.10/site-packages/airflow/example_dags/example_short_circuit_operator.py
[2025-07-16T11:15:08.015+0000] {processor.py:826} INFO - Processing file /home/vscode/.local/lib/python3.10/site-packages/airflow/example_dags/example_short_circuit_operator.py for tasks to queue
[2025-07-16T11:15:08.016+0000] {logging_mixin.py:150} INFO - [2025-07-16T11:15:08.015+0000] {dagbag.py:541} INFO - Filling up the DagBag from /home/vscode/.local/lib/python3.10/site-packages/airflow/example_dags/example_short_circuit_operator.py
[2025-07-16T11:15:08.025+0000] {processor.py:836} INFO - DAG(s) dict_keys(['example_short_circuit_operator']) retrieved from /home/vscode/.local/lib/python3.10/site-packages/airflow/example_dags/example_short_circuit_operator.py
[2025-07-16T11:15:08.045+0000] {logging_mixin.py:150} INFO - [2025-07-16T11:15:08.045+0000] {dag.py:2742} INFO - Sync 1 DAGs
[2025-07-16T11:15:08.072+0000] {logging_mixin.py:150} INFO - [2025-07-16T11:15:08.072+0000] {dag.py:3504} INFO - Setting next_dagrun for example_short_circuit_operator to 2025-07-15T11:15:08.072246+00:00, run_after=2025-07-16T11:15:08.072246+00:00
[2025-07-16T11:15:08.088+0000] {processor.py:179} INFO - Processing /home/vscode/.local/lib/python3.10/site-packages/airflow/example_dags/example_short_circuit_operator.py took 0.076 seconds
[2025-07-16T11:15:54.887+0000] {processor.py:157} INFO - Started process (PID=8675) to work on /home/vscode/.local/lib/python3.10/site-packages/airflow/example_dags/example_short_circuit_operator.py
[2025-07-16T11:15:54.889+0000] {processor.py:826} INFO - Processing file /home/vscode/.local/lib/python3.10/site-packages/airflow/example_dags/example_short_circuit_operator.py for tasks to queue
[2025-07-16T11:15:54.890+0000] {logging_mixin.py:150} INFO - [2025-07-16T11:15:54.890+0000] {dagbag.py:541} INFO - Filling up the DagBag from /home/vscode/.local/lib/python3.10/site-packages/airflow/example_dags/example_short_circuit_operator.py
[2025-07-16T11:15:54.899+0000] {processor.py:836} INFO - DAG(s) dict_keys(['example_short_circuit_operator']) retrieved from /home/vscode/.local/lib/python3.10/site-packages/airflow/example_dags/example_short_circuit_operator.py
[2025-07-16T11:15:54.923+0000] {logging_mixin.py:150} INFO - [2025-07-16T11:15:54.923+0000] {dag.py:2742} INFO - Sync 1 DAGs
[2025-07-16T11:15:54.939+0000] {logging_mixin.py:150} INFO - [2025-07-16T11:15:54.939+0000] {dag.py:3504} INFO - Setting next_dagrun for example_short_circuit_operator to 2025-07-15T11:15:54.939145+00:00, run_after=2025-07-16T11:15:54.939145+00:00
[2025-07-16T11:15:54.955+0000] {processor.py:179} INFO - Processing /home/vscode/.local/lib/python3.10/site-packages/airflow/example_dags/example_short_circuit_operator.py took 0.071 seconds
[2025-07-16T11:16:42.310+0000] {processor.py:157} INFO - Started process (PID=9171) to work on /home/vscode/.local/lib/python3.10/site-packages/airflow/example_dags/example_short_circuit_operator.py
[2025-07-16T11:16:42.312+0000] {processor.py:826} INFO - Processing file /home/vscode/.local/lib/python3.10/site-packages/airflow/example_dags/example_short_circuit_operator.py for tasks to queue
[2025-07-16T11:16:42.312+0000] {logging_mixin.py:150} INFO - [2025-07-16T11:16:42.312+0000] {dagbag.py:541} INFO - Filling up the DagBag from /home/vscode/.local/lib/python3.10/site-packages/airflow/example_dags/example_short_circuit_operator.py
[2025-07-16T11:16:42.319+0000] {processor.py:836} INFO - DAG(s) dict_keys(['example_short_circuit_operator']) retrieved from /home/vscode/.local/lib/python3.10/site-packages/airflow/example_dags/example_short_circuit_operator.py
[2025-07-16T11:16:42.333+0000] {logging_mixin.py:150} INFO - [2025-07-16T11:16:42.333+0000] {dag.py:2742} INFO - Sync 1 DAGs
[2025-07-16T11:16:42.349+0000] {logging_mixin.py:150} INFO - [2025-07-16T11:16:42.349+0000] {dag.py:3504} INFO - Setting next_dagrun for example_short_circuit_operator to 2025-07-15T11:16:42.349129+00:00, run_after=2025-07-16T11:16:42.349129+00:00
[2025-07-16T11:16:42.364+0000] {processor.py:179} INFO - Processing /home/vscode/.local/lib/python3.10/site-packages/airflow/example_dags/example_short_circuit_operator.py took 0.060 seconds
[2025-07-16T11:17:34.266+0000] {processor.py:157} INFO - Started process (PID=9659) to work on /home/vscode/.local/lib/python3.10/site-packages/airflow/example_dags/example_short_circuit_operator.py
[2025-07-16T11:17:34.267+0000] {processor.py:826} INFO - Processing file /home/vscode/.local/lib/python3.10/site-packages/airflow/example_dags/example_short_circuit_operator.py for tasks to queue
[2025-07-16T11:17:34.268+0000] {logging_mixin.py:150} INFO - [2025-07-16T11:17:34.268+0000] {dagbag.py:541} INFO - Filling up the DagBag from /home/vscode/.local/lib/python3.10/site-packages/airflow/example_dags/example_short_circuit_operator.py
[2025-07-16T11:17:34.275+0000] {processor.py:836} INFO - DAG(s) dict_keys(['example_short_circuit_operator']) retrieved from /home/vscode/.local/lib/python3.10/site-packages/airflow/example_dags/example_short_circuit_operator.py
[2025-07-16T11:17:34.290+0000] {logging_mixin.py:150} INFO - [2025-07-16T11:17:34.290+0000] {dag.py:2742} INFO - Sync 1 DAGs
[2025-07-16T11:17:34.307+0000] {logging_mixin.py:150} INFO - [2025-07-16T11:17:34.307+0000] {dag.py:3504} INFO - Setting next_dagrun for example_short_circuit_operator to 2025-07-15T11:17:34.307259+00:00, run_after=2025-07-16T11:17:34.307259+00:00
[2025-07-16T11:17:34.344+0000] {processor.py:179} INFO - Processing /home/vscode/.local/lib/python3.10/site-packages/airflow/example_dags/example_short_circuit_operator.py took 0.080 seconds
[2025-07-16T11:18:09.724+0000] {processor.py:157} INFO - Started process (PID=9896) to work on /home/vscode/.local/lib/python3.10/site-packages/airflow/example_dags/example_short_circuit_operator.py
[2025-07-16T11:18:09.725+0000] {processor.py:826} INFO - Processing file /home/vscode/.local/lib/python3.10/site-packages/airflow/example_dags/example_short_circuit_operator.py for tasks to queue
[2025-07-16T11:18:09.726+0000] {logging_mixin.py:150} INFO - [2025-07-16T11:18:09.726+0000] {dagbag.py:541} INFO - Filling up the DagBag from /home/vscode/.local/lib/python3.10/site-packages/airflow/example_dags/example_short_circuit_operator.py
[2025-07-16T11:18:09.732+0000] {processor.py:836} INFO - DAG(s) dict_keys(['example_short_circuit_operator']) retrieved from /home/vscode/.local/lib/python3.10/site-packages/airflow/example_dags/example_short_circuit_operator.py
[2025-07-16T11:18:09.746+0000] {logging_mixin.py:150} INFO - [2025-07-16T11:18:09.746+0000] {dag.py:2742} INFO - Sync 1 DAGs
[2025-07-16T11:18:09.760+0000] {logging_mixin.py:150} INFO - [2025-07-16T11:18:09.760+0000] {dag.py:3504} INFO - Setting next_dagrun for example_short_circuit_operator to 2025-07-15T11:18:09.760305+00:00, run_after=2025-07-16T11:18:09.760305+00:00
[2025-07-16T11:18:09.775+0000] {processor.py:179} INFO - Processing /home/vscode/.local/lib/python3.10/site-packages/airflow/example_dags/example_short_circuit_operator.py took 0.053 seconds
[2025-07-16T11:18:54.694+0000] {processor.py:157} INFO - Started process (PID=10202) to work on /home/vscode/.local/lib/python3.10/site-packages/airflow/example_dags/example_short_circuit_operator.py
[2025-07-16T11:18:54.695+0000] {processor.py:826} INFO - Processing file /home/vscode/.local/lib/python3.10/site-packages/airflow/example_dags/example_short_circuit_operator.py for tasks to queue
[2025-07-16T11:18:54.695+0000] {logging_mixin.py:150} INFO - [2025-07-16T11:18:54.695+0000] {dagbag.py:541} INFO - Filling up the DagBag from /home/vscode/.local/lib/python3.10/site-packages/airflow/example_dags/example_short_circuit_operator.py
[2025-07-16T11:18:54.702+0000] {processor.py:836} INFO - DAG(s) dict_keys(['example_short_circuit_operator']) retrieved from /home/vscode/.local/lib/python3.10/site-packages/airflow/example_dags/example_short_circuit_operator.py
[2025-07-16T11:18:54.716+0000] {logging_mixin.py:150} INFO - [2025-07-16T11:18:54.716+0000] {dag.py:2742} INFO - Sync 1 DAGs
[2025-07-16T11:18:54.730+0000] {logging_mixin.py:150} INFO - [2025-07-16T11:18:54.730+0000] {dag.py:3504} INFO - Setting next_dagrun for example_short_circuit_operator to 2025-07-15T11:18:54.729912+00:00, run_after=2025-07-16T11:18:54.729912+00:00
[2025-07-16T11:18:54.745+0000] {processor.py:179} INFO - Processing /home/vscode/.local/lib/python3.10/site-packages/airflow/example_dags/example_short_circuit_operator.py took 0.053 seconds
[2025-07-16T11:19:31.019+0000] {processor.py:157} INFO - Started process (PID=10442) to work on /home/vscode/.local/lib/python3.10/site-packages/airflow/example_dags/example_short_circuit_operator.py
[2025-07-16T11:19:31.020+0000] {processor.py:826} INFO - Processing file /home/vscode/.local/lib/python3.10/site-packages/airflow/example_dags/example_short_circuit_operator.py for tasks to queue
[2025-07-16T11:19:31.020+0000] {logging_mixin.py:150} INFO - [2025-07-16T11:19:31.020+0000] {dagbag.py:541} INFO - Filling up the DagBag from /home/vscode/.local/lib/python3.10/site-packages/airflow/example_dags/example_short_circuit_operator.py
[2025-07-16T11:19:31.027+0000] {processor.py:836} INFO - DAG(s) dict_keys(['example_short_circuit_operator']) retrieved from /home/vscode/.local/lib/python3.10/site-packages/airflow/example_dags/example_short_circuit_operator.py
[2025-07-16T11:19:31.041+0000] {logging_mixin.py:150} INFO - [2025-07-16T11:19:31.041+0000] {dag.py:2742} INFO - Sync 1 DAGs
[2025-07-16T11:19:31.054+0000] {logging_mixin.py:150} INFO - [2025-07-16T11:19:31.054+0000] {dag.py:3504} INFO - Setting next_dagrun for example_short_circuit_operator to 2025-07-15T11:19:31.054570+00:00, run_after=2025-07-16T11:19:31.054570+00:00
[2025-07-16T11:19:31.069+0000] {processor.py:179} INFO - Processing /home/vscode/.local/lib/python3.10/site-packages/airflow/example_dags/example_short_circuit_operator.py took 0.053 seconds
[2025-07-16T11:20:07.483+0000] {processor.py:157} INFO - Started process (PID=10693) to work on /home/vscode/.local/lib/python3.10/site-packages/airflow/example_dags/example_short_circuit_operator.py
[2025-07-16T11:20:07.483+0000] {processor.py:826} INFO - Processing file /home/vscode/.local/lib/python3.10/site-packages/airflow/example_dags/example_short_circuit_operator.py for tasks to queue
[2025-07-16T11:20:07.484+0000] {logging_mixin.py:150} INFO - [2025-07-16T11:20:07.484+0000] {dagbag.py:541} INFO - Filling up the DagBag from /home/vscode/.local/lib/python3.10/site-packages/airflow/example_dags/example_short_circuit_operator.py
[2025-07-16T11:20:07.491+0000] {processor.py:836} INFO - DAG(s) dict_keys(['example_short_circuit_operator']) retrieved from /home/vscode/.local/lib/python3.10/site-packages/airflow/example_dags/example_short_circuit_operator.py
[2025-07-16T11:20:07.505+0000] {logging_mixin.py:150} INFO - [2025-07-16T11:20:07.505+0000] {dag.py:2742} INFO - Sync 1 DAGs
[2025-07-16T11:20:07.519+0000] {logging_mixin.py:150} INFO - [2025-07-16T11:20:07.519+0000] {dag.py:3504} INFO - Setting next_dagrun for example_short_circuit_operator to 2025-07-15T11:20:07.519497+00:00, run_after=2025-07-16T11:20:07.519497+00:00
[2025-07-16T11:20:07.536+0000] {processor.py:179} INFO - Processing /home/vscode/.local/lib/python3.10/site-packages/airflow/example_dags/example_short_circuit_operator.py took 0.056 seconds
[2025-07-16T11:21:04.204+0000] {processor.py:157} INFO - Started process (PID=11546) to work on /home/vscode/.local/lib/python3.10/site-packages/airflow/example_dags/example_short_circuit_operator.py
[2025-07-16T11:21:04.207+0000] {processor.py:826} INFO - Processing file /home/vscode/.local/lib/python3.10/site-packages/airflow/example_dags/example_short_circuit_operator.py for tasks to queue
[2025-07-16T11:21:04.208+0000] {logging_mixin.py:150} INFO - [2025-07-16T11:21:04.207+0000] {dagbag.py:541} INFO - Filling up the DagBag from /home/vscode/.local/lib/python3.10/site-packages/airflow/example_dags/example_short_circuit_operator.py
[2025-07-16T11:21:04.228+0000] {processor.py:836} INFO - DAG(s) dict_keys(['example_short_circuit_operator']) retrieved from /home/vscode/.local/lib/python3.10/site-packages/airflow/example_dags/example_short_circuit_operator.py
[2025-07-16T11:21:04.297+0000] {logging_mixin.py:150} INFO - [2025-07-16T11:21:04.296+0000] {dag.py:2742} INFO - Sync 1 DAGs
[2025-07-16T11:21:04.379+0000] {logging_mixin.py:150} INFO - [2025-07-16T11:21:04.378+0000] {dag.py:3504} INFO - Setting next_dagrun for example_short_circuit_operator to 2025-07-15T11:21:04.377480+00:00, run_after=2025-07-16T11:21:04.377480+00:00
[2025-07-16T11:21:04.453+0000] {processor.py:179} INFO - Processing /home/vscode/.local/lib/python3.10/site-packages/airflow/example_dags/example_short_circuit_operator.py took 0.256 seconds
[2025-07-16T11:21:48.488+0000] {processor.py:157} INFO - Started process (PID=12091) to work on /home/vscode/.local/lib/python3.10/site-packages/airflow/example_dags/example_short_circuit_operator.py
[2025-07-16T11:21:48.489+0000] {processor.py:826} INFO - Processing file /home/vscode/.local/lib/python3.10/site-packages/airflow/example_dags/example_short_circuit_operator.py for tasks to queue
[2025-07-16T11:21:48.490+0000] {logging_mixin.py:150} INFO - [2025-07-16T11:21:48.490+0000] {dagbag.py:541} INFO - Filling up the DagBag from /home/vscode/.local/lib/python3.10/site-packages/airflow/example_dags/example_short_circuit_operator.py
[2025-07-16T11:21:48.500+0000] {processor.py:836} INFO - DAG(s) dict_keys(['example_short_circuit_operator']) retrieved from /home/vscode/.local/lib/python3.10/site-packages/airflow/example_dags/example_short_circuit_operator.py
[2025-07-16T11:21:48.624+0000] {logging_mixin.py:150} INFO - [2025-07-16T11:21:48.624+0000] {dag.py:2742} INFO - Sync 1 DAGs
[2025-07-16T11:21:48.643+0000] {logging_mixin.py:150} INFO - [2025-07-16T11:21:48.643+0000] {dag.py:3504} INFO - Setting next_dagrun for example_short_circuit_operator to 2025-07-15T11:21:48.643005+00:00, run_after=2025-07-16T11:21:48.643005+00:00
[2025-07-16T11:21:48.666+0000] {processor.py:179} INFO - Processing /home/vscode/.local/lib/python3.10/site-packages/airflow/example_dags/example_short_circuit_operator.py took 0.181 seconds
