[2025-07-16T11:07:03.342+0000] {processor.py:157} INFO - Started process (PID=4321) to work on /home/vscode/.local/lib/python3.10/site-packages/airflow/example_dags/example_complex.py
[2025-07-16T11:07:03.343+0000] {processor.py:826} INFO - Processing file /home/vscode/.local/lib/python3.10/site-packages/airflow/example_dags/example_complex.py for tasks to queue
[2025-07-16T11:07:03.344+0000] {logging_mixin.py:150} INFO - [2025-07-16T11:07:03.343+0000] {dagbag.py:541} INFO - Filling up the DagBag from /home/vscode/.local/lib/python3.10/site-packages/airflow/example_dags/example_complex.py
[2025-07-16T11:07:03.352+0000] {processor.py:836} INFO - DAG(s) dict_keys(['example_complex']) retrieved from /home/vscode/.local/lib/python3.10/site-packages/airflow/example_dags/example_complex.py
[2025-07-16T11:07:03.372+0000] {logging_mixin.py:150} INFO - [2025-07-16T11:07:03.372+0000] {dag.py:2742} INFO - Sync 1 DAGs
[2025-07-16T11:07:03.387+0000] {logging_mixin.py:150} INFO - [2025-07-16T11:07:03.387+0000] {dag.py:3504} INFO - Setting next_dagrun for example_complex to None, run_after=None
[2025-07-16T11:07:03.404+0000] {processor.py:179} INFO - Processing /home/vscode/.local/lib/python3.10/site-packages/airflow/example_dags/example_complex.py took 0.064 seconds
[2025-07-16T11:07:51.339+0000] {processor.py:157} INFO - Started process (PID=4728) to work on /home/vscode/.local/lib/python3.10/site-packages/airflow/example_dags/example_complex.py
[2025-07-16T11:07:51.340+0000] {processor.py:826} INFO - Processing file /home/vscode/.local/lib/python3.10/site-packages/airflow/example_dags/example_complex.py for tasks to queue
[2025-07-16T11:07:51.341+0000] {logging_mixin.py:150} INFO - [2025-07-16T11:07:51.340+0000] {dagbag.py:541} INFO - Filling up the DagBag from /home/vscode/.local/lib/python3.10/site-packages/airflow/example_dags/example_complex.py
[2025-07-16T11:07:51.349+0000] {processor.py:836} INFO - DAG(s) dict_keys(['example_complex']) retrieved from /home/vscode/.local/lib/python3.10/site-packages/airflow/example_dags/example_complex.py
[2025-07-16T11:07:51.369+0000] {logging_mixin.py:150} INFO - [2025-07-16T11:07:51.369+0000] {dag.py:2742} INFO - Sync 1 DAGs
[2025-07-16T11:07:51.383+0000] {logging_mixin.py:150} INFO - [2025-07-16T11:07:51.383+0000] {dag.py:3504} INFO - Setting next_dagrun for example_complex to None, run_after=None
[2025-07-16T11:07:51.400+0000] {processor.py:179} INFO - Processing /home/vscode/.local/lib/python3.10/site-packages/airflow/example_dags/example_complex.py took 0.064 seconds
[2025-07-16T11:08:38.816+0000] {processor.py:157} INFO - Started process (PID=5047) to work on /home/vscode/.local/lib/python3.10/site-packages/airflow/example_dags/example_complex.py
[2025-07-16T11:08:38.817+0000] {processor.py:826} INFO - Processing file /home/vscode/.local/lib/python3.10/site-packages/airflow/example_dags/example_complex.py for tasks to queue
[2025-07-16T11:08:38.817+0000] {logging_mixin.py:150} INFO - [2025-07-16T11:08:38.817+0000] {dagbag.py:541} INFO - Filling up the DagBag from /home/vscode/.local/lib/python3.10/site-packages/airflow/example_dags/example_complex.py
[2025-07-16T11:08:38.825+0000] {processor.py:836} INFO - DAG(s) dict_keys(['example_complex']) retrieved from /home/vscode/.local/lib/python3.10/site-packages/airflow/example_dags/example_complex.py
[2025-07-16T11:08:38.850+0000] {logging_mixin.py:150} INFO - [2025-07-16T11:08:38.850+0000] {dag.py:2742} INFO - Sync 1 DAGs
[2025-07-16T11:08:38.864+0000] {logging_mixin.py:150} INFO - [2025-07-16T11:08:38.864+0000] {dag.py:3504} INFO - Setting next_dagrun for example_complex to None, run_after=None
[2025-07-16T11:08:38.881+0000] {processor.py:179} INFO - Processing /home/vscode/.local/lib/python3.10/site-packages/airflow/example_dags/example_complex.py took 0.067 seconds
[2025-07-16T11:09:25.578+0000] {processor.py:157} INFO - Started process (PID=5409) to work on /home/vscode/.local/lib/python3.10/site-packages/airflow/example_dags/example_complex.py
[2025-07-16T11:09:25.579+0000] {processor.py:826} INFO - Processing file /home/vscode/.local/lib/python3.10/site-packages/airflow/example_dags/example_complex.py for tasks to queue
[2025-07-16T11:09:25.579+0000] {logging_mixin.py:150} INFO - [2025-07-16T11:09:25.579+0000] {dagbag.py:541} INFO - Filling up the DagBag from /home/vscode/.local/lib/python3.10/site-packages/airflow/example_dags/example_complex.py
[2025-07-16T11:09:25.587+0000] {processor.py:836} INFO - DAG(s) dict_keys(['example_complex']) retrieved from /home/vscode/.local/lib/python3.10/site-packages/airflow/example_dags/example_complex.py
[2025-07-16T11:09:25.607+0000] {logging_mixin.py:150} INFO - [2025-07-16T11:09:25.607+0000] {dag.py:2742} INFO - Sync 1 DAGs
[2025-07-16T11:09:25.622+0000] {logging_mixin.py:150} INFO - [2025-07-16T11:09:25.622+0000] {dag.py:3504} INFO - Setting next_dagrun for example_complex to None, run_after=None
[2025-07-16T11:09:25.637+0000] {processor.py:179} INFO - Processing /home/vscode/.local/lib/python3.10/site-packages/airflow/example_dags/example_complex.py took 0.062 seconds
[2025-07-16T11:10:16.872+0000] {processor.py:157} INFO - Started process (PID=5779) to work on /home/vscode/.local/lib/python3.10/site-packages/airflow/example_dags/example_complex.py
[2025-07-16T11:10:16.872+0000] {processor.py:826} INFO - Processing file /home/vscode/.local/lib/python3.10/site-packages/airflow/example_dags/example_complex.py for tasks to queue
[2025-07-16T11:10:16.873+0000] {logging_mixin.py:150} INFO - [2025-07-16T11:10:16.873+0000] {dagbag.py:541} INFO - Filling up the DagBag from /home/vscode/.local/lib/python3.10/site-packages/airflow/example_dags/example_complex.py
[2025-07-16T11:10:16.881+0000] {processor.py:836} INFO - DAG(s) dict_keys(['example_complex']) retrieved from /home/vscode/.local/lib/python3.10/site-packages/airflow/example_dags/example_complex.py
[2025-07-16T11:10:16.901+0000] {logging_mixin.py:150} INFO - [2025-07-16T11:10:16.901+0000] {dag.py:2742} INFO - Sync 1 DAGs
[2025-07-16T11:10:16.916+0000] {logging_mixin.py:150} INFO - [2025-07-16T11:10:16.916+0000] {dag.py:3504} INFO - Setting next_dagrun for example_complex to None, run_after=None
[2025-07-16T11:10:16.931+0000] {processor.py:179} INFO - Processing /home/vscode/.local/lib/python3.10/site-packages/airflow/example_dags/example_complex.py took 0.062 seconds
[2025-07-16T11:11:01.632+0000] {processor.py:157} INFO - Started process (PID=6130) to work on /home/vscode/.local/lib/python3.10/site-packages/airflow/example_dags/example_complex.py
[2025-07-16T11:11:01.633+0000] {processor.py:826} INFO - Processing file /home/vscode/.local/lib/python3.10/site-packages/airflow/example_dags/example_complex.py for tasks to queue
[2025-07-16T11:11:01.633+0000] {logging_mixin.py:150} INFO - [2025-07-16T11:11:01.633+0000] {dagbag.py:541} INFO - Filling up the DagBag from /home/vscode/.local/lib/python3.10/site-packages/airflow/example_dags/example_complex.py
[2025-07-16T11:11:01.641+0000] {processor.py:836} INFO - DAG(s) dict_keys(['example_complex']) retrieved from /home/vscode/.local/lib/python3.10/site-packages/airflow/example_dags/example_complex.py
[2025-07-16T11:11:01.662+0000] {logging_mixin.py:150} INFO - [2025-07-16T11:11:01.662+0000] {dag.py:2742} INFO - Sync 1 DAGs
[2025-07-16T11:11:01.676+0000] {logging_mixin.py:150} INFO - [2025-07-16T11:11:01.676+0000] {dag.py:3504} INFO - Setting next_dagrun for example_complex to None, run_after=None
[2025-07-16T11:11:01.691+0000] {processor.py:179} INFO - Processing /home/vscode/.local/lib/python3.10/site-packages/airflow/example_dags/example_complex.py took 0.062 seconds
[2025-07-16T11:11:49.366+0000] {processor.py:157} INFO - Started process (PID=6478) to work on /home/vscode/.local/lib/python3.10/site-packages/airflow/example_dags/example_complex.py
[2025-07-16T11:11:49.367+0000] {processor.py:826} INFO - Processing file /home/vscode/.local/lib/python3.10/site-packages/airflow/example_dags/example_complex.py for tasks to queue
[2025-07-16T11:11:49.368+0000] {logging_mixin.py:150} INFO - [2025-07-16T11:11:49.368+0000] {dagbag.py:541} INFO - Filling up the DagBag from /home/vscode/.local/lib/python3.10/site-packages/airflow/example_dags/example_complex.py
[2025-07-16T11:11:49.377+0000] {processor.py:836} INFO - DAG(s) dict_keys(['example_complex']) retrieved from /home/vscode/.local/lib/python3.10/site-packages/airflow/example_dags/example_complex.py
[2025-07-16T11:11:49.398+0000] {logging_mixin.py:150} INFO - [2025-07-16T11:11:49.398+0000] {dag.py:2742} INFO - Sync 1 DAGs
[2025-07-16T11:11:49.416+0000] {logging_mixin.py:150} INFO - [2025-07-16T11:11:49.416+0000] {dag.py:3504} INFO - Setting next_dagrun for example_complex to None, run_after=None
[2025-07-16T11:11:49.436+0000] {processor.py:179} INFO - Processing /home/vscode/.local/lib/python3.10/site-packages/airflow/example_dags/example_complex.py took 0.072 seconds
[2025-07-16T11:12:31.341+0000] {processor.py:157} INFO - Started process (PID=6786) to work on /home/vscode/.local/lib/python3.10/site-packages/airflow/example_dags/example_complex.py
[2025-07-16T11:12:31.342+0000] {processor.py:826} INFO - Processing file /home/vscode/.local/lib/python3.10/site-packages/airflow/example_dags/example_complex.py for tasks to queue
[2025-07-16T11:12:31.343+0000] {logging_mixin.py:150} INFO - [2025-07-16T11:12:31.342+0000] {dagbag.py:541} INFO - Filling up the DagBag from /home/vscode/.local/lib/python3.10/site-packages/airflow/example_dags/example_complex.py
[2025-07-16T11:12:31.351+0000] {processor.py:836} INFO - DAG(s) dict_keys(['example_complex']) retrieved from /home/vscode/.local/lib/python3.10/site-packages/airflow/example_dags/example_complex.py
[2025-07-16T11:12:31.372+0000] {logging_mixin.py:150} INFO - [2025-07-16T11:12:31.371+0000] {dag.py:2742} INFO - Sync 1 DAGs
[2025-07-16T11:12:31.394+0000] {logging_mixin.py:150} INFO - [2025-07-16T11:12:31.394+0000] {dag.py:3504} INFO - Setting next_dagrun for example_complex to None, run_after=None
[2025-07-16T11:12:31.416+0000] {processor.py:179} INFO - Processing /home/vscode/.local/lib/python3.10/site-packages/airflow/example_dags/example_complex.py took 0.077 seconds
[2025-07-16T11:13:18.906+0000] {processor.py:157} INFO - Started process (PID=7141) to work on /home/vscode/.local/lib/python3.10/site-packages/airflow/example_dags/example_complex.py
[2025-07-16T11:13:18.907+0000] {processor.py:826} INFO - Processing file /home/vscode/.local/lib/python3.10/site-packages/airflow/example_dags/example_complex.py for tasks to queue
[2025-07-16T11:13:18.907+0000] {logging_mixin.py:150} INFO - [2025-07-16T11:13:18.907+0000] {dagbag.py:541} INFO - Filling up the DagBag from /home/vscode/.local/lib/python3.10/site-packages/airflow/example_dags/example_complex.py
[2025-07-16T11:13:18.916+0000] {processor.py:836} INFO - DAG(s) dict_keys(['example_complex']) retrieved from /home/vscode/.local/lib/python3.10/site-packages/airflow/example_dags/example_complex.py
[2025-07-16T11:13:18.935+0000] {logging_mixin.py:150} INFO - [2025-07-16T11:13:18.934+0000] {dag.py:2742} INFO - Sync 1 DAGs
[2025-07-16T11:13:18.948+0000] {logging_mixin.py:150} INFO - [2025-07-16T11:13:18.948+0000] {dag.py:3504} INFO - Setting next_dagrun for example_complex to None, run_after=None
[2025-07-16T11:13:18.963+0000] {processor.py:179} INFO - Processing /home/vscode/.local/lib/python3.10/site-packages/airflow/example_dags/example_complex.py took 0.060 seconds
[2025-07-16T11:14:08.021+0000] {processor.py:157} INFO - Started process (PID=7587) to work on /home/vscode/.local/lib/python3.10/site-packages/airflow/example_dags/example_complex.py
[2025-07-16T11:14:08.022+0000] {processor.py:826} INFO - Processing file /home/vscode/.local/lib/python3.10/site-packages/airflow/example_dags/example_complex.py for tasks to queue
[2025-07-16T11:14:08.023+0000] {logging_mixin.py:150} INFO - [2025-07-16T11:14:08.023+0000] {dagbag.py:541} INFO - Filling up the DagBag from /home/vscode/.local/lib/python3.10/site-packages/airflow/example_dags/example_complex.py
[2025-07-16T11:14:08.036+0000] {processor.py:836} INFO - DAG(s) dict_keys(['example_complex']) retrieved from /home/vscode/.local/lib/python3.10/site-packages/airflow/example_dags/example_complex.py
[2025-07-16T11:14:08.066+0000] {logging_mixin.py:150} INFO - [2025-07-16T11:14:08.066+0000] {dag.py:2742} INFO - Sync 1 DAGs
[2025-07-16T11:14:08.090+0000] {logging_mixin.py:150} INFO - [2025-07-16T11:14:08.089+0000] {dag.py:3504} INFO - Setting next_dagrun for example_complex to None, run_after=None
[2025-07-16T11:14:08.106+0000] {processor.py:179} INFO - Processing /home/vscode/.local/lib/python3.10/site-packages/airflow/example_dags/example_complex.py took 0.088 seconds
[2025-07-16T11:14:57.722+0000] {processor.py:157} INFO - Started process (PID=8023) to work on /home/vscode/.local/lib/python3.10/site-packages/airflow/example_dags/example_complex.py
[2025-07-16T11:14:57.722+0000] {processor.py:826} INFO - Processing file /home/vscode/.local/lib/python3.10/site-packages/airflow/example_dags/example_complex.py for tasks to queue
[2025-07-16T11:14:57.723+0000] {logging_mixin.py:150} INFO - [2025-07-16T11:14:57.723+0000] {dagbag.py:541} INFO - Filling up the DagBag from /home/vscode/.local/lib/python3.10/site-packages/airflow/example_dags/example_complex.py
[2025-07-16T11:14:57.731+0000] {processor.py:836} INFO - DAG(s) dict_keys(['example_complex']) retrieved from /home/vscode/.local/lib/python3.10/site-packages/airflow/example_dags/example_complex.py
[2025-07-16T11:14:57.753+0000] {logging_mixin.py:150} INFO - [2025-07-16T11:14:57.753+0000] {dag.py:2742} INFO - Sync 1 DAGs
[2025-07-16T11:14:57.771+0000] {logging_mixin.py:150} INFO - [2025-07-16T11:14:57.771+0000] {dag.py:3504} INFO - Setting next_dagrun for example_complex to None, run_after=None
[2025-07-16T11:14:57.787+0000] {processor.py:179} INFO - Processing /home/vscode/.local/lib/python3.10/site-packages/airflow/example_dags/example_complex.py took 0.068 seconds
[2025-07-16T11:15:45.760+0000] {processor.py:157} INFO - Started process (PID=8563) to work on /home/vscode/.local/lib/python3.10/site-packages/airflow/example_dags/example_complex.py
[2025-07-16T11:15:45.761+0000] {processor.py:826} INFO - Processing file /home/vscode/.local/lib/python3.10/site-packages/airflow/example_dags/example_complex.py for tasks to queue
[2025-07-16T11:15:45.762+0000] {logging_mixin.py:150} INFO - [2025-07-16T11:15:45.762+0000] {dagbag.py:541} INFO - Filling up the DagBag from /home/vscode/.local/lib/python3.10/site-packages/airflow/example_dags/example_complex.py
[2025-07-16T11:15:45.770+0000] {processor.py:836} INFO - DAG(s) dict_keys(['example_complex']) retrieved from /home/vscode/.local/lib/python3.10/site-packages/airflow/example_dags/example_complex.py
[2025-07-16T11:15:45.789+0000] {logging_mixin.py:150} INFO - [2025-07-16T11:15:45.789+0000] {dag.py:2742} INFO - Sync 1 DAGs
[2025-07-16T11:15:45.803+0000] {logging_mixin.py:150} INFO - [2025-07-16T11:15:45.803+0000] {dag.py:3504} INFO - Setting next_dagrun for example_complex to None, run_after=None
[2025-07-16T11:15:45.818+0000] {processor.py:179} INFO - Processing /home/vscode/.local/lib/python3.10/site-packages/airflow/example_dags/example_complex.py took 0.060 seconds
[2025-07-16T11:16:34.430+0000] {processor.py:157} INFO - Started process (PID=9100) to work on /home/vscode/.local/lib/python3.10/site-packages/airflow/example_dags/example_complex.py
[2025-07-16T11:16:34.431+0000] {processor.py:826} INFO - Processing file /home/vscode/.local/lib/python3.10/site-packages/airflow/example_dags/example_complex.py for tasks to queue
[2025-07-16T11:16:34.432+0000] {logging_mixin.py:150} INFO - [2025-07-16T11:16:34.432+0000] {dagbag.py:541} INFO - Filling up the DagBag from /home/vscode/.local/lib/python3.10/site-packages/airflow/example_dags/example_complex.py
[2025-07-16T11:16:34.440+0000] {processor.py:836} INFO - DAG(s) dict_keys(['example_complex']) retrieved from /home/vscode/.local/lib/python3.10/site-packages/airflow/example_dags/example_complex.py
[2025-07-16T11:16:34.460+0000] {logging_mixin.py:150} INFO - [2025-07-16T11:16:34.460+0000] {dag.py:2742} INFO - Sync 1 DAGs
[2025-07-16T11:16:34.485+0000] {logging_mixin.py:150} INFO - [2025-07-16T11:16:34.485+0000] {dag.py:3504} INFO - Setting next_dagrun for example_complex to None, run_after=None
[2025-07-16T11:16:34.514+0000] {processor.py:179} INFO - Processing /home/vscode/.local/lib/python3.10/site-packages/airflow/example_dags/example_complex.py took 0.086 seconds
[2025-07-16T11:17:25.260+0000] {processor.py:157} INFO - Started process (PID=9599) to work on /home/vscode/.local/lib/python3.10/site-packages/airflow/example_dags/example_complex.py
[2025-07-16T11:17:25.261+0000] {processor.py:826} INFO - Processing file /home/vscode/.local/lib/python3.10/site-packages/airflow/example_dags/example_complex.py for tasks to queue
[2025-07-16T11:17:25.262+0000] {logging_mixin.py:150} INFO - [2025-07-16T11:17:25.261+0000] {dagbag.py:541} INFO - Filling up the DagBag from /home/vscode/.local/lib/python3.10/site-packages/airflow/example_dags/example_complex.py
[2025-07-16T11:17:25.270+0000] {processor.py:836} INFO - DAG(s) dict_keys(['example_complex']) retrieved from /home/vscode/.local/lib/python3.10/site-packages/airflow/example_dags/example_complex.py
[2025-07-16T11:17:25.289+0000] {logging_mixin.py:150} INFO - [2025-07-16T11:17:25.289+0000] {dag.py:2742} INFO - Sync 1 DAGs
[2025-07-16T11:17:25.303+0000] {logging_mixin.py:150} INFO - [2025-07-16T11:17:25.303+0000] {dag.py:3504} INFO - Setting next_dagrun for example_complex to None, run_after=None
[2025-07-16T11:17:25.317+0000] {processor.py:179} INFO - Processing /home/vscode/.local/lib/python3.10/site-packages/airflow/example_dags/example_complex.py took 0.060 seconds
[2025-07-16T11:18:17.578+0000] {processor.py:157} INFO - Started process (PID=9954) to work on /home/vscode/.local/lib/python3.10/site-packages/airflow/example_dags/example_complex.py
[2025-07-16T11:18:17.578+0000] {processor.py:826} INFO - Processing file /home/vscode/.local/lib/python3.10/site-packages/airflow/example_dags/example_complex.py for tasks to queue
[2025-07-16T11:18:17.579+0000] {logging_mixin.py:150} INFO - [2025-07-16T11:18:17.579+0000] {dagbag.py:541} INFO - Filling up the DagBag from /home/vscode/.local/lib/python3.10/site-packages/airflow/example_dags/example_complex.py
[2025-07-16T11:18:17.588+0000] {processor.py:836} INFO - DAG(s) dict_keys(['example_complex']) retrieved from /home/vscode/.local/lib/python3.10/site-packages/airflow/example_dags/example_complex.py
[2025-07-16T11:18:17.613+0000] {logging_mixin.py:150} INFO - [2025-07-16T11:18:17.612+0000] {dag.py:2742} INFO - Sync 1 DAGs
[2025-07-16T11:18:17.644+0000] {logging_mixin.py:150} INFO - [2025-07-16T11:18:17.644+0000] {dag.py:3504} INFO - Setting next_dagrun for example_complex to None, run_after=None
[2025-07-16T11:18:17.663+0000] {processor.py:179} INFO - Processing /home/vscode/.local/lib/python3.10/site-packages/airflow/example_dags/example_complex.py took 0.088 seconds
[2025-07-16T11:19:03.020+0000] {processor.py:157} INFO - Started process (PID=10254) to work on /home/vscode/.local/lib/python3.10/site-packages/airflow/example_dags/example_complex.py
[2025-07-16T11:19:03.021+0000] {processor.py:826} INFO - Processing file /home/vscode/.local/lib/python3.10/site-packages/airflow/example_dags/example_complex.py for tasks to queue
[2025-07-16T11:19:03.022+0000] {logging_mixin.py:150} INFO - [2025-07-16T11:19:03.022+0000] {dagbag.py:541} INFO - Filling up the DagBag from /home/vscode/.local/lib/python3.10/site-packages/airflow/example_dags/example_complex.py
[2025-07-16T11:19:03.030+0000] {processor.py:836} INFO - DAG(s) dict_keys(['example_complex']) retrieved from /home/vscode/.local/lib/python3.10/site-packages/airflow/example_dags/example_complex.py
[2025-07-16T11:19:03.049+0000] {logging_mixin.py:150} INFO - [2025-07-16T11:19:03.049+0000] {dag.py:2742} INFO - Sync 1 DAGs
[2025-07-16T11:19:03.063+0000] {logging_mixin.py:150} INFO - [2025-07-16T11:19:03.063+0000] {dag.py:3504} INFO - Setting next_dagrun for example_complex to None, run_after=None
[2025-07-16T11:19:03.078+0000] {processor.py:179} INFO - Processing /home/vscode/.local/lib/python3.10/site-packages/airflow/example_dags/example_complex.py took 0.060 seconds
[2025-07-16T11:19:57.349+0000] {processor.py:157} INFO - Started process (PID=10625) to work on /home/vscode/.local/lib/python3.10/site-packages/airflow/example_dags/example_complex.py
[2025-07-16T11:19:57.350+0000] {processor.py:826} INFO - Processing file /home/vscode/.local/lib/python3.10/site-packages/airflow/example_dags/example_complex.py for tasks to queue
[2025-07-16T11:19:57.351+0000] {logging_mixin.py:150} INFO - [2025-07-16T11:19:57.351+0000] {dagbag.py:541} INFO - Filling up the DagBag from /home/vscode/.local/lib/python3.10/site-packages/airflow/example_dags/example_complex.py
[2025-07-16T11:19:57.359+0000] {processor.py:836} INFO - DAG(s) dict_keys(['example_complex']) retrieved from /home/vscode/.local/lib/python3.10/site-packages/airflow/example_dags/example_complex.py
[2025-07-16T11:19:57.379+0000] {logging_mixin.py:150} INFO - [2025-07-16T11:19:57.379+0000] {dag.py:2742} INFO - Sync 1 DAGs
[2025-07-16T11:19:57.394+0000] {logging_mixin.py:150} INFO - [2025-07-16T11:19:57.394+0000] {dag.py:3504} INFO - Setting next_dagrun for example_complex to None, run_after=None
[2025-07-16T11:19:57.410+0000] {processor.py:179} INFO - Processing /home/vscode/.local/lib/python3.10/site-packages/airflow/example_dags/example_complex.py took 0.063 seconds
[2025-07-16T11:20:53.334+0000] {processor.py:157} INFO - Started process (PID=11269) to work on /home/vscode/.local/lib/python3.10/site-packages/airflow/example_dags/example_complex.py
[2025-07-16T11:20:53.334+0000] {processor.py:826} INFO - Processing file /home/vscode/.local/lib/python3.10/site-packages/airflow/example_dags/example_complex.py for tasks to queue
[2025-07-16T11:20:53.335+0000] {logging_mixin.py:150} INFO - [2025-07-16T11:20:53.335+0000] {dagbag.py:541} INFO - Filling up the DagBag from /home/vscode/.local/lib/python3.10/site-packages/airflow/example_dags/example_complex.py
[2025-07-16T11:20:53.343+0000] {processor.py:836} INFO - DAG(s) dict_keys(['example_complex']) retrieved from /home/vscode/.local/lib/python3.10/site-packages/airflow/example_dags/example_complex.py
[2025-07-16T11:20:53.363+0000] {logging_mixin.py:150} INFO - [2025-07-16T11:20:53.363+0000] {dag.py:2742} INFO - Sync 1 DAGs
[2025-07-16T11:20:53.377+0000] {logging_mixin.py:150} INFO - [2025-07-16T11:20:53.377+0000] {dag.py:3504} INFO - Setting next_dagrun for example_complex to None, run_after=None
[2025-07-16T11:20:53.391+0000] {processor.py:179} INFO - Processing /home/vscode/.local/lib/python3.10/site-packages/airflow/example_dags/example_complex.py took 0.060 seconds
[2025-07-16T11:21:56.476+0000] {processor.py:157} INFO - Started process (PID=12180) to work on /home/vscode/.local/lib/python3.10/site-packages/airflow/example_dags/example_complex.py
[2025-07-16T11:21:56.478+0000] {processor.py:826} INFO - Processing file /home/vscode/.local/lib/python3.10/site-packages/airflow/example_dags/example_complex.py for tasks to queue
[2025-07-16T11:21:56.479+0000] {logging_mixin.py:150} INFO - [2025-07-16T11:21:56.478+0000] {dagbag.py:541} INFO - Filling up the DagBag from /home/vscode/.local/lib/python3.10/site-packages/airflow/example_dags/example_complex.py
[2025-07-16T11:21:56.487+0000] {processor.py:836} INFO - DAG(s) dict_keys(['example_complex']) retrieved from /home/vscode/.local/lib/python3.10/site-packages/airflow/example_dags/example_complex.py
[2025-07-16T11:21:56.573+0000] {logging_mixin.py:150} INFO - [2025-07-16T11:21:56.573+0000] {dag.py:2742} INFO - Sync 1 DAGs
[2025-07-16T11:21:56.586+0000] {logging_mixin.py:150} INFO - [2025-07-16T11:21:56.586+0000] {dag.py:3504} INFO - Setting next_dagrun for example_complex to None, run_after=None
[2025-07-16T11:21:56.603+0000] {processor.py:179} INFO - Processing /home/vscode/.local/lib/python3.10/site-packages/airflow/example_dags/example_complex.py took 0.129 seconds
