[2025-07-16T11:06:37.637+0000] {processor.py:157} INFO - Started process (PID=4111) to work on /home/vscode/.local/lib/python3.10/site-packages/airflow/example_dags/example_sla_dag.py
[2025-07-16T11:06:37.638+0000] {processor.py:826} INFO - Processing file /home/vscode/.local/lib/python3.10/site-packages/airflow/example_dags/example_sla_dag.py for tasks to queue
[2025-07-16T11:06:37.639+0000] {logging_mixin.py:150} INFO - [2025-07-16T11:06:37.639+0000] {dagbag.py:541} INFO - Filling up the DagBag from /home/vscode/.local/lib/python3.10/site-packages/airflow/example_dags/example_sla_dag.py
[2025-07-16T11:06:37.646+0000] {processor.py:836} INFO - DAG(s) dict_keys(['example_sla_dag']) retrieved from /home/vscode/.local/lib/python3.10/site-packages/airflow/example_dags/example_sla_dag.py
[2025-07-16T11:06:37.664+0000] {logging_mixin.py:150} INFO - [2025-07-16T11:06:37.664+0000] {dag.py:2742} INFO - Sync 1 DAGs
[2025-07-16T11:06:37.680+0000] {logging_mixin.py:150} INFO - [2025-07-16T11:06:37.680+0000] {dag.py:3504} INFO - Setting next_dagrun for example_sla_dag to 2025-07-16T11:04:00+00:00, run_after=2025-07-16T11:06:00+00:00
[2025-07-16T11:06:37.695+0000] {processor.py:179} INFO - Processing /home/vscode/.local/lib/python3.10/site-packages/airflow/example_dags/example_sla_dag.py took 0.060 seconds
[2025-07-16T11:07:23.973+0000] {processor.py:157} INFO - Started process (PID=4513) to work on /home/vscode/.local/lib/python3.10/site-packages/airflow/example_dags/example_sla_dag.py
[2025-07-16T11:07:23.974+0000] {processor.py:826} INFO - Processing file /home/vscode/.local/lib/python3.10/site-packages/airflow/example_dags/example_sla_dag.py for tasks to queue
[2025-07-16T11:07:23.975+0000] {logging_mixin.py:150} INFO - [2025-07-16T11:07:23.975+0000] {dagbag.py:541} INFO - Filling up the DagBag from /home/vscode/.local/lib/python3.10/site-packages/airflow/example_dags/example_sla_dag.py
[2025-07-16T11:07:23.984+0000] {processor.py:836} INFO - DAG(s) dict_keys(['example_sla_dag']) retrieved from /home/vscode/.local/lib/python3.10/site-packages/airflow/example_dags/example_sla_dag.py
[2025-07-16T11:07:24.002+0000] {logging_mixin.py:150} INFO - [2025-07-16T11:07:24.002+0000] {dag.py:2742} INFO - Sync 1 DAGs
[2025-07-16T11:07:24.027+0000] {logging_mixin.py:150} INFO - [2025-07-16T11:07:24.027+0000] {dag.py:3504} INFO - Setting next_dagrun for example_sla_dag to 2025-07-16T11:04:00+00:00, run_after=2025-07-16T11:06:00+00:00
[2025-07-16T11:07:24.041+0000] {processor.py:179} INFO - Processing /home/vscode/.local/lib/python3.10/site-packages/airflow/example_dags/example_sla_dag.py took 0.071 seconds
[2025-07-16T11:08:07.902+0000] {processor.py:157} INFO - Started process (PID=4841) to work on /home/vscode/.local/lib/python3.10/site-packages/airflow/example_dags/example_sla_dag.py
[2025-07-16T11:08:07.903+0000] {processor.py:826} INFO - Processing file /home/vscode/.local/lib/python3.10/site-packages/airflow/example_dags/example_sla_dag.py for tasks to queue
[2025-07-16T11:08:07.904+0000] {logging_mixin.py:150} INFO - [2025-07-16T11:08:07.904+0000] {dagbag.py:541} INFO - Filling up the DagBag from /home/vscode/.local/lib/python3.10/site-packages/airflow/example_dags/example_sla_dag.py
[2025-07-16T11:08:07.911+0000] {processor.py:836} INFO - DAG(s) dict_keys(['example_sla_dag']) retrieved from /home/vscode/.local/lib/python3.10/site-packages/airflow/example_dags/example_sla_dag.py
[2025-07-16T11:08:07.923+0000] {logging_mixin.py:150} INFO - [2025-07-16T11:08:07.923+0000] {dag.py:2742} INFO - Sync 1 DAGs
[2025-07-16T11:08:07.941+0000] {logging_mixin.py:150} INFO - [2025-07-16T11:08:07.941+0000] {dag.py:3504} INFO - Setting next_dagrun for example_sla_dag to 2025-07-16T11:06:00+00:00, run_after=2025-07-16T11:08:00+00:00
[2025-07-16T11:08:07.957+0000] {processor.py:179} INFO - Processing /home/vscode/.local/lib/python3.10/site-packages/airflow/example_dags/example_sla_dag.py took 0.058 seconds
[2025-07-16T11:08:53.302+0000] {processor.py:157} INFO - Started process (PID=5155) to work on /home/vscode/.local/lib/python3.10/site-packages/airflow/example_dags/example_sla_dag.py
[2025-07-16T11:08:53.302+0000] {processor.py:826} INFO - Processing file /home/vscode/.local/lib/python3.10/site-packages/airflow/example_dags/example_sla_dag.py for tasks to queue
[2025-07-16T11:08:53.303+0000] {logging_mixin.py:150} INFO - [2025-07-16T11:08:53.303+0000] {dagbag.py:541} INFO - Filling up the DagBag from /home/vscode/.local/lib/python3.10/site-packages/airflow/example_dags/example_sla_dag.py
[2025-07-16T11:08:53.310+0000] {processor.py:836} INFO - DAG(s) dict_keys(['example_sla_dag']) retrieved from /home/vscode/.local/lib/python3.10/site-packages/airflow/example_dags/example_sla_dag.py
[2025-07-16T11:08:53.329+0000] {logging_mixin.py:150} INFO - [2025-07-16T11:08:53.329+0000] {dag.py:2742} INFO - Sync 1 DAGs
[2025-07-16T11:08:53.355+0000] {logging_mixin.py:150} INFO - [2025-07-16T11:08:53.355+0000] {dag.py:3504} INFO - Setting next_dagrun for example_sla_dag to 2025-07-16T11:06:00+00:00, run_after=2025-07-16T11:08:00+00:00
[2025-07-16T11:08:53.369+0000] {processor.py:179} INFO - Processing /home/vscode/.local/lib/python3.10/site-packages/airflow/example_dags/example_sla_dag.py took 0.070 seconds
[2025-07-16T11:09:41.868+0000] {processor.py:157} INFO - Started process (PID=5537) to work on /home/vscode/.local/lib/python3.10/site-packages/airflow/example_dags/example_sla_dag.py
[2025-07-16T11:09:41.868+0000] {processor.py:826} INFO - Processing file /home/vscode/.local/lib/python3.10/site-packages/airflow/example_dags/example_sla_dag.py for tasks to queue
[2025-07-16T11:09:41.869+0000] {logging_mixin.py:150} INFO - [2025-07-16T11:09:41.869+0000] {dagbag.py:541} INFO - Filling up the DagBag from /home/vscode/.local/lib/python3.10/site-packages/airflow/example_dags/example_sla_dag.py
[2025-07-16T11:09:41.877+0000] {processor.py:836} INFO - DAG(s) dict_keys(['example_sla_dag']) retrieved from /home/vscode/.local/lib/python3.10/site-packages/airflow/example_dags/example_sla_dag.py
[2025-07-16T11:09:41.890+0000] {logging_mixin.py:150} INFO - [2025-07-16T11:09:41.890+0000] {dag.py:2742} INFO - Sync 1 DAGs
[2025-07-16T11:09:41.907+0000] {logging_mixin.py:150} INFO - [2025-07-16T11:09:41.907+0000] {dag.py:3504} INFO - Setting next_dagrun for example_sla_dag to 2025-07-16T11:06:00+00:00, run_after=2025-07-16T11:08:00+00:00
[2025-07-16T11:09:41.923+0000] {processor.py:179} INFO - Processing /home/vscode/.local/lib/python3.10/site-packages/airflow/example_dags/example_sla_dag.py took 0.058 seconds
[2025-07-16T11:10:30.444+0000] {processor.py:157} INFO - Started process (PID=5885) to work on /home/vscode/.local/lib/python3.10/site-packages/airflow/example_dags/example_sla_dag.py
[2025-07-16T11:10:30.445+0000] {processor.py:826} INFO - Processing file /home/vscode/.local/lib/python3.10/site-packages/airflow/example_dags/example_sla_dag.py for tasks to queue
[2025-07-16T11:10:30.446+0000] {logging_mixin.py:150} INFO - [2025-07-16T11:10:30.445+0000] {dagbag.py:541} INFO - Filling up the DagBag from /home/vscode/.local/lib/python3.10/site-packages/airflow/example_dags/example_sla_dag.py
[2025-07-16T11:10:30.453+0000] {processor.py:836} INFO - DAG(s) dict_keys(['example_sla_dag']) retrieved from /home/vscode/.local/lib/python3.10/site-packages/airflow/example_dags/example_sla_dag.py
[2025-07-16T11:10:30.466+0000] {logging_mixin.py:150} INFO - [2025-07-16T11:10:30.466+0000] {dag.py:2742} INFO - Sync 1 DAGs
[2025-07-16T11:10:30.483+0000] {logging_mixin.py:150} INFO - [2025-07-16T11:10:30.483+0000] {dag.py:3504} INFO - Setting next_dagrun for example_sla_dag to 2025-07-16T11:08:00+00:00, run_after=2025-07-16T11:10:00+00:00
[2025-07-16T11:10:30.498+0000] {processor.py:179} INFO - Processing /home/vscode/.local/lib/python3.10/site-packages/airflow/example_dags/example_sla_dag.py took 0.056 seconds
[2025-07-16T11:11:15.469+0000] {processor.py:157} INFO - Started process (PID=6239) to work on /home/vscode/.local/lib/python3.10/site-packages/airflow/example_dags/example_sla_dag.py
[2025-07-16T11:11:15.470+0000] {processor.py:826} INFO - Processing file /home/vscode/.local/lib/python3.10/site-packages/airflow/example_dags/example_sla_dag.py for tasks to queue
[2025-07-16T11:11:15.471+0000] {logging_mixin.py:150} INFO - [2025-07-16T11:11:15.470+0000] {dagbag.py:541} INFO - Filling up the DagBag from /home/vscode/.local/lib/python3.10/site-packages/airflow/example_dags/example_sla_dag.py
[2025-07-16T11:11:15.478+0000] {processor.py:836} INFO - DAG(s) dict_keys(['example_sla_dag']) retrieved from /home/vscode/.local/lib/python3.10/site-packages/airflow/example_dags/example_sla_dag.py
[2025-07-16T11:11:15.490+0000] {logging_mixin.py:150} INFO - [2025-07-16T11:11:15.490+0000] {dag.py:2742} INFO - Sync 1 DAGs
[2025-07-16T11:11:15.507+0000] {logging_mixin.py:150} INFO - [2025-07-16T11:11:15.507+0000] {dag.py:3504} INFO - Setting next_dagrun for example_sla_dag to 2025-07-16T11:08:00+00:00, run_after=2025-07-16T11:10:00+00:00
[2025-07-16T11:11:15.521+0000] {processor.py:179} INFO - Processing /home/vscode/.local/lib/python3.10/site-packages/airflow/example_dags/example_sla_dag.py took 0.055 seconds
[2025-07-16T11:12:01.776+0000] {processor.py:157} INFO - Started process (PID=6569) to work on /home/vscode/.local/lib/python3.10/site-packages/airflow/example_dags/example_sla_dag.py
[2025-07-16T11:12:01.776+0000] {processor.py:826} INFO - Processing file /home/vscode/.local/lib/python3.10/site-packages/airflow/example_dags/example_sla_dag.py for tasks to queue
[2025-07-16T11:12:01.777+0000] {logging_mixin.py:150} INFO - [2025-07-16T11:12:01.777+0000] {dagbag.py:541} INFO - Filling up the DagBag from /home/vscode/.local/lib/python3.10/site-packages/airflow/example_dags/example_sla_dag.py
[2025-07-16T11:12:01.784+0000] {processor.py:836} INFO - DAG(s) dict_keys(['example_sla_dag']) retrieved from /home/vscode/.local/lib/python3.10/site-packages/airflow/example_dags/example_sla_dag.py
[2025-07-16T11:12:01.797+0000] {logging_mixin.py:150} INFO - [2025-07-16T11:12:01.797+0000] {dag.py:2742} INFO - Sync 1 DAGs
[2025-07-16T11:12:01.814+0000] {logging_mixin.py:150} INFO - [2025-07-16T11:12:01.814+0000] {dag.py:3504} INFO - Setting next_dagrun for example_sla_dag to 2025-07-16T11:10:00+00:00, run_after=2025-07-16T11:12:00+00:00
[2025-07-16T11:12:01.830+0000] {processor.py:179} INFO - Processing /home/vscode/.local/lib/python3.10/site-packages/airflow/example_dags/example_sla_dag.py took 0.058 seconds
[2025-07-16T11:12:43.563+0000] {processor.py:157} INFO - Started process (PID=6876) to work on /home/vscode/.local/lib/python3.10/site-packages/airflow/example_dags/example_sla_dag.py
[2025-07-16T11:12:43.564+0000] {processor.py:826} INFO - Processing file /home/vscode/.local/lib/python3.10/site-packages/airflow/example_dags/example_sla_dag.py for tasks to queue
[2025-07-16T11:12:43.565+0000] {logging_mixin.py:150} INFO - [2025-07-16T11:12:43.564+0000] {dagbag.py:541} INFO - Filling up the DagBag from /home/vscode/.local/lib/python3.10/site-packages/airflow/example_dags/example_sla_dag.py
[2025-07-16T11:12:43.574+0000] {processor.py:836} INFO - DAG(s) dict_keys(['example_sla_dag']) retrieved from /home/vscode/.local/lib/python3.10/site-packages/airflow/example_dags/example_sla_dag.py
[2025-07-16T11:12:43.588+0000] {logging_mixin.py:150} INFO - [2025-07-16T11:12:43.588+0000] {dag.py:2742} INFO - Sync 1 DAGs
[2025-07-16T11:12:43.606+0000] {logging_mixin.py:150} INFO - [2025-07-16T11:12:43.606+0000] {dag.py:3504} INFO - Setting next_dagrun for example_sla_dag to 2025-07-16T11:10:00+00:00, run_after=2025-07-16T11:12:00+00:00
[2025-07-16T11:12:43.624+0000] {processor.py:179} INFO - Processing /home/vscode/.local/lib/python3.10/site-packages/airflow/example_dags/example_sla_dag.py took 0.064 seconds
[2025-07-16T11:13:33.149+0000] {processor.py:157} INFO - Started process (PID=7249) to work on /home/vscode/.local/lib/python3.10/site-packages/airflow/example_dags/example_sla_dag.py
[2025-07-16T11:13:33.149+0000] {processor.py:826} INFO - Processing file /home/vscode/.local/lib/python3.10/site-packages/airflow/example_dags/example_sla_dag.py for tasks to queue
[2025-07-16T11:13:33.150+0000] {logging_mixin.py:150} INFO - [2025-07-16T11:13:33.150+0000] {dagbag.py:541} INFO - Filling up the DagBag from /home/vscode/.local/lib/python3.10/site-packages/airflow/example_dags/example_sla_dag.py
[2025-07-16T11:13:33.157+0000] {processor.py:836} INFO - DAG(s) dict_keys(['example_sla_dag']) retrieved from /home/vscode/.local/lib/python3.10/site-packages/airflow/example_dags/example_sla_dag.py
[2025-07-16T11:13:33.170+0000] {logging_mixin.py:150} INFO - [2025-07-16T11:13:33.169+0000] {dag.py:2742} INFO - Sync 1 DAGs
[2025-07-16T11:13:33.186+0000] {logging_mixin.py:150} INFO - [2025-07-16T11:13:33.186+0000] {dag.py:3504} INFO - Setting next_dagrun for example_sla_dag to 2025-07-16T11:10:00+00:00, run_after=2025-07-16T11:12:00+00:00
[2025-07-16T11:13:33.201+0000] {processor.py:179} INFO - Processing /home/vscode/.local/lib/python3.10/site-packages/airflow/example_dags/example_sla_dag.py took 0.055 seconds
[2025-07-16T11:14:21.594+0000] {processor.py:157} INFO - Started process (PID=7684) to work on /home/vscode/.local/lib/python3.10/site-packages/airflow/example_dags/example_sla_dag.py
[2025-07-16T11:14:21.594+0000] {processor.py:826} INFO - Processing file /home/vscode/.local/lib/python3.10/site-packages/airflow/example_dags/example_sla_dag.py for tasks to queue
[2025-07-16T11:14:21.595+0000] {logging_mixin.py:150} INFO - [2025-07-16T11:14:21.595+0000] {dagbag.py:541} INFO - Filling up the DagBag from /home/vscode/.local/lib/python3.10/site-packages/airflow/example_dags/example_sla_dag.py
[2025-07-16T11:14:21.602+0000] {processor.py:836} INFO - DAG(s) dict_keys(['example_sla_dag']) retrieved from /home/vscode/.local/lib/python3.10/site-packages/airflow/example_dags/example_sla_dag.py
[2025-07-16T11:14:21.615+0000] {logging_mixin.py:150} INFO - [2025-07-16T11:14:21.615+0000] {dag.py:2742} INFO - Sync 1 DAGs
[2025-07-16T11:14:21.631+0000] {logging_mixin.py:150} INFO - [2025-07-16T11:14:21.631+0000] {dag.py:3504} INFO - Setting next_dagrun for example_sla_dag to 2025-07-16T11:12:00+00:00, run_after=2025-07-16T11:14:00+00:00
[2025-07-16T11:14:21.647+0000] {processor.py:179} INFO - Processing /home/vscode/.local/lib/python3.10/site-packages/airflow/example_dags/example_sla_dag.py took 0.056 seconds
[2025-07-16T11:15:08.560+0000] {processor.py:157} INFO - Started process (PID=8144) to work on /home/vscode/.local/lib/python3.10/site-packages/airflow/example_dags/example_sla_dag.py
[2025-07-16T11:15:08.560+0000] {processor.py:826} INFO - Processing file /home/vscode/.local/lib/python3.10/site-packages/airflow/example_dags/example_sla_dag.py for tasks to queue
[2025-07-16T11:15:08.561+0000] {logging_mixin.py:150} INFO - [2025-07-16T11:15:08.561+0000] {dagbag.py:541} INFO - Filling up the DagBag from /home/vscode/.local/lib/python3.10/site-packages/airflow/example_dags/example_sla_dag.py
[2025-07-16T11:15:08.568+0000] {processor.py:836} INFO - DAG(s) dict_keys(['example_sla_dag']) retrieved from /home/vscode/.local/lib/python3.10/site-packages/airflow/example_dags/example_sla_dag.py
[2025-07-16T11:15:08.581+0000] {logging_mixin.py:150} INFO - [2025-07-16T11:15:08.581+0000] {dag.py:2742} INFO - Sync 1 DAGs
[2025-07-16T11:15:08.597+0000] {logging_mixin.py:150} INFO - [2025-07-16T11:15:08.596+0000] {dag.py:3504} INFO - Setting next_dagrun for example_sla_dag to 2025-07-16T11:12:00+00:00, run_after=2025-07-16T11:14:00+00:00
[2025-07-16T11:15:08.613+0000] {processor.py:179} INFO - Processing /home/vscode/.local/lib/python3.10/site-packages/airflow/example_dags/example_sla_dag.py took 0.056 seconds
[2025-07-16T11:15:56.062+0000] {processor.py:157} INFO - Started process (PID=8681) to work on /home/vscode/.local/lib/python3.10/site-packages/airflow/example_dags/example_sla_dag.py
[2025-07-16T11:15:56.063+0000] {processor.py:826} INFO - Processing file /home/vscode/.local/lib/python3.10/site-packages/airflow/example_dags/example_sla_dag.py for tasks to queue
[2025-07-16T11:15:56.064+0000] {logging_mixin.py:150} INFO - [2025-07-16T11:15:56.063+0000] {dagbag.py:541} INFO - Filling up the DagBag from /home/vscode/.local/lib/python3.10/site-packages/airflow/example_dags/example_sla_dag.py
[2025-07-16T11:15:56.071+0000] {processor.py:836} INFO - DAG(s) dict_keys(['example_sla_dag']) retrieved from /home/vscode/.local/lib/python3.10/site-packages/airflow/example_dags/example_sla_dag.py
[2025-07-16T11:15:56.084+0000] {logging_mixin.py:150} INFO - [2025-07-16T11:15:56.084+0000] {dag.py:2742} INFO - Sync 1 DAGs
[2025-07-16T11:15:56.102+0000] {logging_mixin.py:150} INFO - [2025-07-16T11:15:56.102+0000] {dag.py:3504} INFO - Setting next_dagrun for example_sla_dag to 2025-07-16T11:12:00+00:00, run_after=2025-07-16T11:14:00+00:00
[2025-07-16T11:15:56.118+0000] {processor.py:179} INFO - Processing /home/vscode/.local/lib/python3.10/site-packages/airflow/example_dags/example_sla_dag.py took 0.059 seconds
[2025-07-16T11:16:43.448+0000] {processor.py:157} INFO - Started process (PID=9173) to work on /home/vscode/.local/lib/python3.10/site-packages/airflow/example_dags/example_sla_dag.py
[2025-07-16T11:16:43.448+0000] {processor.py:826} INFO - Processing file /home/vscode/.local/lib/python3.10/site-packages/airflow/example_dags/example_sla_dag.py for tasks to queue
[2025-07-16T11:16:43.449+0000] {logging_mixin.py:150} INFO - [2025-07-16T11:16:43.449+0000] {dagbag.py:541} INFO - Filling up the DagBag from /home/vscode/.local/lib/python3.10/site-packages/airflow/example_dags/example_sla_dag.py
[2025-07-16T11:16:43.457+0000] {processor.py:836} INFO - DAG(s) dict_keys(['example_sla_dag']) retrieved from /home/vscode/.local/lib/python3.10/site-packages/airflow/example_dags/example_sla_dag.py
[2025-07-16T11:16:43.471+0000] {logging_mixin.py:150} INFO - [2025-07-16T11:16:43.471+0000] {dag.py:2742} INFO - Sync 1 DAGs
[2025-07-16T11:16:43.488+0000] {logging_mixin.py:150} INFO - [2025-07-16T11:16:43.488+0000] {dag.py:3504} INFO - Setting next_dagrun for example_sla_dag to 2025-07-16T11:14:00+00:00, run_after=2025-07-16T11:16:00+00:00
[2025-07-16T11:16:43.505+0000] {processor.py:179} INFO - Processing /home/vscode/.local/lib/python3.10/site-packages/airflow/example_dags/example_sla_dag.py took 0.060 seconds
[2025-07-16T11:17:35.424+0000] {processor.py:157} INFO - Started process (PID=9671) to work on /home/vscode/.local/lib/python3.10/site-packages/airflow/example_dags/example_sla_dag.py
[2025-07-16T11:17:35.425+0000] {processor.py:826} INFO - Processing file /home/vscode/.local/lib/python3.10/site-packages/airflow/example_dags/example_sla_dag.py for tasks to queue
[2025-07-16T11:17:35.426+0000] {logging_mixin.py:150} INFO - [2025-07-16T11:17:35.425+0000] {dagbag.py:541} INFO - Filling up the DagBag from /home/vscode/.local/lib/python3.10/site-packages/airflow/example_dags/example_sla_dag.py
[2025-07-16T11:17:35.433+0000] {processor.py:836} INFO - DAG(s) dict_keys(['example_sla_dag']) retrieved from /home/vscode/.local/lib/python3.10/site-packages/airflow/example_dags/example_sla_dag.py
[2025-07-16T11:17:35.450+0000] {logging_mixin.py:150} INFO - [2025-07-16T11:17:35.449+0000] {dag.py:2742} INFO - Sync 1 DAGs
[2025-07-16T11:17:35.468+0000] {logging_mixin.py:150} INFO - [2025-07-16T11:17:35.468+0000] {dag.py:3504} INFO - Setting next_dagrun for example_sla_dag to 2025-07-16T11:14:00+00:00, run_after=2025-07-16T11:16:00+00:00
[2025-07-16T11:17:35.486+0000] {processor.py:179} INFO - Processing /home/vscode/.local/lib/python3.10/site-packages/airflow/example_dags/example_sla_dag.py took 0.065 seconds
[2025-07-16T11:18:25.398+0000] {processor.py:157} INFO - Started process (PID=10001) to work on /home/vscode/.local/lib/python3.10/site-packages/airflow/example_dags/example_sla_dag.py
[2025-07-16T11:18:25.399+0000] {processor.py:826} INFO - Processing file /home/vscode/.local/lib/python3.10/site-packages/airflow/example_dags/example_sla_dag.py for tasks to queue
[2025-07-16T11:18:25.399+0000] {logging_mixin.py:150} INFO - [2025-07-16T11:18:25.399+0000] {dagbag.py:541} INFO - Filling up the DagBag from /home/vscode/.local/lib/python3.10/site-packages/airflow/example_dags/example_sla_dag.py
[2025-07-16T11:18:25.406+0000] {processor.py:836} INFO - DAG(s) dict_keys(['example_sla_dag']) retrieved from /home/vscode/.local/lib/python3.10/site-packages/airflow/example_dags/example_sla_dag.py
[2025-07-16T11:18:25.419+0000] {logging_mixin.py:150} INFO - [2025-07-16T11:18:25.419+0000] {dag.py:2742} INFO - Sync 1 DAGs
[2025-07-16T11:18:25.435+0000] {logging_mixin.py:150} INFO - [2025-07-16T11:18:25.435+0000] {dag.py:3504} INFO - Setting next_dagrun for example_sla_dag to 2025-07-16T11:16:00+00:00, run_after=2025-07-16T11:18:00+00:00
[2025-07-16T11:18:25.450+0000] {processor.py:179} INFO - Processing /home/vscode/.local/lib/python3.10/site-packages/airflow/example_dags/example_sla_dag.py took 0.055 seconds
[2025-07-16T11:19:13.569+0000] {processor.py:157} INFO - Started process (PID=10329) to work on /home/vscode/.local/lib/python3.10/site-packages/airflow/example_dags/example_sla_dag.py
[2025-07-16T11:19:13.570+0000] {processor.py:826} INFO - Processing file /home/vscode/.local/lib/python3.10/site-packages/airflow/example_dags/example_sla_dag.py for tasks to queue
[2025-07-16T11:19:13.571+0000] {logging_mixin.py:150} INFO - [2025-07-16T11:19:13.571+0000] {dagbag.py:541} INFO - Filling up the DagBag from /home/vscode/.local/lib/python3.10/site-packages/airflow/example_dags/example_sla_dag.py
[2025-07-16T11:19:13.577+0000] {processor.py:836} INFO - DAG(s) dict_keys(['example_sla_dag']) retrieved from /home/vscode/.local/lib/python3.10/site-packages/airflow/example_dags/example_sla_dag.py
[2025-07-16T11:19:13.590+0000] {logging_mixin.py:150} INFO - [2025-07-16T11:19:13.590+0000] {dag.py:2742} INFO - Sync 1 DAGs
[2025-07-16T11:19:13.607+0000] {logging_mixin.py:150} INFO - [2025-07-16T11:19:13.607+0000] {dag.py:3504} INFO - Setting next_dagrun for example_sla_dag to 2025-07-16T11:16:00+00:00, run_after=2025-07-16T11:18:00+00:00
[2025-07-16T11:19:13.624+0000] {processor.py:179} INFO - Processing /home/vscode/.local/lib/python3.10/site-packages/airflow/example_dags/example_sla_dag.py took 0.057 seconds
[2025-07-16T11:19:48.445+0000] {processor.py:157} INFO - Started process (PID=10560) to work on /home/vscode/.local/lib/python3.10/site-packages/airflow/example_dags/example_sla_dag.py
[2025-07-16T11:19:48.446+0000] {processor.py:826} INFO - Processing file /home/vscode/.local/lib/python3.10/site-packages/airflow/example_dags/example_sla_dag.py for tasks to queue
[2025-07-16T11:19:48.447+0000] {logging_mixin.py:150} INFO - [2025-07-16T11:19:48.447+0000] {dagbag.py:541} INFO - Filling up the DagBag from /home/vscode/.local/lib/python3.10/site-packages/airflow/example_dags/example_sla_dag.py
[2025-07-16T11:19:48.454+0000] {processor.py:836} INFO - DAG(s) dict_keys(['example_sla_dag']) retrieved from /home/vscode/.local/lib/python3.10/site-packages/airflow/example_dags/example_sla_dag.py
[2025-07-16T11:19:48.467+0000] {logging_mixin.py:150} INFO - [2025-07-16T11:19:48.467+0000] {dag.py:2742} INFO - Sync 1 DAGs
[2025-07-16T11:19:48.483+0000] {logging_mixin.py:150} INFO - [2025-07-16T11:19:48.483+0000] {dag.py:3504} INFO - Setting next_dagrun for example_sla_dag to 2025-07-16T11:16:00+00:00, run_after=2025-07-16T11:18:00+00:00
[2025-07-16T11:19:48.497+0000] {processor.py:179} INFO - Processing /home/vscode/.local/lib/python3.10/site-packages/airflow/example_dags/example_sla_dag.py took 0.054 seconds
[2025-07-16T11:20:24.869+0000] {processor.py:157} INFO - Started process (PID=10810) to work on /home/vscode/.local/lib/python3.10/site-packages/airflow/example_dags/example_sla_dag.py
[2025-07-16T11:20:24.870+0000] {processor.py:826} INFO - Processing file /home/vscode/.local/lib/python3.10/site-packages/airflow/example_dags/example_sla_dag.py for tasks to queue
[2025-07-16T11:20:24.871+0000] {logging_mixin.py:150} INFO - [2025-07-16T11:20:24.871+0000] {dagbag.py:541} INFO - Filling up the DagBag from /home/vscode/.local/lib/python3.10/site-packages/airflow/example_dags/example_sla_dag.py
[2025-07-16T11:20:24.878+0000] {processor.py:836} INFO - DAG(s) dict_keys(['example_sla_dag']) retrieved from /home/vscode/.local/lib/python3.10/site-packages/airflow/example_dags/example_sla_dag.py
[2025-07-16T11:20:24.890+0000] {logging_mixin.py:150} INFO - [2025-07-16T11:20:24.890+0000] {dag.py:2742} INFO - Sync 1 DAGs
[2025-07-16T11:20:24.906+0000] {logging_mixin.py:150} INFO - [2025-07-16T11:20:24.906+0000] {dag.py:3504} INFO - Setting next_dagrun for example_sla_dag to 2025-07-16T11:18:00+00:00, run_after=2025-07-16T11:20:00+00:00
[2025-07-16T11:20:24.920+0000] {processor.py:179} INFO - Processing /home/vscode/.local/lib/python3.10/site-packages/airflow/example_dags/example_sla_dag.py took 0.055 seconds
[2025-07-16T11:21:05.659+0000] {processor.py:157} INFO - Started process (PID=11584) to work on /home/vscode/.local/lib/python3.10/site-packages/airflow/example_dags/example_sla_dag.py
[2025-07-16T11:21:05.660+0000] {processor.py:826} INFO - Processing file /home/vscode/.local/lib/python3.10/site-packages/airflow/example_dags/example_sla_dag.py for tasks to queue
[2025-07-16T11:21:05.662+0000] {logging_mixin.py:150} INFO - [2025-07-16T11:21:05.661+0000] {dagbag.py:541} INFO - Filling up the DagBag from /home/vscode/.local/lib/python3.10/site-packages/airflow/example_dags/example_sla_dag.py
[2025-07-16T11:21:05.672+0000] {processor.py:836} INFO - DAG(s) dict_keys(['example_sla_dag']) retrieved from /home/vscode/.local/lib/python3.10/site-packages/airflow/example_dags/example_sla_dag.py
[2025-07-16T11:21:05.694+0000] {logging_mixin.py:150} INFO - [2025-07-16T11:21:05.693+0000] {dag.py:2742} INFO - Sync 1 DAGs
[2025-07-16T11:21:05.736+0000] {logging_mixin.py:150} INFO - [2025-07-16T11:21:05.736+0000] {dag.py:3504} INFO - Setting next_dagrun for example_sla_dag to 2025-07-16T11:18:00+00:00, run_after=2025-07-16T11:20:00+00:00
[2025-07-16T11:21:05.768+0000] {processor.py:179} INFO - Processing /home/vscode/.local/lib/python3.10/site-packages/airflow/example_dags/example_sla_dag.py took 0.111 seconds
[2025-07-16T11:21:49.748+0000] {processor.py:157} INFO - Started process (PID=12121) to work on /home/vscode/.local/lib/python3.10/site-packages/airflow/example_dags/example_sla_dag.py
[2025-07-16T11:21:49.750+0000] {processor.py:826} INFO - Processing file /home/vscode/.local/lib/python3.10/site-packages/airflow/example_dags/example_sla_dag.py for tasks to queue
[2025-07-16T11:21:49.751+0000] {logging_mixin.py:150} INFO - [2025-07-16T11:21:49.750+0000] {dagbag.py:541} INFO - Filling up the DagBag from /home/vscode/.local/lib/python3.10/site-packages/airflow/example_dags/example_sla_dag.py
[2025-07-16T11:21:49.757+0000] {processor.py:836} INFO - DAG(s) dict_keys(['example_sla_dag']) retrieved from /home/vscode/.local/lib/python3.10/site-packages/airflow/example_dags/example_sla_dag.py
[2025-07-16T11:21:49.852+0000] {logging_mixin.py:150} INFO - [2025-07-16T11:21:49.851+0000] {dag.py:2742} INFO - Sync 1 DAGs
[2025-07-16T11:21:49.877+0000] {logging_mixin.py:150} INFO - [2025-07-16T11:21:49.877+0000] {dag.py:3504} INFO - Setting next_dagrun for example_sla_dag to 2025-07-16T11:18:00+00:00, run_after=2025-07-16T11:20:00+00:00
[2025-07-16T11:21:49.905+0000] {processor.py:179} INFO - Processing /home/vscode/.local/lib/python3.10/site-packages/airflow/example_dags/example_sla_dag.py took 0.160 seconds
