[2025-07-16T11:07:01.050+0000] {processor.py:157} INFO - Started process (PID=4310) to work on /home/vscode/.local/lib/python3.10/site-packages/airflow/example_dags/example_bash_operator.py
[2025-07-16T11:07:01.051+0000] {processor.py:826} INFO - Processing file /home/vscode/.local/lib/python3.10/site-packages/airflow/example_dags/example_bash_operator.py for tasks to queue
[2025-07-16T11:07:01.051+0000] {logging_mixin.py:150} INFO - [2025-07-16T11:07:01.051+0000] {dagbag.py:541} INFO - Filling up the DagBag from /home/vscode/.local/lib/python3.10/site-packages/airflow/example_dags/example_bash_operator.py
[2025-07-16T11:07:01.060+0000] {processor.py:836} INFO - DAG(s) dict_keys(['example_bash_operator']) retrieved from /home/vscode/.local/lib/python3.10/site-packages/airflow/example_dags/example_bash_operator.py
[2025-07-16T11:07:01.078+0000] {logging_mixin.py:150} INFO - [2025-07-16T11:07:01.078+0000] {dag.py:2742} INFO - Sync 1 DAGs
[2025-07-16T11:07:01.093+0000] {logging_mixin.py:150} INFO - [2025-07-16T11:07:01.093+0000] {dag.py:3504} INFO - Setting next_dagrun for example_bash_operator to 2025-07-15T00:00:00+00:00, run_after=2025-07-16T00:00:00+00:00
[2025-07-16T11:07:01.108+0000] {processor.py:179} INFO - Processing /home/vscode/.local/lib/python3.10/site-packages/airflow/example_dags/example_bash_operator.py took 0.061 seconds
[2025-07-16T11:07:49.636+0000] {processor.py:157} INFO - Started process (PID=4717) to work on /home/vscode/.local/lib/python3.10/site-packages/airflow/example_dags/example_bash_operator.py
[2025-07-16T11:07:49.637+0000] {processor.py:826} INFO - Processing file /home/vscode/.local/lib/python3.10/site-packages/airflow/example_dags/example_bash_operator.py for tasks to queue
[2025-07-16T11:07:49.638+0000] {logging_mixin.py:150} INFO - [2025-07-16T11:07:49.637+0000] {dagbag.py:541} INFO - Filling up the DagBag from /home/vscode/.local/lib/python3.10/site-packages/airflow/example_dags/example_bash_operator.py
[2025-07-16T11:07:49.646+0000] {processor.py:836} INFO - DAG(s) dict_keys(['example_bash_operator']) retrieved from /home/vscode/.local/lib/python3.10/site-packages/airflow/example_dags/example_bash_operator.py
[2025-07-16T11:07:49.664+0000] {logging_mixin.py:150} INFO - [2025-07-16T11:07:49.664+0000] {dag.py:2742} INFO - Sync 1 DAGs
[2025-07-16T11:07:49.679+0000] {logging_mixin.py:150} INFO - [2025-07-16T11:07:49.679+0000] {dag.py:3504} INFO - Setting next_dagrun for example_bash_operator to 2025-07-15T00:00:00+00:00, run_after=2025-07-16T00:00:00+00:00
[2025-07-16T11:07:49.695+0000] {processor.py:179} INFO - Processing /home/vscode/.local/lib/python3.10/site-packages/airflow/example_dags/example_bash_operator.py took 0.062 seconds
[2025-07-16T11:08:36.643+0000] {processor.py:157} INFO - Started process (PID=5031) to work on /home/vscode/.local/lib/python3.10/site-packages/airflow/example_dags/example_bash_operator.py
[2025-07-16T11:08:36.644+0000] {processor.py:826} INFO - Processing file /home/vscode/.local/lib/python3.10/site-packages/airflow/example_dags/example_bash_operator.py for tasks to queue
[2025-07-16T11:08:36.645+0000] {logging_mixin.py:150} INFO - [2025-07-16T11:08:36.645+0000] {dagbag.py:541} INFO - Filling up the DagBag from /home/vscode/.local/lib/python3.10/site-packages/airflow/example_dags/example_bash_operator.py
[2025-07-16T11:08:36.658+0000] {processor.py:836} INFO - DAG(s) dict_keys(['example_bash_operator']) retrieved from /home/vscode/.local/lib/python3.10/site-packages/airflow/example_dags/example_bash_operator.py
[2025-07-16T11:08:36.680+0000] {logging_mixin.py:150} INFO - [2025-07-16T11:08:36.680+0000] {dag.py:2742} INFO - Sync 1 DAGs
[2025-07-16T11:08:36.700+0000] {logging_mixin.py:150} INFO - [2025-07-16T11:08:36.700+0000] {dag.py:3504} INFO - Setting next_dagrun for example_bash_operator to 2025-07-15T00:00:00+00:00, run_after=2025-07-16T00:00:00+00:00
[2025-07-16T11:08:36.722+0000] {processor.py:179} INFO - Processing /home/vscode/.local/lib/python3.10/site-packages/airflow/example_dags/example_bash_operator.py took 0.081 seconds
[2025-07-16T11:09:24.154+0000] {processor.py:157} INFO - Started process (PID=5401) to work on /home/vscode/.local/lib/python3.10/site-packages/airflow/example_dags/example_bash_operator.py
[2025-07-16T11:09:24.155+0000] {processor.py:826} INFO - Processing file /home/vscode/.local/lib/python3.10/site-packages/airflow/example_dags/example_bash_operator.py for tasks to queue
[2025-07-16T11:09:24.156+0000] {logging_mixin.py:150} INFO - [2025-07-16T11:09:24.155+0000] {dagbag.py:541} INFO - Filling up the DagBag from /home/vscode/.local/lib/python3.10/site-packages/airflow/example_dags/example_bash_operator.py
[2025-07-16T11:09:24.164+0000] {processor.py:836} INFO - DAG(s) dict_keys(['example_bash_operator']) retrieved from /home/vscode/.local/lib/python3.10/site-packages/airflow/example_dags/example_bash_operator.py
[2025-07-16T11:09:24.182+0000] {logging_mixin.py:150} INFO - [2025-07-16T11:09:24.181+0000] {dag.py:2742} INFO - Sync 1 DAGs
[2025-07-16T11:09:24.196+0000] {logging_mixin.py:150} INFO - [2025-07-16T11:09:24.196+0000] {dag.py:3504} INFO - Setting next_dagrun for example_bash_operator to 2025-07-15T00:00:00+00:00, run_after=2025-07-16T00:00:00+00:00
[2025-07-16T11:09:24.215+0000] {processor.py:179} INFO - Processing /home/vscode/.local/lib/python3.10/site-packages/airflow/example_dags/example_bash_operator.py took 0.064 seconds
[2025-07-16T11:10:15.447+0000] {processor.py:157} INFO - Started process (PID=5771) to work on /home/vscode/.local/lib/python3.10/site-packages/airflow/example_dags/example_bash_operator.py
[2025-07-16T11:10:15.448+0000] {processor.py:826} INFO - Processing file /home/vscode/.local/lib/python3.10/site-packages/airflow/example_dags/example_bash_operator.py for tasks to queue
[2025-07-16T11:10:15.449+0000] {logging_mixin.py:150} INFO - [2025-07-16T11:10:15.448+0000] {dagbag.py:541} INFO - Filling up the DagBag from /home/vscode/.local/lib/python3.10/site-packages/airflow/example_dags/example_bash_operator.py
[2025-07-16T11:10:15.458+0000] {processor.py:836} INFO - DAG(s) dict_keys(['example_bash_operator']) retrieved from /home/vscode/.local/lib/python3.10/site-packages/airflow/example_dags/example_bash_operator.py
[2025-07-16T11:10:15.476+0000] {logging_mixin.py:150} INFO - [2025-07-16T11:10:15.476+0000] {dag.py:2742} INFO - Sync 1 DAGs
[2025-07-16T11:10:15.491+0000] {logging_mixin.py:150} INFO - [2025-07-16T11:10:15.491+0000] {dag.py:3504} INFO - Setting next_dagrun for example_bash_operator to 2025-07-15T00:00:00+00:00, run_after=2025-07-16T00:00:00+00:00
[2025-07-16T11:10:15.506+0000] {processor.py:179} INFO - Processing /home/vscode/.local/lib/python3.10/site-packages/airflow/example_dags/example_bash_operator.py took 0.061 seconds
[2025-07-16T11:10:59.775+0000] {processor.py:157} INFO - Started process (PID=6116) to work on /home/vscode/.local/lib/python3.10/site-packages/airflow/example_dags/example_bash_operator.py
[2025-07-16T11:10:59.776+0000] {processor.py:826} INFO - Processing file /home/vscode/.local/lib/python3.10/site-packages/airflow/example_dags/example_bash_operator.py for tasks to queue
[2025-07-16T11:10:59.777+0000] {logging_mixin.py:150} INFO - [2025-07-16T11:10:59.777+0000] {dagbag.py:541} INFO - Filling up the DagBag from /home/vscode/.local/lib/python3.10/site-packages/airflow/example_dags/example_bash_operator.py
[2025-07-16T11:10:59.785+0000] {processor.py:836} INFO - DAG(s) dict_keys(['example_bash_operator']) retrieved from /home/vscode/.local/lib/python3.10/site-packages/airflow/example_dags/example_bash_operator.py
[2025-07-16T11:10:59.803+0000] {logging_mixin.py:150} INFO - [2025-07-16T11:10:59.803+0000] {dag.py:2742} INFO - Sync 1 DAGs
[2025-07-16T11:10:59.818+0000] {logging_mixin.py:150} INFO - [2025-07-16T11:10:59.818+0000] {dag.py:3504} INFO - Setting next_dagrun for example_bash_operator to 2025-07-15T00:00:00+00:00, run_after=2025-07-16T00:00:00+00:00
[2025-07-16T11:10:59.833+0000] {processor.py:179} INFO - Processing /home/vscode/.local/lib/python3.10/site-packages/airflow/example_dags/example_bash_operator.py took 0.060 seconds
[2025-07-16T11:11:48.041+0000] {processor.py:157} INFO - Started process (PID=6465) to work on /home/vscode/.local/lib/python3.10/site-packages/airflow/example_dags/example_bash_operator.py
[2025-07-16T11:11:48.042+0000] {processor.py:826} INFO - Processing file /home/vscode/.local/lib/python3.10/site-packages/airflow/example_dags/example_bash_operator.py for tasks to queue
[2025-07-16T11:11:48.043+0000] {logging_mixin.py:150} INFO - [2025-07-16T11:11:48.042+0000] {dagbag.py:541} INFO - Filling up the DagBag from /home/vscode/.local/lib/python3.10/site-packages/airflow/example_dags/example_bash_operator.py
[2025-07-16T11:11:48.054+0000] {processor.py:836} INFO - DAG(s) dict_keys(['example_bash_operator']) retrieved from /home/vscode/.local/lib/python3.10/site-packages/airflow/example_dags/example_bash_operator.py
[2025-07-16T11:11:48.071+0000] {logging_mixin.py:150} INFO - [2025-07-16T11:11:48.071+0000] {dag.py:2742} INFO - Sync 1 DAGs
[2025-07-16T11:11:48.087+0000] {logging_mixin.py:150} INFO - [2025-07-16T11:11:48.087+0000] {dag.py:3504} INFO - Setting next_dagrun for example_bash_operator to 2025-07-15T00:00:00+00:00, run_after=2025-07-16T00:00:00+00:00
[2025-07-16T11:11:48.102+0000] {processor.py:179} INFO - Processing /home/vscode/.local/lib/python3.10/site-packages/airflow/example_dags/example_bash_operator.py took 0.063 seconds
[2025-07-16T11:12:29.046+0000] {processor.py:157} INFO - Started process (PID=6764) to work on /home/vscode/.local/lib/python3.10/site-packages/airflow/example_dags/example_bash_operator.py
[2025-07-16T11:12:29.047+0000] {processor.py:826} INFO - Processing file /home/vscode/.local/lib/python3.10/site-packages/airflow/example_dags/example_bash_operator.py for tasks to queue
[2025-07-16T11:12:29.048+0000] {logging_mixin.py:150} INFO - [2025-07-16T11:12:29.047+0000] {dagbag.py:541} INFO - Filling up the DagBag from /home/vscode/.local/lib/python3.10/site-packages/airflow/example_dags/example_bash_operator.py
[2025-07-16T11:12:29.056+0000] {processor.py:836} INFO - DAG(s) dict_keys(['example_bash_operator']) retrieved from /home/vscode/.local/lib/python3.10/site-packages/airflow/example_dags/example_bash_operator.py
[2025-07-16T11:12:29.075+0000] {logging_mixin.py:150} INFO - [2025-07-16T11:12:29.075+0000] {dag.py:2742} INFO - Sync 1 DAGs
[2025-07-16T11:12:29.091+0000] {logging_mixin.py:150} INFO - [2025-07-16T11:12:29.091+0000] {dag.py:3504} INFO - Setting next_dagrun for example_bash_operator to 2025-07-15T00:00:00+00:00, run_after=2025-07-16T00:00:00+00:00
[2025-07-16T11:12:29.107+0000] {processor.py:179} INFO - Processing /home/vscode/.local/lib/python3.10/site-packages/airflow/example_dags/example_bash_operator.py took 0.063 seconds
[2025-07-16T11:13:16.618+0000] {processor.py:157} INFO - Started process (PID=7126) to work on /home/vscode/.local/lib/python3.10/site-packages/airflow/example_dags/example_bash_operator.py
[2025-07-16T11:13:16.619+0000] {processor.py:826} INFO - Processing file /home/vscode/.local/lib/python3.10/site-packages/airflow/example_dags/example_bash_operator.py for tasks to queue
[2025-07-16T11:13:16.620+0000] {logging_mixin.py:150} INFO - [2025-07-16T11:13:16.619+0000] {dagbag.py:541} INFO - Filling up the DagBag from /home/vscode/.local/lib/python3.10/site-packages/airflow/example_dags/example_bash_operator.py
[2025-07-16T11:13:16.628+0000] {processor.py:836} INFO - DAG(s) dict_keys(['example_bash_operator']) retrieved from /home/vscode/.local/lib/python3.10/site-packages/airflow/example_dags/example_bash_operator.py
[2025-07-16T11:13:16.646+0000] {logging_mixin.py:150} INFO - [2025-07-16T11:13:16.646+0000] {dag.py:2742} INFO - Sync 1 DAGs
[2025-07-16T11:13:16.662+0000] {logging_mixin.py:150} INFO - [2025-07-16T11:13:16.662+0000] {dag.py:3504} INFO - Setting next_dagrun for example_bash_operator to 2025-07-15T00:00:00+00:00, run_after=2025-07-16T00:00:00+00:00
[2025-07-16T11:13:16.677+0000] {processor.py:179} INFO - Processing /home/vscode/.local/lib/python3.10/site-packages/airflow/example_dags/example_bash_operator.py took 0.062 seconds
[2025-07-16T11:14:06.310+0000] {processor.py:157} INFO - Started process (PID=7577) to work on /home/vscode/.local/lib/python3.10/site-packages/airflow/example_dags/example_bash_operator.py
[2025-07-16T11:14:06.311+0000] {processor.py:826} INFO - Processing file /home/vscode/.local/lib/python3.10/site-packages/airflow/example_dags/example_bash_operator.py for tasks to queue
[2025-07-16T11:14:06.312+0000] {logging_mixin.py:150} INFO - [2025-07-16T11:14:06.311+0000] {dagbag.py:541} INFO - Filling up the DagBag from /home/vscode/.local/lib/python3.10/site-packages/airflow/example_dags/example_bash_operator.py
[2025-07-16T11:14:06.320+0000] {processor.py:836} INFO - DAG(s) dict_keys(['example_bash_operator']) retrieved from /home/vscode/.local/lib/python3.10/site-packages/airflow/example_dags/example_bash_operator.py
[2025-07-16T11:14:06.339+0000] {logging_mixin.py:150} INFO - [2025-07-16T11:14:06.339+0000] {dag.py:2742} INFO - Sync 1 DAGs
[2025-07-16T11:14:06.356+0000] {logging_mixin.py:150} INFO - [2025-07-16T11:14:06.355+0000] {dag.py:3504} INFO - Setting next_dagrun for example_bash_operator to 2025-07-15T00:00:00+00:00, run_after=2025-07-16T00:00:00+00:00
[2025-07-16T11:14:06.371+0000] {processor.py:179} INFO - Processing /home/vscode/.local/lib/python3.10/site-packages/airflow/example_dags/example_bash_operator.py took 0.064 seconds
[2025-07-16T11:14:55.431+0000] {processor.py:157} INFO - Started process (PID=8007) to work on /home/vscode/.local/lib/python3.10/site-packages/airflow/example_dags/example_bash_operator.py
[2025-07-16T11:14:55.432+0000] {processor.py:826} INFO - Processing file /home/vscode/.local/lib/python3.10/site-packages/airflow/example_dags/example_bash_operator.py for tasks to queue
[2025-07-16T11:14:55.433+0000] {logging_mixin.py:150} INFO - [2025-07-16T11:14:55.433+0000] {dagbag.py:541} INFO - Filling up the DagBag from /home/vscode/.local/lib/python3.10/site-packages/airflow/example_dags/example_bash_operator.py
[2025-07-16T11:14:55.442+0000] {processor.py:836} INFO - DAG(s) dict_keys(['example_bash_operator']) retrieved from /home/vscode/.local/lib/python3.10/site-packages/airflow/example_dags/example_bash_operator.py
[2025-07-16T11:14:55.459+0000] {logging_mixin.py:150} INFO - [2025-07-16T11:14:55.459+0000] {dag.py:2742} INFO - Sync 1 DAGs
[2025-07-16T11:14:55.475+0000] {logging_mixin.py:150} INFO - [2025-07-16T11:14:55.474+0000] {dag.py:3504} INFO - Setting next_dagrun for example_bash_operator to 2025-07-15T00:00:00+00:00, run_after=2025-07-16T00:00:00+00:00
[2025-07-16T11:14:55.489+0000] {processor.py:179} INFO - Processing /home/vscode/.local/lib/python3.10/site-packages/airflow/example_dags/example_bash_operator.py took 0.060 seconds
[2025-07-16T11:15:43.992+0000] {processor.py:157} INFO - Started process (PID=8521) to work on /home/vscode/.local/lib/python3.10/site-packages/airflow/example_dags/example_bash_operator.py
[2025-07-16T11:15:43.993+0000] {processor.py:826} INFO - Processing file /home/vscode/.local/lib/python3.10/site-packages/airflow/example_dags/example_bash_operator.py for tasks to queue
[2025-07-16T11:15:43.993+0000] {logging_mixin.py:150} INFO - [2025-07-16T11:15:43.993+0000] {dagbag.py:541} INFO - Filling up the DagBag from /home/vscode/.local/lib/python3.10/site-packages/airflow/example_dags/example_bash_operator.py
[2025-07-16T11:15:44.002+0000] {processor.py:836} INFO - DAG(s) dict_keys(['example_bash_operator']) retrieved from /home/vscode/.local/lib/python3.10/site-packages/airflow/example_dags/example_bash_operator.py
[2025-07-16T11:15:44.019+0000] {logging_mixin.py:150} INFO - [2025-07-16T11:15:44.019+0000] {dag.py:2742} INFO - Sync 1 DAGs
[2025-07-16T11:15:44.034+0000] {logging_mixin.py:150} INFO - [2025-07-16T11:15:44.034+0000] {dag.py:3504} INFO - Setting next_dagrun for example_bash_operator to 2025-07-15T00:00:00+00:00, run_after=2025-07-16T00:00:00+00:00
[2025-07-16T11:15:44.048+0000] {processor.py:179} INFO - Processing /home/vscode/.local/lib/python3.10/site-packages/airflow/example_dags/example_bash_operator.py took 0.059 seconds
[2025-07-16T11:16:32.135+0000] {processor.py:157} INFO - Started process (PID=9076) to work on /home/vscode/.local/lib/python3.10/site-packages/airflow/example_dags/example_bash_operator.py
[2025-07-16T11:16:32.136+0000] {processor.py:826} INFO - Processing file /home/vscode/.local/lib/python3.10/site-packages/airflow/example_dags/example_bash_operator.py for tasks to queue
[2025-07-16T11:16:32.136+0000] {logging_mixin.py:150} INFO - [2025-07-16T11:16:32.136+0000] {dagbag.py:541} INFO - Filling up the DagBag from /home/vscode/.local/lib/python3.10/site-packages/airflow/example_dags/example_bash_operator.py
[2025-07-16T11:16:32.146+0000] {processor.py:836} INFO - DAG(s) dict_keys(['example_bash_operator']) retrieved from /home/vscode/.local/lib/python3.10/site-packages/airflow/example_dags/example_bash_operator.py
[2025-07-16T11:16:32.172+0000] {logging_mixin.py:150} INFO - [2025-07-16T11:16:32.172+0000] {dag.py:2742} INFO - Sync 1 DAGs
[2025-07-16T11:16:32.199+0000] {logging_mixin.py:150} INFO - [2025-07-16T11:16:32.198+0000] {dag.py:3504} INFO - Setting next_dagrun for example_bash_operator to 2025-07-15T00:00:00+00:00, run_after=2025-07-16T00:00:00+00:00
[2025-07-16T11:16:32.226+0000] {processor.py:179} INFO - Processing /home/vscode/.local/lib/python3.10/site-packages/airflow/example_dags/example_bash_operator.py took 0.094 seconds
[2025-07-16T11:17:22.974+0000] {processor.py:157} INFO - Started process (PID=9582) to work on /home/vscode/.local/lib/python3.10/site-packages/airflow/example_dags/example_bash_operator.py
[2025-07-16T11:17:22.975+0000] {processor.py:826} INFO - Processing file /home/vscode/.local/lib/python3.10/site-packages/airflow/example_dags/example_bash_operator.py for tasks to queue
[2025-07-16T11:17:22.976+0000] {logging_mixin.py:150} INFO - [2025-07-16T11:17:22.975+0000] {dagbag.py:541} INFO - Filling up the DagBag from /home/vscode/.local/lib/python3.10/site-packages/airflow/example_dags/example_bash_operator.py
[2025-07-16T11:17:22.984+0000] {processor.py:836} INFO - DAG(s) dict_keys(['example_bash_operator']) retrieved from /home/vscode/.local/lib/python3.10/site-packages/airflow/example_dags/example_bash_operator.py
[2025-07-16T11:17:23.002+0000] {logging_mixin.py:150} INFO - [2025-07-16T11:17:23.002+0000] {dag.py:2742} INFO - Sync 1 DAGs
[2025-07-16T11:17:23.017+0000] {logging_mixin.py:150} INFO - [2025-07-16T11:17:23.017+0000] {dag.py:3504} INFO - Setting next_dagrun for example_bash_operator to 2025-07-15T00:00:00+00:00, run_after=2025-07-16T00:00:00+00:00
[2025-07-16T11:17:23.032+0000] {processor.py:179} INFO - Processing /home/vscode/.local/lib/python3.10/site-packages/airflow/example_dags/example_bash_operator.py took 0.060 seconds
[2025-07-16T11:18:15.279+0000] {processor.py:157} INFO - Started process (PID=9932) to work on /home/vscode/.local/lib/python3.10/site-packages/airflow/example_dags/example_bash_operator.py
[2025-07-16T11:18:15.279+0000] {processor.py:826} INFO - Processing file /home/vscode/.local/lib/python3.10/site-packages/airflow/example_dags/example_bash_operator.py for tasks to queue
[2025-07-16T11:18:15.280+0000] {logging_mixin.py:150} INFO - [2025-07-16T11:18:15.280+0000] {dagbag.py:541} INFO - Filling up the DagBag from /home/vscode/.local/lib/python3.10/site-packages/airflow/example_dags/example_bash_operator.py
[2025-07-16T11:18:15.289+0000] {processor.py:836} INFO - DAG(s) dict_keys(['example_bash_operator']) retrieved from /home/vscode/.local/lib/python3.10/site-packages/airflow/example_dags/example_bash_operator.py
[2025-07-16T11:18:15.307+0000] {logging_mixin.py:150} INFO - [2025-07-16T11:18:15.307+0000] {dag.py:2742} INFO - Sync 1 DAGs
[2025-07-16T11:18:15.323+0000] {logging_mixin.py:150} INFO - [2025-07-16T11:18:15.323+0000] {dag.py:3504} INFO - Setting next_dagrun for example_bash_operator to 2025-07-15T00:00:00+00:00, run_after=2025-07-16T00:00:00+00:00
[2025-07-16T11:18:15.344+0000] {processor.py:179} INFO - Processing /home/vscode/.local/lib/python3.10/site-packages/airflow/example_dags/example_bash_operator.py took 0.068 seconds
[2025-07-16T11:19:00.728+0000] {processor.py:157} INFO - Started process (PID=10244) to work on /home/vscode/.local/lib/python3.10/site-packages/airflow/example_dags/example_bash_operator.py
[2025-07-16T11:19:00.728+0000] {processor.py:826} INFO - Processing file /home/vscode/.local/lib/python3.10/site-packages/airflow/example_dags/example_bash_operator.py for tasks to queue
[2025-07-16T11:19:00.729+0000] {logging_mixin.py:150} INFO - [2025-07-16T11:19:00.729+0000] {dagbag.py:541} INFO - Filling up the DagBag from /home/vscode/.local/lib/python3.10/site-packages/airflow/example_dags/example_bash_operator.py
[2025-07-16T11:19:00.737+0000] {processor.py:836} INFO - DAG(s) dict_keys(['example_bash_operator']) retrieved from /home/vscode/.local/lib/python3.10/site-packages/airflow/example_dags/example_bash_operator.py
[2025-07-16T11:19:00.755+0000] {logging_mixin.py:150} INFO - [2025-07-16T11:19:00.755+0000] {dag.py:2742} INFO - Sync 1 DAGs
[2025-07-16T11:19:00.770+0000] {logging_mixin.py:150} INFO - [2025-07-16T11:19:00.770+0000] {dag.py:3504} INFO - Setting next_dagrun for example_bash_operator to 2025-07-15T00:00:00+00:00, run_after=2025-07-16T00:00:00+00:00
[2025-07-16T11:19:00.785+0000] {processor.py:179} INFO - Processing /home/vscode/.local/lib/python3.10/site-packages/airflow/example_dags/example_bash_operator.py took 0.060 seconds
[2025-07-16T11:19:54.736+0000] {processor.py:157} INFO - Started process (PID=10602) to work on /home/vscode/.local/lib/python3.10/site-packages/airflow/example_dags/example_bash_operator.py
[2025-07-16T11:19:54.737+0000] {processor.py:826} INFO - Processing file /home/vscode/.local/lib/python3.10/site-packages/airflow/example_dags/example_bash_operator.py for tasks to queue
[2025-07-16T11:19:54.738+0000] {logging_mixin.py:150} INFO - [2025-07-16T11:19:54.737+0000] {dagbag.py:541} INFO - Filling up the DagBag from /home/vscode/.local/lib/python3.10/site-packages/airflow/example_dags/example_bash_operator.py
[2025-07-16T11:19:54.761+0000] {processor.py:836} INFO - DAG(s) dict_keys(['example_bash_operator']) retrieved from /home/vscode/.local/lib/python3.10/site-packages/airflow/example_dags/example_bash_operator.py
[2025-07-16T11:19:54.871+0000] {logging_mixin.py:150} INFO - [2025-07-16T11:19:54.864+0000] {dag.py:2742} INFO - Sync 1 DAGs
[2025-07-16T11:19:54.990+0000] {logging_mixin.py:150} INFO - [2025-07-16T11:19:54.990+0000] {dag.py:3504} INFO - Setting next_dagrun for example_bash_operator to 2025-07-15T00:00:00+00:00, run_after=2025-07-16T00:00:00+00:00
[2025-07-16T11:19:55.051+0000] {processor.py:179} INFO - Processing /home/vscode/.local/lib/python3.10/site-packages/airflow/example_dags/example_bash_operator.py took 0.319 seconds
[2025-07-16T11:20:51.038+0000] {processor.py:157} INFO - Started process (PID=11259) to work on /home/vscode/.local/lib/python3.10/site-packages/airflow/example_dags/example_bash_operator.py
[2025-07-16T11:20:51.038+0000] {processor.py:826} INFO - Processing file /home/vscode/.local/lib/python3.10/site-packages/airflow/example_dags/example_bash_operator.py for tasks to queue
[2025-07-16T11:20:51.039+0000] {logging_mixin.py:150} INFO - [2025-07-16T11:20:51.039+0000] {dagbag.py:541} INFO - Filling up the DagBag from /home/vscode/.local/lib/python3.10/site-packages/airflow/example_dags/example_bash_operator.py
[2025-07-16T11:20:51.048+0000] {processor.py:836} INFO - DAG(s) dict_keys(['example_bash_operator']) retrieved from /home/vscode/.local/lib/python3.10/site-packages/airflow/example_dags/example_bash_operator.py
[2025-07-16T11:20:51.067+0000] {logging_mixin.py:150} INFO - [2025-07-16T11:20:51.067+0000] {dag.py:2742} INFO - Sync 1 DAGs
[2025-07-16T11:20:51.083+0000] {logging_mixin.py:150} INFO - [2025-07-16T11:20:51.083+0000] {dag.py:3504} INFO - Setting next_dagrun for example_bash_operator to 2025-07-15T00:00:00+00:00, run_after=2025-07-16T00:00:00+00:00
[2025-07-16T11:20:51.097+0000] {processor.py:179} INFO - Processing /home/vscode/.local/lib/python3.10/site-packages/airflow/example_dags/example_bash_operator.py took 0.062 seconds
[2025-07-16T11:21:39.090+0000] {processor.py:157} INFO - Started process (PID=11968) to work on /home/vscode/.local/lib/python3.10/site-packages/airflow/example_dags/example_bash_operator.py
[2025-07-16T11:21:39.092+0000] {processor.py:826} INFO - Processing file /home/vscode/.local/lib/python3.10/site-packages/airflow/example_dags/example_bash_operator.py for tasks to queue
[2025-07-16T11:21:39.093+0000] {logging_mixin.py:150} INFO - [2025-07-16T11:21:39.092+0000] {dagbag.py:541} INFO - Filling up the DagBag from /home/vscode/.local/lib/python3.10/site-packages/airflow/example_dags/example_bash_operator.py
[2025-07-16T11:21:39.105+0000] {processor.py:836} INFO - DAG(s) dict_keys(['example_bash_operator']) retrieved from /home/vscode/.local/lib/python3.10/site-packages/airflow/example_dags/example_bash_operator.py
[2025-07-16T11:21:39.131+0000] {logging_mixin.py:150} INFO - [2025-07-16T11:21:39.131+0000] {dag.py:2742} INFO - Sync 1 DAGs
[2025-07-16T11:21:39.153+0000] {logging_mixin.py:150} INFO - [2025-07-16T11:21:39.153+0000] {dag.py:3504} INFO - Setting next_dagrun for example_bash_operator to 2025-07-15T00:00:00+00:00, run_after=2025-07-16T00:00:00+00:00
[2025-07-16T11:21:39.426+0000] {processor.py:179} INFO - Processing /home/vscode/.local/lib/python3.10/site-packages/airflow/example_dags/example_bash_operator.py took 0.339 seconds
