[2025-07-16T11:07:04.340+0000] {processor.py:157} INFO - Started process (PID=4333) to work on /home/vscode/.local/lib/python3.10/site-packages/airflow/example_dags/example_branch_python_dop_operator_3.py
[2025-07-16T11:07:04.340+0000] {processor.py:826} INFO - Processing file /home/vscode/.local/lib/python3.10/site-packages/airflow/example_dags/example_branch_python_dop_operator_3.py for tasks to queue
[2025-07-16T11:07:04.341+0000] {logging_mixin.py:150} INFO - [2025-07-16T11:07:04.341+0000] {dagbag.py:541} INFO - Filling up the DagBag from /home/vscode/.local/lib/python3.10/site-packages/airflow/example_dags/example_branch_python_dop_operator_3.py
[2025-07-16T11:07:04.348+0000] {processor.py:836} INFO - DAG(s) dict_keys(['example_branch_dop_operator_v3']) retrieved from /home/vscode/.local/lib/python3.10/site-packages/airflow/example_dags/example_branch_python_dop_operator_3.py
[2025-07-16T11:07:04.362+0000] {logging_mixin.py:150} INFO - [2025-07-16T11:07:04.362+0000] {dag.py:2742} INFO - Sync 1 DAGs
[2025-07-16T11:07:04.380+0000] {logging_mixin.py:150} INFO - [2025-07-16T11:07:04.380+0000] {dag.py:3504} INFO - Setting next_dagrun for example_branch_dop_operator_v3 to 2025-07-16T11:06:00+00:00, run_after=2025-07-16T11:07:00+00:00
[2025-07-16T11:07:04.398+0000] {processor.py:179} INFO - Processing /home/vscode/.local/lib/python3.10/site-packages/airflow/example_dags/example_branch_python_dop_operator_3.py took 0.061 seconds
[2025-07-16T11:07:52.485+0000] {processor.py:157} INFO - Started process (PID=4731) to work on /home/vscode/.local/lib/python3.10/site-packages/airflow/example_dags/example_branch_python_dop_operator_3.py
[2025-07-16T11:07:52.486+0000] {processor.py:826} INFO - Processing file /home/vscode/.local/lib/python3.10/site-packages/airflow/example_dags/example_branch_python_dop_operator_3.py for tasks to queue
[2025-07-16T11:07:52.488+0000] {logging_mixin.py:150} INFO - [2025-07-16T11:07:52.487+0000] {dagbag.py:541} INFO - Filling up the DagBag from /home/vscode/.local/lib/python3.10/site-packages/airflow/example_dags/example_branch_python_dop_operator_3.py
[2025-07-16T11:07:52.497+0000] {processor.py:836} INFO - DAG(s) dict_keys(['example_branch_dop_operator_v3']) retrieved from /home/vscode/.local/lib/python3.10/site-packages/airflow/example_dags/example_branch_python_dop_operator_3.py
[2025-07-16T11:07:52.514+0000] {logging_mixin.py:150} INFO - [2025-07-16T11:07:52.514+0000] {dag.py:2742} INFO - Sync 1 DAGs
[2025-07-16T11:07:52.532+0000] {logging_mixin.py:150} INFO - [2025-07-16T11:07:52.532+0000] {dag.py:3504} INFO - Setting next_dagrun for example_branch_dop_operator_v3 to 2025-07-16T11:06:00+00:00, run_after=2025-07-16T11:07:00+00:00
[2025-07-16T11:07:52.547+0000] {processor.py:179} INFO - Processing /home/vscode/.local/lib/python3.10/site-packages/airflow/example_dags/example_branch_python_dop_operator_3.py took 0.066 seconds
[2025-07-16T11:08:39.950+0000] {processor.py:157} INFO - Started process (PID=5061) to work on /home/vscode/.local/lib/python3.10/site-packages/airflow/example_dags/example_branch_python_dop_operator_3.py
[2025-07-16T11:08:39.951+0000] {processor.py:826} INFO - Processing file /home/vscode/.local/lib/python3.10/site-packages/airflow/example_dags/example_branch_python_dop_operator_3.py for tasks to queue
[2025-07-16T11:08:39.952+0000] {logging_mixin.py:150} INFO - [2025-07-16T11:08:39.951+0000] {dagbag.py:541} INFO - Filling up the DagBag from /home/vscode/.local/lib/python3.10/site-packages/airflow/example_dags/example_branch_python_dop_operator_3.py
[2025-07-16T11:08:39.959+0000] {processor.py:836} INFO - DAG(s) dict_keys(['example_branch_dop_operator_v3']) retrieved from /home/vscode/.local/lib/python3.10/site-packages/airflow/example_dags/example_branch_python_dop_operator_3.py
[2025-07-16T11:08:39.972+0000] {logging_mixin.py:150} INFO - [2025-07-16T11:08:39.972+0000] {dag.py:2742} INFO - Sync 1 DAGs
[2025-07-16T11:08:39.989+0000] {logging_mixin.py:150} INFO - [2025-07-16T11:08:39.989+0000] {dag.py:3504} INFO - Setting next_dagrun for example_branch_dop_operator_v3 to 2025-07-16T11:07:00+00:00, run_after=2025-07-16T11:08:00+00:00
[2025-07-16T11:08:40.004+0000] {processor.py:179} INFO - Processing /home/vscode/.local/lib/python3.10/site-packages/airflow/example_dags/example_branch_python_dop_operator_3.py took 0.057 seconds
[2025-07-16T11:09:26.168+0000] {processor.py:157} INFO - Started process (PID=5416) to work on /home/vscode/.local/lib/python3.10/site-packages/airflow/example_dags/example_branch_python_dop_operator_3.py
[2025-07-16T11:09:26.168+0000] {processor.py:826} INFO - Processing file /home/vscode/.local/lib/python3.10/site-packages/airflow/example_dags/example_branch_python_dop_operator_3.py for tasks to queue
[2025-07-16T11:09:26.169+0000] {logging_mixin.py:150} INFO - [2025-07-16T11:09:26.169+0000] {dagbag.py:541} INFO - Filling up the DagBag from /home/vscode/.local/lib/python3.10/site-packages/airflow/example_dags/example_branch_python_dop_operator_3.py
[2025-07-16T11:09:26.176+0000] {processor.py:836} INFO - DAG(s) dict_keys(['example_branch_dop_operator_v3']) retrieved from /home/vscode/.local/lib/python3.10/site-packages/airflow/example_dags/example_branch_python_dop_operator_3.py
[2025-07-16T11:09:26.189+0000] {logging_mixin.py:150} INFO - [2025-07-16T11:09:26.189+0000] {dag.py:2742} INFO - Sync 1 DAGs
[2025-07-16T11:09:26.206+0000] {logging_mixin.py:150} INFO - [2025-07-16T11:09:26.206+0000] {dag.py:3504} INFO - Setting next_dagrun for example_branch_dop_operator_v3 to 2025-07-16T11:08:00+00:00, run_after=2025-07-16T11:09:00+00:00
[2025-07-16T11:09:26.222+0000] {processor.py:179} INFO - Processing /home/vscode/.local/lib/python3.10/site-packages/airflow/example_dags/example_branch_python_dop_operator_3.py took 0.057 seconds
[2025-07-16T11:10:18.013+0000] {processor.py:157} INFO - Started process (PID=5791) to work on /home/vscode/.local/lib/python3.10/site-packages/airflow/example_dags/example_branch_python_dop_operator_3.py
[2025-07-16T11:10:18.014+0000] {processor.py:826} INFO - Processing file /home/vscode/.local/lib/python3.10/site-packages/airflow/example_dags/example_branch_python_dop_operator_3.py for tasks to queue
[2025-07-16T11:10:18.015+0000] {logging_mixin.py:150} INFO - [2025-07-16T11:10:18.015+0000] {dagbag.py:541} INFO - Filling up the DagBag from /home/vscode/.local/lib/python3.10/site-packages/airflow/example_dags/example_branch_python_dop_operator_3.py
[2025-07-16T11:10:18.022+0000] {processor.py:836} INFO - DAG(s) dict_keys(['example_branch_dop_operator_v3']) retrieved from /home/vscode/.local/lib/python3.10/site-packages/airflow/example_dags/example_branch_python_dop_operator_3.py
[2025-07-16T11:10:18.035+0000] {logging_mixin.py:150} INFO - [2025-07-16T11:10:18.034+0000] {dag.py:2742} INFO - Sync 1 DAGs
[2025-07-16T11:10:18.051+0000] {logging_mixin.py:150} INFO - [2025-07-16T11:10:18.051+0000] {dag.py:3504} INFO - Setting next_dagrun for example_branch_dop_operator_v3 to 2025-07-16T11:09:00+00:00, run_after=2025-07-16T11:10:00+00:00
[2025-07-16T11:10:18.067+0000] {processor.py:179} INFO - Processing /home/vscode/.local/lib/python3.10/site-packages/airflow/example_dags/example_branch_python_dop_operator_3.py took 0.056 seconds
[2025-07-16T11:11:02.795+0000] {processor.py:157} INFO - Started process (PID=6138) to work on /home/vscode/.local/lib/python3.10/site-packages/airflow/example_dags/example_branch_python_dop_operator_3.py
[2025-07-16T11:11:02.796+0000] {processor.py:826} INFO - Processing file /home/vscode/.local/lib/python3.10/site-packages/airflow/example_dags/example_branch_python_dop_operator_3.py for tasks to queue
[2025-07-16T11:11:02.796+0000] {logging_mixin.py:150} INFO - [2025-07-16T11:11:02.796+0000] {dagbag.py:541} INFO - Filling up the DagBag from /home/vscode/.local/lib/python3.10/site-packages/airflow/example_dags/example_branch_python_dop_operator_3.py
[2025-07-16T11:11:02.803+0000] {processor.py:836} INFO - DAG(s) dict_keys(['example_branch_dop_operator_v3']) retrieved from /home/vscode/.local/lib/python3.10/site-packages/airflow/example_dags/example_branch_python_dop_operator_3.py
[2025-07-16T11:11:02.817+0000] {logging_mixin.py:150} INFO - [2025-07-16T11:11:02.817+0000] {dag.py:2742} INFO - Sync 1 DAGs
[2025-07-16T11:11:02.834+0000] {logging_mixin.py:150} INFO - [2025-07-16T11:11:02.834+0000] {dag.py:3504} INFO - Setting next_dagrun for example_branch_dop_operator_v3 to 2025-07-16T11:10:00+00:00, run_after=2025-07-16T11:11:00+00:00
[2025-07-16T11:11:02.850+0000] {processor.py:179} INFO - Processing /home/vscode/.local/lib/python3.10/site-packages/airflow/example_dags/example_branch_python_dop_operator_3.py took 0.057 seconds
[2025-07-16T11:11:50.505+0000] {processor.py:157} INFO - Started process (PID=6486) to work on /home/vscode/.local/lib/python3.10/site-packages/airflow/example_dags/example_branch_python_dop_operator_3.py
[2025-07-16T11:11:50.506+0000] {processor.py:826} INFO - Processing file /home/vscode/.local/lib/python3.10/site-packages/airflow/example_dags/example_branch_python_dop_operator_3.py for tasks to queue
[2025-07-16T11:11:50.506+0000] {logging_mixin.py:150} INFO - [2025-07-16T11:11:50.506+0000] {dagbag.py:541} INFO - Filling up the DagBag from /home/vscode/.local/lib/python3.10/site-packages/airflow/example_dags/example_branch_python_dop_operator_3.py
[2025-07-16T11:11:50.513+0000] {processor.py:836} INFO - DAG(s) dict_keys(['example_branch_dop_operator_v3']) retrieved from /home/vscode/.local/lib/python3.10/site-packages/airflow/example_dags/example_branch_python_dop_operator_3.py
[2025-07-16T11:11:50.527+0000] {logging_mixin.py:150} INFO - [2025-07-16T11:11:50.527+0000] {dag.py:2742} INFO - Sync 1 DAGs
[2025-07-16T11:11:50.546+0000] {logging_mixin.py:150} INFO - [2025-07-16T11:11:50.546+0000] {dag.py:3504} INFO - Setting next_dagrun for example_branch_dop_operator_v3 to 2025-07-16T11:10:00+00:00, run_after=2025-07-16T11:11:00+00:00
[2025-07-16T11:11:50.563+0000] {processor.py:179} INFO - Processing /home/vscode/.local/lib/python3.10/site-packages/airflow/example_dags/example_branch_python_dop_operator_3.py took 0.061 seconds
[2025-07-16T11:12:32.476+0000] {processor.py:157} INFO - Started process (PID=6794) to work on /home/vscode/.local/lib/python3.10/site-packages/airflow/example_dags/example_branch_python_dop_operator_3.py
[2025-07-16T11:12:32.476+0000] {processor.py:826} INFO - Processing file /home/vscode/.local/lib/python3.10/site-packages/airflow/example_dags/example_branch_python_dop_operator_3.py for tasks to queue
[2025-07-16T11:12:32.477+0000] {logging_mixin.py:150} INFO - [2025-07-16T11:12:32.477+0000] {dagbag.py:541} INFO - Filling up the DagBag from /home/vscode/.local/lib/python3.10/site-packages/airflow/example_dags/example_branch_python_dop_operator_3.py
[2025-07-16T11:12:32.484+0000] {processor.py:836} INFO - DAG(s) dict_keys(['example_branch_dop_operator_v3']) retrieved from /home/vscode/.local/lib/python3.10/site-packages/airflow/example_dags/example_branch_python_dop_operator_3.py
[2025-07-16T11:12:32.497+0000] {logging_mixin.py:150} INFO - [2025-07-16T11:12:32.497+0000] {dag.py:2742} INFO - Sync 1 DAGs
[2025-07-16T11:12:32.515+0000] {logging_mixin.py:150} INFO - [2025-07-16T11:12:32.515+0000] {dag.py:3504} INFO - Setting next_dagrun for example_branch_dop_operator_v3 to 2025-07-16T11:11:00+00:00, run_after=2025-07-16T11:12:00+00:00
[2025-07-16T11:12:32.530+0000] {processor.py:179} INFO - Processing /home/vscode/.local/lib/python3.10/site-packages/airflow/example_dags/example_branch_python_dop_operator_3.py took 0.057 seconds
[2025-07-16T11:13:19.576+0000] {processor.py:157} INFO - Started process (PID=7148) to work on /home/vscode/.local/lib/python3.10/site-packages/airflow/example_dags/example_branch_python_dop_operator_3.py
[2025-07-16T11:13:19.577+0000] {processor.py:826} INFO - Processing file /home/vscode/.local/lib/python3.10/site-packages/airflow/example_dags/example_branch_python_dop_operator_3.py for tasks to queue
[2025-07-16T11:13:19.578+0000] {logging_mixin.py:150} INFO - [2025-07-16T11:13:19.578+0000] {dagbag.py:541} INFO - Filling up the DagBag from /home/vscode/.local/lib/python3.10/site-packages/airflow/example_dags/example_branch_python_dop_operator_3.py
[2025-07-16T11:13:19.585+0000] {processor.py:836} INFO - DAG(s) dict_keys(['example_branch_dop_operator_v3']) retrieved from /home/vscode/.local/lib/python3.10/site-packages/airflow/example_dags/example_branch_python_dop_operator_3.py
[2025-07-16T11:13:19.599+0000] {logging_mixin.py:150} INFO - [2025-07-16T11:13:19.599+0000] {dag.py:2742} INFO - Sync 1 DAGs
[2025-07-16T11:13:19.632+0000] {logging_mixin.py:150} INFO - [2025-07-16T11:13:19.632+0000] {dag.py:3504} INFO - Setting next_dagrun for example_branch_dop_operator_v3 to 2025-07-16T11:12:00+00:00, run_after=2025-07-16T11:13:00+00:00
[2025-07-16T11:13:19.656+0000] {processor.py:179} INFO - Processing /home/vscode/.local/lib/python3.10/site-packages/airflow/example_dags/example_branch_python_dop_operator_3.py took 0.083 seconds
[2025-07-16T11:14:09.153+0000] {processor.py:157} INFO - Started process (PID=7600) to work on /home/vscode/.local/lib/python3.10/site-packages/airflow/example_dags/example_branch_python_dop_operator_3.py
[2025-07-16T11:14:09.153+0000] {processor.py:826} INFO - Processing file /home/vscode/.local/lib/python3.10/site-packages/airflow/example_dags/example_branch_python_dop_operator_3.py for tasks to queue
[2025-07-16T11:14:09.154+0000] {logging_mixin.py:150} INFO - [2025-07-16T11:14:09.154+0000] {dagbag.py:541} INFO - Filling up the DagBag from /home/vscode/.local/lib/python3.10/site-packages/airflow/example_dags/example_branch_python_dop_operator_3.py
[2025-07-16T11:14:09.161+0000] {processor.py:836} INFO - DAG(s) dict_keys(['example_branch_dop_operator_v3']) retrieved from /home/vscode/.local/lib/python3.10/site-packages/airflow/example_dags/example_branch_python_dop_operator_3.py
[2025-07-16T11:14:09.174+0000] {logging_mixin.py:150} INFO - [2025-07-16T11:14:09.174+0000] {dag.py:2742} INFO - Sync 1 DAGs
[2025-07-16T11:14:09.191+0000] {logging_mixin.py:150} INFO - [2025-07-16T11:14:09.191+0000] {dag.py:3504} INFO - Setting next_dagrun for example_branch_dop_operator_v3 to 2025-07-16T11:13:00+00:00, run_after=2025-07-16T11:14:00+00:00
[2025-07-16T11:14:09.206+0000] {processor.py:179} INFO - Processing /home/vscode/.local/lib/python3.10/site-packages/airflow/example_dags/example_branch_python_dop_operator_3.py took 0.056 seconds
[2025-07-16T11:14:58.278+0000] {processor.py:157} INFO - Started process (PID=8031) to work on /home/vscode/.local/lib/python3.10/site-packages/airflow/example_dags/example_branch_python_dop_operator_3.py
[2025-07-16T11:14:58.279+0000] {processor.py:826} INFO - Processing file /home/vscode/.local/lib/python3.10/site-packages/airflow/example_dags/example_branch_python_dop_operator_3.py for tasks to queue
[2025-07-16T11:14:58.279+0000] {logging_mixin.py:150} INFO - [2025-07-16T11:14:58.279+0000] {dagbag.py:541} INFO - Filling up the DagBag from /home/vscode/.local/lib/python3.10/site-packages/airflow/example_dags/example_branch_python_dop_operator_3.py
[2025-07-16T11:14:58.286+0000] {processor.py:836} INFO - DAG(s) dict_keys(['example_branch_dop_operator_v3']) retrieved from /home/vscode/.local/lib/python3.10/site-packages/airflow/example_dags/example_branch_python_dop_operator_3.py
[2025-07-16T11:14:58.300+0000] {logging_mixin.py:150} INFO - [2025-07-16T11:14:58.300+0000] {dag.py:2742} INFO - Sync 1 DAGs
[2025-07-16T11:14:58.317+0000] {logging_mixin.py:150} INFO - [2025-07-16T11:14:58.317+0000] {dag.py:3504} INFO - Setting next_dagrun for example_branch_dop_operator_v3 to 2025-07-16T11:13:00+00:00, run_after=2025-07-16T11:14:00+00:00
[2025-07-16T11:14:58.331+0000] {processor.py:179} INFO - Processing /home/vscode/.local/lib/python3.10/site-packages/airflow/example_dags/example_branch_python_dop_operator_3.py took 0.056 seconds
[2025-07-16T11:15:46.896+0000] {processor.py:157} INFO - Started process (PID=8582) to work on /home/vscode/.local/lib/python3.10/site-packages/airflow/example_dags/example_branch_python_dop_operator_3.py
[2025-07-16T11:15:46.898+0000] {processor.py:826} INFO - Processing file /home/vscode/.local/lib/python3.10/site-packages/airflow/example_dags/example_branch_python_dop_operator_3.py for tasks to queue
[2025-07-16T11:15:46.899+0000] {logging_mixin.py:150} INFO - [2025-07-16T11:15:46.899+0000] {dagbag.py:541} INFO - Filling up the DagBag from /home/vscode/.local/lib/python3.10/site-packages/airflow/example_dags/example_branch_python_dop_operator_3.py
[2025-07-16T11:15:46.907+0000] {processor.py:836} INFO - DAG(s) dict_keys(['example_branch_dop_operator_v3']) retrieved from /home/vscode/.local/lib/python3.10/site-packages/airflow/example_dags/example_branch_python_dop_operator_3.py
[2025-07-16T11:15:46.922+0000] {logging_mixin.py:150} INFO - [2025-07-16T11:15:46.922+0000] {dag.py:2742} INFO - Sync 1 DAGs
[2025-07-16T11:15:46.951+0000] {logging_mixin.py:150} INFO - [2025-07-16T11:15:46.951+0000] {dag.py:3504} INFO - Setting next_dagrun for example_branch_dop_operator_v3 to 2025-07-16T11:14:00+00:00, run_after=2025-07-16T11:15:00+00:00
[2025-07-16T11:15:46.969+0000] {processor.py:179} INFO - Processing /home/vscode/.local/lib/python3.10/site-packages/airflow/example_dags/example_branch_python_dop_operator_3.py took 0.076 seconds
[2025-07-16T11:16:35.570+0000] {processor.py:157} INFO - Started process (PID=9106) to work on /home/vscode/.local/lib/python3.10/site-packages/airflow/example_dags/example_branch_python_dop_operator_3.py
[2025-07-16T11:16:35.571+0000] {processor.py:826} INFO - Processing file /home/vscode/.local/lib/python3.10/site-packages/airflow/example_dags/example_branch_python_dop_operator_3.py for tasks to queue
[2025-07-16T11:16:35.571+0000] {logging_mixin.py:150} INFO - [2025-07-16T11:16:35.571+0000] {dagbag.py:541} INFO - Filling up the DagBag from /home/vscode/.local/lib/python3.10/site-packages/airflow/example_dags/example_branch_python_dop_operator_3.py
[2025-07-16T11:16:35.581+0000] {processor.py:836} INFO - DAG(s) dict_keys(['example_branch_dop_operator_v3']) retrieved from /home/vscode/.local/lib/python3.10/site-packages/airflow/example_dags/example_branch_python_dop_operator_3.py
[2025-07-16T11:16:35.600+0000] {logging_mixin.py:150} INFO - [2025-07-16T11:16:35.600+0000] {dag.py:2742} INFO - Sync 1 DAGs
[2025-07-16T11:16:35.627+0000] {logging_mixin.py:150} INFO - [2025-07-16T11:16:35.627+0000] {dag.py:3504} INFO - Setting next_dagrun for example_branch_dop_operator_v3 to 2025-07-16T11:15:00+00:00, run_after=2025-07-16T11:16:00+00:00
[2025-07-16T11:16:35.643+0000] {processor.py:179} INFO - Processing /home/vscode/.local/lib/python3.10/site-packages/airflow/example_dags/example_branch_python_dop_operator_3.py took 0.076 seconds
[2025-07-16T11:17:26.418+0000] {processor.py:157} INFO - Started process (PID=9601) to work on /home/vscode/.local/lib/python3.10/site-packages/airflow/example_dags/example_branch_python_dop_operator_3.py
[2025-07-16T11:17:26.419+0000] {processor.py:826} INFO - Processing file /home/vscode/.local/lib/python3.10/site-packages/airflow/example_dags/example_branch_python_dop_operator_3.py for tasks to queue
[2025-07-16T11:17:26.420+0000] {logging_mixin.py:150} INFO - [2025-07-16T11:17:26.419+0000] {dagbag.py:541} INFO - Filling up the DagBag from /home/vscode/.local/lib/python3.10/site-packages/airflow/example_dags/example_branch_python_dop_operator_3.py
[2025-07-16T11:17:26.426+0000] {processor.py:836} INFO - DAG(s) dict_keys(['example_branch_dop_operator_v3']) retrieved from /home/vscode/.local/lib/python3.10/site-packages/airflow/example_dags/example_branch_python_dop_operator_3.py
[2025-07-16T11:17:26.443+0000] {logging_mixin.py:150} INFO - [2025-07-16T11:17:26.442+0000] {dag.py:2742} INFO - Sync 1 DAGs
[2025-07-16T11:17:26.461+0000] {logging_mixin.py:150} INFO - [2025-07-16T11:17:26.461+0000] {dag.py:3504} INFO - Setting next_dagrun for example_branch_dop_operator_v3 to 2025-07-16T11:16:00+00:00, run_after=2025-07-16T11:17:00+00:00
[2025-07-16T11:17:26.478+0000] {processor.py:179} INFO - Processing /home/vscode/.local/lib/python3.10/site-packages/airflow/example_dags/example_branch_python_dop_operator_3.py took 0.062 seconds
[2025-07-16T11:18:18.710+0000] {processor.py:157} INFO - Started process (PID=9956) to work on /home/vscode/.local/lib/python3.10/site-packages/airflow/example_dags/example_branch_python_dop_operator_3.py
[2025-07-16T11:18:18.711+0000] {processor.py:826} INFO - Processing file /home/vscode/.local/lib/python3.10/site-packages/airflow/example_dags/example_branch_python_dop_operator_3.py for tasks to queue
[2025-07-16T11:18:18.712+0000] {logging_mixin.py:150} INFO - [2025-07-16T11:18:18.711+0000] {dagbag.py:541} INFO - Filling up the DagBag from /home/vscode/.local/lib/python3.10/site-packages/airflow/example_dags/example_branch_python_dop_operator_3.py
[2025-07-16T11:18:18.718+0000] {processor.py:836} INFO - DAG(s) dict_keys(['example_branch_dop_operator_v3']) retrieved from /home/vscode/.local/lib/python3.10/site-packages/airflow/example_dags/example_branch_python_dop_operator_3.py
[2025-07-16T11:18:18.732+0000] {logging_mixin.py:150} INFO - [2025-07-16T11:18:18.731+0000] {dag.py:2742} INFO - Sync 1 DAGs
[2025-07-16T11:18:18.749+0000] {logging_mixin.py:150} INFO - [2025-07-16T11:18:18.748+0000] {dag.py:3504} INFO - Setting next_dagrun for example_branch_dop_operator_v3 to 2025-07-16T11:17:00+00:00, run_after=2025-07-16T11:18:00+00:00
[2025-07-16T11:18:18.765+0000] {processor.py:179} INFO - Processing /home/vscode/.local/lib/python3.10/site-packages/airflow/example_dags/example_branch_python_dop_operator_3.py took 0.057 seconds
[2025-07-16T11:19:04.154+0000] {processor.py:157} INFO - Started process (PID=10262) to work on /home/vscode/.local/lib/python3.10/site-packages/airflow/example_dags/example_branch_python_dop_operator_3.py
[2025-07-16T11:19:04.155+0000] {processor.py:826} INFO - Processing file /home/vscode/.local/lib/python3.10/site-packages/airflow/example_dags/example_branch_python_dop_operator_3.py for tasks to queue
[2025-07-16T11:19:04.155+0000] {logging_mixin.py:150} INFO - [2025-07-16T11:19:04.155+0000] {dagbag.py:541} INFO - Filling up the DagBag from /home/vscode/.local/lib/python3.10/site-packages/airflow/example_dags/example_branch_python_dop_operator_3.py
[2025-07-16T11:19:04.162+0000] {processor.py:836} INFO - DAG(s) dict_keys(['example_branch_dop_operator_v3']) retrieved from /home/vscode/.local/lib/python3.10/site-packages/airflow/example_dags/example_branch_python_dop_operator_3.py
[2025-07-16T11:19:04.178+0000] {logging_mixin.py:150} INFO - [2025-07-16T11:19:04.178+0000] {dag.py:2742} INFO - Sync 1 DAGs
[2025-07-16T11:19:04.204+0000] {logging_mixin.py:150} INFO - [2025-07-16T11:19:04.204+0000] {dag.py:3504} INFO - Setting next_dagrun for example_branch_dop_operator_v3 to 2025-07-16T11:18:00+00:00, run_after=2025-07-16T11:19:00+00:00
[2025-07-16T11:19:04.219+0000] {processor.py:179} INFO - Processing /home/vscode/.local/lib/python3.10/site-packages/airflow/example_dags/example_branch_python_dop_operator_3.py took 0.068 seconds
[2025-07-16T11:19:58.492+0000] {processor.py:157} INFO - Started process (PID=10627) to work on /home/vscode/.local/lib/python3.10/site-packages/airflow/example_dags/example_branch_python_dop_operator_3.py
[2025-07-16T11:19:58.493+0000] {processor.py:826} INFO - Processing file /home/vscode/.local/lib/python3.10/site-packages/airflow/example_dags/example_branch_python_dop_operator_3.py for tasks to queue
[2025-07-16T11:19:58.494+0000] {logging_mixin.py:150} INFO - [2025-07-16T11:19:58.493+0000] {dagbag.py:541} INFO - Filling up the DagBag from /home/vscode/.local/lib/python3.10/site-packages/airflow/example_dags/example_branch_python_dop_operator_3.py
[2025-07-16T11:19:58.500+0000] {processor.py:836} INFO - DAG(s) dict_keys(['example_branch_dop_operator_v3']) retrieved from /home/vscode/.local/lib/python3.10/site-packages/airflow/example_dags/example_branch_python_dop_operator_3.py
[2025-07-16T11:19:58.514+0000] {logging_mixin.py:150} INFO - [2025-07-16T11:19:58.514+0000] {dag.py:2742} INFO - Sync 1 DAGs
[2025-07-16T11:19:58.531+0000] {logging_mixin.py:150} INFO - [2025-07-16T11:19:58.531+0000] {dag.py:3504} INFO - Setting next_dagrun for example_branch_dop_operator_v3 to 2025-07-16T11:18:00+00:00, run_after=2025-07-16T11:19:00+00:00
[2025-07-16T11:19:58.545+0000] {processor.py:179} INFO - Processing /home/vscode/.local/lib/python3.10/site-packages/airflow/example_dags/example_branch_python_dop_operator_3.py took 0.056 seconds
[2025-07-16T11:20:53.885+0000] {processor.py:157} INFO - Started process (PID=11271) to work on /home/vscode/.local/lib/python3.10/site-packages/airflow/example_dags/example_branch_python_dop_operator_3.py
[2025-07-16T11:20:53.886+0000] {processor.py:826} INFO - Processing file /home/vscode/.local/lib/python3.10/site-packages/airflow/example_dags/example_branch_python_dop_operator_3.py for tasks to queue
[2025-07-16T11:20:53.887+0000] {logging_mixin.py:150} INFO - [2025-07-16T11:20:53.886+0000] {dagbag.py:541} INFO - Filling up the DagBag from /home/vscode/.local/lib/python3.10/site-packages/airflow/example_dags/example_branch_python_dop_operator_3.py
[2025-07-16T11:20:53.893+0000] {processor.py:836} INFO - DAG(s) dict_keys(['example_branch_dop_operator_v3']) retrieved from /home/vscode/.local/lib/python3.10/site-packages/airflow/example_dags/example_branch_python_dop_operator_3.py
[2025-07-16T11:20:53.906+0000] {logging_mixin.py:150} INFO - [2025-07-16T11:20:53.906+0000] {dag.py:2742} INFO - Sync 1 DAGs
[2025-07-16T11:20:53.927+0000] {logging_mixin.py:150} INFO - [2025-07-16T11:20:53.927+0000] {dag.py:3504} INFO - Setting next_dagrun for example_branch_dop_operator_v3 to 2025-07-16T11:19:00+00:00, run_after=2025-07-16T11:20:00+00:00
[2025-07-16T11:20:53.944+0000] {processor.py:179} INFO - Processing /home/vscode/.local/lib/python3.10/site-packages/airflow/example_dags/example_branch_python_dop_operator_3.py took 0.061 seconds
[2025-07-16T11:21:57.099+0000] {processor.py:157} INFO - Started process (PID=12182) to work on /home/vscode/.local/lib/python3.10/site-packages/airflow/example_dags/example_branch_python_dop_operator_3.py
[2025-07-16T11:21:57.100+0000] {processor.py:826} INFO - Processing file /home/vscode/.local/lib/python3.10/site-packages/airflow/example_dags/example_branch_python_dop_operator_3.py for tasks to queue
[2025-07-16T11:21:57.101+0000] {logging_mixin.py:150} INFO - [2025-07-16T11:21:57.101+0000] {dagbag.py:541} INFO - Filling up the DagBag from /home/vscode/.local/lib/python3.10/site-packages/airflow/example_dags/example_branch_python_dop_operator_3.py
[2025-07-16T11:21:57.109+0000] {processor.py:836} INFO - DAG(s) dict_keys(['example_branch_dop_operator_v3']) retrieved from /home/vscode/.local/lib/python3.10/site-packages/airflow/example_dags/example_branch_python_dop_operator_3.py
[2025-07-16T11:21:57.186+0000] {logging_mixin.py:150} INFO - [2025-07-16T11:21:57.185+0000] {dag.py:2742} INFO - Sync 1 DAGs
[2025-07-16T11:21:57.201+0000] {logging_mixin.py:150} INFO - [2025-07-16T11:21:57.201+0000] {dag.py:3504} INFO - Setting next_dagrun for example_branch_dop_operator_v3 to 2025-07-16T11:20:00+00:00, run_after=2025-07-16T11:21:00+00:00
[2025-07-16T11:21:57.218+0000] {processor.py:179} INFO - Processing /home/vscode/.local/lib/python3.10/site-packages/airflow/example_dags/example_branch_python_dop_operator_3.py took 0.122 seconds
