[2025-07-16T11:06:49.626+0000] {processor.py:157} INFO - Started process (PID=4227) to work on /home/vscode/.local/lib/python3.10/site-packages/airflow/example_dags/example_short_circuit_decorator.py
[2025-07-16T11:06:49.626+0000] {processor.py:826} INFO - Processing file /home/vscode/.local/lib/python3.10/site-packages/airflow/example_dags/example_short_circuit_decorator.py for tasks to queue
[2025-07-16T11:06:49.627+0000] {logging_mixin.py:150} INFO - [2025-07-16T11:06:49.627+0000] {dagbag.py:541} INFO - Filling up the DagBag from /home/vscode/.local/lib/python3.10/site-packages/airflow/example_dags/example_short_circuit_decorator.py
[2025-07-16T11:06:49.635+0000] {processor.py:836} INFO - DAG(s) dict_keys(['example_short_circuit_decorator']) retrieved from /home/vscode/.local/lib/python3.10/site-packages/airflow/example_dags/example_short_circuit_decorator.py
[2025-07-16T11:06:49.651+0000] {logging_mixin.py:150} INFO - [2025-07-16T11:06:49.650+0000] {dag.py:2742} INFO - Sync 1 DAGs
[2025-07-16T11:06:49.664+0000] {logging_mixin.py:150} INFO - [2025-07-16T11:06:49.664+0000] {dag.py:3504} INFO - Setting next_dagrun for example_short_circuit_decorator to 2025-07-15T11:06:49.664583+00:00, run_after=2025-07-16T11:06:49.664583+00:00
[2025-07-16T11:06:49.679+0000] {processor.py:179} INFO - Processing /home/vscode/.local/lib/python3.10/site-packages/airflow/example_dags/example_short_circuit_decorator.py took 0.056 seconds
[2025-07-16T11:07:37.060+0000] {processor.py:157} INFO - Started process (PID=4608) to work on /home/vscode/.local/lib/python3.10/site-packages/airflow/example_dags/example_short_circuit_decorator.py
[2025-07-16T11:07:37.061+0000] {processor.py:826} INFO - Processing file /home/vscode/.local/lib/python3.10/site-packages/airflow/example_dags/example_short_circuit_decorator.py for tasks to queue
[2025-07-16T11:07:37.062+0000] {logging_mixin.py:150} INFO - [2025-07-16T11:07:37.061+0000] {dagbag.py:541} INFO - Filling up the DagBag from /home/vscode/.local/lib/python3.10/site-packages/airflow/example_dags/example_short_circuit_decorator.py
[2025-07-16T11:07:37.070+0000] {processor.py:836} INFO - DAG(s) dict_keys(['example_short_circuit_decorator']) retrieved from /home/vscode/.local/lib/python3.10/site-packages/airflow/example_dags/example_short_circuit_decorator.py
[2025-07-16T11:07:37.083+0000] {logging_mixin.py:150} INFO - [2025-07-16T11:07:37.083+0000] {dag.py:2742} INFO - Sync 1 DAGs
[2025-07-16T11:07:37.098+0000] {logging_mixin.py:150} INFO - [2025-07-16T11:07:37.097+0000] {dag.py:3504} INFO - Setting next_dagrun for example_short_circuit_decorator to 2025-07-15T11:07:37.097727+00:00, run_after=2025-07-16T11:07:37.097727+00:00
[2025-07-16T11:07:37.113+0000] {processor.py:179} INFO - Processing /home/vscode/.local/lib/python3.10/site-packages/airflow/example_dags/example_short_circuit_decorator.py took 0.056 seconds
[2025-07-16T11:08:22.202+0000] {processor.py:157} INFO - Started process (PID=4941) to work on /home/vscode/.local/lib/python3.10/site-packages/airflow/example_dags/example_short_circuit_decorator.py
[2025-07-16T11:08:22.203+0000] {processor.py:826} INFO - Processing file /home/vscode/.local/lib/python3.10/site-packages/airflow/example_dags/example_short_circuit_decorator.py for tasks to queue
[2025-07-16T11:08:22.204+0000] {logging_mixin.py:150} INFO - [2025-07-16T11:08:22.204+0000] {dagbag.py:541} INFO - Filling up the DagBag from /home/vscode/.local/lib/python3.10/site-packages/airflow/example_dags/example_short_circuit_decorator.py
[2025-07-16T11:08:22.212+0000] {processor.py:836} INFO - DAG(s) dict_keys(['example_short_circuit_decorator']) retrieved from /home/vscode/.local/lib/python3.10/site-packages/airflow/example_dags/example_short_circuit_decorator.py
[2025-07-16T11:08:22.226+0000] {logging_mixin.py:150} INFO - [2025-07-16T11:08:22.226+0000] {dag.py:2742} INFO - Sync 1 DAGs
[2025-07-16T11:08:22.240+0000] {logging_mixin.py:150} INFO - [2025-07-16T11:08:22.240+0000] {dag.py:3504} INFO - Setting next_dagrun for example_short_circuit_decorator to 2025-07-15T11:08:22.240105+00:00, run_after=2025-07-16T11:08:22.240105+00:00
[2025-07-16T11:08:22.255+0000] {processor.py:179} INFO - Processing /home/vscode/.local/lib/python3.10/site-packages/airflow/example_dags/example_short_circuit_decorator.py took 0.055 seconds
[2025-07-16T11:09:08.729+0000] {processor.py:157} INFO - Started process (PID=5273) to work on /home/vscode/.local/lib/python3.10/site-packages/airflow/example_dags/example_short_circuit_decorator.py
[2025-07-16T11:09:08.730+0000] {processor.py:826} INFO - Processing file /home/vscode/.local/lib/python3.10/site-packages/airflow/example_dags/example_short_circuit_decorator.py for tasks to queue
[2025-07-16T11:09:08.731+0000] {logging_mixin.py:150} INFO - [2025-07-16T11:09:08.731+0000] {dagbag.py:541} INFO - Filling up the DagBag from /home/vscode/.local/lib/python3.10/site-packages/airflow/example_dags/example_short_circuit_decorator.py
[2025-07-16T11:09:08.739+0000] {processor.py:836} INFO - DAG(s) dict_keys(['example_short_circuit_decorator']) retrieved from /home/vscode/.local/lib/python3.10/site-packages/airflow/example_dags/example_short_circuit_decorator.py
[2025-07-16T11:09:08.753+0000] {logging_mixin.py:150} INFO - [2025-07-16T11:09:08.753+0000] {dag.py:2742} INFO - Sync 1 DAGs
[2025-07-16T11:09:08.768+0000] {logging_mixin.py:150} INFO - [2025-07-16T11:09:08.768+0000] {dag.py:3504} INFO - Setting next_dagrun for example_short_circuit_decorator to 2025-07-15T11:09:08.768507+00:00, run_after=2025-07-16T11:09:08.768507+00:00
[2025-07-16T11:09:08.784+0000] {processor.py:179} INFO - Processing /home/vscode/.local/lib/python3.10/site-packages/airflow/example_dags/example_short_circuit_decorator.py took 0.057 seconds
[2025-07-16T11:10:00.026+0000] {processor.py:157} INFO - Started process (PID=5663) to work on /home/vscode/.local/lib/python3.10/site-packages/airflow/example_dags/example_short_circuit_decorator.py
[2025-07-16T11:10:00.027+0000] {processor.py:826} INFO - Processing file /home/vscode/.local/lib/python3.10/site-packages/airflow/example_dags/example_short_circuit_decorator.py for tasks to queue
[2025-07-16T11:10:00.028+0000] {logging_mixin.py:150} INFO - [2025-07-16T11:10:00.027+0000] {dagbag.py:541} INFO - Filling up the DagBag from /home/vscode/.local/lib/python3.10/site-packages/airflow/example_dags/example_short_circuit_decorator.py
[2025-07-16T11:10:00.035+0000] {processor.py:836} INFO - DAG(s) dict_keys(['example_short_circuit_decorator']) retrieved from /home/vscode/.local/lib/python3.10/site-packages/airflow/example_dags/example_short_circuit_decorator.py
[2025-07-16T11:10:00.049+0000] {logging_mixin.py:150} INFO - [2025-07-16T11:10:00.049+0000] {dag.py:2742} INFO - Sync 1 DAGs
[2025-07-16T11:10:00.063+0000] {logging_mixin.py:150} INFO - [2025-07-16T11:10:00.063+0000] {dag.py:3504} INFO - Setting next_dagrun for example_short_circuit_decorator to 2025-07-15T11:10:00.063502+00:00, run_after=2025-07-16T11:10:00.063502+00:00
[2025-07-16T11:10:00.079+0000] {processor.py:179} INFO - Processing /home/vscode/.local/lib/python3.10/site-packages/airflow/example_dags/example_short_circuit_decorator.py took 0.056 seconds
[2025-07-16T11:10:45.946+0000] {processor.py:157} INFO - Started process (PID=6010) to work on /home/vscode/.local/lib/python3.10/site-packages/airflow/example_dags/example_short_circuit_decorator.py
[2025-07-16T11:10:45.947+0000] {processor.py:826} INFO - Processing file /home/vscode/.local/lib/python3.10/site-packages/airflow/example_dags/example_short_circuit_decorator.py for tasks to queue
[2025-07-16T11:10:45.948+0000] {logging_mixin.py:150} INFO - [2025-07-16T11:10:45.947+0000] {dagbag.py:541} INFO - Filling up the DagBag from /home/vscode/.local/lib/python3.10/site-packages/airflow/example_dags/example_short_circuit_decorator.py
[2025-07-16T11:10:45.955+0000] {processor.py:836} INFO - DAG(s) dict_keys(['example_short_circuit_decorator']) retrieved from /home/vscode/.local/lib/python3.10/site-packages/airflow/example_dags/example_short_circuit_decorator.py
[2025-07-16T11:10:45.969+0000] {logging_mixin.py:150} INFO - [2025-07-16T11:10:45.969+0000] {dag.py:2742} INFO - Sync 1 DAGs
[2025-07-16T11:10:45.983+0000] {logging_mixin.py:150} INFO - [2025-07-16T11:10:45.983+0000] {dag.py:3504} INFO - Setting next_dagrun for example_short_circuit_decorator to 2025-07-15T11:10:45.983201+00:00, run_after=2025-07-16T11:10:45.983201+00:00
[2025-07-16T11:10:45.998+0000] {processor.py:179} INFO - Processing /home/vscode/.local/lib/python3.10/site-packages/airflow/example_dags/example_short_circuit_decorator.py took 0.054 seconds
[2025-07-16T11:11:33.759+0000] {processor.py:157} INFO - Started process (PID=6362) to work on /home/vscode/.local/lib/python3.10/site-packages/airflow/example_dags/example_short_circuit_decorator.py
[2025-07-16T11:11:33.760+0000] {processor.py:826} INFO - Processing file /home/vscode/.local/lib/python3.10/site-packages/airflow/example_dags/example_short_circuit_decorator.py for tasks to queue
[2025-07-16T11:11:33.761+0000] {logging_mixin.py:150} INFO - [2025-07-16T11:11:33.761+0000] {dagbag.py:541} INFO - Filling up the DagBag from /home/vscode/.local/lib/python3.10/site-packages/airflow/example_dags/example_short_circuit_decorator.py
[2025-07-16T11:11:33.769+0000] {processor.py:836} INFO - DAG(s) dict_keys(['example_short_circuit_decorator']) retrieved from /home/vscode/.local/lib/python3.10/site-packages/airflow/example_dags/example_short_circuit_decorator.py
[2025-07-16T11:11:33.784+0000] {logging_mixin.py:150} INFO - [2025-07-16T11:11:33.783+0000] {dag.py:2742} INFO - Sync 1 DAGs
[2025-07-16T11:11:33.798+0000] {logging_mixin.py:150} INFO - [2025-07-16T11:11:33.798+0000] {dag.py:3504} INFO - Setting next_dagrun for example_short_circuit_decorator to 2025-07-15T11:11:33.798231+00:00, run_after=2025-07-16T11:11:33.798231+00:00
[2025-07-16T11:11:33.813+0000] {processor.py:179} INFO - Processing /home/vscode/.local/lib/python3.10/site-packages/airflow/example_dags/example_short_circuit_decorator.py took 0.056 seconds
[2025-07-16T11:12:18.605+0000] {processor.py:157} INFO - Started process (PID=6679) to work on /home/vscode/.local/lib/python3.10/site-packages/airflow/example_dags/example_short_circuit_decorator.py
[2025-07-16T11:12:18.606+0000] {processor.py:826} INFO - Processing file /home/vscode/.local/lib/python3.10/site-packages/airflow/example_dags/example_short_circuit_decorator.py for tasks to queue
[2025-07-16T11:12:18.607+0000] {logging_mixin.py:150} INFO - [2025-07-16T11:12:18.606+0000] {dagbag.py:541} INFO - Filling up the DagBag from /home/vscode/.local/lib/python3.10/site-packages/airflow/example_dags/example_short_circuit_decorator.py
[2025-07-16T11:12:18.614+0000] {processor.py:836} INFO - DAG(s) dict_keys(['example_short_circuit_decorator']) retrieved from /home/vscode/.local/lib/python3.10/site-packages/airflow/example_dags/example_short_circuit_decorator.py
[2025-07-16T11:12:18.628+0000] {logging_mixin.py:150} INFO - [2025-07-16T11:12:18.628+0000] {dag.py:2742} INFO - Sync 1 DAGs
[2025-07-16T11:12:18.642+0000] {logging_mixin.py:150} INFO - [2025-07-16T11:12:18.642+0000] {dag.py:3504} INFO - Setting next_dagrun for example_short_circuit_decorator to 2025-07-15T11:12:18.642486+00:00, run_after=2025-07-16T11:12:18.642486+00:00
[2025-07-16T11:12:18.657+0000] {processor.py:179} INFO - Processing /home/vscode/.local/lib/python3.10/site-packages/airflow/example_dags/example_short_circuit_decorator.py took 0.055 seconds
[2025-07-16T11:13:01.174+0000] {processor.py:157} INFO - Started process (PID=7008) to work on /home/vscode/.local/lib/python3.10/site-packages/airflow/example_dags/example_short_circuit_decorator.py
[2025-07-16T11:13:01.175+0000] {processor.py:826} INFO - Processing file /home/vscode/.local/lib/python3.10/site-packages/airflow/example_dags/example_short_circuit_decorator.py for tasks to queue
[2025-07-16T11:13:01.176+0000] {logging_mixin.py:150} INFO - [2025-07-16T11:13:01.175+0000] {dagbag.py:541} INFO - Filling up the DagBag from /home/vscode/.local/lib/python3.10/site-packages/airflow/example_dags/example_short_circuit_decorator.py
[2025-07-16T11:13:01.183+0000] {processor.py:836} INFO - DAG(s) dict_keys(['example_short_circuit_decorator']) retrieved from /home/vscode/.local/lib/python3.10/site-packages/airflow/example_dags/example_short_circuit_decorator.py
[2025-07-16T11:13:01.197+0000] {logging_mixin.py:150} INFO - [2025-07-16T11:13:01.197+0000] {dag.py:2742} INFO - Sync 1 DAGs
[2025-07-16T11:13:01.211+0000] {logging_mixin.py:150} INFO - [2025-07-16T11:13:01.211+0000] {dag.py:3504} INFO - Setting next_dagrun for example_short_circuit_decorator to 2025-07-15T11:13:01.211179+00:00, run_after=2025-07-16T11:13:01.211179+00:00
[2025-07-16T11:13:01.226+0000] {processor.py:179} INFO - Processing /home/vscode/.local/lib/python3.10/site-packages/airflow/example_dags/example_short_circuit_decorator.py took 0.054 seconds
[2025-07-16T11:13:51.133+0000] {processor.py:157} INFO - Started process (PID=7391) to work on /home/vscode/.local/lib/python3.10/site-packages/airflow/example_dags/example_short_circuit_decorator.py
[2025-07-16T11:13:51.134+0000] {processor.py:826} INFO - Processing file /home/vscode/.local/lib/python3.10/site-packages/airflow/example_dags/example_short_circuit_decorator.py for tasks to queue
[2025-07-16T11:13:51.135+0000] {logging_mixin.py:150} INFO - [2025-07-16T11:13:51.135+0000] {dagbag.py:541} INFO - Filling up the DagBag from /home/vscode/.local/lib/python3.10/site-packages/airflow/example_dags/example_short_circuit_decorator.py
[2025-07-16T11:13:51.146+0000] {processor.py:836} INFO - DAG(s) dict_keys(['example_short_circuit_decorator']) retrieved from /home/vscode/.local/lib/python3.10/site-packages/airflow/example_dags/example_short_circuit_decorator.py
[2025-07-16T11:13:51.169+0000] {logging_mixin.py:150} INFO - [2025-07-16T11:13:51.169+0000] {dag.py:2742} INFO - Sync 1 DAGs
[2025-07-16T11:13:51.183+0000] {logging_mixin.py:150} INFO - [2025-07-16T11:13:51.183+0000] {dag.py:3504} INFO - Setting next_dagrun for example_short_circuit_decorator to 2025-07-15T11:13:51.183660+00:00, run_after=2025-07-16T11:13:51.183660+00:00
[2025-07-16T11:13:51.198+0000] {processor.py:179} INFO - Processing /home/vscode/.local/lib/python3.10/site-packages/airflow/example_dags/example_short_circuit_decorator.py took 0.069 seconds
[2025-07-16T11:14:37.712+0000] {processor.py:157} INFO - Started process (PID=7854) to work on /home/vscode/.local/lib/python3.10/site-packages/airflow/example_dags/example_short_circuit_decorator.py
[2025-07-16T11:14:37.713+0000] {processor.py:826} INFO - Processing file /home/vscode/.local/lib/python3.10/site-packages/airflow/example_dags/example_short_circuit_decorator.py for tasks to queue
[2025-07-16T11:14:37.714+0000] {logging_mixin.py:150} INFO - [2025-07-16T11:14:37.713+0000] {dagbag.py:541} INFO - Filling up the DagBag from /home/vscode/.local/lib/python3.10/site-packages/airflow/example_dags/example_short_circuit_decorator.py
[2025-07-16T11:14:37.722+0000] {processor.py:836} INFO - DAG(s) dict_keys(['example_short_circuit_decorator']) retrieved from /home/vscode/.local/lib/python3.10/site-packages/airflow/example_dags/example_short_circuit_decorator.py
[2025-07-16T11:14:37.735+0000] {logging_mixin.py:150} INFO - [2025-07-16T11:14:37.735+0000] {dag.py:2742} INFO - Sync 1 DAGs
[2025-07-16T11:14:37.749+0000] {logging_mixin.py:150} INFO - [2025-07-16T11:14:37.749+0000] {dag.py:3504} INFO - Setting next_dagrun for example_short_circuit_decorator to 2025-07-15T11:14:37.749628+00:00, run_after=2025-07-16T11:14:37.749628+00:00
[2025-07-16T11:14:37.764+0000] {processor.py:179} INFO - Processing /home/vscode/.local/lib/python3.10/site-packages/airflow/example_dags/example_short_circuit_decorator.py took 0.055 seconds
[2025-07-16T11:15:28.854+0000] {processor.py:157} INFO - Started process (PID=8333) to work on /home/vscode/.local/lib/python3.10/site-packages/airflow/example_dags/example_short_circuit_decorator.py
[2025-07-16T11:15:28.854+0000] {processor.py:826} INFO - Processing file /home/vscode/.local/lib/python3.10/site-packages/airflow/example_dags/example_short_circuit_decorator.py for tasks to queue
[2025-07-16T11:15:28.855+0000] {logging_mixin.py:150} INFO - [2025-07-16T11:15:28.855+0000] {dagbag.py:541} INFO - Filling up the DagBag from /home/vscode/.local/lib/python3.10/site-packages/airflow/example_dags/example_short_circuit_decorator.py
[2025-07-16T11:15:28.863+0000] {processor.py:836} INFO - DAG(s) dict_keys(['example_short_circuit_decorator']) retrieved from /home/vscode/.local/lib/python3.10/site-packages/airflow/example_dags/example_short_circuit_decorator.py
[2025-07-16T11:15:28.877+0000] {logging_mixin.py:150} INFO - [2025-07-16T11:15:28.876+0000] {dag.py:2742} INFO - Sync 1 DAGs
[2025-07-16T11:15:28.890+0000] {logging_mixin.py:150} INFO - [2025-07-16T11:15:28.890+0000] {dag.py:3504} INFO - Setting next_dagrun for example_short_circuit_decorator to 2025-07-15T11:15:28.890598+00:00, run_after=2025-07-16T11:15:28.890598+00:00
[2025-07-16T11:15:28.905+0000] {processor.py:179} INFO - Processing /home/vscode/.local/lib/python3.10/site-packages/airflow/example_dags/example_short_circuit_decorator.py took 0.054 seconds
[2025-07-16T11:16:16.705+0000] {processor.py:157} INFO - Started process (PID=8847) to work on /home/vscode/.local/lib/python3.10/site-packages/airflow/example_dags/example_short_circuit_decorator.py
[2025-07-16T11:16:16.706+0000] {processor.py:826} INFO - Processing file /home/vscode/.local/lib/python3.10/site-packages/airflow/example_dags/example_short_circuit_decorator.py for tasks to queue
[2025-07-16T11:16:16.707+0000] {logging_mixin.py:150} INFO - [2025-07-16T11:16:16.707+0000] {dagbag.py:541} INFO - Filling up the DagBag from /home/vscode/.local/lib/python3.10/site-packages/airflow/example_dags/example_short_circuit_decorator.py
[2025-07-16T11:16:16.714+0000] {processor.py:836} INFO - DAG(s) dict_keys(['example_short_circuit_decorator']) retrieved from /home/vscode/.local/lib/python3.10/site-packages/airflow/example_dags/example_short_circuit_decorator.py
[2025-07-16T11:16:16.728+0000] {logging_mixin.py:150} INFO - [2025-07-16T11:16:16.728+0000] {dag.py:2742} INFO - Sync 1 DAGs
[2025-07-16T11:16:16.742+0000] {logging_mixin.py:150} INFO - [2025-07-16T11:16:16.742+0000] {dag.py:3504} INFO - Setting next_dagrun for example_short_circuit_decorator to 2025-07-15T11:16:16.742447+00:00, run_after=2025-07-16T11:16:16.742447+00:00
[2025-07-16T11:16:16.758+0000] {processor.py:179} INFO - Processing /home/vscode/.local/lib/python3.10/site-packages/airflow/example_dags/example_short_circuit_decorator.py took 0.055 seconds
[2025-07-16T11:17:04.991+0000] {processor.py:157} INFO - Started process (PID=9434) to work on /home/vscode/.local/lib/python3.10/site-packages/airflow/example_dags/example_short_circuit_decorator.py
[2025-07-16T11:17:04.992+0000] {processor.py:826} INFO - Processing file /home/vscode/.local/lib/python3.10/site-packages/airflow/example_dags/example_short_circuit_decorator.py for tasks to queue
[2025-07-16T11:17:04.993+0000] {logging_mixin.py:150} INFO - [2025-07-16T11:17:04.993+0000] {dagbag.py:541} INFO - Filling up the DagBag from /home/vscode/.local/lib/python3.10/site-packages/airflow/example_dags/example_short_circuit_decorator.py
[2025-07-16T11:17:05.002+0000] {processor.py:836} INFO - DAG(s) dict_keys(['example_short_circuit_decorator']) retrieved from /home/vscode/.local/lib/python3.10/site-packages/airflow/example_dags/example_short_circuit_decorator.py
[2025-07-16T11:17:05.016+0000] {logging_mixin.py:150} INFO - [2025-07-16T11:17:05.016+0000] {dag.py:2742} INFO - Sync 1 DAGs
[2025-07-16T11:17:05.032+0000] {logging_mixin.py:150} INFO - [2025-07-16T11:17:05.031+0000] {dag.py:3504} INFO - Setting next_dagrun for example_short_circuit_decorator to 2025-07-15T11:17:05.031802+00:00, run_after=2025-07-16T11:17:05.031802+00:00
[2025-07-16T11:17:05.046+0000] {processor.py:179} INFO - Processing /home/vscode/.local/lib/python3.10/site-packages/airflow/example_dags/example_short_circuit_decorator.py took 0.057 seconds
[2025-07-16T11:17:57.997+0000] {processor.py:157} INFO - Started process (PID=9818) to work on /home/vscode/.local/lib/python3.10/site-packages/airflow/example_dags/example_short_circuit_decorator.py
[2025-07-16T11:17:57.998+0000] {processor.py:826} INFO - Processing file /home/vscode/.local/lib/python3.10/site-packages/airflow/example_dags/example_short_circuit_decorator.py for tasks to queue
[2025-07-16T11:17:57.998+0000] {logging_mixin.py:150} INFO - [2025-07-16T11:17:57.998+0000] {dagbag.py:541} INFO - Filling up the DagBag from /home/vscode/.local/lib/python3.10/site-packages/airflow/example_dags/example_short_circuit_decorator.py
[2025-07-16T11:17:58.006+0000] {processor.py:836} INFO - DAG(s) dict_keys(['example_short_circuit_decorator']) retrieved from /home/vscode/.local/lib/python3.10/site-packages/airflow/example_dags/example_short_circuit_decorator.py
[2025-07-16T11:17:58.019+0000] {logging_mixin.py:150} INFO - [2025-07-16T11:17:58.019+0000] {dag.py:2742} INFO - Sync 1 DAGs
[2025-07-16T11:17:58.034+0000] {logging_mixin.py:150} INFO - [2025-07-16T11:17:58.033+0000] {dag.py:3504} INFO - Setting next_dagrun for example_short_circuit_decorator to 2025-07-15T11:17:58.033790+00:00, run_after=2025-07-16T11:17:58.033790+00:00
[2025-07-16T11:17:58.049+0000] {processor.py:179} INFO - Processing /home/vscode/.local/lib/python3.10/site-packages/airflow/example_dags/example_short_circuit_decorator.py took 0.055 seconds
[2025-07-16T11:18:44.415+0000] {processor.py:157} INFO - Started process (PID=10140) to work on /home/vscode/.local/lib/python3.10/site-packages/airflow/example_dags/example_short_circuit_decorator.py
[2025-07-16T11:18:44.416+0000] {processor.py:826} INFO - Processing file /home/vscode/.local/lib/python3.10/site-packages/airflow/example_dags/example_short_circuit_decorator.py for tasks to queue
[2025-07-16T11:18:44.417+0000] {logging_mixin.py:150} INFO - [2025-07-16T11:18:44.417+0000] {dagbag.py:541} INFO - Filling up the DagBag from /home/vscode/.local/lib/python3.10/site-packages/airflow/example_dags/example_short_circuit_decorator.py
[2025-07-16T11:18:44.426+0000] {processor.py:836} INFO - DAG(s) dict_keys(['example_short_circuit_decorator']) retrieved from /home/vscode/.local/lib/python3.10/site-packages/airflow/example_dags/example_short_circuit_decorator.py
[2025-07-16T11:18:44.440+0000] {logging_mixin.py:150} INFO - [2025-07-16T11:18:44.440+0000] {dag.py:2742} INFO - Sync 1 DAGs
[2025-07-16T11:18:44.454+0000] {logging_mixin.py:150} INFO - [2025-07-16T11:18:44.454+0000] {dag.py:3504} INFO - Setting next_dagrun for example_short_circuit_decorator to 2025-07-15T11:18:44.454498+00:00, run_after=2025-07-16T11:18:44.454498+00:00
[2025-07-16T11:18:44.469+0000] {processor.py:179} INFO - Processing /home/vscode/.local/lib/python3.10/site-packages/airflow/example_dags/example_short_circuit_decorator.py took 0.058 seconds
[2025-07-16T11:19:36.866+0000] {processor.py:157} INFO - Started process (PID=10483) to work on /home/vscode/.local/lib/python3.10/site-packages/airflow/example_dags/example_short_circuit_decorator.py
[2025-07-16T11:19:36.867+0000] {processor.py:826} INFO - Processing file /home/vscode/.local/lib/python3.10/site-packages/airflow/example_dags/example_short_circuit_decorator.py for tasks to queue
[2025-07-16T11:19:36.868+0000] {logging_mixin.py:150} INFO - [2025-07-16T11:19:36.867+0000] {dagbag.py:541} INFO - Filling up the DagBag from /home/vscode/.local/lib/python3.10/site-packages/airflow/example_dags/example_short_circuit_decorator.py
[2025-07-16T11:19:36.875+0000] {processor.py:836} INFO - DAG(s) dict_keys(['example_short_circuit_decorator']) retrieved from /home/vscode/.local/lib/python3.10/site-packages/airflow/example_dags/example_short_circuit_decorator.py
[2025-07-16T11:19:36.890+0000] {logging_mixin.py:150} INFO - [2025-07-16T11:19:36.889+0000] {dag.py:2742} INFO - Sync 1 DAGs
[2025-07-16T11:19:36.903+0000] {logging_mixin.py:150} INFO - [2025-07-16T11:19:36.903+0000] {dag.py:3504} INFO - Setting next_dagrun for example_short_circuit_decorator to 2025-07-15T11:19:36.903694+00:00, run_after=2025-07-16T11:19:36.903694+00:00
[2025-07-16T11:19:36.920+0000] {processor.py:179} INFO - Processing /home/vscode/.local/lib/python3.10/site-packages/airflow/example_dags/example_short_circuit_decorator.py took 0.056 seconds
[2025-07-16T11:20:29.148+0000] {processor.py:157} INFO - Started process (PID=10863) to work on /home/vscode/.local/lib/python3.10/site-packages/airflow/example_dags/example_short_circuit_decorator.py
[2025-07-16T11:20:29.149+0000] {processor.py:826} INFO - Processing file /home/vscode/.local/lib/python3.10/site-packages/airflow/example_dags/example_short_circuit_decorator.py for tasks to queue
[2025-07-16T11:20:29.150+0000] {logging_mixin.py:150} INFO - [2025-07-16T11:20:29.150+0000] {dagbag.py:541} INFO - Filling up the DagBag from /home/vscode/.local/lib/python3.10/site-packages/airflow/example_dags/example_short_circuit_decorator.py
[2025-07-16T11:20:29.161+0000] {processor.py:836} INFO - DAG(s) dict_keys(['example_short_circuit_decorator']) retrieved from /home/vscode/.local/lib/python3.10/site-packages/airflow/example_dags/example_short_circuit_decorator.py
[2025-07-16T11:20:29.182+0000] {logging_mixin.py:150} INFO - [2025-07-16T11:20:29.181+0000] {dag.py:2742} INFO - Sync 1 DAGs
[2025-07-16T11:20:29.203+0000] {logging_mixin.py:150} INFO - [2025-07-16T11:20:29.202+0000] {dag.py:3504} INFO - Setting next_dagrun for example_short_circuit_decorator to 2025-07-15T11:20:29.202720+00:00, run_after=2025-07-16T11:20:29.202720+00:00
[2025-07-16T11:20:29.222+0000] {processor.py:179} INFO - Processing /home/vscode/.local/lib/python3.10/site-packages/airflow/example_dags/example_short_circuit_decorator.py took 0.077 seconds
[2025-07-16T11:21:27.780+0000] {processor.py:157} INFO - Started process (PID=11824) to work on /home/vscode/.local/lib/python3.10/site-packages/airflow/example_dags/example_short_circuit_decorator.py
[2025-07-16T11:21:27.781+0000] {processor.py:826} INFO - Processing file /home/vscode/.local/lib/python3.10/site-packages/airflow/example_dags/example_short_circuit_decorator.py for tasks to queue
[2025-07-16T11:21:27.782+0000] {logging_mixin.py:150} INFO - [2025-07-16T11:21:27.781+0000] {dagbag.py:541} INFO - Filling up the DagBag from /home/vscode/.local/lib/python3.10/site-packages/airflow/example_dags/example_short_circuit_decorator.py
[2025-07-16T11:21:27.797+0000] {processor.py:836} INFO - DAG(s) dict_keys(['example_short_circuit_decorator']) retrieved from /home/vscode/.local/lib/python3.10/site-packages/airflow/example_dags/example_short_circuit_decorator.py
[2025-07-16T11:21:27.817+0000] {logging_mixin.py:150} INFO - [2025-07-16T11:21:27.817+0000] {dag.py:2742} INFO - Sync 1 DAGs
[2025-07-16T11:21:27.837+0000] {logging_mixin.py:150} INFO - [2025-07-16T11:21:27.837+0000] {dag.py:3504} INFO - Setting next_dagrun for example_short_circuit_decorator to 2025-07-15T11:21:27.837257+00:00, run_after=2025-07-16T11:21:27.837257+00:00
[2025-07-16T11:21:27.852+0000] {processor.py:179} INFO - Processing /home/vscode/.local/lib/python3.10/site-packages/airflow/example_dags/example_short_circuit_decorator.py took 0.076 seconds
