[2025-07-16T11:06:46.781+0000] {processor.py:157} INFO - Started process (PID=4193) to work on /home/vscode/.local/lib/python3.10/site-packages/airflow/example_dags/example_params_trigger_ui.py
[2025-07-16T11:06:46.782+0000] {processor.py:826} INFO - Processing file /home/vscode/.local/lib/python3.10/site-packages/airflow/example_dags/example_params_trigger_ui.py for tasks to queue
[2025-07-16T11:06:46.783+0000] {logging_mixin.py:150} INFO - [2025-07-16T11:06:46.783+0000] {dagbag.py:541} INFO - Filling up the DagBag from /home/vscode/.local/lib/python3.10/site-packages/airflow/example_dags/example_params_trigger_ui.py
[2025-07-16T11:06:46.796+0000] {processor.py:836} INFO - DAG(s) dict_keys(['example_params_trigger_ui']) retrieved from /home/vscode/.local/lib/python3.10/site-packages/airflow/example_dags/example_params_trigger_ui.py
[2025-07-16T11:06:46.826+0000] {logging_mixin.py:150} INFO - [2025-07-16T11:06:46.826+0000] {dag.py:2742} INFO - Sync 1 DAGs
[2025-07-16T11:06:46.842+0000] {logging_mixin.py:150} INFO - [2025-07-16T11:06:46.842+0000] {dag.py:3504} INFO - Setting next_dagrun for example_params_trigger_ui to None, run_after=None
[2025-07-16T11:06:46.861+0000] {processor.py:179} INFO - Processing /home/vscode/.local/lib/python3.10/site-packages/airflow/example_dags/example_params_trigger_ui.py took 0.082 seconds
[2025-07-16T11:07:34.264+0000] {processor.py:157} INFO - Started process (PID=4597) to work on /home/vscode/.local/lib/python3.10/site-packages/airflow/example_dags/example_params_trigger_ui.py
[2025-07-16T11:07:34.264+0000] {processor.py:826} INFO - Processing file /home/vscode/.local/lib/python3.10/site-packages/airflow/example_dags/example_params_trigger_ui.py for tasks to queue
[2025-07-16T11:07:34.265+0000] {logging_mixin.py:150} INFO - [2025-07-16T11:07:34.265+0000] {dagbag.py:541} INFO - Filling up the DagBag from /home/vscode/.local/lib/python3.10/site-packages/airflow/example_dags/example_params_trigger_ui.py
[2025-07-16T11:07:34.278+0000] {processor.py:836} INFO - DAG(s) dict_keys(['example_params_trigger_ui']) retrieved from /home/vscode/.local/lib/python3.10/site-packages/airflow/example_dags/example_params_trigger_ui.py
[2025-07-16T11:07:34.308+0000] {logging_mixin.py:150} INFO - [2025-07-16T11:07:34.308+0000] {dag.py:2742} INFO - Sync 1 DAGs
[2025-07-16T11:07:34.324+0000] {logging_mixin.py:150} INFO - [2025-07-16T11:07:34.324+0000] {dag.py:3504} INFO - Setting next_dagrun for example_params_trigger_ui to None, run_after=None
[2025-07-16T11:07:34.341+0000] {processor.py:179} INFO - Processing /home/vscode/.local/lib/python3.10/site-packages/airflow/example_dags/example_params_trigger_ui.py took 0.080 seconds
[2025-07-16T11:08:19.359+0000] {processor.py:157} INFO - Started process (PID=4924) to work on /home/vscode/.local/lib/python3.10/site-packages/airflow/example_dags/example_params_trigger_ui.py
[2025-07-16T11:08:19.360+0000] {processor.py:826} INFO - Processing file /home/vscode/.local/lib/python3.10/site-packages/airflow/example_dags/example_params_trigger_ui.py for tasks to queue
[2025-07-16T11:08:19.360+0000] {logging_mixin.py:150} INFO - [2025-07-16T11:08:19.360+0000] {dagbag.py:541} INFO - Filling up the DagBag from /home/vscode/.local/lib/python3.10/site-packages/airflow/example_dags/example_params_trigger_ui.py
[2025-07-16T11:08:19.374+0000] {processor.py:836} INFO - DAG(s) dict_keys(['example_params_trigger_ui']) retrieved from /home/vscode/.local/lib/python3.10/site-packages/airflow/example_dags/example_params_trigger_ui.py
[2025-07-16T11:08:19.404+0000] {logging_mixin.py:150} INFO - [2025-07-16T11:08:19.404+0000] {dag.py:2742} INFO - Sync 1 DAGs
[2025-07-16T11:08:19.420+0000] {logging_mixin.py:150} INFO - [2025-07-16T11:08:19.420+0000] {dag.py:3504} INFO - Setting next_dagrun for example_params_trigger_ui to None, run_after=None
[2025-07-16T11:08:19.437+0000] {processor.py:179} INFO - Processing /home/vscode/.local/lib/python3.10/site-packages/airflow/example_dags/example_params_trigger_ui.py took 0.081 seconds
[2025-07-16T11:09:05.885+0000] {processor.py:157} INFO - Started process (PID=5260) to work on /home/vscode/.local/lib/python3.10/site-packages/airflow/example_dags/example_params_trigger_ui.py
[2025-07-16T11:09:05.886+0000] {processor.py:826} INFO - Processing file /home/vscode/.local/lib/python3.10/site-packages/airflow/example_dags/example_params_trigger_ui.py for tasks to queue
[2025-07-16T11:09:05.887+0000] {logging_mixin.py:150} INFO - [2025-07-16T11:09:05.887+0000] {dagbag.py:541} INFO - Filling up the DagBag from /home/vscode/.local/lib/python3.10/site-packages/airflow/example_dags/example_params_trigger_ui.py
[2025-07-16T11:09:05.900+0000] {processor.py:836} INFO - DAG(s) dict_keys(['example_params_trigger_ui']) retrieved from /home/vscode/.local/lib/python3.10/site-packages/airflow/example_dags/example_params_trigger_ui.py
[2025-07-16T11:09:05.930+0000] {logging_mixin.py:150} INFO - [2025-07-16T11:09:05.929+0000] {dag.py:2742} INFO - Sync 1 DAGs
[2025-07-16T11:09:05.945+0000] {logging_mixin.py:150} INFO - [2025-07-16T11:09:05.945+0000] {dag.py:3504} INFO - Setting next_dagrun for example_params_trigger_ui to None, run_after=None
[2025-07-16T11:09:05.959+0000] {processor.py:179} INFO - Processing /home/vscode/.local/lib/python3.10/site-packages/airflow/example_dags/example_params_trigger_ui.py took 0.077 seconds
[2025-07-16T11:09:56.598+0000] {processor.py:157} INFO - Started process (PID=5639) to work on /home/vscode/.local/lib/python3.10/site-packages/airflow/example_dags/example_params_trigger_ui.py
[2025-07-16T11:09:56.598+0000] {processor.py:826} INFO - Processing file /home/vscode/.local/lib/python3.10/site-packages/airflow/example_dags/example_params_trigger_ui.py for tasks to queue
[2025-07-16T11:09:56.599+0000] {logging_mixin.py:150} INFO - [2025-07-16T11:09:56.599+0000] {dagbag.py:541} INFO - Filling up the DagBag from /home/vscode/.local/lib/python3.10/site-packages/airflow/example_dags/example_params_trigger_ui.py
[2025-07-16T11:09:56.612+0000] {processor.py:836} INFO - DAG(s) dict_keys(['example_params_trigger_ui']) retrieved from /home/vscode/.local/lib/python3.10/site-packages/airflow/example_dags/example_params_trigger_ui.py
[2025-07-16T11:09:56.642+0000] {logging_mixin.py:150} INFO - [2025-07-16T11:09:56.642+0000] {dag.py:2742} INFO - Sync 1 DAGs
[2025-07-16T11:09:56.656+0000] {logging_mixin.py:150} INFO - [2025-07-16T11:09:56.656+0000] {dag.py:3504} INFO - Setting next_dagrun for example_params_trigger_ui to None, run_after=None
[2025-07-16T11:09:56.672+0000] {processor.py:179} INFO - Processing /home/vscode/.local/lib/python3.10/site-packages/airflow/example_dags/example_params_trigger_ui.py took 0.077 seconds
[2025-07-16T11:10:42.517+0000] {processor.py:157} INFO - Started process (PID=5992) to work on /home/vscode/.local/lib/python3.10/site-packages/airflow/example_dags/example_params_trigger_ui.py
[2025-07-16T11:10:42.518+0000] {processor.py:826} INFO - Processing file /home/vscode/.local/lib/python3.10/site-packages/airflow/example_dags/example_params_trigger_ui.py for tasks to queue
[2025-07-16T11:10:42.519+0000] {logging_mixin.py:150} INFO - [2025-07-16T11:10:42.518+0000] {dagbag.py:541} INFO - Filling up the DagBag from /home/vscode/.local/lib/python3.10/site-packages/airflow/example_dags/example_params_trigger_ui.py
[2025-07-16T11:10:42.532+0000] {processor.py:836} INFO - DAG(s) dict_keys(['example_params_trigger_ui']) retrieved from /home/vscode/.local/lib/python3.10/site-packages/airflow/example_dags/example_params_trigger_ui.py
[2025-07-16T11:10:42.562+0000] {logging_mixin.py:150} INFO - [2025-07-16T11:10:42.562+0000] {dag.py:2742} INFO - Sync 1 DAGs
[2025-07-16T11:10:42.577+0000] {logging_mixin.py:150} INFO - [2025-07-16T11:10:42.577+0000] {dag.py:3504} INFO - Setting next_dagrun for example_params_trigger_ui to None, run_after=None
[2025-07-16T11:10:42.593+0000] {processor.py:179} INFO - Processing /home/vscode/.local/lib/python3.10/site-packages/airflow/example_dags/example_params_trigger_ui.py took 0.079 seconds
[2025-07-16T11:11:30.229+0000] {processor.py:157} INFO - Started process (PID=6337) to work on /home/vscode/.local/lib/python3.10/site-packages/airflow/example_dags/example_params_trigger_ui.py
[2025-07-16T11:11:30.230+0000] {processor.py:826} INFO - Processing file /home/vscode/.local/lib/python3.10/site-packages/airflow/example_dags/example_params_trigger_ui.py for tasks to queue
[2025-07-16T11:11:30.230+0000] {logging_mixin.py:150} INFO - [2025-07-16T11:11:30.230+0000] {dagbag.py:541} INFO - Filling up the DagBag from /home/vscode/.local/lib/python3.10/site-packages/airflow/example_dags/example_params_trigger_ui.py
[2025-07-16T11:11:30.244+0000] {processor.py:836} INFO - DAG(s) dict_keys(['example_params_trigger_ui']) retrieved from /home/vscode/.local/lib/python3.10/site-packages/airflow/example_dags/example_params_trigger_ui.py
[2025-07-16T11:11:30.299+0000] {logging_mixin.py:150} INFO - [2025-07-16T11:11:30.299+0000] {dag.py:2742} INFO - Sync 1 DAGs
[2025-07-16T11:11:30.316+0000] {logging_mixin.py:150} INFO - [2025-07-16T11:11:30.316+0000] {dag.py:3504} INFO - Setting next_dagrun for example_params_trigger_ui to None, run_after=None
[2025-07-16T11:11:30.331+0000] {processor.py:179} INFO - Processing /home/vscode/.local/lib/python3.10/site-packages/airflow/example_dags/example_params_trigger_ui.py took 0.105 seconds
[2025-07-16T11:12:15.906+0000] {processor.py:157} INFO - Started process (PID=6664) to work on /home/vscode/.local/lib/python3.10/site-packages/airflow/example_dags/example_params_trigger_ui.py
[2025-07-16T11:12:15.906+0000] {processor.py:826} INFO - Processing file /home/vscode/.local/lib/python3.10/site-packages/airflow/example_dags/example_params_trigger_ui.py for tasks to queue
[2025-07-16T11:12:15.907+0000] {logging_mixin.py:150} INFO - [2025-07-16T11:12:15.907+0000] {dagbag.py:541} INFO - Filling up the DagBag from /home/vscode/.local/lib/python3.10/site-packages/airflow/example_dags/example_params_trigger_ui.py
[2025-07-16T11:12:15.920+0000] {processor.py:836} INFO - DAG(s) dict_keys(['example_params_trigger_ui']) retrieved from /home/vscode/.local/lib/python3.10/site-packages/airflow/example_dags/example_params_trigger_ui.py
[2025-07-16T11:12:15.950+0000] {logging_mixin.py:150} INFO - [2025-07-16T11:12:15.950+0000] {dag.py:2742} INFO - Sync 1 DAGs
[2025-07-16T11:12:15.963+0000] {logging_mixin.py:150} INFO - [2025-07-16T11:12:15.963+0000] {dag.py:3504} INFO - Setting next_dagrun for example_params_trigger_ui to None, run_after=None
[2025-07-16T11:12:15.978+0000] {processor.py:179} INFO - Processing /home/vscode/.local/lib/python3.10/site-packages/airflow/example_dags/example_params_trigger_ui.py took 0.075 seconds
[2025-07-16T11:12:58.702+0000] {processor.py:157} INFO - Started process (PID=6990) to work on /home/vscode/.local/lib/python3.10/site-packages/airflow/example_dags/example_params_trigger_ui.py
[2025-07-16T11:12:58.704+0000] {processor.py:826} INFO - Processing file /home/vscode/.local/lib/python3.10/site-packages/airflow/example_dags/example_params_trigger_ui.py for tasks to queue
[2025-07-16T11:12:58.705+0000] {logging_mixin.py:150} INFO - [2025-07-16T11:12:58.704+0000] {dagbag.py:541} INFO - Filling up the DagBag from /home/vscode/.local/lib/python3.10/site-packages/airflow/example_dags/example_params_trigger_ui.py
[2025-07-16T11:12:58.718+0000] {processor.py:836} INFO - DAG(s) dict_keys(['example_params_trigger_ui']) retrieved from /home/vscode/.local/lib/python3.10/site-packages/airflow/example_dags/example_params_trigger_ui.py
[2025-07-16T11:12:58.748+0000] {logging_mixin.py:150} INFO - [2025-07-16T11:12:58.748+0000] {dag.py:2742} INFO - Sync 1 DAGs
[2025-07-16T11:12:58.763+0000] {logging_mixin.py:150} INFO - [2025-07-16T11:12:58.763+0000] {dag.py:3504} INFO - Setting next_dagrun for example_params_trigger_ui to None, run_after=None
[2025-07-16T11:12:58.777+0000] {processor.py:179} INFO - Processing /home/vscode/.local/lib/python3.10/site-packages/airflow/example_dags/example_params_trigger_ui.py took 0.078 seconds
[2025-07-16T11:13:48.592+0000] {processor.py:157} INFO - Started process (PID=7360) to work on /home/vscode/.local/lib/python3.10/site-packages/airflow/example_dags/example_params_trigger_ui.py
[2025-07-16T11:13:48.593+0000] {processor.py:826} INFO - Processing file /home/vscode/.local/lib/python3.10/site-packages/airflow/example_dags/example_params_trigger_ui.py for tasks to queue
[2025-07-16T11:13:48.594+0000] {logging_mixin.py:150} INFO - [2025-07-16T11:13:48.593+0000] {dagbag.py:541} INFO - Filling up the DagBag from /home/vscode/.local/lib/python3.10/site-packages/airflow/example_dags/example_params_trigger_ui.py
[2025-07-16T11:13:48.613+0000] {processor.py:836} INFO - DAG(s) dict_keys(['example_params_trigger_ui']) retrieved from /home/vscode/.local/lib/python3.10/site-packages/airflow/example_dags/example_params_trigger_ui.py
[2025-07-16T11:13:48.649+0000] {logging_mixin.py:150} INFO - [2025-07-16T11:13:48.649+0000] {dag.py:2742} INFO - Sync 1 DAGs
[2025-07-16T11:13:48.663+0000] {logging_mixin.py:150} INFO - [2025-07-16T11:13:48.663+0000] {dag.py:3504} INFO - Setting next_dagrun for example_params_trigger_ui to None, run_after=None
[2025-07-16T11:13:48.690+0000] {processor.py:179} INFO - Processing /home/vscode/.local/lib/python3.10/site-packages/airflow/example_dags/example_params_trigger_ui.py took 0.102 seconds
[2025-07-16T11:14:34.864+0000] {processor.py:157} INFO - Started process (PID=7831) to work on /home/vscode/.local/lib/python3.10/site-packages/airflow/example_dags/example_params_trigger_ui.py
[2025-07-16T11:14:34.865+0000] {processor.py:826} INFO - Processing file /home/vscode/.local/lib/python3.10/site-packages/airflow/example_dags/example_params_trigger_ui.py for tasks to queue
[2025-07-16T11:14:34.866+0000] {logging_mixin.py:150} INFO - [2025-07-16T11:14:34.865+0000] {dagbag.py:541} INFO - Filling up the DagBag from /home/vscode/.local/lib/python3.10/site-packages/airflow/example_dags/example_params_trigger_ui.py
[2025-07-16T11:14:34.879+0000] {processor.py:836} INFO - DAG(s) dict_keys(['example_params_trigger_ui']) retrieved from /home/vscode/.local/lib/python3.10/site-packages/airflow/example_dags/example_params_trigger_ui.py
[2025-07-16T11:14:34.910+0000] {logging_mixin.py:150} INFO - [2025-07-16T11:14:34.909+0000] {dag.py:2742} INFO - Sync 1 DAGs
[2025-07-16T11:14:34.925+0000] {logging_mixin.py:150} INFO - [2025-07-16T11:14:34.925+0000] {dag.py:3504} INFO - Setting next_dagrun for example_params_trigger_ui to None, run_after=None
[2025-07-16T11:14:34.941+0000] {processor.py:179} INFO - Processing /home/vscode/.local/lib/python3.10/site-packages/airflow/example_dags/example_params_trigger_ui.py took 0.079 seconds
[2025-07-16T11:15:26.144+0000] {processor.py:157} INFO - Started process (PID=8316) to work on /home/vscode/.local/lib/python3.10/site-packages/airflow/example_dags/example_params_trigger_ui.py
[2025-07-16T11:15:26.145+0000] {processor.py:826} INFO - Processing file /home/vscode/.local/lib/python3.10/site-packages/airflow/example_dags/example_params_trigger_ui.py for tasks to queue
[2025-07-16T11:15:26.146+0000] {logging_mixin.py:150} INFO - [2025-07-16T11:15:26.145+0000] {dagbag.py:541} INFO - Filling up the DagBag from /home/vscode/.local/lib/python3.10/site-packages/airflow/example_dags/example_params_trigger_ui.py
[2025-07-16T11:15:26.159+0000] {processor.py:836} INFO - DAG(s) dict_keys(['example_params_trigger_ui']) retrieved from /home/vscode/.local/lib/python3.10/site-packages/airflow/example_dags/example_params_trigger_ui.py
[2025-07-16T11:15:26.189+0000] {logging_mixin.py:150} INFO - [2025-07-16T11:15:26.189+0000] {dag.py:2742} INFO - Sync 1 DAGs
[2025-07-16T11:15:26.205+0000] {logging_mixin.py:150} INFO - [2025-07-16T11:15:26.205+0000] {dag.py:3504} INFO - Setting next_dagrun for example_params_trigger_ui to None, run_after=None
[2025-07-16T11:15:26.221+0000] {processor.py:179} INFO - Processing /home/vscode/.local/lib/python3.10/site-packages/airflow/example_dags/example_params_trigger_ui.py took 0.079 seconds
[2025-07-16T11:16:14.168+0000] {processor.py:157} INFO - Started process (PID=8819) to work on /home/vscode/.local/lib/python3.10/site-packages/airflow/example_dags/example_params_trigger_ui.py
[2025-07-16T11:16:14.169+0000] {processor.py:826} INFO - Processing file /home/vscode/.local/lib/python3.10/site-packages/airflow/example_dags/example_params_trigger_ui.py for tasks to queue
[2025-07-16T11:16:14.169+0000] {logging_mixin.py:150} INFO - [2025-07-16T11:16:14.169+0000] {dagbag.py:541} INFO - Filling up the DagBag from /home/vscode/.local/lib/python3.10/site-packages/airflow/example_dags/example_params_trigger_ui.py
[2025-07-16T11:16:14.182+0000] {processor.py:836} INFO - DAG(s) dict_keys(['example_params_trigger_ui']) retrieved from /home/vscode/.local/lib/python3.10/site-packages/airflow/example_dags/example_params_trigger_ui.py
[2025-07-16T11:16:14.212+0000] {logging_mixin.py:150} INFO - [2025-07-16T11:16:14.212+0000] {dag.py:2742} INFO - Sync 1 DAGs
[2025-07-16T11:16:14.228+0000] {logging_mixin.py:150} INFO - [2025-07-16T11:16:14.228+0000] {dag.py:3504} INFO - Setting next_dagrun for example_params_trigger_ui to None, run_after=None
[2025-07-16T11:16:14.244+0000] {processor.py:179} INFO - Processing /home/vscode/.local/lib/python3.10/site-packages/airflow/example_dags/example_params_trigger_ui.py took 0.079 seconds
[2025-07-16T11:17:01.827+0000] {processor.py:157} INFO - Started process (PID=9353) to work on /home/vscode/.local/lib/python3.10/site-packages/airflow/example_dags/example_params_trigger_ui.py
[2025-07-16T11:17:01.828+0000] {processor.py:826} INFO - Processing file /home/vscode/.local/lib/python3.10/site-packages/airflow/example_dags/example_params_trigger_ui.py for tasks to queue
[2025-07-16T11:17:01.829+0000] {logging_mixin.py:150} INFO - [2025-07-16T11:17:01.828+0000] {dagbag.py:541} INFO - Filling up the DagBag from /home/vscode/.local/lib/python3.10/site-packages/airflow/example_dags/example_params_trigger_ui.py
[2025-07-16T11:17:01.842+0000] {processor.py:836} INFO - DAG(s) dict_keys(['example_params_trigger_ui']) retrieved from /home/vscode/.local/lib/python3.10/site-packages/airflow/example_dags/example_params_trigger_ui.py
[2025-07-16T11:17:01.871+0000] {logging_mixin.py:150} INFO - [2025-07-16T11:17:01.871+0000] {dag.py:2742} INFO - Sync 1 DAGs
[2025-07-16T11:17:01.887+0000] {logging_mixin.py:150} INFO - [2025-07-16T11:17:01.887+0000] {dag.py:3504} INFO - Setting next_dagrun for example_params_trigger_ui to None, run_after=None
[2025-07-16T11:17:01.902+0000] {processor.py:179} INFO - Processing /home/vscode/.local/lib/python3.10/site-packages/airflow/example_dags/example_params_trigger_ui.py took 0.079 seconds
[2025-07-16T11:17:54.541+0000] {processor.py:157} INFO - Started process (PID=9794) to work on /home/vscode/.local/lib/python3.10/site-packages/airflow/example_dags/example_params_trigger_ui.py
[2025-07-16T11:17:54.542+0000] {processor.py:826} INFO - Processing file /home/vscode/.local/lib/python3.10/site-packages/airflow/example_dags/example_params_trigger_ui.py for tasks to queue
[2025-07-16T11:17:54.543+0000] {logging_mixin.py:150} INFO - [2025-07-16T11:17:54.542+0000] {dagbag.py:541} INFO - Filling up the DagBag from /home/vscode/.local/lib/python3.10/site-packages/airflow/example_dags/example_params_trigger_ui.py
[2025-07-16T11:17:54.556+0000] {processor.py:836} INFO - DAG(s) dict_keys(['example_params_trigger_ui']) retrieved from /home/vscode/.local/lib/python3.10/site-packages/airflow/example_dags/example_params_trigger_ui.py
[2025-07-16T11:17:54.587+0000] {logging_mixin.py:150} INFO - [2025-07-16T11:17:54.587+0000] {dag.py:2742} INFO - Sync 1 DAGs
[2025-07-16T11:17:54.603+0000] {logging_mixin.py:150} INFO - [2025-07-16T11:17:54.603+0000] {dag.py:3504} INFO - Setting next_dagrun for example_params_trigger_ui to None, run_after=None
[2025-07-16T11:17:54.621+0000] {processor.py:179} INFO - Processing /home/vscode/.local/lib/python3.10/site-packages/airflow/example_dags/example_params_trigger_ui.py took 0.083 seconds
[2025-07-16T11:18:41.563+0000] {processor.py:157} INFO - Started process (PID=10110) to work on /home/vscode/.local/lib/python3.10/site-packages/airflow/example_dags/example_params_trigger_ui.py
[2025-07-16T11:18:41.564+0000] {processor.py:826} INFO - Processing file /home/vscode/.local/lib/python3.10/site-packages/airflow/example_dags/example_params_trigger_ui.py for tasks to queue
[2025-07-16T11:18:41.565+0000] {logging_mixin.py:150} INFO - [2025-07-16T11:18:41.564+0000] {dagbag.py:541} INFO - Filling up the DagBag from /home/vscode/.local/lib/python3.10/site-packages/airflow/example_dags/example_params_trigger_ui.py
[2025-07-16T11:18:41.578+0000] {processor.py:836} INFO - DAG(s) dict_keys(['example_params_trigger_ui']) retrieved from /home/vscode/.local/lib/python3.10/site-packages/airflow/example_dags/example_params_trigger_ui.py
[2025-07-16T11:18:41.624+0000] {logging_mixin.py:150} INFO - [2025-07-16T11:18:41.623+0000] {dag.py:2742} INFO - Sync 1 DAGs
[2025-07-16T11:18:41.646+0000] {logging_mixin.py:150} INFO - [2025-07-16T11:18:41.646+0000] {dag.py:3504} INFO - Setting next_dagrun for example_params_trigger_ui to None, run_after=None
[2025-07-16T11:18:41.666+0000] {processor.py:179} INFO - Processing /home/vscode/.local/lib/python3.10/site-packages/airflow/example_dags/example_params_trigger_ui.py took 0.105 seconds
[2025-07-16T11:19:33.318+0000] {processor.py:157} INFO - Started process (PID=10459) to work on /home/vscode/.local/lib/python3.10/site-packages/airflow/example_dags/example_params_trigger_ui.py
[2025-07-16T11:19:33.319+0000] {processor.py:826} INFO - Processing file /home/vscode/.local/lib/python3.10/site-packages/airflow/example_dags/example_params_trigger_ui.py for tasks to queue
[2025-07-16T11:19:33.319+0000] {logging_mixin.py:150} INFO - [2025-07-16T11:19:33.319+0000] {dagbag.py:541} INFO - Filling up the DagBag from /home/vscode/.local/lib/python3.10/site-packages/airflow/example_dags/example_params_trigger_ui.py
[2025-07-16T11:19:33.338+0000] {processor.py:836} INFO - DAG(s) dict_keys(['example_params_trigger_ui']) retrieved from /home/vscode/.local/lib/python3.10/site-packages/airflow/example_dags/example_params_trigger_ui.py
[2025-07-16T11:19:33.389+0000] {logging_mixin.py:150} INFO - [2025-07-16T11:19:33.388+0000] {dag.py:2742} INFO - Sync 1 DAGs
[2025-07-16T11:19:33.414+0000] {logging_mixin.py:150} INFO - [2025-07-16T11:19:33.414+0000] {dag.py:3504} INFO - Setting next_dagrun for example_params_trigger_ui to None, run_after=None
[2025-07-16T11:19:33.430+0000] {processor.py:179} INFO - Processing /home/vscode/.local/lib/python3.10/site-packages/airflow/example_dags/example_params_trigger_ui.py took 0.114 seconds
[2025-07-16T11:20:25.700+0000] {processor.py:157} INFO - Started process (PID=10819) to work on /home/vscode/.local/lib/python3.10/site-packages/airflow/example_dags/example_params_trigger_ui.py
[2025-07-16T11:20:25.701+0000] {processor.py:826} INFO - Processing file /home/vscode/.local/lib/python3.10/site-packages/airflow/example_dags/example_params_trigger_ui.py for tasks to queue
[2025-07-16T11:20:25.702+0000] {logging_mixin.py:150} INFO - [2025-07-16T11:20:25.701+0000] {dagbag.py:541} INFO - Filling up the DagBag from /home/vscode/.local/lib/python3.10/site-packages/airflow/example_dags/example_params_trigger_ui.py
[2025-07-16T11:20:25.715+0000] {processor.py:836} INFO - DAG(s) dict_keys(['example_params_trigger_ui']) retrieved from /home/vscode/.local/lib/python3.10/site-packages/airflow/example_dags/example_params_trigger_ui.py
[2025-07-16T11:20:25.744+0000] {logging_mixin.py:150} INFO - [2025-07-16T11:20:25.743+0000] {dag.py:2742} INFO - Sync 1 DAGs
[2025-07-16T11:20:25.758+0000] {logging_mixin.py:150} INFO - [2025-07-16T11:20:25.758+0000] {dag.py:3504} INFO - Setting next_dagrun for example_params_trigger_ui to None, run_after=None
[2025-07-16T11:20:25.773+0000] {processor.py:179} INFO - Processing /home/vscode/.local/lib/python3.10/site-packages/airflow/example_dags/example_params_trigger_ui.py took 0.075 seconds
[2025-07-16T11:21:16.933+0000] {processor.py:157} INFO - Started process (PID=11723) to work on /home/vscode/.local/lib/python3.10/site-packages/airflow/example_dags/example_params_trigger_ui.py
[2025-07-16T11:21:16.934+0000] {processor.py:826} INFO - Processing file /home/vscode/.local/lib/python3.10/site-packages/airflow/example_dags/example_params_trigger_ui.py for tasks to queue
[2025-07-16T11:21:16.935+0000] {logging_mixin.py:150} INFO - [2025-07-16T11:21:16.934+0000] {dagbag.py:541} INFO - Filling up the DagBag from /home/vscode/.local/lib/python3.10/site-packages/airflow/example_dags/example_params_trigger_ui.py
[2025-07-16T11:21:16.950+0000] {processor.py:836} INFO - DAG(s) dict_keys(['example_params_trigger_ui']) retrieved from /home/vscode/.local/lib/python3.10/site-packages/airflow/example_dags/example_params_trigger_ui.py
[2025-07-16T11:21:17.006+0000] {logging_mixin.py:150} INFO - [2025-07-16T11:21:17.006+0000] {dag.py:2742} INFO - Sync 1 DAGs
[2025-07-16T11:21:17.022+0000] {logging_mixin.py:150} INFO - [2025-07-16T11:21:17.022+0000] {dag.py:3504} INFO - Setting next_dagrun for example_params_trigger_ui to None, run_after=None
[2025-07-16T11:21:17.041+0000] {processor.py:179} INFO - Processing /home/vscode/.local/lib/python3.10/site-packages/airflow/example_dags/example_params_trigger_ui.py took 0.110 seconds
