[2025-07-16T11:07:06.194+0000] {processor.py:157} INFO - Started process (PID=4349) to work on /home/vscode/.local/lib/python3.10/site-packages/airflow/example_dags/example_branch_datetime_operator.py
[2025-07-16T11:07:06.195+0000] {processor.py:826} INFO - Processing file /home/vscode/.local/lib/python3.10/site-packages/airflow/example_dags/example_branch_datetime_operator.py for tasks to queue
[2025-07-16T11:07:06.196+0000] {logging_mixin.py:150} INFO - [2025-07-16T11:07:06.195+0000] {dagbag.py:541} INFO - Filling up the DagBag from /home/vscode/.local/lib/python3.10/site-packages/airflow/example_dags/example_branch_datetime_operator.py
[2025-07-16T11:07:06.203+0000] {processor.py:836} INFO - DAG(s) dict_keys(['example_branch_datetime_operator_3', 'example_branch_datetime_operator_2', 'example_branch_datetime_operator']) retrieved from /home/vscode/.local/lib/python3.10/site-packages/airflow/example_dags/example_branch_datetime_operator.py
[2025-07-16T11:07:06.220+0000] {logging_mixin.py:150} INFO - [2025-07-16T11:07:06.220+0000] {dag.py:2742} INFO - Sync 3 DAGs
[2025-07-16T11:07:06.238+0000] {logging_mixin.py:150} INFO - [2025-07-16T11:07:06.238+0000] {dag.py:3504} INFO - Setting next_dagrun for example_branch_datetime_operator to 2025-07-15T00:00:00+00:00, run_after=2025-07-16T00:00:00+00:00
[2025-07-16T11:07:06.241+0000] {logging_mixin.py:150} INFO - [2025-07-16T11:07:06.241+0000] {dag.py:3504} INFO - Setting next_dagrun for example_branch_datetime_operator_2 to 2025-07-15T00:00:00+00:00, run_after=2025-07-16T00:00:00+00:00
[2025-07-16T11:07:06.242+0000] {logging_mixin.py:150} INFO - [2025-07-16T11:07:06.242+0000] {dag.py:3504} INFO - Setting next_dagrun for example_branch_datetime_operator_3 to 2025-07-15T00:00:00+00:00, run_after=2025-07-16T00:00:00+00:00
[2025-07-16T11:07:06.257+0000] {processor.py:179} INFO - Processing /home/vscode/.local/lib/python3.10/site-packages/airflow/example_dags/example_branch_datetime_operator.py took 0.066 seconds
[2025-07-16T11:07:54.735+0000] {processor.py:157} INFO - Started process (PID=4756) to work on /home/vscode/.local/lib/python3.10/site-packages/airflow/example_dags/example_branch_datetime_operator.py
[2025-07-16T11:07:54.736+0000] {processor.py:826} INFO - Processing file /home/vscode/.local/lib/python3.10/site-packages/airflow/example_dags/example_branch_datetime_operator.py for tasks to queue
[2025-07-16T11:07:54.737+0000] {logging_mixin.py:150} INFO - [2025-07-16T11:07:54.736+0000] {dagbag.py:541} INFO - Filling up the DagBag from /home/vscode/.local/lib/python3.10/site-packages/airflow/example_dags/example_branch_datetime_operator.py
[2025-07-16T11:07:54.744+0000] {processor.py:836} INFO - DAG(s) dict_keys(['example_branch_datetime_operator', 'example_branch_datetime_operator_2', 'example_branch_datetime_operator_3']) retrieved from /home/vscode/.local/lib/python3.10/site-packages/airflow/example_dags/example_branch_datetime_operator.py
[2025-07-16T11:07:54.762+0000] {logging_mixin.py:150} INFO - [2025-07-16T11:07:54.762+0000] {dag.py:2742} INFO - Sync 3 DAGs
[2025-07-16T11:07:54.777+0000] {logging_mixin.py:150} INFO - [2025-07-16T11:07:54.777+0000] {dag.py:3504} INFO - Setting next_dagrun for example_branch_datetime_operator to 2025-07-15T00:00:00+00:00, run_after=2025-07-16T00:00:00+00:00
[2025-07-16T11:07:54.780+0000] {logging_mixin.py:150} INFO - [2025-07-16T11:07:54.780+0000] {dag.py:3504} INFO - Setting next_dagrun for example_branch_datetime_operator_2 to 2025-07-15T00:00:00+00:00, run_after=2025-07-16T00:00:00+00:00
[2025-07-16T11:07:54.782+0000] {logging_mixin.py:150} INFO - [2025-07-16T11:07:54.782+0000] {dag.py:3504} INFO - Setting next_dagrun for example_branch_datetime_operator_3 to 2025-07-15T00:00:00+00:00, run_after=2025-07-16T00:00:00+00:00
[2025-07-16T11:07:54.795+0000] {processor.py:179} INFO - Processing /home/vscode/.local/lib/python3.10/site-packages/airflow/example_dags/example_branch_datetime_operator.py took 0.063 seconds
[2025-07-16T11:08:41.328+0000] {processor.py:157} INFO - Started process (PID=5071) to work on /home/vscode/.local/lib/python3.10/site-packages/airflow/example_dags/example_branch_datetime_operator.py
[2025-07-16T11:08:41.328+0000] {processor.py:826} INFO - Processing file /home/vscode/.local/lib/python3.10/site-packages/airflow/example_dags/example_branch_datetime_operator.py for tasks to queue
[2025-07-16T11:08:41.329+0000] {logging_mixin.py:150} INFO - [2025-07-16T11:08:41.329+0000] {dagbag.py:541} INFO - Filling up the DagBag from /home/vscode/.local/lib/python3.10/site-packages/airflow/example_dags/example_branch_datetime_operator.py
[2025-07-16T11:08:41.337+0000] {processor.py:836} INFO - DAG(s) dict_keys(['example_branch_datetime_operator', 'example_branch_datetime_operator_2', 'example_branch_datetime_operator_3']) retrieved from /home/vscode/.local/lib/python3.10/site-packages/airflow/example_dags/example_branch_datetime_operator.py
[2025-07-16T11:08:41.354+0000] {logging_mixin.py:150} INFO - [2025-07-16T11:08:41.354+0000] {dag.py:2742} INFO - Sync 3 DAGs
[2025-07-16T11:08:41.375+0000] {logging_mixin.py:150} INFO - [2025-07-16T11:08:41.375+0000] {dag.py:3504} INFO - Setting next_dagrun for example_branch_datetime_operator to 2025-07-15T00:00:00+00:00, run_after=2025-07-16T00:00:00+00:00
[2025-07-16T11:08:41.378+0000] {logging_mixin.py:150} INFO - [2025-07-16T11:08:41.378+0000] {dag.py:3504} INFO - Setting next_dagrun for example_branch_datetime_operator_2 to 2025-07-15T00:00:00+00:00, run_after=2025-07-16T00:00:00+00:00
[2025-07-16T11:08:41.380+0000] {logging_mixin.py:150} INFO - [2025-07-16T11:08:41.379+0000] {dag.py:3504} INFO - Setting next_dagrun for example_branch_datetime_operator_3 to 2025-07-15T00:00:00+00:00, run_after=2025-07-16T00:00:00+00:00
[2025-07-16T11:08:41.395+0000] {processor.py:179} INFO - Processing /home/vscode/.local/lib/python3.10/site-packages/airflow/example_dags/example_branch_datetime_operator.py took 0.069 seconds
[2025-07-16T11:09:28.468+0000] {processor.py:157} INFO - Started process (PID=5437) to work on /home/vscode/.local/lib/python3.10/site-packages/airflow/example_dags/example_branch_datetime_operator.py
[2025-07-16T11:09:28.469+0000] {processor.py:826} INFO - Processing file /home/vscode/.local/lib/python3.10/site-packages/airflow/example_dags/example_branch_datetime_operator.py for tasks to queue
[2025-07-16T11:09:28.470+0000] {logging_mixin.py:150} INFO - [2025-07-16T11:09:28.470+0000] {dagbag.py:541} INFO - Filling up the DagBag from /home/vscode/.local/lib/python3.10/site-packages/airflow/example_dags/example_branch_datetime_operator.py
[2025-07-16T11:09:28.478+0000] {processor.py:836} INFO - DAG(s) dict_keys(['example_branch_datetime_operator_3', 'example_branch_datetime_operator_2', 'example_branch_datetime_operator']) retrieved from /home/vscode/.local/lib/python3.10/site-packages/airflow/example_dags/example_branch_datetime_operator.py
[2025-07-16T11:09:28.495+0000] {logging_mixin.py:150} INFO - [2025-07-16T11:09:28.495+0000] {dag.py:2742} INFO - Sync 3 DAGs
[2025-07-16T11:09:28.510+0000] {logging_mixin.py:150} INFO - [2025-07-16T11:09:28.510+0000] {dag.py:3504} INFO - Setting next_dagrun for example_branch_datetime_operator to 2025-07-15T00:00:00+00:00, run_after=2025-07-16T00:00:00+00:00
[2025-07-16T11:09:28.513+0000] {logging_mixin.py:150} INFO - [2025-07-16T11:09:28.513+0000] {dag.py:3504} INFO - Setting next_dagrun for example_branch_datetime_operator_2 to 2025-07-15T00:00:00+00:00, run_after=2025-07-16T00:00:00+00:00
[2025-07-16T11:09:28.515+0000] {logging_mixin.py:150} INFO - [2025-07-16T11:09:28.515+0000] {dag.py:3504} INFO - Setting next_dagrun for example_branch_datetime_operator_3 to 2025-07-15T00:00:00+00:00, run_after=2025-07-16T00:00:00+00:00
[2025-07-16T11:09:28.541+0000] {processor.py:179} INFO - Processing /home/vscode/.local/lib/python3.10/site-packages/airflow/example_dags/example_branch_datetime_operator.py took 0.075 seconds
[2025-07-16T11:10:20.308+0000] {processor.py:157} INFO - Started process (PID=5807) to work on /home/vscode/.local/lib/python3.10/site-packages/airflow/example_dags/example_branch_datetime_operator.py
[2025-07-16T11:10:20.308+0000] {processor.py:826} INFO - Processing file /home/vscode/.local/lib/python3.10/site-packages/airflow/example_dags/example_branch_datetime_operator.py for tasks to queue
[2025-07-16T11:10:20.309+0000] {logging_mixin.py:150} INFO - [2025-07-16T11:10:20.309+0000] {dagbag.py:541} INFO - Filling up the DagBag from /home/vscode/.local/lib/python3.10/site-packages/airflow/example_dags/example_branch_datetime_operator.py
[2025-07-16T11:10:20.317+0000] {processor.py:836} INFO - DAG(s) dict_keys(['example_branch_datetime_operator', 'example_branch_datetime_operator_3', 'example_branch_datetime_operator_2']) retrieved from /home/vscode/.local/lib/python3.10/site-packages/airflow/example_dags/example_branch_datetime_operator.py
[2025-07-16T11:10:20.335+0000] {logging_mixin.py:150} INFO - [2025-07-16T11:10:20.335+0000] {dag.py:2742} INFO - Sync 3 DAGs
[2025-07-16T11:10:20.351+0000] {logging_mixin.py:150} INFO - [2025-07-16T11:10:20.351+0000] {dag.py:3504} INFO - Setting next_dagrun for example_branch_datetime_operator to 2025-07-15T00:00:00+00:00, run_after=2025-07-16T00:00:00+00:00
[2025-07-16T11:10:20.354+0000] {logging_mixin.py:150} INFO - [2025-07-16T11:10:20.354+0000] {dag.py:3504} INFO - Setting next_dagrun for example_branch_datetime_operator_2 to 2025-07-15T00:00:00+00:00, run_after=2025-07-16T00:00:00+00:00
[2025-07-16T11:10:20.356+0000] {logging_mixin.py:150} INFO - [2025-07-16T11:10:20.356+0000] {dag.py:3504} INFO - Setting next_dagrun for example_branch_datetime_operator_3 to 2025-07-15T00:00:00+00:00, run_after=2025-07-16T00:00:00+00:00
[2025-07-16T11:10:20.370+0000] {processor.py:179} INFO - Processing /home/vscode/.local/lib/python3.10/site-packages/airflow/example_dags/example_branch_datetime_operator.py took 0.065 seconds
[2025-07-16T11:11:05.089+0000] {processor.py:157} INFO - Started process (PID=6155) to work on /home/vscode/.local/lib/python3.10/site-packages/airflow/example_dags/example_branch_datetime_operator.py
[2025-07-16T11:11:05.090+0000] {processor.py:826} INFO - Processing file /home/vscode/.local/lib/python3.10/site-packages/airflow/example_dags/example_branch_datetime_operator.py for tasks to queue
[2025-07-16T11:11:05.091+0000] {logging_mixin.py:150} INFO - [2025-07-16T11:11:05.090+0000] {dagbag.py:541} INFO - Filling up the DagBag from /home/vscode/.local/lib/python3.10/site-packages/airflow/example_dags/example_branch_datetime_operator.py
[2025-07-16T11:11:05.098+0000] {processor.py:836} INFO - DAG(s) dict_keys(['example_branch_datetime_operator_3', 'example_branch_datetime_operator', 'example_branch_datetime_operator_2']) retrieved from /home/vscode/.local/lib/python3.10/site-packages/airflow/example_dags/example_branch_datetime_operator.py
[2025-07-16T11:11:05.116+0000] {logging_mixin.py:150} INFO - [2025-07-16T11:11:05.116+0000] {dag.py:2742} INFO - Sync 3 DAGs
[2025-07-16T11:11:05.131+0000] {logging_mixin.py:150} INFO - [2025-07-16T11:11:05.131+0000] {dag.py:3504} INFO - Setting next_dagrun for example_branch_datetime_operator to 2025-07-15T00:00:00+00:00, run_after=2025-07-16T00:00:00+00:00
[2025-07-16T11:11:05.135+0000] {logging_mixin.py:150} INFO - [2025-07-16T11:11:05.135+0000] {dag.py:3504} INFO - Setting next_dagrun for example_branch_datetime_operator_2 to 2025-07-15T00:00:00+00:00, run_after=2025-07-16T00:00:00+00:00
[2025-07-16T11:11:05.137+0000] {logging_mixin.py:150} INFO - [2025-07-16T11:11:05.137+0000] {dag.py:3504} INFO - Setting next_dagrun for example_branch_datetime_operator_3 to 2025-07-15T00:00:00+00:00, run_after=2025-07-16T00:00:00+00:00
[2025-07-16T11:11:05.151+0000] {processor.py:179} INFO - Processing /home/vscode/.local/lib/python3.10/site-packages/airflow/example_dags/example_branch_datetime_operator.py took 0.065 seconds
[2025-07-16T11:11:52.795+0000] {processor.py:157} INFO - Started process (PID=6509) to work on /home/vscode/.local/lib/python3.10/site-packages/airflow/example_dags/example_branch_datetime_operator.py
[2025-07-16T11:11:52.796+0000] {processor.py:826} INFO - Processing file /home/vscode/.local/lib/python3.10/site-packages/airflow/example_dags/example_branch_datetime_operator.py for tasks to queue
[2025-07-16T11:11:52.796+0000] {logging_mixin.py:150} INFO - [2025-07-16T11:11:52.796+0000] {dagbag.py:541} INFO - Filling up the DagBag from /home/vscode/.local/lib/python3.10/site-packages/airflow/example_dags/example_branch_datetime_operator.py
[2025-07-16T11:11:52.804+0000] {processor.py:836} INFO - DAG(s) dict_keys(['example_branch_datetime_operator', 'example_branch_datetime_operator_2', 'example_branch_datetime_operator_3']) retrieved from /home/vscode/.local/lib/python3.10/site-packages/airflow/example_dags/example_branch_datetime_operator.py
[2025-07-16T11:11:52.821+0000] {logging_mixin.py:150} INFO - [2025-07-16T11:11:52.821+0000] {dag.py:2742} INFO - Sync 3 DAGs
[2025-07-16T11:11:52.836+0000] {logging_mixin.py:150} INFO - [2025-07-16T11:11:52.836+0000] {dag.py:3504} INFO - Setting next_dagrun for example_branch_datetime_operator to 2025-07-15T00:00:00+00:00, run_after=2025-07-16T00:00:00+00:00
[2025-07-16T11:11:52.839+0000] {logging_mixin.py:150} INFO - [2025-07-16T11:11:52.839+0000] {dag.py:3504} INFO - Setting next_dagrun for example_branch_datetime_operator_2 to 2025-07-15T00:00:00+00:00, run_after=2025-07-16T00:00:00+00:00
[2025-07-16T11:11:52.840+0000] {logging_mixin.py:150} INFO - [2025-07-16T11:11:52.840+0000] {dag.py:3504} INFO - Setting next_dagrun for example_branch_datetime_operator_3 to 2025-07-15T00:00:00+00:00, run_after=2025-07-16T00:00:00+00:00
[2025-07-16T11:11:52.854+0000] {processor.py:179} INFO - Processing /home/vscode/.local/lib/python3.10/site-packages/airflow/example_dags/example_branch_datetime_operator.py took 0.061 seconds
[2025-07-16T11:12:34.186+0000] {processor.py:157} INFO - Started process (PID=6808) to work on /home/vscode/.local/lib/python3.10/site-packages/airflow/example_dags/example_branch_datetime_operator.py
[2025-07-16T11:12:34.187+0000] {processor.py:826} INFO - Processing file /home/vscode/.local/lib/python3.10/site-packages/airflow/example_dags/example_branch_datetime_operator.py for tasks to queue
[2025-07-16T11:12:34.187+0000] {logging_mixin.py:150} INFO - [2025-07-16T11:12:34.187+0000] {dagbag.py:541} INFO - Filling up the DagBag from /home/vscode/.local/lib/python3.10/site-packages/airflow/example_dags/example_branch_datetime_operator.py
[2025-07-16T11:12:34.195+0000] {processor.py:836} INFO - DAG(s) dict_keys(['example_branch_datetime_operator_3', 'example_branch_datetime_operator', 'example_branch_datetime_operator_2']) retrieved from /home/vscode/.local/lib/python3.10/site-packages/airflow/example_dags/example_branch_datetime_operator.py
[2025-07-16T11:12:34.214+0000] {logging_mixin.py:150} INFO - [2025-07-16T11:12:34.214+0000] {dag.py:2742} INFO - Sync 3 DAGs
[2025-07-16T11:12:34.231+0000] {logging_mixin.py:150} INFO - [2025-07-16T11:12:34.231+0000] {dag.py:3504} INFO - Setting next_dagrun for example_branch_datetime_operator to 2025-07-15T00:00:00+00:00, run_after=2025-07-16T00:00:00+00:00
[2025-07-16T11:12:34.234+0000] {logging_mixin.py:150} INFO - [2025-07-16T11:12:34.234+0000] {dag.py:3504} INFO - Setting next_dagrun for example_branch_datetime_operator_2 to 2025-07-15T00:00:00+00:00, run_after=2025-07-16T00:00:00+00:00
[2025-07-16T11:12:34.236+0000] {logging_mixin.py:150} INFO - [2025-07-16T11:12:34.236+0000] {dag.py:3504} INFO - Setting next_dagrun for example_branch_datetime_operator_3 to 2025-07-15T00:00:00+00:00, run_after=2025-07-16T00:00:00+00:00
[2025-07-16T11:12:34.373+0000] {processor.py:179} INFO - Processing /home/vscode/.local/lib/python3.10/site-packages/airflow/example_dags/example_branch_datetime_operator.py took 0.189 seconds
[2025-07-16T11:13:21.777+0000] {processor.py:157} INFO - Started process (PID=7165) to work on /home/vscode/.local/lib/python3.10/site-packages/airflow/example_dags/example_branch_datetime_operator.py
[2025-07-16T11:13:21.778+0000] {processor.py:826} INFO - Processing file /home/vscode/.local/lib/python3.10/site-packages/airflow/example_dags/example_branch_datetime_operator.py for tasks to queue
[2025-07-16T11:13:21.779+0000] {logging_mixin.py:150} INFO - [2025-07-16T11:13:21.779+0000] {dagbag.py:541} INFO - Filling up the DagBag from /home/vscode/.local/lib/python3.10/site-packages/airflow/example_dags/example_branch_datetime_operator.py
[2025-07-16T11:13:21.787+0000] {processor.py:836} INFO - DAG(s) dict_keys(['example_branch_datetime_operator_3', 'example_branch_datetime_operator', 'example_branch_datetime_operator_2']) retrieved from /home/vscode/.local/lib/python3.10/site-packages/airflow/example_dags/example_branch_datetime_operator.py
[2025-07-16T11:13:21.804+0000] {logging_mixin.py:150} INFO - [2025-07-16T11:13:21.804+0000] {dag.py:2742} INFO - Sync 3 DAGs
[2025-07-16T11:13:21.819+0000] {logging_mixin.py:150} INFO - [2025-07-16T11:13:21.818+0000] {dag.py:3504} INFO - Setting next_dagrun for example_branch_datetime_operator to 2025-07-15T00:00:00+00:00, run_after=2025-07-16T00:00:00+00:00
[2025-07-16T11:13:21.822+0000] {logging_mixin.py:150} INFO - [2025-07-16T11:13:21.821+0000] {dag.py:3504} INFO - Setting next_dagrun for example_branch_datetime_operator_2 to 2025-07-15T00:00:00+00:00, run_after=2025-07-16T00:00:00+00:00
[2025-07-16T11:13:21.823+0000] {logging_mixin.py:150} INFO - [2025-07-16T11:13:21.823+0000] {dag.py:3504} INFO - Setting next_dagrun for example_branch_datetime_operator_3 to 2025-07-15T00:00:00+00:00, run_after=2025-07-16T00:00:00+00:00
[2025-07-16T11:13:21.837+0000] {processor.py:179} INFO - Processing /home/vscode/.local/lib/python3.10/site-packages/airflow/example_dags/example_branch_datetime_operator.py took 0.062 seconds
[2025-07-16T11:14:11.438+0000] {processor.py:157} INFO - Started process (PID=7616) to work on /home/vscode/.local/lib/python3.10/site-packages/airflow/example_dags/example_branch_datetime_operator.py
[2025-07-16T11:14:11.439+0000] {processor.py:826} INFO - Processing file /home/vscode/.local/lib/python3.10/site-packages/airflow/example_dags/example_branch_datetime_operator.py for tasks to queue
[2025-07-16T11:14:11.439+0000] {logging_mixin.py:150} INFO - [2025-07-16T11:14:11.439+0000] {dagbag.py:541} INFO - Filling up the DagBag from /home/vscode/.local/lib/python3.10/site-packages/airflow/example_dags/example_branch_datetime_operator.py
[2025-07-16T11:14:11.447+0000] {processor.py:836} INFO - DAG(s) dict_keys(['example_branch_datetime_operator_2', 'example_branch_datetime_operator', 'example_branch_datetime_operator_3']) retrieved from /home/vscode/.local/lib/python3.10/site-packages/airflow/example_dags/example_branch_datetime_operator.py
[2025-07-16T11:14:11.465+0000] {logging_mixin.py:150} INFO - [2025-07-16T11:14:11.465+0000] {dag.py:2742} INFO - Sync 3 DAGs
[2025-07-16T11:14:11.480+0000] {logging_mixin.py:150} INFO - [2025-07-16T11:14:11.480+0000] {dag.py:3504} INFO - Setting next_dagrun for example_branch_datetime_operator to 2025-07-15T00:00:00+00:00, run_after=2025-07-16T00:00:00+00:00
[2025-07-16T11:14:11.483+0000] {logging_mixin.py:150} INFO - [2025-07-16T11:14:11.483+0000] {dag.py:3504} INFO - Setting next_dagrun for example_branch_datetime_operator_2 to 2025-07-15T00:00:00+00:00, run_after=2025-07-16T00:00:00+00:00
[2025-07-16T11:14:11.485+0000] {logging_mixin.py:150} INFO - [2025-07-16T11:14:11.485+0000] {dag.py:3504} INFO - Setting next_dagrun for example_branch_datetime_operator_3 to 2025-07-15T00:00:00+00:00, run_after=2025-07-16T00:00:00+00:00
[2025-07-16T11:14:11.498+0000] {processor.py:179} INFO - Processing /home/vscode/.local/lib/python3.10/site-packages/airflow/example_dags/example_branch_datetime_operator.py took 0.063 seconds
[2025-07-16T11:14:59.745+0000] {processor.py:157} INFO - Started process (PID=8047) to work on /home/vscode/.local/lib/python3.10/site-packages/airflow/example_dags/example_branch_datetime_operator.py
[2025-07-16T11:14:59.745+0000] {processor.py:826} INFO - Processing file /home/vscode/.local/lib/python3.10/site-packages/airflow/example_dags/example_branch_datetime_operator.py for tasks to queue
[2025-07-16T11:14:59.746+0000] {logging_mixin.py:150} INFO - [2025-07-16T11:14:59.746+0000] {dagbag.py:541} INFO - Filling up the DagBag from /home/vscode/.local/lib/python3.10/site-packages/airflow/example_dags/example_branch_datetime_operator.py
[2025-07-16T11:14:59.754+0000] {processor.py:836} INFO - DAG(s) dict_keys(['example_branch_datetime_operator', 'example_branch_datetime_operator_3', 'example_branch_datetime_operator_2']) retrieved from /home/vscode/.local/lib/python3.10/site-packages/airflow/example_dags/example_branch_datetime_operator.py
[2025-07-16T11:14:59.772+0000] {logging_mixin.py:150} INFO - [2025-07-16T11:14:59.772+0000] {dag.py:2742} INFO - Sync 3 DAGs
[2025-07-16T11:14:59.788+0000] {logging_mixin.py:150} INFO - [2025-07-16T11:14:59.788+0000] {dag.py:3504} INFO - Setting next_dagrun for example_branch_datetime_operator to 2025-07-15T00:00:00+00:00, run_after=2025-07-16T00:00:00+00:00
[2025-07-16T11:14:59.792+0000] {logging_mixin.py:150} INFO - [2025-07-16T11:14:59.791+0000] {dag.py:3504} INFO - Setting next_dagrun for example_branch_datetime_operator_2 to 2025-07-15T00:00:00+00:00, run_after=2025-07-16T00:00:00+00:00
[2025-07-16T11:14:59.793+0000] {logging_mixin.py:150} INFO - [2025-07-16T11:14:59.793+0000] {dag.py:3504} INFO - Setting next_dagrun for example_branch_datetime_operator_3 to 2025-07-15T00:00:00+00:00, run_after=2025-07-16T00:00:00+00:00
[2025-07-16T11:14:59.807+0000] {processor.py:179} INFO - Processing /home/vscode/.local/lib/python3.10/site-packages/airflow/example_dags/example_branch_datetime_operator.py took 0.065 seconds
[2025-07-16T11:15:49.183+0000] {processor.py:157} INFO - Started process (PID=8617) to work on /home/vscode/.local/lib/python3.10/site-packages/airflow/example_dags/example_branch_datetime_operator.py
[2025-07-16T11:15:49.184+0000] {processor.py:826} INFO - Processing file /home/vscode/.local/lib/python3.10/site-packages/airflow/example_dags/example_branch_datetime_operator.py for tasks to queue
[2025-07-16T11:15:49.185+0000] {logging_mixin.py:150} INFO - [2025-07-16T11:15:49.184+0000] {dagbag.py:541} INFO - Filling up the DagBag from /home/vscode/.local/lib/python3.10/site-packages/airflow/example_dags/example_branch_datetime_operator.py
[2025-07-16T11:15:49.192+0000] {processor.py:836} INFO - DAG(s) dict_keys(['example_branch_datetime_operator', 'example_branch_datetime_operator_2', 'example_branch_datetime_operator_3']) retrieved from /home/vscode/.local/lib/python3.10/site-packages/airflow/example_dags/example_branch_datetime_operator.py
[2025-07-16T11:15:49.209+0000] {logging_mixin.py:150} INFO - [2025-07-16T11:15:49.209+0000] {dag.py:2742} INFO - Sync 3 DAGs
[2025-07-16T11:15:49.224+0000] {logging_mixin.py:150} INFO - [2025-07-16T11:15:49.224+0000] {dag.py:3504} INFO - Setting next_dagrun for example_branch_datetime_operator to 2025-07-15T00:00:00+00:00, run_after=2025-07-16T00:00:00+00:00
[2025-07-16T11:15:49.228+0000] {logging_mixin.py:150} INFO - [2025-07-16T11:15:49.227+0000] {dag.py:3504} INFO - Setting next_dagrun for example_branch_datetime_operator_2 to 2025-07-15T00:00:00+00:00, run_after=2025-07-16T00:00:00+00:00
[2025-07-16T11:15:49.229+0000] {logging_mixin.py:150} INFO - [2025-07-16T11:15:49.229+0000] {dag.py:3504} INFO - Setting next_dagrun for example_branch_datetime_operator_3 to 2025-07-15T00:00:00+00:00, run_after=2025-07-16T00:00:00+00:00
[2025-07-16T11:15:49.242+0000] {processor.py:179} INFO - Processing /home/vscode/.local/lib/python3.10/site-packages/airflow/example_dags/example_branch_datetime_operator.py took 0.062 seconds
[2025-07-16T11:16:37.275+0000] {processor.py:157} INFO - Started process (PID=9125) to work on /home/vscode/.local/lib/python3.10/site-packages/airflow/example_dags/example_branch_datetime_operator.py
[2025-07-16T11:16:37.276+0000] {processor.py:826} INFO - Processing file /home/vscode/.local/lib/python3.10/site-packages/airflow/example_dags/example_branch_datetime_operator.py for tasks to queue
[2025-07-16T11:16:37.277+0000] {logging_mixin.py:150} INFO - [2025-07-16T11:16:37.277+0000] {dagbag.py:541} INFO - Filling up the DagBag from /home/vscode/.local/lib/python3.10/site-packages/airflow/example_dags/example_branch_datetime_operator.py
[2025-07-16T11:16:37.286+0000] {processor.py:836} INFO - DAG(s) dict_keys(['example_branch_datetime_operator_2', 'example_branch_datetime_operator', 'example_branch_datetime_operator_3']) retrieved from /home/vscode/.local/lib/python3.10/site-packages/airflow/example_dags/example_branch_datetime_operator.py
[2025-07-16T11:16:37.304+0000] {logging_mixin.py:150} INFO - [2025-07-16T11:16:37.304+0000] {dag.py:2742} INFO - Sync 3 DAGs
[2025-07-16T11:16:37.321+0000] {logging_mixin.py:150} INFO - [2025-07-16T11:16:37.321+0000] {dag.py:3504} INFO - Setting next_dagrun for example_branch_datetime_operator to 2025-07-15T00:00:00+00:00, run_after=2025-07-16T00:00:00+00:00
[2025-07-16T11:16:37.325+0000] {logging_mixin.py:150} INFO - [2025-07-16T11:16:37.325+0000] {dag.py:3504} INFO - Setting next_dagrun for example_branch_datetime_operator_2 to 2025-07-15T00:00:00+00:00, run_after=2025-07-16T00:00:00+00:00
[2025-07-16T11:16:37.327+0000] {logging_mixin.py:150} INFO - [2025-07-16T11:16:37.327+0000] {dag.py:3504} INFO - Setting next_dagrun for example_branch_datetime_operator_3 to 2025-07-15T00:00:00+00:00, run_after=2025-07-16T00:00:00+00:00
[2025-07-16T11:16:37.341+0000] {processor.py:179} INFO - Processing /home/vscode/.local/lib/python3.10/site-packages/airflow/example_dags/example_branch_datetime_operator.py took 0.069 seconds
[2025-07-16T11:17:28.711+0000] {processor.py:157} INFO - Started process (PID=9623) to work on /home/vscode/.local/lib/python3.10/site-packages/airflow/example_dags/example_branch_datetime_operator.py
[2025-07-16T11:17:28.712+0000] {processor.py:826} INFO - Processing file /home/vscode/.local/lib/python3.10/site-packages/airflow/example_dags/example_branch_datetime_operator.py for tasks to queue
[2025-07-16T11:17:28.712+0000] {logging_mixin.py:150} INFO - [2025-07-16T11:17:28.712+0000] {dagbag.py:541} INFO - Filling up the DagBag from /home/vscode/.local/lib/python3.10/site-packages/airflow/example_dags/example_branch_datetime_operator.py
[2025-07-16T11:17:28.726+0000] {processor.py:836} INFO - DAG(s) dict_keys(['example_branch_datetime_operator', 'example_branch_datetime_operator_3', 'example_branch_datetime_operator_2']) retrieved from /home/vscode/.local/lib/python3.10/site-packages/airflow/example_dags/example_branch_datetime_operator.py
[2025-07-16T11:17:28.747+0000] {logging_mixin.py:150} INFO - [2025-07-16T11:17:28.747+0000] {dag.py:2742} INFO - Sync 3 DAGs
[2025-07-16T11:17:28.764+0000] {logging_mixin.py:150} INFO - [2025-07-16T11:17:28.763+0000] {dag.py:3504} INFO - Setting next_dagrun for example_branch_datetime_operator to 2025-07-15T00:00:00+00:00, run_after=2025-07-16T00:00:00+00:00
[2025-07-16T11:17:28.767+0000] {logging_mixin.py:150} INFO - [2025-07-16T11:17:28.767+0000] {dag.py:3504} INFO - Setting next_dagrun for example_branch_datetime_operator_2 to 2025-07-15T00:00:00+00:00, run_after=2025-07-16T00:00:00+00:00
[2025-07-16T11:17:28.769+0000] {logging_mixin.py:150} INFO - [2025-07-16T11:17:28.769+0000] {dag.py:3504} INFO - Setting next_dagrun for example_branch_datetime_operator_3 to 2025-07-15T00:00:00+00:00, run_after=2025-07-16T00:00:00+00:00
[2025-07-16T11:17:28.782+0000] {processor.py:179} INFO - Processing /home/vscode/.local/lib/python3.10/site-packages/airflow/example_dags/example_branch_datetime_operator.py took 0.074 seconds
[2025-07-16T11:18:21.010+0000] {processor.py:157} INFO - Started process (PID=9966) to work on /home/vscode/.local/lib/python3.10/site-packages/airflow/example_dags/example_branch_datetime_operator.py
[2025-07-16T11:18:21.011+0000] {processor.py:826} INFO - Processing file /home/vscode/.local/lib/python3.10/site-packages/airflow/example_dags/example_branch_datetime_operator.py for tasks to queue
[2025-07-16T11:18:21.012+0000] {logging_mixin.py:150} INFO - [2025-07-16T11:18:21.011+0000] {dagbag.py:541} INFO - Filling up the DagBag from /home/vscode/.local/lib/python3.10/site-packages/airflow/example_dags/example_branch_datetime_operator.py
[2025-07-16T11:18:21.019+0000] {processor.py:836} INFO - DAG(s) dict_keys(['example_branch_datetime_operator', 'example_branch_datetime_operator_2', 'example_branch_datetime_operator_3']) retrieved from /home/vscode/.local/lib/python3.10/site-packages/airflow/example_dags/example_branch_datetime_operator.py
[2025-07-16T11:18:21.036+0000] {logging_mixin.py:150} INFO - [2025-07-16T11:18:21.036+0000] {dag.py:2742} INFO - Sync 3 DAGs
[2025-07-16T11:18:21.051+0000] {logging_mixin.py:150} INFO - [2025-07-16T11:18:21.050+0000] {dag.py:3504} INFO - Setting next_dagrun for example_branch_datetime_operator to 2025-07-15T00:00:00+00:00, run_after=2025-07-16T00:00:00+00:00
[2025-07-16T11:18:21.054+0000] {logging_mixin.py:150} INFO - [2025-07-16T11:18:21.054+0000] {dag.py:3504} INFO - Setting next_dagrun for example_branch_datetime_operator_2 to 2025-07-15T00:00:00+00:00, run_after=2025-07-16T00:00:00+00:00
[2025-07-16T11:18:21.056+0000] {logging_mixin.py:150} INFO - [2025-07-16T11:18:21.056+0000] {dag.py:3504} INFO - Setting next_dagrun for example_branch_datetime_operator_3 to 2025-07-15T00:00:00+00:00, run_after=2025-07-16T00:00:00+00:00
[2025-07-16T11:18:21.069+0000] {processor.py:179} INFO - Processing /home/vscode/.local/lib/python3.10/site-packages/airflow/example_dags/example_branch_datetime_operator.py took 0.062 seconds
[2025-07-16T11:19:06.139+0000] {processor.py:157} INFO - Started process (PID=10278) to work on /home/vscode/.local/lib/python3.10/site-packages/airflow/example_dags/example_branch_datetime_operator.py
[2025-07-16T11:19:06.140+0000] {processor.py:826} INFO - Processing file /home/vscode/.local/lib/python3.10/site-packages/airflow/example_dags/example_branch_datetime_operator.py for tasks to queue
[2025-07-16T11:19:06.140+0000] {logging_mixin.py:150} INFO - [2025-07-16T11:19:06.140+0000] {dagbag.py:541} INFO - Filling up the DagBag from /home/vscode/.local/lib/python3.10/site-packages/airflow/example_dags/example_branch_datetime_operator.py
[2025-07-16T11:19:06.148+0000] {processor.py:836} INFO - DAG(s) dict_keys(['example_branch_datetime_operator', 'example_branch_datetime_operator_2', 'example_branch_datetime_operator_3']) retrieved from /home/vscode/.local/lib/python3.10/site-packages/airflow/example_dags/example_branch_datetime_operator.py
[2025-07-16T11:19:06.166+0000] {logging_mixin.py:150} INFO - [2025-07-16T11:19:06.165+0000] {dag.py:2742} INFO - Sync 3 DAGs
[2025-07-16T11:19:06.181+0000] {logging_mixin.py:150} INFO - [2025-07-16T11:19:06.180+0000] {dag.py:3504} INFO - Setting next_dagrun for example_branch_datetime_operator to 2025-07-15T00:00:00+00:00, run_after=2025-07-16T00:00:00+00:00
[2025-07-16T11:19:06.184+0000] {logging_mixin.py:150} INFO - [2025-07-16T11:19:06.184+0000] {dag.py:3504} INFO - Setting next_dagrun for example_branch_datetime_operator_2 to 2025-07-15T00:00:00+00:00, run_after=2025-07-16T00:00:00+00:00
[2025-07-16T11:19:06.185+0000] {logging_mixin.py:150} INFO - [2025-07-16T11:19:06.185+0000] {dag.py:3504} INFO - Setting next_dagrun for example_branch_datetime_operator_3 to 2025-07-15T00:00:00+00:00, run_after=2025-07-16T00:00:00+00:00
[2025-07-16T11:19:06.199+0000] {processor.py:179} INFO - Processing /home/vscode/.local/lib/python3.10/site-packages/airflow/example_dags/example_branch_datetime_operator.py took 0.063 seconds
[2025-07-16T11:20:00.780+0000] {processor.py:157} INFO - Started process (PID=10643) to work on /home/vscode/.local/lib/python3.10/site-packages/airflow/example_dags/example_branch_datetime_operator.py
[2025-07-16T11:20:00.781+0000] {processor.py:826} INFO - Processing file /home/vscode/.local/lib/python3.10/site-packages/airflow/example_dags/example_branch_datetime_operator.py for tasks to queue
[2025-07-16T11:20:00.782+0000] {logging_mixin.py:150} INFO - [2025-07-16T11:20:00.782+0000] {dagbag.py:541} INFO - Filling up the DagBag from /home/vscode/.local/lib/python3.10/site-packages/airflow/example_dags/example_branch_datetime_operator.py
[2025-07-16T11:20:00.791+0000] {processor.py:836} INFO - DAG(s) dict_keys(['example_branch_datetime_operator', 'example_branch_datetime_operator_3', 'example_branch_datetime_operator_2']) retrieved from /home/vscode/.local/lib/python3.10/site-packages/airflow/example_dags/example_branch_datetime_operator.py
[2025-07-16T11:20:00.809+0000] {logging_mixin.py:150} INFO - [2025-07-16T11:20:00.809+0000] {dag.py:2742} INFO - Sync 3 DAGs
[2025-07-16T11:20:00.825+0000] {logging_mixin.py:150} INFO - [2025-07-16T11:20:00.824+0000] {dag.py:3504} INFO - Setting next_dagrun for example_branch_datetime_operator to 2025-07-15T00:00:00+00:00, run_after=2025-07-16T00:00:00+00:00
[2025-07-16T11:20:00.828+0000] {logging_mixin.py:150} INFO - [2025-07-16T11:20:00.828+0000] {dag.py:3504} INFO - Setting next_dagrun for example_branch_datetime_operator_2 to 2025-07-15T00:00:00+00:00, run_after=2025-07-16T00:00:00+00:00
[2025-07-16T11:20:00.829+0000] {logging_mixin.py:150} INFO - [2025-07-16T11:20:00.829+0000] {dag.py:3504} INFO - Setting next_dagrun for example_branch_datetime_operator_3 to 2025-07-15T00:00:00+00:00, run_after=2025-07-16T00:00:00+00:00
[2025-07-16T11:20:00.844+0000] {processor.py:179} INFO - Processing /home/vscode/.local/lib/python3.10/site-packages/airflow/example_dags/example_branch_datetime_operator.py took 0.067 seconds
[2025-07-16T11:20:56.073+0000] {processor.py:157} INFO - Started process (PID=11322) to work on /home/vscode/.local/lib/python3.10/site-packages/airflow/example_dags/example_branch_datetime_operator.py
[2025-07-16T11:20:56.073+0000] {processor.py:826} INFO - Processing file /home/vscode/.local/lib/python3.10/site-packages/airflow/example_dags/example_branch_datetime_operator.py for tasks to queue
[2025-07-16T11:20:56.074+0000] {logging_mixin.py:150} INFO - [2025-07-16T11:20:56.074+0000] {dagbag.py:541} INFO - Filling up the DagBag from /home/vscode/.local/lib/python3.10/site-packages/airflow/example_dags/example_branch_datetime_operator.py
[2025-07-16T11:20:56.082+0000] {processor.py:836} INFO - DAG(s) dict_keys(['example_branch_datetime_operator_3', 'example_branch_datetime_operator', 'example_branch_datetime_operator_2']) retrieved from /home/vscode/.local/lib/python3.10/site-packages/airflow/example_dags/example_branch_datetime_operator.py
[2025-07-16T11:20:56.103+0000] {logging_mixin.py:150} INFO - [2025-07-16T11:20:56.103+0000] {dag.py:2742} INFO - Sync 3 DAGs
[2025-07-16T11:20:56.124+0000] {logging_mixin.py:150} INFO - [2025-07-16T11:20:56.124+0000] {dag.py:3504} INFO - Setting next_dagrun for example_branch_datetime_operator to 2025-07-15T00:00:00+00:00, run_after=2025-07-16T00:00:00+00:00
[2025-07-16T11:20:56.129+0000] {logging_mixin.py:150} INFO - [2025-07-16T11:20:56.129+0000] {dag.py:3504} INFO - Setting next_dagrun for example_branch_datetime_operator_2 to 2025-07-15T00:00:00+00:00, run_after=2025-07-16T00:00:00+00:00
[2025-07-16T11:20:56.132+0000] {logging_mixin.py:150} INFO - [2025-07-16T11:20:56.131+0000] {dag.py:3504} INFO - Setting next_dagrun for example_branch_datetime_operator_3 to 2025-07-15T00:00:00+00:00, run_after=2025-07-16T00:00:00+00:00
[2025-07-16T11:20:56.151+0000] {processor.py:179} INFO - Processing /home/vscode/.local/lib/python3.10/site-packages/airflow/example_dags/example_branch_datetime_operator.py took 0.082 seconds
[2025-07-16T11:21:59.591+0000] {processor.py:157} INFO - Started process (PID=12219) to work on /home/vscode/.local/lib/python3.10/site-packages/airflow/example_dags/example_branch_datetime_operator.py
[2025-07-16T11:21:59.591+0000] {processor.py:826} INFO - Processing file /home/vscode/.local/lib/python3.10/site-packages/airflow/example_dags/example_branch_datetime_operator.py for tasks to queue
[2025-07-16T11:21:59.592+0000] {logging_mixin.py:150} INFO - [2025-07-16T11:21:59.592+0000] {dagbag.py:541} INFO - Filling up the DagBag from /home/vscode/.local/lib/python3.10/site-packages/airflow/example_dags/example_branch_datetime_operator.py
[2025-07-16T11:21:59.600+0000] {processor.py:836} INFO - DAG(s) dict_keys(['example_branch_datetime_operator_3', 'example_branch_datetime_operator', 'example_branch_datetime_operator_2']) retrieved from /home/vscode/.local/lib/python3.10/site-packages/airflow/example_dags/example_branch_datetime_operator.py
[2025-07-16T11:21:59.715+0000] {logging_mixin.py:150} INFO - [2025-07-16T11:21:59.714+0000] {dag.py:2742} INFO - Sync 3 DAGs
[2025-07-16T11:21:59.732+0000] {logging_mixin.py:150} INFO - [2025-07-16T11:21:59.732+0000] {dag.py:3504} INFO - Setting next_dagrun for example_branch_datetime_operator to 2025-07-15T00:00:00+00:00, run_after=2025-07-16T00:00:00+00:00
[2025-07-16T11:21:59.734+0000] {logging_mixin.py:150} INFO - [2025-07-16T11:21:59.734+0000] {dag.py:3504} INFO - Setting next_dagrun for example_branch_datetime_operator_2 to 2025-07-15T00:00:00+00:00, run_after=2025-07-16T00:00:00+00:00
[2025-07-16T11:21:59.736+0000] {logging_mixin.py:150} INFO - [2025-07-16T11:21:59.736+0000] {dag.py:3504} INFO - Setting next_dagrun for example_branch_datetime_operator_3 to 2025-07-15T00:00:00+00:00, run_after=2025-07-16T00:00:00+00:00
[2025-07-16T11:21:59.751+0000] {processor.py:179} INFO - Processing /home/vscode/.local/lib/python3.10/site-packages/airflow/example_dags/example_branch_datetime_operator.py took 0.163 seconds
