[2025-07-16T11:06:54.766+0000] {processor.py:157} INFO - Started process (PID=4259) to work on /home/vscode/.local/lib/python3.10/site-packages/airflow/example_dags/example_datasets.py
[2025-07-16T11:06:54.766+0000] {processor.py:826} INFO - Processing file /home/vscode/.local/lib/python3.10/site-packages/airflow/example_dags/example_datasets.py for tasks to queue
[2025-07-16T11:06:54.767+0000] {logging_mixin.py:150} INFO - [2025-07-16T11:06:54.767+0000] {dagbag.py:541} INFO - Filling up the DagBag from /home/vscode/.local/lib/python3.10/site-packages/airflow/example_dags/example_datasets.py
[2025-07-16T11:06:54.776+0000] {processor.py:836} INFO - DAG(s) dict_keys(['dataset_consumes_1_and_2', 'dataset_consumes_unknown_never_scheduled', 'dataset_consumes_1', 'dataset_produces_1', 'dataset_produces_2', 'dataset_consumes_1_never_scheduled']) retrieved from /home/vscode/.local/lib/python3.10/site-packages/airflow/example_dags/example_datasets.py
[2025-07-16T11:06:54.809+0000] {logging_mixin.py:150} INFO - [2025-07-16T11:06:54.809+0000] {dag.py:2742} INFO - Sync 6 DAGs
[2025-07-16T11:06:54.831+0000] {logging_mixin.py:150} INFO - [2025-07-16T11:06:54.831+0000] {dag.py:3504} INFO - Setting next_dagrun for dataset_consumes_1 to None, run_after=None
[2025-07-16T11:06:54.834+0000] {logging_mixin.py:150} INFO - [2025-07-16T11:06:54.834+0000] {dag.py:3504} INFO - Setting next_dagrun for dataset_consumes_1_and_2 to None, run_after=None
[2025-07-16T11:06:54.834+0000] {logging_mixin.py:150} INFO - [2025-07-16T11:06:54.834+0000] {dag.py:3504} INFO - Setting next_dagrun for dataset_consumes_1_never_scheduled to None, run_after=None
[2025-07-16T11:06:54.835+0000] {logging_mixin.py:150} INFO - [2025-07-16T11:06:54.835+0000] {dag.py:3504} INFO - Setting next_dagrun for dataset_consumes_unknown_never_scheduled to None, run_after=None
[2025-07-16T11:06:54.837+0000] {logging_mixin.py:150} INFO - [2025-07-16T11:06:54.837+0000] {dag.py:3504} INFO - Setting next_dagrun for dataset_produces_1 to 2025-07-15T00:00:00+00:00, run_after=2025-07-16T00:00:00+00:00
[2025-07-16T11:06:54.838+0000] {logging_mixin.py:150} INFO - [2025-07-16T11:06:54.837+0000] {dag.py:3504} INFO - Setting next_dagrun for dataset_produces_2 to None, run_after=None
[2025-07-16T11:06:54.858+0000] {processor.py:179} INFO - Processing /home/vscode/.local/lib/python3.10/site-packages/airflow/example_dags/example_datasets.py took 0.095 seconds
[2025-07-16T11:07:41.060+0000] {processor.py:157} INFO - Started process (PID=4645) to work on /home/vscode/.local/lib/python3.10/site-packages/airflow/example_dags/example_datasets.py
[2025-07-16T11:07:41.060+0000] {processor.py:826} INFO - Processing file /home/vscode/.local/lib/python3.10/site-packages/airflow/example_dags/example_datasets.py for tasks to queue
[2025-07-16T11:07:41.061+0000] {logging_mixin.py:150} INFO - [2025-07-16T11:07:41.061+0000] {dagbag.py:541} INFO - Filling up the DagBag from /home/vscode/.local/lib/python3.10/site-packages/airflow/example_dags/example_datasets.py
[2025-07-16T11:07:41.068+0000] {processor.py:836} INFO - DAG(s) dict_keys(['dataset_produces_1', 'dataset_consumes_unknown_never_scheduled', 'dataset_consumes_1_and_2', 'dataset_consumes_1', 'dataset_produces_2', 'dataset_consumes_1_never_scheduled']) retrieved from /home/vscode/.local/lib/python3.10/site-packages/airflow/example_dags/example_datasets.py
[2025-07-16T11:07:41.089+0000] {logging_mixin.py:150} INFO - [2025-07-16T11:07:41.089+0000] {dag.py:2742} INFO - Sync 6 DAGs
[2025-07-16T11:07:41.103+0000] {logging_mixin.py:150} INFO - [2025-07-16T11:07:41.103+0000] {dag.py:3504} INFO - Setting next_dagrun for dataset_consumes_1 to None, run_after=None
[2025-07-16T11:07:41.105+0000] {logging_mixin.py:150} INFO - [2025-07-16T11:07:41.105+0000] {dag.py:3504} INFO - Setting next_dagrun for dataset_consumes_1_and_2 to None, run_after=None
[2025-07-16T11:07:41.106+0000] {logging_mixin.py:150} INFO - [2025-07-16T11:07:41.106+0000] {dag.py:3504} INFO - Setting next_dagrun for dataset_consumes_1_never_scheduled to None, run_after=None
[2025-07-16T11:07:41.107+0000] {logging_mixin.py:150} INFO - [2025-07-16T11:07:41.107+0000] {dag.py:3504} INFO - Setting next_dagrun for dataset_consumes_unknown_never_scheduled to None, run_after=None
[2025-07-16T11:07:41.108+0000] {logging_mixin.py:150} INFO - [2025-07-16T11:07:41.108+0000] {dag.py:3504} INFO - Setting next_dagrun for dataset_produces_1 to 2025-07-15T00:00:00+00:00, run_after=2025-07-16T00:00:00+00:00
[2025-07-16T11:07:41.109+0000] {logging_mixin.py:150} INFO - [2025-07-16T11:07:41.109+0000] {dag.py:3504} INFO - Setting next_dagrun for dataset_produces_2 to None, run_after=None
[2025-07-16T11:07:41.130+0000] {processor.py:179} INFO - Processing /home/vscode/.local/lib/python3.10/site-packages/airflow/example_dags/example_datasets.py took 0.073 seconds
[2025-07-16T11:08:26.499+0000] {processor.py:157} INFO - Started process (PID=4969) to work on /home/vscode/.local/lib/python3.10/site-packages/airflow/example_dags/example_datasets.py
[2025-07-16T11:08:26.500+0000] {processor.py:826} INFO - Processing file /home/vscode/.local/lib/python3.10/site-packages/airflow/example_dags/example_datasets.py for tasks to queue
[2025-07-16T11:08:26.501+0000] {logging_mixin.py:150} INFO - [2025-07-16T11:08:26.501+0000] {dagbag.py:541} INFO - Filling up the DagBag from /home/vscode/.local/lib/python3.10/site-packages/airflow/example_dags/example_datasets.py
[2025-07-16T11:08:26.508+0000] {processor.py:836} INFO - DAG(s) dict_keys(['dataset_produces_1', 'dataset_consumes_1_and_2', 'dataset_consumes_1', 'dataset_consumes_unknown_never_scheduled', 'dataset_consumes_1_never_scheduled', 'dataset_produces_2']) retrieved from /home/vscode/.local/lib/python3.10/site-packages/airflow/example_dags/example_datasets.py
[2025-07-16T11:08:26.529+0000] {logging_mixin.py:150} INFO - [2025-07-16T11:08:26.529+0000] {dag.py:2742} INFO - Sync 6 DAGs
[2025-07-16T11:08:26.545+0000] {logging_mixin.py:150} INFO - [2025-07-16T11:08:26.545+0000] {dag.py:3504} INFO - Setting next_dagrun for dataset_consumes_1 to None, run_after=None
[2025-07-16T11:08:26.547+0000] {logging_mixin.py:150} INFO - [2025-07-16T11:08:26.547+0000] {dag.py:3504} INFO - Setting next_dagrun for dataset_consumes_1_and_2 to None, run_after=None
[2025-07-16T11:08:26.548+0000] {logging_mixin.py:150} INFO - [2025-07-16T11:08:26.548+0000] {dag.py:3504} INFO - Setting next_dagrun for dataset_consumes_1_never_scheduled to None, run_after=None
[2025-07-16T11:08:26.549+0000] {logging_mixin.py:150} INFO - [2025-07-16T11:08:26.549+0000] {dag.py:3504} INFO - Setting next_dagrun for dataset_consumes_unknown_never_scheduled to None, run_after=None
[2025-07-16T11:08:26.550+0000] {logging_mixin.py:150} INFO - [2025-07-16T11:08:26.550+0000] {dag.py:3504} INFO - Setting next_dagrun for dataset_produces_1 to 2025-07-15T00:00:00+00:00, run_after=2025-07-16T00:00:00+00:00
[2025-07-16T11:08:26.551+0000] {logging_mixin.py:150} INFO - [2025-07-16T11:08:26.551+0000] {dag.py:3504} INFO - Setting next_dagrun for dataset_produces_2 to None, run_after=None
[2025-07-16T11:08:26.573+0000] {processor.py:179} INFO - Processing /home/vscode/.local/lib/python3.10/site-packages/airflow/example_dags/example_datasets.py took 0.076 seconds
[2025-07-16T11:09:13.874+0000] {processor.py:157} INFO - Started process (PID=5317) to work on /home/vscode/.local/lib/python3.10/site-packages/airflow/example_dags/example_datasets.py
[2025-07-16T11:09:13.875+0000] {processor.py:826} INFO - Processing file /home/vscode/.local/lib/python3.10/site-packages/airflow/example_dags/example_datasets.py for tasks to queue
[2025-07-16T11:09:13.876+0000] {logging_mixin.py:150} INFO - [2025-07-16T11:09:13.875+0000] {dagbag.py:541} INFO - Filling up the DagBag from /home/vscode/.local/lib/python3.10/site-packages/airflow/example_dags/example_datasets.py
[2025-07-16T11:09:13.883+0000] {processor.py:836} INFO - DAG(s) dict_keys(['dataset_consumes_1_never_scheduled', 'dataset_consumes_1_and_2', 'dataset_produces_2', 'dataset_consumes_1', 'dataset_consumes_unknown_never_scheduled', 'dataset_produces_1']) retrieved from /home/vscode/.local/lib/python3.10/site-packages/airflow/example_dags/example_datasets.py
[2025-07-16T11:09:13.905+0000] {logging_mixin.py:150} INFO - [2025-07-16T11:09:13.904+0000] {dag.py:2742} INFO - Sync 6 DAGs
[2025-07-16T11:09:13.920+0000] {logging_mixin.py:150} INFO - [2025-07-16T11:09:13.920+0000] {dag.py:3504} INFO - Setting next_dagrun for dataset_consumes_1 to None, run_after=None
[2025-07-16T11:09:13.922+0000] {logging_mixin.py:150} INFO - [2025-07-16T11:09:13.922+0000] {dag.py:3504} INFO - Setting next_dagrun for dataset_consumes_1_and_2 to None, run_after=None
[2025-07-16T11:09:13.923+0000] {logging_mixin.py:150} INFO - [2025-07-16T11:09:13.923+0000] {dag.py:3504} INFO - Setting next_dagrun for dataset_consumes_1_never_scheduled to None, run_after=None
[2025-07-16T11:09:13.923+0000] {logging_mixin.py:150} INFO - [2025-07-16T11:09:13.923+0000] {dag.py:3504} INFO - Setting next_dagrun for dataset_consumes_unknown_never_scheduled to None, run_after=None
[2025-07-16T11:09:13.925+0000] {logging_mixin.py:150} INFO - [2025-07-16T11:09:13.925+0000] {dag.py:3504} INFO - Setting next_dagrun for dataset_produces_1 to 2025-07-15T00:00:00+00:00, run_after=2025-07-16T00:00:00+00:00
[2025-07-16T11:09:13.926+0000] {logging_mixin.py:150} INFO - [2025-07-16T11:09:13.926+0000] {dag.py:3504} INFO - Setting next_dagrun for dataset_produces_2 to None, run_after=None
[2025-07-16T11:09:13.946+0000] {processor.py:179} INFO - Processing /home/vscode/.local/lib/python3.10/site-packages/airflow/example_dags/example_datasets.py took 0.075 seconds
[2025-07-16T11:10:05.169+0000] {processor.py:157} INFO - Started process (PID=5697) to work on /home/vscode/.local/lib/python3.10/site-packages/airflow/example_dags/example_datasets.py
[2025-07-16T11:10:05.170+0000] {processor.py:826} INFO - Processing file /home/vscode/.local/lib/python3.10/site-packages/airflow/example_dags/example_datasets.py for tasks to queue
[2025-07-16T11:10:05.170+0000] {logging_mixin.py:150} INFO - [2025-07-16T11:10:05.170+0000] {dagbag.py:541} INFO - Filling up the DagBag from /home/vscode/.local/lib/python3.10/site-packages/airflow/example_dags/example_datasets.py
[2025-07-16T11:10:05.178+0000] {processor.py:836} INFO - DAG(s) dict_keys(['dataset_consumes_1_and_2', 'dataset_consumes_unknown_never_scheduled', 'dataset_consumes_1_never_scheduled', 'dataset_produces_1', 'dataset_produces_2', 'dataset_consumes_1']) retrieved from /home/vscode/.local/lib/python3.10/site-packages/airflow/example_dags/example_datasets.py
[2025-07-16T11:10:05.199+0000] {logging_mixin.py:150} INFO - [2025-07-16T11:10:05.199+0000] {dag.py:2742} INFO - Sync 6 DAGs
[2025-07-16T11:10:05.214+0000] {logging_mixin.py:150} INFO - [2025-07-16T11:10:05.214+0000] {dag.py:3504} INFO - Setting next_dagrun for dataset_consumes_1 to None, run_after=None
[2025-07-16T11:10:05.217+0000] {logging_mixin.py:150} INFO - [2025-07-16T11:10:05.216+0000] {dag.py:3504} INFO - Setting next_dagrun for dataset_consumes_1_and_2 to None, run_after=None
[2025-07-16T11:10:05.217+0000] {logging_mixin.py:150} INFO - [2025-07-16T11:10:05.217+0000] {dag.py:3504} INFO - Setting next_dagrun for dataset_consumes_1_never_scheduled to None, run_after=None
[2025-07-16T11:10:05.218+0000] {logging_mixin.py:150} INFO - [2025-07-16T11:10:05.218+0000] {dag.py:3504} INFO - Setting next_dagrun for dataset_consumes_unknown_never_scheduled to None, run_after=None
[2025-07-16T11:10:05.220+0000] {logging_mixin.py:150} INFO - [2025-07-16T11:10:05.220+0000] {dag.py:3504} INFO - Setting next_dagrun for dataset_produces_1 to 2025-07-15T00:00:00+00:00, run_after=2025-07-16T00:00:00+00:00
[2025-07-16T11:10:05.220+0000] {logging_mixin.py:150} INFO - [2025-07-16T11:10:05.220+0000] {dag.py:3504} INFO - Setting next_dagrun for dataset_produces_2 to None, run_after=None
[2025-07-16T11:10:05.242+0000] {processor.py:179} INFO - Processing /home/vscode/.local/lib/python3.10/site-packages/airflow/example_dags/example_datasets.py took 0.076 seconds
[2025-07-16T11:10:50.760+0000] {processor.py:157} INFO - Started process (PID=6047) to work on /home/vscode/.local/lib/python3.10/site-packages/airflow/example_dags/example_datasets.py
[2025-07-16T11:10:50.761+0000] {processor.py:826} INFO - Processing file /home/vscode/.local/lib/python3.10/site-packages/airflow/example_dags/example_datasets.py for tasks to queue
[2025-07-16T11:10:50.762+0000] {logging_mixin.py:150} INFO - [2025-07-16T11:10:50.761+0000] {dagbag.py:541} INFO - Filling up the DagBag from /home/vscode/.local/lib/python3.10/site-packages/airflow/example_dags/example_datasets.py
[2025-07-16T11:10:50.769+0000] {processor.py:836} INFO - DAG(s) dict_keys(['dataset_consumes_1', 'dataset_produces_2', 'dataset_consumes_unknown_never_scheduled', 'dataset_produces_1', 'dataset_consumes_1_and_2', 'dataset_consumes_1_never_scheduled']) retrieved from /home/vscode/.local/lib/python3.10/site-packages/airflow/example_dags/example_datasets.py
[2025-07-16T11:10:50.791+0000] {logging_mixin.py:150} INFO - [2025-07-16T11:10:50.791+0000] {dag.py:2742} INFO - Sync 6 DAGs
[2025-07-16T11:10:50.805+0000] {logging_mixin.py:150} INFO - [2025-07-16T11:10:50.805+0000] {dag.py:3504} INFO - Setting next_dagrun for dataset_consumes_1 to None, run_after=None
[2025-07-16T11:10:50.808+0000] {logging_mixin.py:150} INFO - [2025-07-16T11:10:50.808+0000] {dag.py:3504} INFO - Setting next_dagrun for dataset_consumes_1_and_2 to None, run_after=None
[2025-07-16T11:10:50.809+0000] {logging_mixin.py:150} INFO - [2025-07-16T11:10:50.809+0000] {dag.py:3504} INFO - Setting next_dagrun for dataset_consumes_1_never_scheduled to None, run_after=None
[2025-07-16T11:10:50.809+0000] {logging_mixin.py:150} INFO - [2025-07-16T11:10:50.809+0000] {dag.py:3504} INFO - Setting next_dagrun for dataset_consumes_unknown_never_scheduled to None, run_after=None
[2025-07-16T11:10:50.811+0000] {logging_mixin.py:150} INFO - [2025-07-16T11:10:50.811+0000] {dag.py:3504} INFO - Setting next_dagrun for dataset_produces_1 to 2025-07-15T00:00:00+00:00, run_after=2025-07-16T00:00:00+00:00
[2025-07-16T11:10:50.812+0000] {logging_mixin.py:150} INFO - [2025-07-16T11:10:50.812+0000] {dag.py:3504} INFO - Setting next_dagrun for dataset_produces_2 to None, run_after=None
[2025-07-16T11:10:50.833+0000] {processor.py:179} INFO - Processing /home/vscode/.local/lib/python3.10/site-packages/airflow/example_dags/example_datasets.py took 0.075 seconds
[2025-07-16T11:11:38.062+0000] {processor.py:157} INFO - Started process (PID=6389) to work on /home/vscode/.local/lib/python3.10/site-packages/airflow/example_dags/example_datasets.py
[2025-07-16T11:11:38.063+0000] {processor.py:826} INFO - Processing file /home/vscode/.local/lib/python3.10/site-packages/airflow/example_dags/example_datasets.py for tasks to queue
[2025-07-16T11:11:38.064+0000] {logging_mixin.py:150} INFO - [2025-07-16T11:11:38.064+0000] {dagbag.py:541} INFO - Filling up the DagBag from /home/vscode/.local/lib/python3.10/site-packages/airflow/example_dags/example_datasets.py
[2025-07-16T11:11:38.071+0000] {processor.py:836} INFO - DAG(s) dict_keys(['dataset_consumes_1', 'dataset_consumes_1_and_2', 'dataset_consumes_unknown_never_scheduled', 'dataset_produces_1', 'dataset_consumes_1_never_scheduled', 'dataset_produces_2']) retrieved from /home/vscode/.local/lib/python3.10/site-packages/airflow/example_dags/example_datasets.py
[2025-07-16T11:11:38.093+0000] {logging_mixin.py:150} INFO - [2025-07-16T11:11:38.093+0000] {dag.py:2742} INFO - Sync 6 DAGs
[2025-07-16T11:11:38.108+0000] {logging_mixin.py:150} INFO - [2025-07-16T11:11:38.108+0000] {dag.py:3504} INFO - Setting next_dagrun for dataset_consumes_1 to None, run_after=None
[2025-07-16T11:11:38.110+0000] {logging_mixin.py:150} INFO - [2025-07-16T11:11:38.110+0000] {dag.py:3504} INFO - Setting next_dagrun for dataset_consumes_1_and_2 to None, run_after=None
[2025-07-16T11:11:38.111+0000] {logging_mixin.py:150} INFO - [2025-07-16T11:11:38.111+0000] {dag.py:3504} INFO - Setting next_dagrun for dataset_consumes_1_never_scheduled to None, run_after=None
[2025-07-16T11:11:38.111+0000] {logging_mixin.py:150} INFO - [2025-07-16T11:11:38.111+0000] {dag.py:3504} INFO - Setting next_dagrun for dataset_consumes_unknown_never_scheduled to None, run_after=None
[2025-07-16T11:11:38.113+0000] {logging_mixin.py:150} INFO - [2025-07-16T11:11:38.113+0000] {dag.py:3504} INFO - Setting next_dagrun for dataset_produces_1 to 2025-07-15T00:00:00+00:00, run_after=2025-07-16T00:00:00+00:00
[2025-07-16T11:11:38.114+0000] {logging_mixin.py:150} INFO - [2025-07-16T11:11:38.114+0000] {dag.py:3504} INFO - Setting next_dagrun for dataset_produces_2 to None, run_after=None
[2025-07-16T11:11:38.135+0000] {processor.py:179} INFO - Processing /home/vscode/.local/lib/python3.10/site-packages/airflow/example_dags/example_datasets.py took 0.075 seconds
[2025-07-16T11:12:23.340+0000] {processor.py:157} INFO - Started process (PID=6727) to work on /home/vscode/.local/lib/python3.10/site-packages/airflow/example_dags/example_datasets.py
[2025-07-16T11:12:23.341+0000] {processor.py:826} INFO - Processing file /home/vscode/.local/lib/python3.10/site-packages/airflow/example_dags/example_datasets.py for tasks to queue
[2025-07-16T11:12:23.342+0000] {logging_mixin.py:150} INFO - [2025-07-16T11:12:23.342+0000] {dagbag.py:541} INFO - Filling up the DagBag from /home/vscode/.local/lib/python3.10/site-packages/airflow/example_dags/example_datasets.py
[2025-07-16T11:12:23.349+0000] {processor.py:836} INFO - DAG(s) dict_keys(['dataset_produces_1', 'dataset_consumes_1_and_2', 'dataset_consumes_unknown_never_scheduled', 'dataset_produces_2', 'dataset_consumes_1', 'dataset_consumes_1_never_scheduled']) retrieved from /home/vscode/.local/lib/python3.10/site-packages/airflow/example_dags/example_datasets.py
[2025-07-16T11:12:23.370+0000] {logging_mixin.py:150} INFO - [2025-07-16T11:12:23.370+0000] {dag.py:2742} INFO - Sync 6 DAGs
[2025-07-16T11:12:23.386+0000] {logging_mixin.py:150} INFO - [2025-07-16T11:12:23.385+0000] {dag.py:3504} INFO - Setting next_dagrun for dataset_consumes_1 to None, run_after=None
[2025-07-16T11:12:23.388+0000] {logging_mixin.py:150} INFO - [2025-07-16T11:12:23.388+0000] {dag.py:3504} INFO - Setting next_dagrun for dataset_consumes_1_and_2 to None, run_after=None
[2025-07-16T11:12:23.389+0000] {logging_mixin.py:150} INFO - [2025-07-16T11:12:23.388+0000] {dag.py:3504} INFO - Setting next_dagrun for dataset_consumes_1_never_scheduled to None, run_after=None
[2025-07-16T11:12:23.389+0000] {logging_mixin.py:150} INFO - [2025-07-16T11:12:23.389+0000] {dag.py:3504} INFO - Setting next_dagrun for dataset_consumes_unknown_never_scheduled to None, run_after=None
[2025-07-16T11:12:23.391+0000] {logging_mixin.py:150} INFO - [2025-07-16T11:12:23.391+0000] {dag.py:3504} INFO - Setting next_dagrun for dataset_produces_1 to 2025-07-15T00:00:00+00:00, run_after=2025-07-16T00:00:00+00:00
[2025-07-16T11:12:23.392+0000] {logging_mixin.py:150} INFO - [2025-07-16T11:12:23.392+0000] {dag.py:3504} INFO - Setting next_dagrun for dataset_produces_2 to None, run_after=None
[2025-07-16T11:12:23.414+0000] {processor.py:179} INFO - Processing /home/vscode/.local/lib/python3.10/site-packages/airflow/example_dags/example_datasets.py took 0.076 seconds
[2025-07-16T11:13:10.336+0000] {processor.py:157} INFO - Started process (PID=7080) to work on /home/vscode/.local/lib/python3.10/site-packages/airflow/example_dags/example_datasets.py
[2025-07-16T11:13:10.336+0000] {processor.py:826} INFO - Processing file /home/vscode/.local/lib/python3.10/site-packages/airflow/example_dags/example_datasets.py for tasks to queue
[2025-07-16T11:13:10.337+0000] {logging_mixin.py:150} INFO - [2025-07-16T11:13:10.337+0000] {dagbag.py:541} INFO - Filling up the DagBag from /home/vscode/.local/lib/python3.10/site-packages/airflow/example_dags/example_datasets.py
[2025-07-16T11:13:10.344+0000] {processor.py:836} INFO - DAG(s) dict_keys(['dataset_consumes_1', 'dataset_consumes_1_and_2', 'dataset_consumes_1_never_scheduled', 'dataset_produces_1', 'dataset_produces_2', 'dataset_consumes_unknown_never_scheduled']) retrieved from /home/vscode/.local/lib/python3.10/site-packages/airflow/example_dags/example_datasets.py
[2025-07-16T11:13:10.366+0000] {logging_mixin.py:150} INFO - [2025-07-16T11:13:10.366+0000] {dag.py:2742} INFO - Sync 6 DAGs
[2025-07-16T11:13:10.381+0000] {logging_mixin.py:150} INFO - [2025-07-16T11:13:10.381+0000] {dag.py:3504} INFO - Setting next_dagrun for dataset_consumes_1 to None, run_after=None
[2025-07-16T11:13:10.384+0000] {logging_mixin.py:150} INFO - [2025-07-16T11:13:10.384+0000] {dag.py:3504} INFO - Setting next_dagrun for dataset_consumes_1_and_2 to None, run_after=None
[2025-07-16T11:13:10.385+0000] {logging_mixin.py:150} INFO - [2025-07-16T11:13:10.385+0000] {dag.py:3504} INFO - Setting next_dagrun for dataset_consumes_1_never_scheduled to None, run_after=None
[2025-07-16T11:13:10.385+0000] {logging_mixin.py:150} INFO - [2025-07-16T11:13:10.385+0000] {dag.py:3504} INFO - Setting next_dagrun for dataset_consumes_unknown_never_scheduled to None, run_after=None
[2025-07-16T11:13:10.388+0000] {logging_mixin.py:150} INFO - [2025-07-16T11:13:10.388+0000] {dag.py:3504} INFO - Setting next_dagrun for dataset_produces_1 to 2025-07-15T00:00:00+00:00, run_after=2025-07-16T00:00:00+00:00
[2025-07-16T11:13:10.389+0000] {logging_mixin.py:150} INFO - [2025-07-16T11:13:10.389+0000] {dag.py:3504} INFO - Setting next_dagrun for dataset_produces_2 to None, run_after=None
[2025-07-16T11:13:10.410+0000] {processor.py:179} INFO - Processing /home/vscode/.local/lib/python3.10/site-packages/airflow/example_dags/example_datasets.py took 0.077 seconds
[2025-07-16T11:14:00.145+0000] {processor.py:157} INFO - Started process (PID=7487) to work on /home/vscode/.local/lib/python3.10/site-packages/airflow/example_dags/example_datasets.py
[2025-07-16T11:14:00.146+0000] {processor.py:826} INFO - Processing file /home/vscode/.local/lib/python3.10/site-packages/airflow/example_dags/example_datasets.py for tasks to queue
[2025-07-16T11:14:00.147+0000] {logging_mixin.py:150} INFO - [2025-07-16T11:14:00.147+0000] {dagbag.py:541} INFO - Filling up the DagBag from /home/vscode/.local/lib/python3.10/site-packages/airflow/example_dags/example_datasets.py
[2025-07-16T11:14:00.154+0000] {processor.py:836} INFO - DAG(s) dict_keys(['dataset_consumes_unknown_never_scheduled', 'dataset_produces_2', 'dataset_produces_1', 'dataset_consumes_1_never_scheduled', 'dataset_consumes_1_and_2', 'dataset_consumes_1']) retrieved from /home/vscode/.local/lib/python3.10/site-packages/airflow/example_dags/example_datasets.py
[2025-07-16T11:14:00.177+0000] {logging_mixin.py:150} INFO - [2025-07-16T11:14:00.176+0000] {dag.py:2742} INFO - Sync 6 DAGs
[2025-07-16T11:14:00.192+0000] {logging_mixin.py:150} INFO - [2025-07-16T11:14:00.192+0000] {dag.py:3504} INFO - Setting next_dagrun for dataset_consumes_1 to None, run_after=None
[2025-07-16T11:14:00.194+0000] {logging_mixin.py:150} INFO - [2025-07-16T11:14:00.194+0000] {dag.py:3504} INFO - Setting next_dagrun for dataset_consumes_1_and_2 to None, run_after=None
[2025-07-16T11:14:00.195+0000] {logging_mixin.py:150} INFO - [2025-07-16T11:14:00.195+0000] {dag.py:3504} INFO - Setting next_dagrun for dataset_consumes_1_never_scheduled to None, run_after=None
[2025-07-16T11:14:00.196+0000] {logging_mixin.py:150} INFO - [2025-07-16T11:14:00.196+0000] {dag.py:3504} INFO - Setting next_dagrun for dataset_consumes_unknown_never_scheduled to None, run_after=None
[2025-07-16T11:14:00.198+0000] {logging_mixin.py:150} INFO - [2025-07-16T11:14:00.198+0000] {dag.py:3504} INFO - Setting next_dagrun for dataset_produces_1 to 2025-07-15T00:00:00+00:00, run_after=2025-07-16T00:00:00+00:00
[2025-07-16T11:14:00.199+0000] {logging_mixin.py:150} INFO - [2025-07-16T11:14:00.199+0000] {dag.py:3504} INFO - Setting next_dagrun for dataset_produces_2 to None, run_after=None
[2025-07-16T11:14:00.220+0000] {processor.py:179} INFO - Processing /home/vscode/.local/lib/python3.10/site-packages/airflow/example_dags/example_datasets.py took 0.077 seconds
[2025-07-16T11:14:49.158+0000] {processor.py:157} INFO - Started process (PID=7949) to work on /home/vscode/.local/lib/python3.10/site-packages/airflow/example_dags/example_datasets.py
[2025-07-16T11:14:49.159+0000] {processor.py:826} INFO - Processing file /home/vscode/.local/lib/python3.10/site-packages/airflow/example_dags/example_datasets.py for tasks to queue
[2025-07-16T11:14:49.160+0000] {logging_mixin.py:150} INFO - [2025-07-16T11:14:49.160+0000] {dagbag.py:541} INFO - Filling up the DagBag from /home/vscode/.local/lib/python3.10/site-packages/airflow/example_dags/example_datasets.py
[2025-07-16T11:14:49.168+0000] {processor.py:836} INFO - DAG(s) dict_keys(['dataset_consumes_unknown_never_scheduled', 'dataset_consumes_1_and_2', 'dataset_consumes_1_never_scheduled', 'dataset_produces_2', 'dataset_consumes_1', 'dataset_produces_1']) retrieved from /home/vscode/.local/lib/python3.10/site-packages/airflow/example_dags/example_datasets.py
[2025-07-16T11:14:49.194+0000] {logging_mixin.py:150} INFO - [2025-07-16T11:14:49.194+0000] {dag.py:2742} INFO - Sync 6 DAGs
[2025-07-16T11:14:49.212+0000] {logging_mixin.py:150} INFO - [2025-07-16T11:14:49.212+0000] {dag.py:3504} INFO - Setting next_dagrun for dataset_consumes_1 to None, run_after=None
[2025-07-16T11:14:49.215+0000] {logging_mixin.py:150} INFO - [2025-07-16T11:14:49.214+0000] {dag.py:3504} INFO - Setting next_dagrun for dataset_consumes_1_and_2 to None, run_after=None
[2025-07-16T11:14:49.215+0000] {logging_mixin.py:150} INFO - [2025-07-16T11:14:49.215+0000] {dag.py:3504} INFO - Setting next_dagrun for dataset_consumes_1_never_scheduled to None, run_after=None
[2025-07-16T11:14:49.216+0000] {logging_mixin.py:150} INFO - [2025-07-16T11:14:49.216+0000] {dag.py:3504} INFO - Setting next_dagrun for dataset_consumes_unknown_never_scheduled to None, run_after=None
[2025-07-16T11:14:49.218+0000] {logging_mixin.py:150} INFO - [2025-07-16T11:14:49.218+0000] {dag.py:3504} INFO - Setting next_dagrun for dataset_produces_1 to 2025-07-15T00:00:00+00:00, run_after=2025-07-16T00:00:00+00:00
[2025-07-16T11:14:49.219+0000] {logging_mixin.py:150} INFO - [2025-07-16T11:14:49.218+0000] {dag.py:3504} INFO - Setting next_dagrun for dataset_produces_2 to None, run_after=None
[2025-07-16T11:14:49.241+0000] {processor.py:179} INFO - Processing /home/vscode/.local/lib/python3.10/site-packages/airflow/example_dags/example_datasets.py took 0.085 seconds
[2025-07-16T11:15:38.901+0000] {processor.py:157} INFO - Started process (PID=8440) to work on /home/vscode/.local/lib/python3.10/site-packages/airflow/example_dags/example_datasets.py
[2025-07-16T11:15:38.901+0000] {processor.py:826} INFO - Processing file /home/vscode/.local/lib/python3.10/site-packages/airflow/example_dags/example_datasets.py for tasks to queue
[2025-07-16T11:15:38.902+0000] {logging_mixin.py:150} INFO - [2025-07-16T11:15:38.902+0000] {dagbag.py:541} INFO - Filling up the DagBag from /home/vscode/.local/lib/python3.10/site-packages/airflow/example_dags/example_datasets.py
[2025-07-16T11:15:38.910+0000] {processor.py:836} INFO - DAG(s) dict_keys(['dataset_consumes_1_and_2', 'dataset_consumes_1_never_scheduled', 'dataset_produces_2', 'dataset_consumes_1', 'dataset_consumes_unknown_never_scheduled', 'dataset_produces_1']) retrieved from /home/vscode/.local/lib/python3.10/site-packages/airflow/example_dags/example_datasets.py
[2025-07-16T11:15:38.930+0000] {logging_mixin.py:150} INFO - [2025-07-16T11:15:38.930+0000] {dag.py:2742} INFO - Sync 6 DAGs
[2025-07-16T11:15:38.945+0000] {logging_mixin.py:150} INFO - [2025-07-16T11:15:38.945+0000] {dag.py:3504} INFO - Setting next_dagrun for dataset_consumes_1 to None, run_after=None
[2025-07-16T11:15:38.947+0000] {logging_mixin.py:150} INFO - [2025-07-16T11:15:38.947+0000] {dag.py:3504} INFO - Setting next_dagrun for dataset_consumes_1_and_2 to None, run_after=None
[2025-07-16T11:15:38.948+0000] {logging_mixin.py:150} INFO - [2025-07-16T11:15:38.948+0000] {dag.py:3504} INFO - Setting next_dagrun for dataset_consumes_1_never_scheduled to None, run_after=None
[2025-07-16T11:15:38.949+0000] {logging_mixin.py:150} INFO - [2025-07-16T11:15:38.948+0000] {dag.py:3504} INFO - Setting next_dagrun for dataset_consumes_unknown_never_scheduled to None, run_after=None
[2025-07-16T11:15:38.950+0000] {logging_mixin.py:150} INFO - [2025-07-16T11:15:38.950+0000] {dag.py:3504} INFO - Setting next_dagrun for dataset_produces_1 to 2025-07-15T00:00:00+00:00, run_after=2025-07-16T00:00:00+00:00
[2025-07-16T11:15:38.951+0000] {logging_mixin.py:150} INFO - [2025-07-16T11:15:38.951+0000] {dag.py:3504} INFO - Setting next_dagrun for dataset_produces_2 to None, run_after=None
[2025-07-16T11:15:38.973+0000] {processor.py:179} INFO - Processing /home/vscode/.local/lib/python3.10/site-packages/airflow/example_dags/example_datasets.py took 0.075 seconds
[2025-07-16T11:16:25.825+0000] {processor.py:157} INFO - Started process (PID=8990) to work on /home/vscode/.local/lib/python3.10/site-packages/airflow/example_dags/example_datasets.py
[2025-07-16T11:16:25.826+0000] {processor.py:826} INFO - Processing file /home/vscode/.local/lib/python3.10/site-packages/airflow/example_dags/example_datasets.py for tasks to queue
[2025-07-16T11:16:25.827+0000] {logging_mixin.py:150} INFO - [2025-07-16T11:16:25.826+0000] {dagbag.py:541} INFO - Filling up the DagBag from /home/vscode/.local/lib/python3.10/site-packages/airflow/example_dags/example_datasets.py
[2025-07-16T11:16:25.834+0000] {processor.py:836} INFO - DAG(s) dict_keys(['dataset_consumes_1', 'dataset_produces_1', 'dataset_consumes_1_never_scheduled', 'dataset_consumes_1_and_2', 'dataset_consumes_unknown_never_scheduled', 'dataset_produces_2']) retrieved from /home/vscode/.local/lib/python3.10/site-packages/airflow/example_dags/example_datasets.py
[2025-07-16T11:16:25.854+0000] {logging_mixin.py:150} INFO - [2025-07-16T11:16:25.854+0000] {dag.py:2742} INFO - Sync 6 DAGs
[2025-07-16T11:16:25.877+0000] {logging_mixin.py:150} INFO - [2025-07-16T11:16:25.877+0000] {dag.py:3504} INFO - Setting next_dagrun for dataset_consumes_1 to None, run_after=None
[2025-07-16T11:16:25.881+0000] {logging_mixin.py:150} INFO - [2025-07-16T11:16:25.881+0000] {dag.py:3504} INFO - Setting next_dagrun for dataset_consumes_1_and_2 to None, run_after=None
[2025-07-16T11:16:25.882+0000] {logging_mixin.py:150} INFO - [2025-07-16T11:16:25.882+0000] {dag.py:3504} INFO - Setting next_dagrun for dataset_consumes_1_never_scheduled to None, run_after=None
[2025-07-16T11:16:25.883+0000] {logging_mixin.py:150} INFO - [2025-07-16T11:16:25.883+0000] {dag.py:3504} INFO - Setting next_dagrun for dataset_consumes_unknown_never_scheduled to None, run_after=None
[2025-07-16T11:16:25.887+0000] {logging_mixin.py:150} INFO - [2025-07-16T11:16:25.887+0000] {dag.py:3504} INFO - Setting next_dagrun for dataset_produces_1 to 2025-07-15T00:00:00+00:00, run_after=2025-07-16T00:00:00+00:00
[2025-07-16T11:16:25.888+0000] {logging_mixin.py:150} INFO - [2025-07-16T11:16:25.888+0000] {dag.py:3504} INFO - Setting next_dagrun for dataset_produces_2 to None, run_after=None
[2025-07-16T11:16:25.913+0000] {processor.py:179} INFO - Processing /home/vscode/.local/lib/python3.10/site-packages/airflow/example_dags/example_datasets.py took 0.090 seconds
[2025-07-16T11:17:17.254+0000] {processor.py:157} INFO - Started process (PID=9537) to work on /home/vscode/.local/lib/python3.10/site-packages/airflow/example_dags/example_datasets.py
[2025-07-16T11:17:17.255+0000] {processor.py:826} INFO - Processing file /home/vscode/.local/lib/python3.10/site-packages/airflow/example_dags/example_datasets.py for tasks to queue
[2025-07-16T11:17:17.256+0000] {logging_mixin.py:150} INFO - [2025-07-16T11:17:17.256+0000] {dagbag.py:541} INFO - Filling up the DagBag from /home/vscode/.local/lib/python3.10/site-packages/airflow/example_dags/example_datasets.py
[2025-07-16T11:17:17.263+0000] {processor.py:836} INFO - DAG(s) dict_keys(['dataset_produces_2', 'dataset_consumes_unknown_never_scheduled', 'dataset_consumes_1', 'dataset_consumes_1_never_scheduled', 'dataset_produces_1', 'dataset_consumes_1_and_2']) retrieved from /home/vscode/.local/lib/python3.10/site-packages/airflow/example_dags/example_datasets.py
[2025-07-16T11:17:17.286+0000] {logging_mixin.py:150} INFO - [2025-07-16T11:17:17.285+0000] {dag.py:2742} INFO - Sync 6 DAGs
[2025-07-16T11:17:17.301+0000] {logging_mixin.py:150} INFO - [2025-07-16T11:17:17.301+0000] {dag.py:3504} INFO - Setting next_dagrun for dataset_consumes_1 to None, run_after=None
[2025-07-16T11:17:17.303+0000] {logging_mixin.py:150} INFO - [2025-07-16T11:17:17.303+0000] {dag.py:3504} INFO - Setting next_dagrun for dataset_consumes_1_and_2 to None, run_after=None
[2025-07-16T11:17:17.304+0000] {logging_mixin.py:150} INFO - [2025-07-16T11:17:17.304+0000] {dag.py:3504} INFO - Setting next_dagrun for dataset_consumes_1_never_scheduled to None, run_after=None
[2025-07-16T11:17:17.304+0000] {logging_mixin.py:150} INFO - [2025-07-16T11:17:17.304+0000] {dag.py:3504} INFO - Setting next_dagrun for dataset_consumes_unknown_never_scheduled to None, run_after=None
[2025-07-16T11:17:17.306+0000] {logging_mixin.py:150} INFO - [2025-07-16T11:17:17.306+0000] {dag.py:3504} INFO - Setting next_dagrun for dataset_produces_1 to 2025-07-15T00:00:00+00:00, run_after=2025-07-16T00:00:00+00:00
[2025-07-16T11:17:17.307+0000] {logging_mixin.py:150} INFO - [2025-07-16T11:17:17.307+0000] {dag.py:3504} INFO - Setting next_dagrun for dataset_produces_2 to None, run_after=None
[2025-07-16T11:17:17.327+0000] {processor.py:179} INFO - Processing /home/vscode/.local/lib/python3.10/site-packages/airflow/example_dags/example_datasets.py took 0.076 seconds
[2025-07-16T11:18:02.445+0000] {processor.py:157} INFO - Started process (PID=9846) to work on /home/vscode/.local/lib/python3.10/site-packages/airflow/example_dags/example_datasets.py
[2025-07-16T11:18:02.446+0000] {processor.py:826} INFO - Processing file /home/vscode/.local/lib/python3.10/site-packages/airflow/example_dags/example_datasets.py for tasks to queue
[2025-07-16T11:18:02.447+0000] {logging_mixin.py:150} INFO - [2025-07-16T11:18:02.447+0000] {dagbag.py:541} INFO - Filling up the DagBag from /home/vscode/.local/lib/python3.10/site-packages/airflow/example_dags/example_datasets.py
[2025-07-16T11:18:02.454+0000] {processor.py:836} INFO - DAG(s) dict_keys(['dataset_produces_1', 'dataset_produces_2', 'dataset_consumes_1_never_scheduled', 'dataset_consumes_1', 'dataset_consumes_unknown_never_scheduled', 'dataset_consumes_1_and_2']) retrieved from /home/vscode/.local/lib/python3.10/site-packages/airflow/example_dags/example_datasets.py
[2025-07-16T11:18:02.475+0000] {logging_mixin.py:150} INFO - [2025-07-16T11:18:02.475+0000] {dag.py:2742} INFO - Sync 6 DAGs
[2025-07-16T11:18:02.491+0000] {logging_mixin.py:150} INFO - [2025-07-16T11:18:02.491+0000] {dag.py:3504} INFO - Setting next_dagrun for dataset_consumes_1 to None, run_after=None
[2025-07-16T11:18:02.493+0000] {logging_mixin.py:150} INFO - [2025-07-16T11:18:02.493+0000] {dag.py:3504} INFO - Setting next_dagrun for dataset_consumes_1_and_2 to None, run_after=None
[2025-07-16T11:18:02.494+0000] {logging_mixin.py:150} INFO - [2025-07-16T11:18:02.493+0000] {dag.py:3504} INFO - Setting next_dagrun for dataset_consumes_1_never_scheduled to None, run_after=None
[2025-07-16T11:18:02.494+0000] {logging_mixin.py:150} INFO - [2025-07-16T11:18:02.494+0000] {dag.py:3504} INFO - Setting next_dagrun for dataset_consumes_unknown_never_scheduled to None, run_after=None
[2025-07-16T11:18:02.496+0000] {logging_mixin.py:150} INFO - [2025-07-16T11:18:02.496+0000] {dag.py:3504} INFO - Setting next_dagrun for dataset_produces_1 to 2025-07-15T00:00:00+00:00, run_after=2025-07-16T00:00:00+00:00
[2025-07-16T11:18:02.497+0000] {logging_mixin.py:150} INFO - [2025-07-16T11:18:02.497+0000] {dag.py:3504} INFO - Setting next_dagrun for dataset_produces_2 to None, run_after=None
[2025-07-16T11:18:02.518+0000] {processor.py:179} INFO - Processing /home/vscode/.local/lib/python3.10/site-packages/airflow/example_dags/example_datasets.py took 0.075 seconds
[2025-07-16T11:18:49.555+0000] {processor.py:157} INFO - Started process (PID=10162) to work on /home/vscode/.local/lib/python3.10/site-packages/airflow/example_dags/example_datasets.py
[2025-07-16T11:18:49.556+0000] {processor.py:826} INFO - Processing file /home/vscode/.local/lib/python3.10/site-packages/airflow/example_dags/example_datasets.py for tasks to queue
[2025-07-16T11:18:49.557+0000] {logging_mixin.py:150} INFO - [2025-07-16T11:18:49.556+0000] {dagbag.py:541} INFO - Filling up the DagBag from /home/vscode/.local/lib/python3.10/site-packages/airflow/example_dags/example_datasets.py
[2025-07-16T11:18:49.565+0000] {processor.py:836} INFO - DAG(s) dict_keys(['dataset_produces_2', 'dataset_produces_1', 'dataset_consumes_1_never_scheduled', 'dataset_consumes_1', 'dataset_consumes_1_and_2', 'dataset_consumes_unknown_never_scheduled']) retrieved from /home/vscode/.local/lib/python3.10/site-packages/airflow/example_dags/example_datasets.py
[2025-07-16T11:18:49.588+0000] {logging_mixin.py:150} INFO - [2025-07-16T11:18:49.587+0000] {dag.py:2742} INFO - Sync 6 DAGs
[2025-07-16T11:18:49.603+0000] {logging_mixin.py:150} INFO - [2025-07-16T11:18:49.603+0000] {dag.py:3504} INFO - Setting next_dagrun for dataset_consumes_1 to None, run_after=None
[2025-07-16T11:18:49.605+0000] {logging_mixin.py:150} INFO - [2025-07-16T11:18:49.605+0000] {dag.py:3504} INFO - Setting next_dagrun for dataset_consumes_1_and_2 to None, run_after=None
[2025-07-16T11:18:49.606+0000] {logging_mixin.py:150} INFO - [2025-07-16T11:18:49.606+0000] {dag.py:3504} INFO - Setting next_dagrun for dataset_consumes_1_never_scheduled to None, run_after=None
[2025-07-16T11:18:49.607+0000] {logging_mixin.py:150} INFO - [2025-07-16T11:18:49.607+0000] {dag.py:3504} INFO - Setting next_dagrun for dataset_consumes_unknown_never_scheduled to None, run_after=None
[2025-07-16T11:18:49.609+0000] {logging_mixin.py:150} INFO - [2025-07-16T11:18:49.608+0000] {dag.py:3504} INFO - Setting next_dagrun for dataset_produces_1 to 2025-07-15T00:00:00+00:00, run_after=2025-07-16T00:00:00+00:00
[2025-07-16T11:18:49.609+0000] {logging_mixin.py:150} INFO - [2025-07-16T11:18:49.609+0000] {dag.py:3504} INFO - Setting next_dagrun for dataset_produces_2 to None, run_after=None
[2025-07-16T11:18:49.631+0000] {processor.py:179} INFO - Processing /home/vscode/.local/lib/python3.10/site-packages/airflow/example_dags/example_datasets.py took 0.078 seconds
[2025-07-16T11:19:42.007+0000] {processor.py:157} INFO - Started process (PID=10511) to work on /home/vscode/.local/lib/python3.10/site-packages/airflow/example_dags/example_datasets.py
[2025-07-16T11:19:42.008+0000] {processor.py:826} INFO - Processing file /home/vscode/.local/lib/python3.10/site-packages/airflow/example_dags/example_datasets.py for tasks to queue
[2025-07-16T11:19:42.009+0000] {logging_mixin.py:150} INFO - [2025-07-16T11:19:42.009+0000] {dagbag.py:541} INFO - Filling up the DagBag from /home/vscode/.local/lib/python3.10/site-packages/airflow/example_dags/example_datasets.py
[2025-07-16T11:19:42.016+0000] {processor.py:836} INFO - DAG(s) dict_keys(['dataset_produces_2', 'dataset_consumes_unknown_never_scheduled', 'dataset_produces_1', 'dataset_consumes_1_never_scheduled', 'dataset_consumes_1_and_2', 'dataset_consumes_1']) retrieved from /home/vscode/.local/lib/python3.10/site-packages/airflow/example_dags/example_datasets.py
[2025-07-16T11:19:42.044+0000] {logging_mixin.py:150} INFO - [2025-07-16T11:19:42.044+0000] {dag.py:2742} INFO - Sync 6 DAGs
[2025-07-16T11:19:42.067+0000] {logging_mixin.py:150} INFO - [2025-07-16T11:19:42.067+0000] {dag.py:3504} INFO - Setting next_dagrun for dataset_consumes_1 to None, run_after=None
[2025-07-16T11:19:42.070+0000] {logging_mixin.py:150} INFO - [2025-07-16T11:19:42.070+0000] {dag.py:3504} INFO - Setting next_dagrun for dataset_consumes_1_and_2 to None, run_after=None
[2025-07-16T11:19:42.071+0000] {logging_mixin.py:150} INFO - [2025-07-16T11:19:42.070+0000] {dag.py:3504} INFO - Setting next_dagrun for dataset_consumes_1_never_scheduled to None, run_after=None
[2025-07-16T11:19:42.071+0000] {logging_mixin.py:150} INFO - [2025-07-16T11:19:42.071+0000] {dag.py:3504} INFO - Setting next_dagrun for dataset_consumes_unknown_never_scheduled to None, run_after=None
[2025-07-16T11:19:42.073+0000] {logging_mixin.py:150} INFO - [2025-07-16T11:19:42.073+0000] {dag.py:3504} INFO - Setting next_dagrun for dataset_produces_1 to 2025-07-15T00:00:00+00:00, run_after=2025-07-16T00:00:00+00:00
[2025-07-16T11:19:42.074+0000] {logging_mixin.py:150} INFO - [2025-07-16T11:19:42.073+0000] {dag.py:3504} INFO - Setting next_dagrun for dataset_produces_2 to None, run_after=None
[2025-07-16T11:19:42.095+0000] {processor.py:179} INFO - Processing /home/vscode/.local/lib/python3.10/site-packages/airflow/example_dags/example_datasets.py took 0.090 seconds
[2025-07-16T11:20:34.480+0000] {processor.py:157} INFO - Started process (PID=10941) to work on /home/vscode/.local/lib/python3.10/site-packages/airflow/example_dags/example_datasets.py
[2025-07-16T11:20:34.482+0000] {processor.py:826} INFO - Processing file /home/vscode/.local/lib/python3.10/site-packages/airflow/example_dags/example_datasets.py for tasks to queue
[2025-07-16T11:20:34.483+0000] {logging_mixin.py:150} INFO - [2025-07-16T11:20:34.483+0000] {dagbag.py:541} INFO - Filling up the DagBag from /home/vscode/.local/lib/python3.10/site-packages/airflow/example_dags/example_datasets.py
[2025-07-16T11:20:34.495+0000] {processor.py:836} INFO - DAG(s) dict_keys(['dataset_consumes_1', 'dataset_consumes_unknown_never_scheduled', 'dataset_produces_1', 'dataset_consumes_1_and_2', 'dataset_consumes_1_never_scheduled', 'dataset_produces_2']) retrieved from /home/vscode/.local/lib/python3.10/site-packages/airflow/example_dags/example_datasets.py
[2025-07-16T11:20:34.538+0000] {logging_mixin.py:150} INFO - [2025-07-16T11:20:34.538+0000] {dag.py:2742} INFO - Sync 6 DAGs
[2025-07-16T11:20:34.573+0000] {logging_mixin.py:150} INFO - [2025-07-16T11:20:34.572+0000] {dag.py:3504} INFO - Setting next_dagrun for dataset_consumes_1 to None, run_after=None
[2025-07-16T11:20:34.582+0000] {logging_mixin.py:150} INFO - [2025-07-16T11:20:34.582+0000] {dag.py:3504} INFO - Setting next_dagrun for dataset_consumes_1_and_2 to None, run_after=None
[2025-07-16T11:20:34.587+0000] {logging_mixin.py:150} INFO - [2025-07-16T11:20:34.587+0000] {dag.py:3504} INFO - Setting next_dagrun for dataset_consumes_1_never_scheduled to None, run_after=None
[2025-07-16T11:20:34.592+0000] {logging_mixin.py:150} INFO - [2025-07-16T11:20:34.592+0000] {dag.py:3504} INFO - Setting next_dagrun for dataset_consumes_unknown_never_scheduled to None, run_after=None
[2025-07-16T11:20:34.597+0000] {logging_mixin.py:150} INFO - [2025-07-16T11:20:34.597+0000] {dag.py:3504} INFO - Setting next_dagrun for dataset_produces_1 to 2025-07-15T00:00:00+00:00, run_after=2025-07-16T00:00:00+00:00
[2025-07-16T11:20:34.599+0000] {logging_mixin.py:150} INFO - [2025-07-16T11:20:34.598+0000] {dag.py:3504} INFO - Setting next_dagrun for dataset_produces_2 to None, run_after=None
[2025-07-16T11:20:34.643+0000] {processor.py:179} INFO - Processing /home/vscode/.local/lib/python3.10/site-packages/airflow/example_dags/example_datasets.py took 0.168 seconds
[2025-07-16T11:21:32.172+0000] {processor.py:157} INFO - Started process (PID=11875) to work on /home/vscode/.local/lib/python3.10/site-packages/airflow/example_dags/example_datasets.py
[2025-07-16T11:21:32.173+0000] {processor.py:826} INFO - Processing file /home/vscode/.local/lib/python3.10/site-packages/airflow/example_dags/example_datasets.py for tasks to queue
[2025-07-16T11:21:32.174+0000] {logging_mixin.py:150} INFO - [2025-07-16T11:21:32.174+0000] {dagbag.py:541} INFO - Filling up the DagBag from /home/vscode/.local/lib/python3.10/site-packages/airflow/example_dags/example_datasets.py
[2025-07-16T11:21:32.182+0000] {processor.py:836} INFO - DAG(s) dict_keys(['dataset_produces_1', 'dataset_consumes_unknown_never_scheduled', 'dataset_consumes_1', 'dataset_consumes_1_never_scheduled', 'dataset_consumes_1_and_2', 'dataset_produces_2']) retrieved from /home/vscode/.local/lib/python3.10/site-packages/airflow/example_dags/example_datasets.py
[2025-07-16T11:21:32.203+0000] {logging_mixin.py:150} INFO - [2025-07-16T11:21:32.203+0000] {dag.py:2742} INFO - Sync 6 DAGs
[2025-07-16T11:21:32.218+0000] {logging_mixin.py:150} INFO - [2025-07-16T11:21:32.218+0000] {dag.py:3504} INFO - Setting next_dagrun for dataset_consumes_1 to None, run_after=None
[2025-07-16T11:21:32.221+0000] {logging_mixin.py:150} INFO - [2025-07-16T11:21:32.221+0000] {dag.py:3504} INFO - Setting next_dagrun for dataset_consumes_1_and_2 to None, run_after=None
[2025-07-16T11:21:32.221+0000] {logging_mixin.py:150} INFO - [2025-07-16T11:21:32.221+0000] {dag.py:3504} INFO - Setting next_dagrun for dataset_consumes_1_never_scheduled to None, run_after=None
[2025-07-16T11:21:32.222+0000] {logging_mixin.py:150} INFO - [2025-07-16T11:21:32.222+0000] {dag.py:3504} INFO - Setting next_dagrun for dataset_consumes_unknown_never_scheduled to None, run_after=None
[2025-07-16T11:21:32.224+0000] {logging_mixin.py:150} INFO - [2025-07-16T11:21:32.224+0000] {dag.py:3504} INFO - Setting next_dagrun for dataset_produces_1 to 2025-07-15T00:00:00+00:00, run_after=2025-07-16T00:00:00+00:00
[2025-07-16T11:21:32.225+0000] {logging_mixin.py:150} INFO - [2025-07-16T11:21:32.224+0000] {dag.py:3504} INFO - Setting next_dagrun for dataset_produces_2 to None, run_after=None
[2025-07-16T11:21:32.244+0000] {processor.py:179} INFO - Processing /home/vscode/.local/lib/python3.10/site-packages/airflow/example_dags/example_datasets.py took 0.075 seconds
