[2025-07-16T11:07:02.207+0000] {processor.py:157} INFO - Started process (PID=4319) to work on /home/vscode/.local/lib/python3.10/site-packages/airflow/example_dags/example_branch_operator.py
[2025-07-16T11:07:02.208+0000] {processor.py:826} INFO - Processing file /home/vscode/.local/lib/python3.10/site-packages/airflow/example_dags/example_branch_operator.py for tasks to queue
[2025-07-16T11:07:02.209+0000] {logging_mixin.py:150} INFO - [2025-07-16T11:07:02.208+0000] {dagbag.py:541} INFO - Filling up the DagBag from /home/vscode/.local/lib/python3.10/site-packages/airflow/example_dags/example_branch_operator.py
[2025-07-16T11:07:02.216+0000] {processor.py:836} INFO - DAG(s) dict_keys(['example_branch_operator']) retrieved from /home/vscode/.local/lib/python3.10/site-packages/airflow/example_dags/example_branch_operator.py
[2025-07-16T11:07:02.232+0000] {logging_mixin.py:150} INFO - [2025-07-16T11:07:02.231+0000] {dag.py:2742} INFO - Sync 1 DAGs
[2025-07-16T11:07:02.246+0000] {logging_mixin.py:150} INFO - [2025-07-16T11:07:02.246+0000] {dag.py:3504} INFO - Setting next_dagrun for example_branch_operator to 2025-07-15T00:00:00+00:00, run_after=2025-07-16T00:00:00+00:00
[2025-07-16T11:07:02.262+0000] {processor.py:179} INFO - Processing /home/vscode/.local/lib/python3.10/site-packages/airflow/example_dags/example_branch_operator.py took 0.058 seconds
[2025-07-16T11:07:50.792+0000] {processor.py:157} INFO - Started process (PID=4726) to work on /home/vscode/.local/lib/python3.10/site-packages/airflow/example_dags/example_branch_operator.py
[2025-07-16T11:07:50.793+0000] {processor.py:826} INFO - Processing file /home/vscode/.local/lib/python3.10/site-packages/airflow/example_dags/example_branch_operator.py for tasks to queue
[2025-07-16T11:07:50.794+0000] {logging_mixin.py:150} INFO - [2025-07-16T11:07:50.793+0000] {dagbag.py:541} INFO - Filling up the DagBag from /home/vscode/.local/lib/python3.10/site-packages/airflow/example_dags/example_branch_operator.py
[2025-07-16T11:07:50.801+0000] {processor.py:836} INFO - DAG(s) dict_keys(['example_branch_operator']) retrieved from /home/vscode/.local/lib/python3.10/site-packages/airflow/example_dags/example_branch_operator.py
[2025-07-16T11:07:50.815+0000] {logging_mixin.py:150} INFO - [2025-07-16T11:07:50.815+0000] {dag.py:2742} INFO - Sync 1 DAGs
[2025-07-16T11:07:50.831+0000] {logging_mixin.py:150} INFO - [2025-07-16T11:07:50.831+0000] {dag.py:3504} INFO - Setting next_dagrun for example_branch_operator to 2025-07-15T00:00:00+00:00, run_after=2025-07-16T00:00:00+00:00
[2025-07-16T11:07:50.846+0000] {processor.py:179} INFO - Processing /home/vscode/.local/lib/python3.10/site-packages/airflow/example_dags/example_branch_operator.py took 0.057 seconds
[2025-07-16T11:08:37.632+0000] {processor.py:157} INFO - Started process (PID=5045) to work on /home/vscode/.local/lib/python3.10/site-packages/airflow/example_dags/example_branch_operator.py
[2025-07-16T11:08:37.633+0000] {processor.py:826} INFO - Processing file /home/vscode/.local/lib/python3.10/site-packages/airflow/example_dags/example_branch_operator.py for tasks to queue
[2025-07-16T11:08:37.634+0000] {logging_mixin.py:150} INFO - [2025-07-16T11:08:37.633+0000] {dagbag.py:541} INFO - Filling up the DagBag from /home/vscode/.local/lib/python3.10/site-packages/airflow/example_dags/example_branch_operator.py
[2025-07-16T11:08:37.644+0000] {processor.py:836} INFO - DAG(s) dict_keys(['example_branch_operator']) retrieved from /home/vscode/.local/lib/python3.10/site-packages/airflow/example_dags/example_branch_operator.py
[2025-07-16T11:08:37.664+0000] {logging_mixin.py:150} INFO - [2025-07-16T11:08:37.664+0000] {dag.py:2742} INFO - Sync 1 DAGs
[2025-07-16T11:08:37.692+0000] {logging_mixin.py:150} INFO - [2025-07-16T11:08:37.692+0000] {dag.py:3504} INFO - Setting next_dagrun for example_branch_operator to 2025-07-15T00:00:00+00:00, run_after=2025-07-16T00:00:00+00:00
[2025-07-16T11:08:37.712+0000] {processor.py:179} INFO - Processing /home/vscode/.local/lib/python3.10/site-packages/airflow/example_dags/example_branch_operator.py took 0.083 seconds
[2025-07-16T11:09:25.319+0000] {processor.py:157} INFO - Started process (PID=5407) to work on /home/vscode/.local/lib/python3.10/site-packages/airflow/example_dags/example_branch_operator.py
[2025-07-16T11:09:25.320+0000] {processor.py:826} INFO - Processing file /home/vscode/.local/lib/python3.10/site-packages/airflow/example_dags/example_branch_operator.py for tasks to queue
[2025-07-16T11:09:25.321+0000] {logging_mixin.py:150} INFO - [2025-07-16T11:09:25.320+0000] {dagbag.py:541} INFO - Filling up the DagBag from /home/vscode/.local/lib/python3.10/site-packages/airflow/example_dags/example_branch_operator.py
[2025-07-16T11:09:25.328+0000] {processor.py:836} INFO - DAG(s) dict_keys(['example_branch_operator']) retrieved from /home/vscode/.local/lib/python3.10/site-packages/airflow/example_dags/example_branch_operator.py
[2025-07-16T11:09:25.343+0000] {logging_mixin.py:150} INFO - [2025-07-16T11:09:25.342+0000] {dag.py:2742} INFO - Sync 1 DAGs
[2025-07-16T11:09:25.359+0000] {logging_mixin.py:150} INFO - [2025-07-16T11:09:25.359+0000] {dag.py:3504} INFO - Setting next_dagrun for example_branch_operator to 2025-07-15T00:00:00+00:00, run_after=2025-07-16T00:00:00+00:00
[2025-07-16T11:09:25.376+0000] {processor.py:179} INFO - Processing /home/vscode/.local/lib/python3.10/site-packages/airflow/example_dags/example_branch_operator.py took 0.059 seconds
[2025-07-16T11:10:16.608+0000] {processor.py:157} INFO - Started process (PID=5778) to work on /home/vscode/.local/lib/python3.10/site-packages/airflow/example_dags/example_branch_operator.py
[2025-07-16T11:10:16.609+0000] {processor.py:826} INFO - Processing file /home/vscode/.local/lib/python3.10/site-packages/airflow/example_dags/example_branch_operator.py for tasks to queue
[2025-07-16T11:10:16.610+0000] {logging_mixin.py:150} INFO - [2025-07-16T11:10:16.609+0000] {dagbag.py:541} INFO - Filling up the DagBag from /home/vscode/.local/lib/python3.10/site-packages/airflow/example_dags/example_branch_operator.py
[2025-07-16T11:10:16.617+0000] {processor.py:836} INFO - DAG(s) dict_keys(['example_branch_operator']) retrieved from /home/vscode/.local/lib/python3.10/site-packages/airflow/example_dags/example_branch_operator.py
[2025-07-16T11:10:16.632+0000] {logging_mixin.py:150} INFO - [2025-07-16T11:10:16.631+0000] {dag.py:2742} INFO - Sync 1 DAGs
[2025-07-16T11:10:16.648+0000] {logging_mixin.py:150} INFO - [2025-07-16T11:10:16.647+0000] {dag.py:3504} INFO - Setting next_dagrun for example_branch_operator to 2025-07-15T00:00:00+00:00, run_after=2025-07-16T00:00:00+00:00
[2025-07-16T11:10:16.664+0000] {processor.py:179} INFO - Processing /home/vscode/.local/lib/python3.10/site-packages/airflow/example_dags/example_branch_operator.py took 0.059 seconds
[2025-07-16T11:11:00.915+0000] {processor.py:157} INFO - Started process (PID=6124) to work on /home/vscode/.local/lib/python3.10/site-packages/airflow/example_dags/example_branch_operator.py
[2025-07-16T11:11:00.916+0000] {processor.py:826} INFO - Processing file /home/vscode/.local/lib/python3.10/site-packages/airflow/example_dags/example_branch_operator.py for tasks to queue
[2025-07-16T11:11:00.917+0000] {logging_mixin.py:150} INFO - [2025-07-16T11:11:00.917+0000] {dagbag.py:541} INFO - Filling up the DagBag from /home/vscode/.local/lib/python3.10/site-packages/airflow/example_dags/example_branch_operator.py
[2025-07-16T11:11:00.925+0000] {processor.py:836} INFO - DAG(s) dict_keys(['example_branch_operator']) retrieved from /home/vscode/.local/lib/python3.10/site-packages/airflow/example_dags/example_branch_operator.py
[2025-07-16T11:11:00.943+0000] {logging_mixin.py:150} INFO - [2025-07-16T11:11:00.942+0000] {dag.py:2742} INFO - Sync 1 DAGs
[2025-07-16T11:11:00.958+0000] {logging_mixin.py:150} INFO - [2025-07-16T11:11:00.958+0000] {dag.py:3504} INFO - Setting next_dagrun for example_branch_operator to 2025-07-15T00:00:00+00:00, run_after=2025-07-16T00:00:00+00:00
[2025-07-16T11:11:00.973+0000] {processor.py:179} INFO - Processing /home/vscode/.local/lib/python3.10/site-packages/airflow/example_dags/example_branch_operator.py took 0.060 seconds
[2025-07-16T11:11:48.198+0000] {processor.py:157} INFO - Started process (PID=6466) to work on /home/vscode/.local/lib/python3.10/site-packages/airflow/example_dags/example_branch_operator.py
[2025-07-16T11:11:48.199+0000] {processor.py:826} INFO - Processing file /home/vscode/.local/lib/python3.10/site-packages/airflow/example_dags/example_branch_operator.py for tasks to queue
[2025-07-16T11:11:48.200+0000] {logging_mixin.py:150} INFO - [2025-07-16T11:11:48.199+0000] {dagbag.py:541} INFO - Filling up the DagBag from /home/vscode/.local/lib/python3.10/site-packages/airflow/example_dags/example_branch_operator.py
[2025-07-16T11:11:48.207+0000] {processor.py:836} INFO - DAG(s) dict_keys(['example_branch_operator']) retrieved from /home/vscode/.local/lib/python3.10/site-packages/airflow/example_dags/example_branch_operator.py
[2025-07-16T11:11:48.221+0000] {logging_mixin.py:150} INFO - [2025-07-16T11:11:48.221+0000] {dag.py:2742} INFO - Sync 1 DAGs
[2025-07-16T11:11:48.237+0000] {logging_mixin.py:150} INFO - [2025-07-16T11:11:48.237+0000] {dag.py:3504} INFO - Setting next_dagrun for example_branch_operator to 2025-07-15T00:00:00+00:00, run_after=2025-07-16T00:00:00+00:00
[2025-07-16T11:11:48.252+0000] {processor.py:179} INFO - Processing /home/vscode/.local/lib/python3.10/site-packages/airflow/example_dags/example_branch_operator.py took 0.057 seconds
[2025-07-16T11:12:30.187+0000] {processor.py:157} INFO - Started process (PID=6772) to work on /home/vscode/.local/lib/python3.10/site-packages/airflow/example_dags/example_branch_operator.py
[2025-07-16T11:12:30.187+0000] {processor.py:826} INFO - Processing file /home/vscode/.local/lib/python3.10/site-packages/airflow/example_dags/example_branch_operator.py for tasks to queue
[2025-07-16T11:12:30.188+0000] {logging_mixin.py:150} INFO - [2025-07-16T11:12:30.188+0000] {dagbag.py:541} INFO - Filling up the DagBag from /home/vscode/.local/lib/python3.10/site-packages/airflow/example_dags/example_branch_operator.py
[2025-07-16T11:12:30.198+0000] {processor.py:836} INFO - DAG(s) dict_keys(['example_branch_operator']) retrieved from /home/vscode/.local/lib/python3.10/site-packages/airflow/example_dags/example_branch_operator.py
[2025-07-16T11:12:30.214+0000] {logging_mixin.py:150} INFO - [2025-07-16T11:12:30.214+0000] {dag.py:2742} INFO - Sync 1 DAGs
[2025-07-16T11:12:30.229+0000] {logging_mixin.py:150} INFO - [2025-07-16T11:12:30.229+0000] {dag.py:3504} INFO - Setting next_dagrun for example_branch_operator to 2025-07-15T00:00:00+00:00, run_after=2025-07-16T00:00:00+00:00
[2025-07-16T11:12:30.244+0000] {processor.py:179} INFO - Processing /home/vscode/.local/lib/python3.10/site-packages/airflow/example_dags/example_branch_operator.py took 0.060 seconds
[2025-07-16T11:13:17.771+0000] {processor.py:157} INFO - Started process (PID=7129) to work on /home/vscode/.local/lib/python3.10/site-packages/airflow/example_dags/example_branch_operator.py
[2025-07-16T11:13:17.772+0000] {processor.py:826} INFO - Processing file /home/vscode/.local/lib/python3.10/site-packages/airflow/example_dags/example_branch_operator.py for tasks to queue
[2025-07-16T11:13:17.772+0000] {logging_mixin.py:150} INFO - [2025-07-16T11:13:17.772+0000] {dagbag.py:541} INFO - Filling up the DagBag from /home/vscode/.local/lib/python3.10/site-packages/airflow/example_dags/example_branch_operator.py
[2025-07-16T11:13:17.780+0000] {processor.py:836} INFO - DAG(s) dict_keys(['example_branch_operator']) retrieved from /home/vscode/.local/lib/python3.10/site-packages/airflow/example_dags/example_branch_operator.py
[2025-07-16T11:13:17.794+0000] {logging_mixin.py:150} INFO - [2025-07-16T11:13:17.794+0000] {dag.py:2742} INFO - Sync 1 DAGs
[2025-07-16T11:13:17.808+0000] {logging_mixin.py:150} INFO - [2025-07-16T11:13:17.808+0000] {dag.py:3504} INFO - Setting next_dagrun for example_branch_operator to 2025-07-15T00:00:00+00:00, run_after=2025-07-16T00:00:00+00:00
[2025-07-16T11:13:17.824+0000] {processor.py:179} INFO - Processing /home/vscode/.local/lib/python3.10/site-packages/airflow/example_dags/example_branch_operator.py took 0.056 seconds
[2025-07-16T11:14:06.857+0000] {processor.py:157} INFO - Started process (PID=7579) to work on /home/vscode/.local/lib/python3.10/site-packages/airflow/example_dags/example_branch_operator.py
[2025-07-16T11:14:06.858+0000] {processor.py:826} INFO - Processing file /home/vscode/.local/lib/python3.10/site-packages/airflow/example_dags/example_branch_operator.py for tasks to queue
[2025-07-16T11:14:06.859+0000] {logging_mixin.py:150} INFO - [2025-07-16T11:14:06.858+0000] {dagbag.py:541} INFO - Filling up the DagBag from /home/vscode/.local/lib/python3.10/site-packages/airflow/example_dags/example_branch_operator.py
[2025-07-16T11:14:06.866+0000] {processor.py:836} INFO - DAG(s) dict_keys(['example_branch_operator']) retrieved from /home/vscode/.local/lib/python3.10/site-packages/airflow/example_dags/example_branch_operator.py
[2025-07-16T11:14:06.881+0000] {logging_mixin.py:150} INFO - [2025-07-16T11:14:06.881+0000] {dag.py:2742} INFO - Sync 1 DAGs
[2025-07-16T11:14:06.896+0000] {logging_mixin.py:150} INFO - [2025-07-16T11:14:06.896+0000] {dag.py:3504} INFO - Setting next_dagrun for example_branch_operator to 2025-07-15T00:00:00+00:00, run_after=2025-07-16T00:00:00+00:00
[2025-07-16T11:14:06.910+0000] {processor.py:179} INFO - Processing /home/vscode/.local/lib/python3.10/site-packages/airflow/example_dags/example_branch_operator.py took 0.056 seconds
[2025-07-16T11:14:56.586+0000] {processor.py:157} INFO - Started process (PID=8015) to work on /home/vscode/.local/lib/python3.10/site-packages/airflow/example_dags/example_branch_operator.py
[2025-07-16T11:14:56.586+0000] {processor.py:826} INFO - Processing file /home/vscode/.local/lib/python3.10/site-packages/airflow/example_dags/example_branch_operator.py for tasks to queue
[2025-07-16T11:14:56.587+0000] {logging_mixin.py:150} INFO - [2025-07-16T11:14:56.587+0000] {dagbag.py:541} INFO - Filling up the DagBag from /home/vscode/.local/lib/python3.10/site-packages/airflow/example_dags/example_branch_operator.py
[2025-07-16T11:14:56.594+0000] {processor.py:836} INFO - DAG(s) dict_keys(['example_branch_operator']) retrieved from /home/vscode/.local/lib/python3.10/site-packages/airflow/example_dags/example_branch_operator.py
[2025-07-16T11:14:56.609+0000] {logging_mixin.py:150} INFO - [2025-07-16T11:14:56.609+0000] {dag.py:2742} INFO - Sync 1 DAGs
[2025-07-16T11:14:56.624+0000] {logging_mixin.py:150} INFO - [2025-07-16T11:14:56.624+0000] {dag.py:3504} INFO - Setting next_dagrun for example_branch_operator to 2025-07-15T00:00:00+00:00, run_after=2025-07-16T00:00:00+00:00
[2025-07-16T11:14:56.639+0000] {processor.py:179} INFO - Processing /home/vscode/.local/lib/python3.10/site-packages/airflow/example_dags/example_branch_operator.py took 0.056 seconds
[2025-07-16T11:15:44.591+0000] {processor.py:157} INFO - Started process (PID=8546) to work on /home/vscode/.local/lib/python3.10/site-packages/airflow/example_dags/example_branch_operator.py
[2025-07-16T11:15:44.591+0000] {processor.py:826} INFO - Processing file /home/vscode/.local/lib/python3.10/site-packages/airflow/example_dags/example_branch_operator.py for tasks to queue
[2025-07-16T11:15:44.592+0000] {logging_mixin.py:150} INFO - [2025-07-16T11:15:44.592+0000] {dagbag.py:541} INFO - Filling up the DagBag from /home/vscode/.local/lib/python3.10/site-packages/airflow/example_dags/example_branch_operator.py
[2025-07-16T11:15:44.600+0000] {processor.py:836} INFO - DAG(s) dict_keys(['example_branch_operator']) retrieved from /home/vscode/.local/lib/python3.10/site-packages/airflow/example_dags/example_branch_operator.py
[2025-07-16T11:15:44.616+0000] {logging_mixin.py:150} INFO - [2025-07-16T11:15:44.616+0000] {dag.py:2742} INFO - Sync 1 DAGs
[2025-07-16T11:15:44.631+0000] {logging_mixin.py:150} INFO - [2025-07-16T11:15:44.631+0000] {dag.py:3504} INFO - Setting next_dagrun for example_branch_operator to 2025-07-15T00:00:00+00:00, run_after=2025-07-16T00:00:00+00:00
[2025-07-16T11:15:44.647+0000] {processor.py:179} INFO - Processing /home/vscode/.local/lib/python3.10/site-packages/airflow/example_dags/example_branch_operator.py took 0.059 seconds
[2025-07-16T11:16:33.276+0000] {processor.py:157} INFO - Started process (PID=9086) to work on /home/vscode/.local/lib/python3.10/site-packages/airflow/example_dags/example_branch_operator.py
[2025-07-16T11:16:33.276+0000] {processor.py:826} INFO - Processing file /home/vscode/.local/lib/python3.10/site-packages/airflow/example_dags/example_branch_operator.py for tasks to queue
[2025-07-16T11:16:33.277+0000] {logging_mixin.py:150} INFO - [2025-07-16T11:16:33.277+0000] {dagbag.py:541} INFO - Filling up the DagBag from /home/vscode/.local/lib/python3.10/site-packages/airflow/example_dags/example_branch_operator.py
[2025-07-16T11:16:33.284+0000] {processor.py:836} INFO - DAG(s) dict_keys(['example_branch_operator']) retrieved from /home/vscode/.local/lib/python3.10/site-packages/airflow/example_dags/example_branch_operator.py
[2025-07-16T11:16:33.298+0000] {logging_mixin.py:150} INFO - [2025-07-16T11:16:33.298+0000] {dag.py:2742} INFO - Sync 1 DAGs
[2025-07-16T11:16:33.313+0000] {logging_mixin.py:150} INFO - [2025-07-16T11:16:33.313+0000] {dag.py:3504} INFO - Setting next_dagrun for example_branch_operator to 2025-07-15T00:00:00+00:00, run_after=2025-07-16T00:00:00+00:00
[2025-07-16T11:16:33.328+0000] {processor.py:179} INFO - Processing /home/vscode/.local/lib/python3.10/site-packages/airflow/example_dags/example_branch_operator.py took 0.055 seconds
[2025-07-16T11:17:24.130+0000] {processor.py:157} INFO - Started process (PID=9591) to work on /home/vscode/.local/lib/python3.10/site-packages/airflow/example_dags/example_branch_operator.py
[2025-07-16T11:17:24.131+0000] {processor.py:826} INFO - Processing file /home/vscode/.local/lib/python3.10/site-packages/airflow/example_dags/example_branch_operator.py for tasks to queue
[2025-07-16T11:17:24.131+0000] {logging_mixin.py:150} INFO - [2025-07-16T11:17:24.131+0000] {dagbag.py:541} INFO - Filling up the DagBag from /home/vscode/.local/lib/python3.10/site-packages/airflow/example_dags/example_branch_operator.py
[2025-07-16T11:17:24.139+0000] {processor.py:836} INFO - DAG(s) dict_keys(['example_branch_operator']) retrieved from /home/vscode/.local/lib/python3.10/site-packages/airflow/example_dags/example_branch_operator.py
[2025-07-16T11:17:24.152+0000] {logging_mixin.py:150} INFO - [2025-07-16T11:17:24.152+0000] {dag.py:2742} INFO - Sync 1 DAGs
[2025-07-16T11:17:24.168+0000] {logging_mixin.py:150} INFO - [2025-07-16T11:17:24.168+0000] {dag.py:3504} INFO - Setting next_dagrun for example_branch_operator to 2025-07-15T00:00:00+00:00, run_after=2025-07-16T00:00:00+00:00
[2025-07-16T11:17:24.184+0000] {processor.py:179} INFO - Processing /home/vscode/.local/lib/python3.10/site-packages/airflow/example_dags/example_branch_operator.py took 0.058 seconds
[2025-07-16T11:18:16.415+0000] {processor.py:157} INFO - Started process (PID=9940) to work on /home/vscode/.local/lib/python3.10/site-packages/airflow/example_dags/example_branch_operator.py
[2025-07-16T11:18:16.416+0000] {processor.py:826} INFO - Processing file /home/vscode/.local/lib/python3.10/site-packages/airflow/example_dags/example_branch_operator.py for tasks to queue
[2025-07-16T11:18:16.417+0000] {logging_mixin.py:150} INFO - [2025-07-16T11:18:16.416+0000] {dagbag.py:541} INFO - Filling up the DagBag from /home/vscode/.local/lib/python3.10/site-packages/airflow/example_dags/example_branch_operator.py
[2025-07-16T11:18:16.424+0000] {processor.py:836} INFO - DAG(s) dict_keys(['example_branch_operator']) retrieved from /home/vscode/.local/lib/python3.10/site-packages/airflow/example_dags/example_branch_operator.py
[2025-07-16T11:18:16.439+0000] {logging_mixin.py:150} INFO - [2025-07-16T11:18:16.439+0000] {dag.py:2742} INFO - Sync 1 DAGs
[2025-07-16T11:18:16.454+0000] {logging_mixin.py:150} INFO - [2025-07-16T11:18:16.454+0000] {dag.py:3504} INFO - Setting next_dagrun for example_branch_operator to 2025-07-15T00:00:00+00:00, run_after=2025-07-16T00:00:00+00:00
[2025-07-16T11:18:16.469+0000] {processor.py:179} INFO - Processing /home/vscode/.local/lib/python3.10/site-packages/airflow/example_dags/example_branch_operator.py took 0.056 seconds
[2025-07-16T11:19:01.866+0000] {processor.py:157} INFO - Started process (PID=10246) to work on /home/vscode/.local/lib/python3.10/site-packages/airflow/example_dags/example_branch_operator.py
[2025-07-16T11:19:01.867+0000] {processor.py:826} INFO - Processing file /home/vscode/.local/lib/python3.10/site-packages/airflow/example_dags/example_branch_operator.py for tasks to queue
[2025-07-16T11:19:01.868+0000] {logging_mixin.py:150} INFO - [2025-07-16T11:19:01.867+0000] {dagbag.py:541} INFO - Filling up the DagBag from /home/vscode/.local/lib/python3.10/site-packages/airflow/example_dags/example_branch_operator.py
[2025-07-16T11:19:01.878+0000] {processor.py:836} INFO - DAG(s) dict_keys(['example_branch_operator']) retrieved from /home/vscode/.local/lib/python3.10/site-packages/airflow/example_dags/example_branch_operator.py
[2025-07-16T11:19:01.899+0000] {logging_mixin.py:150} INFO - [2025-07-16T11:19:01.898+0000] {dag.py:2742} INFO - Sync 1 DAGs
[2025-07-16T11:19:01.923+0000] {logging_mixin.py:150} INFO - [2025-07-16T11:19:01.923+0000] {dag.py:3504} INFO - Setting next_dagrun for example_branch_operator to 2025-07-15T00:00:00+00:00, run_after=2025-07-16T00:00:00+00:00
[2025-07-16T11:19:01.953+0000] {processor.py:179} INFO - Processing /home/vscode/.local/lib/python3.10/site-packages/airflow/example_dags/example_branch_operator.py took 0.090 seconds
[2025-07-16T11:19:56.185+0000] {processor.py:157} INFO - Started process (PID=10616) to work on /home/vscode/.local/lib/python3.10/site-packages/airflow/example_dags/example_branch_operator.py
[2025-07-16T11:19:56.186+0000] {processor.py:826} INFO - Processing file /home/vscode/.local/lib/python3.10/site-packages/airflow/example_dags/example_branch_operator.py for tasks to queue
[2025-07-16T11:19:56.186+0000] {logging_mixin.py:150} INFO - [2025-07-16T11:19:56.186+0000] {dagbag.py:541} INFO - Filling up the DagBag from /home/vscode/.local/lib/python3.10/site-packages/airflow/example_dags/example_branch_operator.py
[2025-07-16T11:19:56.194+0000] {processor.py:836} INFO - DAG(s) dict_keys(['example_branch_operator']) retrieved from /home/vscode/.local/lib/python3.10/site-packages/airflow/example_dags/example_branch_operator.py
[2025-07-16T11:19:56.208+0000] {logging_mixin.py:150} INFO - [2025-07-16T11:19:56.208+0000] {dag.py:2742} INFO - Sync 1 DAGs
[2025-07-16T11:19:56.223+0000] {logging_mixin.py:150} INFO - [2025-07-16T11:19:56.223+0000] {dag.py:3504} INFO - Setting next_dagrun for example_branch_operator to 2025-07-15T00:00:00+00:00, run_after=2025-07-16T00:00:00+00:00
[2025-07-16T11:19:56.238+0000] {processor.py:179} INFO - Processing /home/vscode/.local/lib/python3.10/site-packages/airflow/example_dags/example_branch_operator.py took 0.056 seconds
[2025-07-16T11:20:52.197+0000] {processor.py:157} INFO - Started process (PID=11262) to work on /home/vscode/.local/lib/python3.10/site-packages/airflow/example_dags/example_branch_operator.py
[2025-07-16T11:20:52.198+0000] {processor.py:826} INFO - Processing file /home/vscode/.local/lib/python3.10/site-packages/airflow/example_dags/example_branch_operator.py for tasks to queue
[2025-07-16T11:20:52.199+0000] {logging_mixin.py:150} INFO - [2025-07-16T11:20:52.198+0000] {dagbag.py:541} INFO - Filling up the DagBag from /home/vscode/.local/lib/python3.10/site-packages/airflow/example_dags/example_branch_operator.py
[2025-07-16T11:20:52.209+0000] {processor.py:836} INFO - DAG(s) dict_keys(['example_branch_operator']) retrieved from /home/vscode/.local/lib/python3.10/site-packages/airflow/example_dags/example_branch_operator.py
[2025-07-16T11:20:52.227+0000] {logging_mixin.py:150} INFO - [2025-07-16T11:20:52.227+0000] {dag.py:2742} INFO - Sync 1 DAGs
[2025-07-16T11:20:52.244+0000] {logging_mixin.py:150} INFO - [2025-07-16T11:20:52.244+0000] {dag.py:3504} INFO - Setting next_dagrun for example_branch_operator to 2025-07-15T00:00:00+00:00, run_after=2025-07-16T00:00:00+00:00
[2025-07-16T11:20:52.259+0000] {processor.py:179} INFO - Processing /home/vscode/.local/lib/python3.10/site-packages/airflow/example_dags/example_branch_operator.py took 0.066 seconds
[2025-07-16T11:21:56.214+0000] {processor.py:157} INFO - Started process (PID=12179) to work on /home/vscode/.local/lib/python3.10/site-packages/airflow/example_dags/example_branch_operator.py
[2025-07-16T11:21:56.214+0000] {processor.py:826} INFO - Processing file /home/vscode/.local/lib/python3.10/site-packages/airflow/example_dags/example_branch_operator.py for tasks to queue
[2025-07-16T11:21:56.215+0000] {logging_mixin.py:150} INFO - [2025-07-16T11:21:56.215+0000] {dagbag.py:541} INFO - Filling up the DagBag from /home/vscode/.local/lib/python3.10/site-packages/airflow/example_dags/example_branch_operator.py
[2025-07-16T11:21:56.223+0000] {processor.py:836} INFO - DAG(s) dict_keys(['example_branch_operator']) retrieved from /home/vscode/.local/lib/python3.10/site-packages/airflow/example_dags/example_branch_operator.py
[2025-07-16T11:21:56.298+0000] {logging_mixin.py:150} INFO - [2025-07-16T11:21:56.297+0000] {dag.py:2742} INFO - Sync 1 DAGs
[2025-07-16T11:21:56.311+0000] {logging_mixin.py:150} INFO - [2025-07-16T11:21:56.311+0000] {dag.py:3504} INFO - Setting next_dagrun for example_branch_operator to 2025-07-15T00:00:00+00:00, run_after=2025-07-16T00:00:00+00:00
[2025-07-16T11:21:56.329+0000] {processor.py:179} INFO - Processing /home/vscode/.local/lib/python3.10/site-packages/airflow/example_dags/example_branch_operator.py took 0.118 seconds
