[2025-07-16T11:06:59.907+0000] {processor.py:157} INFO - Started process (PID=4304) to work on /home/vscode/.local/lib/python3.10/site-packages/airflow/example_dags/example_latest_only_with_trigger.py
[2025-07-16T11:06:59.907+0000] {processor.py:826} INFO - Processing file /home/vscode/.local/lib/python3.10/site-packages/airflow/example_dags/example_latest_only_with_trigger.py for tasks to queue
[2025-07-16T11:06:59.908+0000] {logging_mixin.py:150} INFO - [2025-07-16T11:06:59.908+0000] {dagbag.py:541} INFO - Filling up the DagBag from /home/vscode/.local/lib/python3.10/site-packages/airflow/example_dags/example_latest_only_with_trigger.py
[2025-07-16T11:06:59.913+0000] {processor.py:836} INFO - DAG(s) dict_keys(['latest_only_with_trigger']) retrieved from /home/vscode/.local/lib/python3.10/site-packages/airflow/example_dags/example_latest_only_with_trigger.py
[2025-07-16T11:06:59.926+0000] {logging_mixin.py:150} INFO - [2025-07-16T11:06:59.926+0000] {dag.py:2742} INFO - Sync 1 DAGs
[2025-07-16T11:06:59.940+0000] {logging_mixin.py:150} INFO - [2025-07-16T11:06:59.940+0000] {dag.py:3504} INFO - Setting next_dagrun for latest_only_with_trigger to 2025-07-16T07:06:59.939916+00:00, run_after=2025-07-16T11:06:59.939916+00:00
[2025-07-16T11:06:59.954+0000] {processor.py:179} INFO - Processing /home/vscode/.local/lib/python3.10/site-packages/airflow/example_dags/example_latest_only_with_trigger.py took 0.050 seconds
[2025-07-16T11:07:48.494+0000] {processor.py:157} INFO - Started process (PID=4695) to work on /home/vscode/.local/lib/python3.10/site-packages/airflow/example_dags/example_latest_only_with_trigger.py
[2025-07-16T11:07:48.495+0000] {processor.py:826} INFO - Processing file /home/vscode/.local/lib/python3.10/site-packages/airflow/example_dags/example_latest_only_with_trigger.py for tasks to queue
[2025-07-16T11:07:48.495+0000] {logging_mixin.py:150} INFO - [2025-07-16T11:07:48.495+0000] {dagbag.py:541} INFO - Filling up the DagBag from /home/vscode/.local/lib/python3.10/site-packages/airflow/example_dags/example_latest_only_with_trigger.py
[2025-07-16T11:07:48.501+0000] {processor.py:836} INFO - DAG(s) dict_keys(['latest_only_with_trigger']) retrieved from /home/vscode/.local/lib/python3.10/site-packages/airflow/example_dags/example_latest_only_with_trigger.py
[2025-07-16T11:07:48.516+0000] {logging_mixin.py:150} INFO - [2025-07-16T11:07:48.515+0000] {dag.py:2742} INFO - Sync 1 DAGs
[2025-07-16T11:07:48.532+0000] {logging_mixin.py:150} INFO - [2025-07-16T11:07:48.531+0000] {dag.py:3504} INFO - Setting next_dagrun for latest_only_with_trigger to 2025-07-16T07:07:48.531695+00:00, run_after=2025-07-16T11:07:48.531695+00:00
[2025-07-16T11:07:48.549+0000] {processor.py:179} INFO - Processing /home/vscode/.local/lib/python3.10/site-packages/airflow/example_dags/example_latest_only_with_trigger.py took 0.057 seconds
[2025-07-16T11:08:35.478+0000] {processor.py:157} INFO - Started process (PID=5029) to work on /home/vscode/.local/lib/python3.10/site-packages/airflow/example_dags/example_latest_only_with_trigger.py
[2025-07-16T11:08:35.479+0000] {processor.py:826} INFO - Processing file /home/vscode/.local/lib/python3.10/site-packages/airflow/example_dags/example_latest_only_with_trigger.py for tasks to queue
[2025-07-16T11:08:35.479+0000] {logging_mixin.py:150} INFO - [2025-07-16T11:08:35.479+0000] {dagbag.py:541} INFO - Filling up the DagBag from /home/vscode/.local/lib/python3.10/site-packages/airflow/example_dags/example_latest_only_with_trigger.py
[2025-07-16T11:08:35.485+0000] {processor.py:836} INFO - DAG(s) dict_keys(['latest_only_with_trigger']) retrieved from /home/vscode/.local/lib/python3.10/site-packages/airflow/example_dags/example_latest_only_with_trigger.py
[2025-07-16T11:08:35.499+0000] {logging_mixin.py:150} INFO - [2025-07-16T11:08:35.499+0000] {dag.py:2742} INFO - Sync 1 DAGs
[2025-07-16T11:08:35.513+0000] {logging_mixin.py:150} INFO - [2025-07-16T11:08:35.513+0000] {dag.py:3504} INFO - Setting next_dagrun for latest_only_with_trigger to 2025-07-16T07:08:35.513154+00:00, run_after=2025-07-16T11:08:35.513154+00:00
[2025-07-16T11:08:35.529+0000] {processor.py:179} INFO - Processing /home/vscode/.local/lib/python3.10/site-packages/airflow/example_dags/example_latest_only_with_trigger.py took 0.054 seconds
[2025-07-16T11:09:23.602+0000] {processor.py:157} INFO - Started process (PID=5394) to work on /home/vscode/.local/lib/python3.10/site-packages/airflow/example_dags/example_latest_only_with_trigger.py
[2025-07-16T11:09:23.603+0000] {processor.py:826} INFO - Processing file /home/vscode/.local/lib/python3.10/site-packages/airflow/example_dags/example_latest_only_with_trigger.py for tasks to queue
[2025-07-16T11:09:23.604+0000] {logging_mixin.py:150} INFO - [2025-07-16T11:09:23.604+0000] {dagbag.py:541} INFO - Filling up the DagBag from /home/vscode/.local/lib/python3.10/site-packages/airflow/example_dags/example_latest_only_with_trigger.py
[2025-07-16T11:09:23.609+0000] {processor.py:836} INFO - DAG(s) dict_keys(['latest_only_with_trigger']) retrieved from /home/vscode/.local/lib/python3.10/site-packages/airflow/example_dags/example_latest_only_with_trigger.py
[2025-07-16T11:09:23.622+0000] {logging_mixin.py:150} INFO - [2025-07-16T11:09:23.622+0000] {dag.py:2742} INFO - Sync 1 DAGs
[2025-07-16T11:09:23.636+0000] {logging_mixin.py:150} INFO - [2025-07-16T11:09:23.636+0000] {dag.py:3504} INFO - Setting next_dagrun for latest_only_with_trigger to 2025-07-16T07:09:23.636358+00:00, run_after=2025-07-16T11:09:23.636358+00:00
[2025-07-16T11:09:23.652+0000] {processor.py:179} INFO - Processing /home/vscode/.local/lib/python3.10/site-packages/airflow/example_dags/example_latest_only_with_trigger.py took 0.052 seconds
[2025-07-16T11:10:15.129+0000] {processor.py:157} INFO - Started process (PID=5770) to work on /home/vscode/.local/lib/python3.10/site-packages/airflow/example_dags/example_latest_only_with_trigger.py
[2025-07-16T11:10:15.129+0000] {processor.py:826} INFO - Processing file /home/vscode/.local/lib/python3.10/site-packages/airflow/example_dags/example_latest_only_with_trigger.py for tasks to queue
[2025-07-16T11:10:15.130+0000] {logging_mixin.py:150} INFO - [2025-07-16T11:10:15.130+0000] {dagbag.py:541} INFO - Filling up the DagBag from /home/vscode/.local/lib/python3.10/site-packages/airflow/example_dags/example_latest_only_with_trigger.py
[2025-07-16T11:10:15.135+0000] {processor.py:836} INFO - DAG(s) dict_keys(['latest_only_with_trigger']) retrieved from /home/vscode/.local/lib/python3.10/site-packages/airflow/example_dags/example_latest_only_with_trigger.py
[2025-07-16T11:10:15.149+0000] {logging_mixin.py:150} INFO - [2025-07-16T11:10:15.149+0000] {dag.py:2742} INFO - Sync 1 DAGs
[2025-07-16T11:10:15.166+0000] {logging_mixin.py:150} INFO - [2025-07-16T11:10:15.166+0000] {dag.py:3504} INFO - Setting next_dagrun for latest_only_with_trigger to 2025-07-16T07:10:15.166579+00:00, run_after=2025-07-16T11:10:15.166579+00:00
[2025-07-16T11:10:15.182+0000] {processor.py:179} INFO - Processing /home/vscode/.local/lib/python3.10/site-packages/airflow/example_dags/example_latest_only_with_trigger.py took 0.056 seconds
[2025-07-16T11:10:58.618+0000] {processor.py:157} INFO - Started process (PID=6107) to work on /home/vscode/.local/lib/python3.10/site-packages/airflow/example_dags/example_latest_only_with_trigger.py
[2025-07-16T11:10:58.618+0000] {processor.py:826} INFO - Processing file /home/vscode/.local/lib/python3.10/site-packages/airflow/example_dags/example_latest_only_with_trigger.py for tasks to queue
[2025-07-16T11:10:58.619+0000] {logging_mixin.py:150} INFO - [2025-07-16T11:10:58.619+0000] {dagbag.py:541} INFO - Filling up the DagBag from /home/vscode/.local/lib/python3.10/site-packages/airflow/example_dags/example_latest_only_with_trigger.py
[2025-07-16T11:10:58.625+0000] {processor.py:836} INFO - DAG(s) dict_keys(['latest_only_with_trigger']) retrieved from /home/vscode/.local/lib/python3.10/site-packages/airflow/example_dags/example_latest_only_with_trigger.py
[2025-07-16T11:10:58.637+0000] {logging_mixin.py:150} INFO - [2025-07-16T11:10:58.637+0000] {dag.py:2742} INFO - Sync 1 DAGs
[2025-07-16T11:10:58.651+0000] {logging_mixin.py:150} INFO - [2025-07-16T11:10:58.651+0000] {dag.py:3504} INFO - Setting next_dagrun for latest_only_with_trigger to 2025-07-16T07:10:58.651457+00:00, run_after=2025-07-16T11:10:58.651457+00:00
[2025-07-16T11:10:58.666+0000] {processor.py:179} INFO - Processing /home/vscode/.local/lib/python3.10/site-packages/airflow/example_dags/example_latest_only_with_trigger.py took 0.051 seconds
[2025-07-16T11:11:47.509+0000] {processor.py:157} INFO - Started process (PID=6463) to work on /home/vscode/.local/lib/python3.10/site-packages/airflow/example_dags/example_latest_only_with_trigger.py
[2025-07-16T11:11:47.510+0000] {processor.py:826} INFO - Processing file /home/vscode/.local/lib/python3.10/site-packages/airflow/example_dags/example_latest_only_with_trigger.py for tasks to queue
[2025-07-16T11:11:47.511+0000] {logging_mixin.py:150} INFO - [2025-07-16T11:11:47.510+0000] {dagbag.py:541} INFO - Filling up the DagBag from /home/vscode/.local/lib/python3.10/site-packages/airflow/example_dags/example_latest_only_with_trigger.py
[2025-07-16T11:11:47.516+0000] {processor.py:836} INFO - DAG(s) dict_keys(['latest_only_with_trigger']) retrieved from /home/vscode/.local/lib/python3.10/site-packages/airflow/example_dags/example_latest_only_with_trigger.py
[2025-07-16T11:11:47.529+0000] {logging_mixin.py:150} INFO - [2025-07-16T11:11:47.529+0000] {dag.py:2742} INFO - Sync 1 DAGs
[2025-07-16T11:11:47.544+0000] {logging_mixin.py:150} INFO - [2025-07-16T11:11:47.544+0000] {dag.py:3504} INFO - Setting next_dagrun for latest_only_with_trigger to 2025-07-16T07:11:47.543874+00:00, run_after=2025-07-16T11:11:47.543874+00:00
[2025-07-16T11:11:47.558+0000] {processor.py:179} INFO - Processing /home/vscode/.local/lib/python3.10/site-packages/airflow/example_dags/example_latest_only_with_trigger.py took 0.051 seconds
[2025-07-16T11:12:28.741+0000] {processor.py:157} INFO - Started process (PID=6763) to work on /home/vscode/.local/lib/python3.10/site-packages/airflow/example_dags/example_latest_only_with_trigger.py
[2025-07-16T11:12:28.743+0000] {processor.py:826} INFO - Processing file /home/vscode/.local/lib/python3.10/site-packages/airflow/example_dags/example_latest_only_with_trigger.py for tasks to queue
[2025-07-16T11:12:28.744+0000] {logging_mixin.py:150} INFO - [2025-07-16T11:12:28.743+0000] {dagbag.py:541} INFO - Filling up the DagBag from /home/vscode/.local/lib/python3.10/site-packages/airflow/example_dags/example_latest_only_with_trigger.py
[2025-07-16T11:12:28.749+0000] {processor.py:836} INFO - DAG(s) dict_keys(['latest_only_with_trigger']) retrieved from /home/vscode/.local/lib/python3.10/site-packages/airflow/example_dags/example_latest_only_with_trigger.py
[2025-07-16T11:12:28.765+0000] {logging_mixin.py:150} INFO - [2025-07-16T11:12:28.765+0000] {dag.py:2742} INFO - Sync 1 DAGs
[2025-07-16T11:12:28.780+0000] {logging_mixin.py:150} INFO - [2025-07-16T11:12:28.780+0000] {dag.py:3504} INFO - Setting next_dagrun for latest_only_with_trigger to 2025-07-16T07:12:28.780174+00:00, run_after=2025-07-16T11:12:28.780174+00:00
[2025-07-16T11:12:28.796+0000] {processor.py:179} INFO - Processing /home/vscode/.local/lib/python3.10/site-packages/airflow/example_dags/example_latest_only_with_trigger.py took 0.057 seconds
[2025-07-16T11:13:15.477+0000] {processor.py:157} INFO - Started process (PID=7118) to work on /home/vscode/.local/lib/python3.10/site-packages/airflow/example_dags/example_latest_only_with_trigger.py
[2025-07-16T11:13:15.478+0000] {processor.py:826} INFO - Processing file /home/vscode/.local/lib/python3.10/site-packages/airflow/example_dags/example_latest_only_with_trigger.py for tasks to queue
[2025-07-16T11:13:15.479+0000] {logging_mixin.py:150} INFO - [2025-07-16T11:13:15.478+0000] {dagbag.py:541} INFO - Filling up the DagBag from /home/vscode/.local/lib/python3.10/site-packages/airflow/example_dags/example_latest_only_with_trigger.py
[2025-07-16T11:13:15.484+0000] {processor.py:836} INFO - DAG(s) dict_keys(['latest_only_with_trigger']) retrieved from /home/vscode/.local/lib/python3.10/site-packages/airflow/example_dags/example_latest_only_with_trigger.py
[2025-07-16T11:13:15.497+0000] {logging_mixin.py:150} INFO - [2025-07-16T11:13:15.497+0000] {dag.py:2742} INFO - Sync 1 DAGs
[2025-07-16T11:13:15.511+0000] {logging_mixin.py:150} INFO - [2025-07-16T11:13:15.511+0000] {dag.py:3504} INFO - Setting next_dagrun for latest_only_with_trigger to 2025-07-16T07:13:15.510887+00:00, run_after=2025-07-16T11:13:15.510887+00:00
[2025-07-16T11:13:15.525+0000] {processor.py:179} INFO - Processing /home/vscode/.local/lib/python3.10/site-packages/airflow/example_dags/example_latest_only_with_trigger.py took 0.051 seconds
[2025-07-16T11:14:05.172+0000] {processor.py:157} INFO - Started process (PID=7563) to work on /home/vscode/.local/lib/python3.10/site-packages/airflow/example_dags/example_latest_only_with_trigger.py
[2025-07-16T11:14:05.172+0000] {processor.py:826} INFO - Processing file /home/vscode/.local/lib/python3.10/site-packages/airflow/example_dags/example_latest_only_with_trigger.py for tasks to queue
[2025-07-16T11:14:05.173+0000] {logging_mixin.py:150} INFO - [2025-07-16T11:14:05.173+0000] {dagbag.py:541} INFO - Filling up the DagBag from /home/vscode/.local/lib/python3.10/site-packages/airflow/example_dags/example_latest_only_with_trigger.py
[2025-07-16T11:14:05.179+0000] {processor.py:836} INFO - DAG(s) dict_keys(['latest_only_with_trigger']) retrieved from /home/vscode/.local/lib/python3.10/site-packages/airflow/example_dags/example_latest_only_with_trigger.py
[2025-07-16T11:14:05.192+0000] {logging_mixin.py:150} INFO - [2025-07-16T11:14:05.192+0000] {dag.py:2742} INFO - Sync 1 DAGs
[2025-07-16T11:14:05.206+0000] {logging_mixin.py:150} INFO - [2025-07-16T11:14:05.206+0000] {dag.py:3504} INFO - Setting next_dagrun for latest_only_with_trigger to 2025-07-16T07:14:05.206398+00:00, run_after=2025-07-16T11:14:05.206398+00:00
[2025-07-16T11:14:05.222+0000] {processor.py:179} INFO - Processing /home/vscode/.local/lib/python3.10/site-packages/airflow/example_dags/example_latest_only_with_trigger.py took 0.053 seconds
[2025-07-16T11:14:54.298+0000] {processor.py:157} INFO - Started process (PID=8005) to work on /home/vscode/.local/lib/python3.10/site-packages/airflow/example_dags/example_latest_only_with_trigger.py
[2025-07-16T11:14:54.298+0000] {processor.py:826} INFO - Processing file /home/vscode/.local/lib/python3.10/site-packages/airflow/example_dags/example_latest_only_with_trigger.py for tasks to queue
[2025-07-16T11:14:54.299+0000] {logging_mixin.py:150} INFO - [2025-07-16T11:14:54.299+0000] {dagbag.py:541} INFO - Filling up the DagBag from /home/vscode/.local/lib/python3.10/site-packages/airflow/example_dags/example_latest_only_with_trigger.py
[2025-07-16T11:14:54.304+0000] {processor.py:836} INFO - DAG(s) dict_keys(['latest_only_with_trigger']) retrieved from /home/vscode/.local/lib/python3.10/site-packages/airflow/example_dags/example_latest_only_with_trigger.py
[2025-07-16T11:14:54.318+0000] {logging_mixin.py:150} INFO - [2025-07-16T11:14:54.317+0000] {dag.py:2742} INFO - Sync 1 DAGs
[2025-07-16T11:14:54.333+0000] {logging_mixin.py:150} INFO - [2025-07-16T11:14:54.333+0000] {dag.py:3504} INFO - Setting next_dagrun for latest_only_with_trigger to 2025-07-16T07:14:54.333089+00:00, run_after=2025-07-16T11:14:54.333089+00:00
[2025-07-16T11:14:54.351+0000] {processor.py:179} INFO - Processing /home/vscode/.local/lib/python3.10/site-packages/airflow/example_dags/example_latest_only_with_trigger.py took 0.057 seconds
[2025-07-16T11:15:43.748+0000] {processor.py:157} INFO - Started process (PID=8519) to work on /home/vscode/.local/lib/python3.10/site-packages/airflow/example_dags/example_latest_only_with_trigger.py
[2025-07-16T11:15:43.749+0000] {processor.py:826} INFO - Processing file /home/vscode/.local/lib/python3.10/site-packages/airflow/example_dags/example_latest_only_with_trigger.py for tasks to queue
[2025-07-16T11:15:43.749+0000] {logging_mixin.py:150} INFO - [2025-07-16T11:15:43.749+0000] {dagbag.py:541} INFO - Filling up the DagBag from /home/vscode/.local/lib/python3.10/site-packages/airflow/example_dags/example_latest_only_with_trigger.py
[2025-07-16T11:15:43.755+0000] {processor.py:836} INFO - DAG(s) dict_keys(['latest_only_with_trigger']) retrieved from /home/vscode/.local/lib/python3.10/site-packages/airflow/example_dags/example_latest_only_with_trigger.py
[2025-07-16T11:15:43.767+0000] {logging_mixin.py:150} INFO - [2025-07-16T11:15:43.767+0000] {dag.py:2742} INFO - Sync 1 DAGs
[2025-07-16T11:15:43.781+0000] {logging_mixin.py:150} INFO - [2025-07-16T11:15:43.780+0000] {dag.py:3504} INFO - Setting next_dagrun for latest_only_with_trigger to 2025-07-16T07:15:43.780776+00:00, run_after=2025-07-16T11:15:43.780776+00:00
[2025-07-16T11:15:43.796+0000] {processor.py:179} INFO - Processing /home/vscode/.local/lib/python3.10/site-packages/airflow/example_dags/example_latest_only_with_trigger.py took 0.050 seconds
[2025-07-16T11:16:30.977+0000] {processor.py:157} INFO - Started process (PID=9058) to work on /home/vscode/.local/lib/python3.10/site-packages/airflow/example_dags/example_latest_only_with_trigger.py
[2025-07-16T11:16:30.978+0000] {processor.py:826} INFO - Processing file /home/vscode/.local/lib/python3.10/site-packages/airflow/example_dags/example_latest_only_with_trigger.py for tasks to queue
[2025-07-16T11:16:30.979+0000] {logging_mixin.py:150} INFO - [2025-07-16T11:16:30.979+0000] {dagbag.py:541} INFO - Filling up the DagBag from /home/vscode/.local/lib/python3.10/site-packages/airflow/example_dags/example_latest_only_with_trigger.py
[2025-07-16T11:16:30.985+0000] {processor.py:836} INFO - DAG(s) dict_keys(['latest_only_with_trigger']) retrieved from /home/vscode/.local/lib/python3.10/site-packages/airflow/example_dags/example_latest_only_with_trigger.py
[2025-07-16T11:16:30.997+0000] {logging_mixin.py:150} INFO - [2025-07-16T11:16:30.997+0000] {dag.py:2742} INFO - Sync 1 DAGs
[2025-07-16T11:16:31.012+0000] {logging_mixin.py:150} INFO - [2025-07-16T11:16:31.012+0000] {dag.py:3504} INFO - Setting next_dagrun for latest_only_with_trigger to 2025-07-16T07:16:31.012400+00:00, run_after=2025-07-16T11:16:31.012400+00:00
[2025-07-16T11:16:31.031+0000] {processor.py:179} INFO - Processing /home/vscode/.local/lib/python3.10/site-packages/airflow/example_dags/example_latest_only_with_trigger.py took 0.057 seconds
[2025-07-16T11:17:22.404+0000] {processor.py:157} INFO - Started process (PID=9569) to work on /home/vscode/.local/lib/python3.10/site-packages/airflow/example_dags/example_latest_only_with_trigger.py
[2025-07-16T11:17:22.405+0000] {processor.py:826} INFO - Processing file /home/vscode/.local/lib/python3.10/site-packages/airflow/example_dags/example_latest_only_with_trigger.py for tasks to queue
[2025-07-16T11:17:22.406+0000] {logging_mixin.py:150} INFO - [2025-07-16T11:17:22.406+0000] {dagbag.py:541} INFO - Filling up the DagBag from /home/vscode/.local/lib/python3.10/site-packages/airflow/example_dags/example_latest_only_with_trigger.py
[2025-07-16T11:17:22.413+0000] {processor.py:836} INFO - DAG(s) dict_keys(['latest_only_with_trigger']) retrieved from /home/vscode/.local/lib/python3.10/site-packages/airflow/example_dags/example_latest_only_with_trigger.py
[2025-07-16T11:17:22.426+0000] {logging_mixin.py:150} INFO - [2025-07-16T11:17:22.426+0000] {dag.py:2742} INFO - Sync 1 DAGs
[2025-07-16T11:17:22.439+0000] {logging_mixin.py:150} INFO - [2025-07-16T11:17:22.439+0000] {dag.py:3504} INFO - Setting next_dagrun for latest_only_with_trigger to 2025-07-16T07:17:22.439642+00:00, run_after=2025-07-16T11:17:22.439642+00:00
[2025-07-16T11:17:22.454+0000] {processor.py:179} INFO - Processing /home/vscode/.local/lib/python3.10/site-packages/airflow/example_dags/example_latest_only_with_trigger.py took 0.054 seconds
[2025-07-16T11:18:14.727+0000] {processor.py:157} INFO - Started process (PID=9930) to work on /home/vscode/.local/lib/python3.10/site-packages/airflow/example_dags/example_latest_only_with_trigger.py
[2025-07-16T11:18:14.728+0000] {processor.py:826} INFO - Processing file /home/vscode/.local/lib/python3.10/site-packages/airflow/example_dags/example_latest_only_with_trigger.py for tasks to queue
[2025-07-16T11:18:14.729+0000] {logging_mixin.py:150} INFO - [2025-07-16T11:18:14.728+0000] {dagbag.py:541} INFO - Filling up the DagBag from /home/vscode/.local/lib/python3.10/site-packages/airflow/example_dags/example_latest_only_with_trigger.py
[2025-07-16T11:18:14.734+0000] {processor.py:836} INFO - DAG(s) dict_keys(['latest_only_with_trigger']) retrieved from /home/vscode/.local/lib/python3.10/site-packages/airflow/example_dags/example_latest_only_with_trigger.py
[2025-07-16T11:18:14.746+0000] {logging_mixin.py:150} INFO - [2025-07-16T11:18:14.746+0000] {dag.py:2742} INFO - Sync 1 DAGs
[2025-07-16T11:18:14.760+0000] {logging_mixin.py:150} INFO - [2025-07-16T11:18:14.760+0000] {dag.py:3504} INFO - Setting next_dagrun for latest_only_with_trigger to 2025-07-16T07:18:14.760219+00:00, run_after=2025-07-16T11:18:14.760219+00:00
[2025-07-16T11:18:14.775+0000] {processor.py:179} INFO - Processing /home/vscode/.local/lib/python3.10/site-packages/airflow/example_dags/example_latest_only_with_trigger.py took 0.050 seconds
[2025-07-16T11:18:59.838+0000] {processor.py:157} INFO - Started process (PID=10230) to work on /home/vscode/.local/lib/python3.10/site-packages/airflow/example_dags/example_latest_only_with_trigger.py
[2025-07-16T11:18:59.838+0000] {processor.py:826} INFO - Processing file /home/vscode/.local/lib/python3.10/site-packages/airflow/example_dags/example_latest_only_with_trigger.py for tasks to queue
[2025-07-16T11:18:59.839+0000] {logging_mixin.py:150} INFO - [2025-07-16T11:18:59.839+0000] {dagbag.py:541} INFO - Filling up the DagBag from /home/vscode/.local/lib/python3.10/site-packages/airflow/example_dags/example_latest_only_with_trigger.py
[2025-07-16T11:18:59.845+0000] {processor.py:836} INFO - DAG(s) dict_keys(['latest_only_with_trigger']) retrieved from /home/vscode/.local/lib/python3.10/site-packages/airflow/example_dags/example_latest_only_with_trigger.py
[2025-07-16T11:18:59.857+0000] {logging_mixin.py:150} INFO - [2025-07-16T11:18:59.857+0000] {dag.py:2742} INFO - Sync 1 DAGs
[2025-07-16T11:18:59.871+0000] {logging_mixin.py:150} INFO - [2025-07-16T11:18:59.871+0000] {dag.py:3504} INFO - Setting next_dagrun for latest_only_with_trigger to 2025-07-16T07:18:59.871676+00:00, run_after=2025-07-16T11:18:59.871676+00:00
[2025-07-16T11:18:59.887+0000] {processor.py:179} INFO - Processing /home/vscode/.local/lib/python3.10/site-packages/airflow/example_dags/example_latest_only_with_trigger.py took 0.052 seconds
[2025-07-16T11:19:53.440+0000] {processor.py:157} INFO - Started process (PID=10594) to work on /home/vscode/.local/lib/python3.10/site-packages/airflow/example_dags/example_latest_only_with_trigger.py
[2025-07-16T11:19:53.443+0000] {processor.py:826} INFO - Processing file /home/vscode/.local/lib/python3.10/site-packages/airflow/example_dags/example_latest_only_with_trigger.py for tasks to queue
[2025-07-16T11:19:53.444+0000] {logging_mixin.py:150} INFO - [2025-07-16T11:19:53.444+0000] {dagbag.py:541} INFO - Filling up the DagBag from /home/vscode/.local/lib/python3.10/site-packages/airflow/example_dags/example_latest_only_with_trigger.py
[2025-07-16T11:19:53.456+0000] {processor.py:836} INFO - DAG(s) dict_keys(['latest_only_with_trigger']) retrieved from /home/vscode/.local/lib/python3.10/site-packages/airflow/example_dags/example_latest_only_with_trigger.py
[2025-07-16T11:19:53.476+0000] {logging_mixin.py:150} INFO - [2025-07-16T11:19:53.475+0000] {dag.py:2742} INFO - Sync 1 DAGs
[2025-07-16T11:19:53.497+0000] {logging_mixin.py:150} INFO - [2025-07-16T11:19:53.497+0000] {dag.py:3504} INFO - Setting next_dagrun for latest_only_with_trigger to 2025-07-16T07:19:53.497445+00:00, run_after=2025-07-16T11:19:53.497445+00:00
[2025-07-16T11:19:53.518+0000] {processor.py:179} INFO - Processing /home/vscode/.local/lib/python3.10/site-packages/airflow/example_dags/example_latest_only_with_trigger.py took 0.084 seconds
[2025-07-16T11:20:49.903+0000] {processor.py:157} INFO - Started process (PID=11248) to work on /home/vscode/.local/lib/python3.10/site-packages/airflow/example_dags/example_latest_only_with_trigger.py
[2025-07-16T11:20:49.904+0000] {processor.py:826} INFO - Processing file /home/vscode/.local/lib/python3.10/site-packages/airflow/example_dags/example_latest_only_with_trigger.py for tasks to queue
[2025-07-16T11:20:49.905+0000] {logging_mixin.py:150} INFO - [2025-07-16T11:20:49.905+0000] {dagbag.py:541} INFO - Filling up the DagBag from /home/vscode/.local/lib/python3.10/site-packages/airflow/example_dags/example_latest_only_with_trigger.py
[2025-07-16T11:20:49.911+0000] {processor.py:836} INFO - DAG(s) dict_keys(['latest_only_with_trigger']) retrieved from /home/vscode/.local/lib/python3.10/site-packages/airflow/example_dags/example_latest_only_with_trigger.py
[2025-07-16T11:20:49.924+0000] {logging_mixin.py:150} INFO - [2025-07-16T11:20:49.924+0000] {dag.py:2742} INFO - Sync 1 DAGs
[2025-07-16T11:20:49.939+0000] {logging_mixin.py:150} INFO - [2025-07-16T11:20:49.939+0000] {dag.py:3504} INFO - Setting next_dagrun for latest_only_with_trigger to 2025-07-16T07:20:49.938920+00:00, run_after=2025-07-16T11:20:49.938920+00:00
[2025-07-16T11:20:49.956+0000] {processor.py:179} INFO - Processing /home/vscode/.local/lib/python3.10/site-packages/airflow/example_dags/example_latest_only_with_trigger.py took 0.055 seconds
[2025-07-16T11:21:37.799+0000] {processor.py:157} INFO - Started process (PID=11959) to work on /home/vscode/.local/lib/python3.10/site-packages/airflow/example_dags/example_latest_only_with_trigger.py
[2025-07-16T11:21:37.800+0000] {processor.py:826} INFO - Processing file /home/vscode/.local/lib/python3.10/site-packages/airflow/example_dags/example_latest_only_with_trigger.py for tasks to queue
[2025-07-16T11:21:37.802+0000] {logging_mixin.py:150} INFO - [2025-07-16T11:21:37.801+0000] {dagbag.py:541} INFO - Filling up the DagBag from /home/vscode/.local/lib/python3.10/site-packages/airflow/example_dags/example_latest_only_with_trigger.py
[2025-07-16T11:21:37.810+0000] {processor.py:836} INFO - DAG(s) dict_keys(['latest_only_with_trigger']) retrieved from /home/vscode/.local/lib/python3.10/site-packages/airflow/example_dags/example_latest_only_with_trigger.py
[2025-07-16T11:21:37.835+0000] {logging_mixin.py:150} INFO - [2025-07-16T11:21:37.835+0000] {dag.py:2742} INFO - Sync 1 DAGs
[2025-07-16T11:21:37.861+0000] {logging_mixin.py:150} INFO - [2025-07-16T11:21:37.860+0000] {dag.py:3504} INFO - Setting next_dagrun for latest_only_with_trigger to 2025-07-16T07:21:37.860597+00:00, run_after=2025-07-16T11:21:37.860597+00:00
[2025-07-16T11:21:37.924+0000] {processor.py:179} INFO - Processing /home/vscode/.local/lib/python3.10/site-packages/airflow/example_dags/example_latest_only_with_trigger.py took 0.128 seconds
