[2025-07-16T11:06:51.923+0000] {processor.py:157} INFO - Started process (PID=4237) to work on /home/vscode/.local/lib/python3.10/site-packages/airflow/example_dags/example_dynamic_task_mapping.py
[2025-07-16T11:06:51.924+0000] {processor.py:826} INFO - Processing file /home/vscode/.local/lib/python3.10/site-packages/airflow/example_dags/example_dynamic_task_mapping.py for tasks to queue
[2025-07-16T11:06:51.925+0000] {logging_mixin.py:150} INFO - [2025-07-16T11:06:51.924+0000] {dagbag.py:541} INFO - Filling up the DagBag from /home/vscode/.local/lib/python3.10/site-packages/airflow/example_dags/example_dynamic_task_mapping.py
[2025-07-16T11:06:51.931+0000] {processor.py:836} INFO - DAG(s) dict_keys(['example_dynamic_task_mapping']) retrieved from /home/vscode/.local/lib/python3.10/site-packages/airflow/example_dags/example_dynamic_task_mapping.py
[2025-07-16T11:06:51.943+0000] {logging_mixin.py:150} INFO - [2025-07-16T11:06:51.943+0000] {dag.py:2742} INFO - Sync 1 DAGs
[2025-07-16T11:06:51.958+0000] {logging_mixin.py:150} INFO - [2025-07-16T11:06:51.958+0000] {dag.py:3504} INFO - Setting next_dagrun for example_dynamic_task_mapping to 2022-03-04T00:00:00+00:00, run_after=2022-03-05T00:00:00+00:00
[2025-07-16T11:06:51.973+0000] {processor.py:179} INFO - Processing /home/vscode/.local/lib/python3.10/site-packages/airflow/example_dags/example_dynamic_task_mapping.py took 0.052 seconds
[2025-07-16T11:07:39.348+0000] {processor.py:157} INFO - Started process (PID=4635) to work on /home/vscode/.local/lib/python3.10/site-packages/airflow/example_dags/example_dynamic_task_mapping.py
[2025-07-16T11:07:39.349+0000] {processor.py:826} INFO - Processing file /home/vscode/.local/lib/python3.10/site-packages/airflow/example_dags/example_dynamic_task_mapping.py for tasks to queue
[2025-07-16T11:07:39.350+0000] {logging_mixin.py:150} INFO - [2025-07-16T11:07:39.350+0000] {dagbag.py:541} INFO - Filling up the DagBag from /home/vscode/.local/lib/python3.10/site-packages/airflow/example_dags/example_dynamic_task_mapping.py
[2025-07-16T11:07:39.356+0000] {processor.py:836} INFO - DAG(s) dict_keys(['example_dynamic_task_mapping']) retrieved from /home/vscode/.local/lib/python3.10/site-packages/airflow/example_dags/example_dynamic_task_mapping.py
[2025-07-16T11:07:39.368+0000] {logging_mixin.py:150} INFO - [2025-07-16T11:07:39.368+0000] {dag.py:2742} INFO - Sync 1 DAGs
[2025-07-16T11:07:39.382+0000] {logging_mixin.py:150} INFO - [2025-07-16T11:07:39.382+0000] {dag.py:3504} INFO - Setting next_dagrun for example_dynamic_task_mapping to 2022-03-04T00:00:00+00:00, run_after=2022-03-05T00:00:00+00:00
[2025-07-16T11:07:39.397+0000] {processor.py:179} INFO - Processing /home/vscode/.local/lib/python3.10/site-packages/airflow/example_dags/example_dynamic_task_mapping.py took 0.051 seconds
[2025-07-16T11:08:24.037+0000] {processor.py:157} INFO - Started process (PID=4951) to work on /home/vscode/.local/lib/python3.10/site-packages/airflow/example_dags/example_dynamic_task_mapping.py
[2025-07-16T11:08:24.038+0000] {processor.py:826} INFO - Processing file /home/vscode/.local/lib/python3.10/site-packages/airflow/example_dags/example_dynamic_task_mapping.py for tasks to queue
[2025-07-16T11:08:24.039+0000] {logging_mixin.py:150} INFO - [2025-07-16T11:08:24.038+0000] {dagbag.py:541} INFO - Filling up the DagBag from /home/vscode/.local/lib/python3.10/site-packages/airflow/example_dags/example_dynamic_task_mapping.py
[2025-07-16T11:08:24.045+0000] {processor.py:836} INFO - DAG(s) dict_keys(['example_dynamic_task_mapping']) retrieved from /home/vscode/.local/lib/python3.10/site-packages/airflow/example_dags/example_dynamic_task_mapping.py
[2025-07-16T11:08:24.056+0000] {logging_mixin.py:150} INFO - [2025-07-16T11:08:24.056+0000] {dag.py:2742} INFO - Sync 1 DAGs
[2025-07-16T11:08:24.070+0000] {logging_mixin.py:150} INFO - [2025-07-16T11:08:24.069+0000] {dag.py:3504} INFO - Setting next_dagrun for example_dynamic_task_mapping to 2022-03-04T00:00:00+00:00, run_after=2022-03-05T00:00:00+00:00
[2025-07-16T11:08:24.084+0000] {processor.py:179} INFO - Processing /home/vscode/.local/lib/python3.10/site-packages/airflow/example_dags/example_dynamic_task_mapping.py took 0.050 seconds
[2025-07-16T11:09:10.438+0000] {processor.py:157} INFO - Started process (PID=5299) to work on /home/vscode/.local/lib/python3.10/site-packages/airflow/example_dags/example_dynamic_task_mapping.py
[2025-07-16T11:09:10.439+0000] {processor.py:826} INFO - Processing file /home/vscode/.local/lib/python3.10/site-packages/airflow/example_dags/example_dynamic_task_mapping.py for tasks to queue
[2025-07-16T11:09:10.440+0000] {logging_mixin.py:150} INFO - [2025-07-16T11:09:10.439+0000] {dagbag.py:541} INFO - Filling up the DagBag from /home/vscode/.local/lib/python3.10/site-packages/airflow/example_dags/example_dynamic_task_mapping.py
[2025-07-16T11:09:10.446+0000] {processor.py:836} INFO - DAG(s) dict_keys(['example_dynamic_task_mapping']) retrieved from /home/vscode/.local/lib/python3.10/site-packages/airflow/example_dags/example_dynamic_task_mapping.py
[2025-07-16T11:09:10.457+0000] {logging_mixin.py:150} INFO - [2025-07-16T11:09:10.457+0000] {dag.py:2742} INFO - Sync 1 DAGs
[2025-07-16T11:09:10.474+0000] {logging_mixin.py:150} INFO - [2025-07-16T11:09:10.474+0000] {dag.py:3504} INFO - Setting next_dagrun for example_dynamic_task_mapping to 2022-03-04T00:00:00+00:00, run_after=2022-03-05T00:00:00+00:00
[2025-07-16T11:09:10.488+0000] {processor.py:179} INFO - Processing /home/vscode/.local/lib/python3.10/site-packages/airflow/example_dags/example_dynamic_task_mapping.py took 0.053 seconds
[2025-07-16T11:10:02.321+0000] {processor.py:157} INFO - Started process (PID=5673) to work on /home/vscode/.local/lib/python3.10/site-packages/airflow/example_dags/example_dynamic_task_mapping.py
[2025-07-16T11:10:02.322+0000] {processor.py:826} INFO - Processing file /home/vscode/.local/lib/python3.10/site-packages/airflow/example_dags/example_dynamic_task_mapping.py for tasks to queue
[2025-07-16T11:10:02.323+0000] {logging_mixin.py:150} INFO - [2025-07-16T11:10:02.323+0000] {dagbag.py:541} INFO - Filling up the DagBag from /home/vscode/.local/lib/python3.10/site-packages/airflow/example_dags/example_dynamic_task_mapping.py
[2025-07-16T11:10:02.329+0000] {processor.py:836} INFO - DAG(s) dict_keys(['example_dynamic_task_mapping']) retrieved from /home/vscode/.local/lib/python3.10/site-packages/airflow/example_dags/example_dynamic_task_mapping.py
[2025-07-16T11:10:02.341+0000] {logging_mixin.py:150} INFO - [2025-07-16T11:10:02.340+0000] {dag.py:2742} INFO - Sync 1 DAGs
[2025-07-16T11:10:02.355+0000] {logging_mixin.py:150} INFO - [2025-07-16T11:10:02.355+0000] {dag.py:3504} INFO - Setting next_dagrun for example_dynamic_task_mapping to 2022-03-04T00:00:00+00:00, run_after=2022-03-05T00:00:00+00:00
[2025-07-16T11:10:02.369+0000] {processor.py:179} INFO - Processing /home/vscode/.local/lib/python3.10/site-packages/airflow/example_dags/example_dynamic_task_mapping.py took 0.051 seconds
[2025-07-16T11:10:47.327+0000] {processor.py:157} INFO - Started process (PID=6017) to work on /home/vscode/.local/lib/python3.10/site-packages/airflow/example_dags/example_dynamic_task_mapping.py
[2025-07-16T11:10:47.328+0000] {processor.py:826} INFO - Processing file /home/vscode/.local/lib/python3.10/site-packages/airflow/example_dags/example_dynamic_task_mapping.py for tasks to queue
[2025-07-16T11:10:47.328+0000] {logging_mixin.py:150} INFO - [2025-07-16T11:10:47.328+0000] {dagbag.py:541} INFO - Filling up the DagBag from /home/vscode/.local/lib/python3.10/site-packages/airflow/example_dags/example_dynamic_task_mapping.py
[2025-07-16T11:10:47.334+0000] {processor.py:836} INFO - DAG(s) dict_keys(['example_dynamic_task_mapping']) retrieved from /home/vscode/.local/lib/python3.10/site-packages/airflow/example_dags/example_dynamic_task_mapping.py
[2025-07-16T11:10:47.346+0000] {logging_mixin.py:150} INFO - [2025-07-16T11:10:47.346+0000] {dag.py:2742} INFO - Sync 1 DAGs
[2025-07-16T11:10:47.360+0000] {logging_mixin.py:150} INFO - [2025-07-16T11:10:47.360+0000] {dag.py:3504} INFO - Setting next_dagrun for example_dynamic_task_mapping to 2022-03-04T00:00:00+00:00, run_after=2022-03-05T00:00:00+00:00
[2025-07-16T11:10:47.374+0000] {processor.py:179} INFO - Processing /home/vscode/.local/lib/python3.10/site-packages/airflow/example_dags/example_dynamic_task_mapping.py took 0.050 seconds
[2025-07-16T11:11:36.045+0000] {processor.py:157} INFO - Started process (PID=6372) to work on /home/vscode/.local/lib/python3.10/site-packages/airflow/example_dags/example_dynamic_task_mapping.py
[2025-07-16T11:11:36.046+0000] {processor.py:826} INFO - Processing file /home/vscode/.local/lib/python3.10/site-packages/airflow/example_dags/example_dynamic_task_mapping.py for tasks to queue
[2025-07-16T11:11:36.046+0000] {logging_mixin.py:150} INFO - [2025-07-16T11:11:36.046+0000] {dagbag.py:541} INFO - Filling up the DagBag from /home/vscode/.local/lib/python3.10/site-packages/airflow/example_dags/example_dynamic_task_mapping.py
[2025-07-16T11:11:36.053+0000] {processor.py:836} INFO - DAG(s) dict_keys(['example_dynamic_task_mapping']) retrieved from /home/vscode/.local/lib/python3.10/site-packages/airflow/example_dags/example_dynamic_task_mapping.py
[2025-07-16T11:11:36.065+0000] {logging_mixin.py:150} INFO - [2025-07-16T11:11:36.065+0000] {dag.py:2742} INFO - Sync 1 DAGs
[2025-07-16T11:11:36.079+0000] {logging_mixin.py:150} INFO - [2025-07-16T11:11:36.079+0000] {dag.py:3504} INFO - Setting next_dagrun for example_dynamic_task_mapping to 2022-03-04T00:00:00+00:00, run_after=2022-03-05T00:00:00+00:00
[2025-07-16T11:11:36.094+0000] {processor.py:179} INFO - Processing /home/vscode/.local/lib/python3.10/site-packages/airflow/example_dags/example_dynamic_task_mapping.py took 0.052 seconds
[2025-07-16T11:12:19.908+0000] {processor.py:157} INFO - Started process (PID=6695) to work on /home/vscode/.local/lib/python3.10/site-packages/airflow/example_dags/example_dynamic_task_mapping.py
[2025-07-16T11:12:19.908+0000] {processor.py:826} INFO - Processing file /home/vscode/.local/lib/python3.10/site-packages/airflow/example_dags/example_dynamic_task_mapping.py for tasks to queue
[2025-07-16T11:12:19.909+0000] {logging_mixin.py:150} INFO - [2025-07-16T11:12:19.909+0000] {dagbag.py:541} INFO - Filling up the DagBag from /home/vscode/.local/lib/python3.10/site-packages/airflow/example_dags/example_dynamic_task_mapping.py
[2025-07-16T11:12:19.915+0000] {processor.py:836} INFO - DAG(s) dict_keys(['example_dynamic_task_mapping']) retrieved from /home/vscode/.local/lib/python3.10/site-packages/airflow/example_dags/example_dynamic_task_mapping.py
[2025-07-16T11:12:19.927+0000] {logging_mixin.py:150} INFO - [2025-07-16T11:12:19.927+0000] {dag.py:2742} INFO - Sync 1 DAGs
[2025-07-16T11:12:19.942+0000] {logging_mixin.py:150} INFO - [2025-07-16T11:12:19.941+0000] {dag.py:3504} INFO - Setting next_dagrun for example_dynamic_task_mapping to 2022-03-04T00:00:00+00:00, run_after=2022-03-05T00:00:00+00:00
[2025-07-16T11:12:19.956+0000] {processor.py:179} INFO - Processing /home/vscode/.local/lib/python3.10/site-packages/airflow/example_dags/example_dynamic_task_mapping.py took 0.051 seconds
[2025-07-16T11:13:07.473+0000] {processor.py:157} INFO - Started process (PID=7052) to work on /home/vscode/.local/lib/python3.10/site-packages/airflow/example_dags/example_dynamic_task_mapping.py
[2025-07-16T11:13:07.474+0000] {processor.py:826} INFO - Processing file /home/vscode/.local/lib/python3.10/site-packages/airflow/example_dags/example_dynamic_task_mapping.py for tasks to queue
[2025-07-16T11:13:07.475+0000] {logging_mixin.py:150} INFO - [2025-07-16T11:13:07.475+0000] {dagbag.py:541} INFO - Filling up the DagBag from /home/vscode/.local/lib/python3.10/site-packages/airflow/example_dags/example_dynamic_task_mapping.py
[2025-07-16T11:13:07.481+0000] {processor.py:836} INFO - DAG(s) dict_keys(['example_dynamic_task_mapping']) retrieved from /home/vscode/.local/lib/python3.10/site-packages/airflow/example_dags/example_dynamic_task_mapping.py
[2025-07-16T11:13:07.493+0000] {logging_mixin.py:150} INFO - [2025-07-16T11:13:07.493+0000] {dag.py:2742} INFO - Sync 1 DAGs
[2025-07-16T11:13:07.507+0000] {logging_mixin.py:150} INFO - [2025-07-16T11:13:07.507+0000] {dag.py:3504} INFO - Setting next_dagrun for example_dynamic_task_mapping to 2022-03-04T00:00:00+00:00, run_after=2022-03-05T00:00:00+00:00
[2025-07-16T11:13:07.521+0000] {processor.py:179} INFO - Processing /home/vscode/.local/lib/python3.10/site-packages/airflow/example_dags/example_dynamic_task_mapping.py took 0.050 seconds
[2025-07-16T11:13:52.599+0000] {processor.py:157} INFO - Started process (PID=7409) to work on /home/vscode/.local/lib/python3.10/site-packages/airflow/example_dags/example_dynamic_task_mapping.py
[2025-07-16T11:13:52.600+0000] {processor.py:826} INFO - Processing file /home/vscode/.local/lib/python3.10/site-packages/airflow/example_dags/example_dynamic_task_mapping.py for tasks to queue
[2025-07-16T11:13:52.601+0000] {logging_mixin.py:150} INFO - [2025-07-16T11:13:52.601+0000] {dagbag.py:541} INFO - Filling up the DagBag from /home/vscode/.local/lib/python3.10/site-packages/airflow/example_dags/example_dynamic_task_mapping.py
[2025-07-16T11:13:52.607+0000] {processor.py:836} INFO - DAG(s) dict_keys(['example_dynamic_task_mapping']) retrieved from /home/vscode/.local/lib/python3.10/site-packages/airflow/example_dags/example_dynamic_task_mapping.py
[2025-07-16T11:13:52.619+0000] {logging_mixin.py:150} INFO - [2025-07-16T11:13:52.619+0000] {dag.py:2742} INFO - Sync 1 DAGs
[2025-07-16T11:13:52.634+0000] {logging_mixin.py:150} INFO - [2025-07-16T11:13:52.633+0000] {dag.py:3504} INFO - Setting next_dagrun for example_dynamic_task_mapping to 2022-03-04T00:00:00+00:00, run_after=2022-03-05T00:00:00+00:00
[2025-07-16T11:13:52.649+0000] {processor.py:179} INFO - Processing /home/vscode/.local/lib/python3.10/site-packages/airflow/example_dags/example_dynamic_task_mapping.py took 0.053 seconds
[2025-07-16T11:14:40.008+0000] {processor.py:157} INFO - Started process (PID=7878) to work on /home/vscode/.local/lib/python3.10/site-packages/airflow/example_dags/example_dynamic_task_mapping.py
[2025-07-16T11:14:40.009+0000] {processor.py:826} INFO - Processing file /home/vscode/.local/lib/python3.10/site-packages/airflow/example_dags/example_dynamic_task_mapping.py for tasks to queue
[2025-07-16T11:14:40.010+0000] {logging_mixin.py:150} INFO - [2025-07-16T11:14:40.009+0000] {dagbag.py:541} INFO - Filling up the DagBag from /home/vscode/.local/lib/python3.10/site-packages/airflow/example_dags/example_dynamic_task_mapping.py
[2025-07-16T11:14:40.016+0000] {processor.py:836} INFO - DAG(s) dict_keys(['example_dynamic_task_mapping']) retrieved from /home/vscode/.local/lib/python3.10/site-packages/airflow/example_dags/example_dynamic_task_mapping.py
[2025-07-16T11:14:40.027+0000] {logging_mixin.py:150} INFO - [2025-07-16T11:14:40.027+0000] {dag.py:2742} INFO - Sync 1 DAGs
[2025-07-16T11:14:40.042+0000] {logging_mixin.py:150} INFO - [2025-07-16T11:14:40.042+0000] {dag.py:3504} INFO - Setting next_dagrun for example_dynamic_task_mapping to 2022-03-04T00:00:00+00:00, run_after=2022-03-05T00:00:00+00:00
[2025-07-16T11:14:40.056+0000] {processor.py:179} INFO - Processing /home/vscode/.local/lib/python3.10/site-packages/airflow/example_dags/example_dynamic_task_mapping.py took 0.051 seconds
[2025-07-16T11:15:30.303+0000] {processor.py:157} INFO - Started process (PID=8355) to work on /home/vscode/.local/lib/python3.10/site-packages/airflow/example_dags/example_dynamic_task_mapping.py
[2025-07-16T11:15:30.303+0000] {processor.py:826} INFO - Processing file /home/vscode/.local/lib/python3.10/site-packages/airflow/example_dags/example_dynamic_task_mapping.py for tasks to queue
[2025-07-16T11:15:30.304+0000] {logging_mixin.py:150} INFO - [2025-07-16T11:15:30.304+0000] {dagbag.py:541} INFO - Filling up the DagBag from /home/vscode/.local/lib/python3.10/site-packages/airflow/example_dags/example_dynamic_task_mapping.py
[2025-07-16T11:15:30.311+0000] {processor.py:836} INFO - DAG(s) dict_keys(['example_dynamic_task_mapping']) retrieved from /home/vscode/.local/lib/python3.10/site-packages/airflow/example_dags/example_dynamic_task_mapping.py
[2025-07-16T11:15:30.323+0000] {logging_mixin.py:150} INFO - [2025-07-16T11:15:30.323+0000] {dag.py:2742} INFO - Sync 1 DAGs
[2025-07-16T11:15:30.337+0000] {logging_mixin.py:150} INFO - [2025-07-16T11:15:30.337+0000] {dag.py:3504} INFO - Setting next_dagrun for example_dynamic_task_mapping to 2022-03-04T00:00:00+00:00, run_after=2022-03-05T00:00:00+00:00
[2025-07-16T11:15:30.353+0000] {processor.py:179} INFO - Processing /home/vscode/.local/lib/python3.10/site-packages/airflow/example_dags/example_dynamic_task_mapping.py took 0.053 seconds
[2025-07-16T11:16:19.000+0000] {processor.py:157} INFO - Started process (PID=8877) to work on /home/vscode/.local/lib/python3.10/site-packages/airflow/example_dags/example_dynamic_task_mapping.py
[2025-07-16T11:16:19.001+0000] {processor.py:826} INFO - Processing file /home/vscode/.local/lib/python3.10/site-packages/airflow/example_dags/example_dynamic_task_mapping.py for tasks to queue
[2025-07-16T11:16:19.002+0000] {logging_mixin.py:150} INFO - [2025-07-16T11:16:19.001+0000] {dagbag.py:541} INFO - Filling up the DagBag from /home/vscode/.local/lib/python3.10/site-packages/airflow/example_dags/example_dynamic_task_mapping.py
[2025-07-16T11:16:19.009+0000] {processor.py:836} INFO - DAG(s) dict_keys(['example_dynamic_task_mapping']) retrieved from /home/vscode/.local/lib/python3.10/site-packages/airflow/example_dags/example_dynamic_task_mapping.py
[2025-07-16T11:16:19.025+0000] {logging_mixin.py:150} INFO - [2025-07-16T11:16:19.024+0000] {dag.py:2742} INFO - Sync 1 DAGs
[2025-07-16T11:16:19.043+0000] {logging_mixin.py:150} INFO - [2025-07-16T11:16:19.043+0000] {dag.py:3504} INFO - Setting next_dagrun for example_dynamic_task_mapping to 2022-03-04T00:00:00+00:00, run_after=2022-03-05T00:00:00+00:00
[2025-07-16T11:16:19.063+0000] {processor.py:179} INFO - Processing /home/vscode/.local/lib/python3.10/site-packages/airflow/example_dags/example_dynamic_task_mapping.py took 0.066 seconds
[2025-07-16T11:17:06.968+0000] {processor.py:157} INFO - Started process (PID=9453) to work on /home/vscode/.local/lib/python3.10/site-packages/airflow/example_dags/example_dynamic_task_mapping.py
[2025-07-16T11:17:06.968+0000] {processor.py:826} INFO - Processing file /home/vscode/.local/lib/python3.10/site-packages/airflow/example_dags/example_dynamic_task_mapping.py for tasks to queue
[2025-07-16T11:17:06.969+0000] {logging_mixin.py:150} INFO - [2025-07-16T11:17:06.969+0000] {dagbag.py:541} INFO - Filling up the DagBag from /home/vscode/.local/lib/python3.10/site-packages/airflow/example_dags/example_dynamic_task_mapping.py
[2025-07-16T11:17:06.975+0000] {processor.py:836} INFO - DAG(s) dict_keys(['example_dynamic_task_mapping']) retrieved from /home/vscode/.local/lib/python3.10/site-packages/airflow/example_dags/example_dynamic_task_mapping.py
[2025-07-16T11:17:06.990+0000] {logging_mixin.py:150} INFO - [2025-07-16T11:17:06.990+0000] {dag.py:2742} INFO - Sync 1 DAGs
[2025-07-16T11:17:07.007+0000] {logging_mixin.py:150} INFO - [2025-07-16T11:17:07.007+0000] {dag.py:3504} INFO - Setting next_dagrun for example_dynamic_task_mapping to 2022-03-04T00:00:00+00:00, run_after=2022-03-05T00:00:00+00:00
[2025-07-16T11:17:07.022+0000] {processor.py:179} INFO - Processing /home/vscode/.local/lib/python3.10/site-packages/airflow/example_dags/example_dynamic_task_mapping.py took 0.057 seconds
[2025-07-16T11:17:59.423+0000] {processor.py:157} INFO - Started process (PID=9828) to work on /home/vscode/.local/lib/python3.10/site-packages/airflow/example_dags/example_dynamic_task_mapping.py
[2025-07-16T11:17:59.424+0000] {processor.py:826} INFO - Processing file /home/vscode/.local/lib/python3.10/site-packages/airflow/example_dags/example_dynamic_task_mapping.py for tasks to queue
[2025-07-16T11:17:59.425+0000] {logging_mixin.py:150} INFO - [2025-07-16T11:17:59.425+0000] {dagbag.py:541} INFO - Filling up the DagBag from /home/vscode/.local/lib/python3.10/site-packages/airflow/example_dags/example_dynamic_task_mapping.py
[2025-07-16T11:17:59.431+0000] {processor.py:836} INFO - DAG(s) dict_keys(['example_dynamic_task_mapping']) retrieved from /home/vscode/.local/lib/python3.10/site-packages/airflow/example_dags/example_dynamic_task_mapping.py
[2025-07-16T11:17:59.443+0000] {logging_mixin.py:150} INFO - [2025-07-16T11:17:59.443+0000] {dag.py:2742} INFO - Sync 1 DAGs
[2025-07-16T11:17:59.457+0000] {logging_mixin.py:150} INFO - [2025-07-16T11:17:59.457+0000] {dag.py:3504} INFO - Setting next_dagrun for example_dynamic_task_mapping to 2022-03-04T00:00:00+00:00, run_after=2022-03-05T00:00:00+00:00
[2025-07-16T11:17:59.471+0000] {processor.py:179} INFO - Processing /home/vscode/.local/lib/python3.10/site-packages/airflow/example_dags/example_dynamic_task_mapping.py took 0.050 seconds
[2025-07-16T11:18:46.722+0000] {processor.py:157} INFO - Started process (PID=10150) to work on /home/vscode/.local/lib/python3.10/site-packages/airflow/example_dags/example_dynamic_task_mapping.py
[2025-07-16T11:18:46.723+0000] {processor.py:826} INFO - Processing file /home/vscode/.local/lib/python3.10/site-packages/airflow/example_dags/example_dynamic_task_mapping.py for tasks to queue
[2025-07-16T11:18:46.725+0000] {logging_mixin.py:150} INFO - [2025-07-16T11:18:46.725+0000] {dagbag.py:541} INFO - Filling up the DagBag from /home/vscode/.local/lib/python3.10/site-packages/airflow/example_dags/example_dynamic_task_mapping.py
[2025-07-16T11:18:46.735+0000] {processor.py:836} INFO - DAG(s) dict_keys(['example_dynamic_task_mapping']) retrieved from /home/vscode/.local/lib/python3.10/site-packages/airflow/example_dags/example_dynamic_task_mapping.py
[2025-07-16T11:18:46.749+0000] {logging_mixin.py:150} INFO - [2025-07-16T11:18:46.749+0000] {dag.py:2742} INFO - Sync 1 DAGs
[2025-07-16T11:18:46.763+0000] {logging_mixin.py:150} INFO - [2025-07-16T11:18:46.763+0000] {dag.py:3504} INFO - Setting next_dagrun for example_dynamic_task_mapping to 2022-03-04T00:00:00+00:00, run_after=2022-03-05T00:00:00+00:00
[2025-07-16T11:18:46.778+0000] {processor.py:179} INFO - Processing /home/vscode/.local/lib/python3.10/site-packages/airflow/example_dags/example_dynamic_task_mapping.py took 0.061 seconds
[2025-07-16T11:19:39.156+0000] {processor.py:157} INFO - Started process (PID=10499) to work on /home/vscode/.local/lib/python3.10/site-packages/airflow/example_dags/example_dynamic_task_mapping.py
[2025-07-16T11:19:39.157+0000] {processor.py:826} INFO - Processing file /home/vscode/.local/lib/python3.10/site-packages/airflow/example_dags/example_dynamic_task_mapping.py for tasks to queue
[2025-07-16T11:19:39.158+0000] {logging_mixin.py:150} INFO - [2025-07-16T11:19:39.157+0000] {dagbag.py:541} INFO - Filling up the DagBag from /home/vscode/.local/lib/python3.10/site-packages/airflow/example_dags/example_dynamic_task_mapping.py
[2025-07-16T11:19:39.163+0000] {processor.py:836} INFO - DAG(s) dict_keys(['example_dynamic_task_mapping']) retrieved from /home/vscode/.local/lib/python3.10/site-packages/airflow/example_dags/example_dynamic_task_mapping.py
[2025-07-16T11:19:39.175+0000] {logging_mixin.py:150} INFO - [2025-07-16T11:19:39.175+0000] {dag.py:2742} INFO - Sync 1 DAGs
[2025-07-16T11:19:39.189+0000] {logging_mixin.py:150} INFO - [2025-07-16T11:19:39.189+0000] {dag.py:3504} INFO - Setting next_dagrun for example_dynamic_task_mapping to 2022-03-04T00:00:00+00:00, run_after=2022-03-05T00:00:00+00:00
[2025-07-16T11:19:39.204+0000] {processor.py:179} INFO - Processing /home/vscode/.local/lib/python3.10/site-packages/airflow/example_dags/example_dynamic_task_mapping.py took 0.051 seconds
[2025-07-16T11:20:31.495+0000] {processor.py:157} INFO - Started process (PID=10891) to work on /home/vscode/.local/lib/python3.10/site-packages/airflow/example_dags/example_dynamic_task_mapping.py
[2025-07-16T11:20:31.496+0000] {processor.py:826} INFO - Processing file /home/vscode/.local/lib/python3.10/site-packages/airflow/example_dags/example_dynamic_task_mapping.py for tasks to queue
[2025-07-16T11:20:31.497+0000] {logging_mixin.py:150} INFO - [2025-07-16T11:20:31.496+0000] {dagbag.py:541} INFO - Filling up the DagBag from /home/vscode/.local/lib/python3.10/site-packages/airflow/example_dags/example_dynamic_task_mapping.py
[2025-07-16T11:20:31.506+0000] {processor.py:836} INFO - DAG(s) dict_keys(['example_dynamic_task_mapping']) retrieved from /home/vscode/.local/lib/python3.10/site-packages/airflow/example_dags/example_dynamic_task_mapping.py
[2025-07-16T11:20:31.522+0000] {logging_mixin.py:150} INFO - [2025-07-16T11:20:31.522+0000] {dag.py:2742} INFO - Sync 1 DAGs
[2025-07-16T11:20:31.543+0000] {logging_mixin.py:150} INFO - [2025-07-16T11:20:31.543+0000] {dag.py:3504} INFO - Setting next_dagrun for example_dynamic_task_mapping to 2022-03-04T00:00:00+00:00, run_after=2022-03-05T00:00:00+00:00
[2025-07-16T11:20:31.563+0000] {processor.py:179} INFO - Processing /home/vscode/.local/lib/python3.10/site-packages/airflow/example_dags/example_dynamic_task_mapping.py took 0.072 seconds
[2025-07-16T11:21:30.071+0000] {processor.py:157} INFO - Started process (PID=11846) to work on /home/vscode/.local/lib/python3.10/site-packages/airflow/example_dags/example_dynamic_task_mapping.py
[2025-07-16T11:21:30.071+0000] {processor.py:826} INFO - Processing file /home/vscode/.local/lib/python3.10/site-packages/airflow/example_dags/example_dynamic_task_mapping.py for tasks to queue
[2025-07-16T11:21:30.072+0000] {logging_mixin.py:150} INFO - [2025-07-16T11:21:30.072+0000] {dagbag.py:541} INFO - Filling up the DagBag from /home/vscode/.local/lib/python3.10/site-packages/airflow/example_dags/example_dynamic_task_mapping.py
[2025-07-16T11:21:30.079+0000] {processor.py:836} INFO - DAG(s) dict_keys(['example_dynamic_task_mapping']) retrieved from /home/vscode/.local/lib/python3.10/site-packages/airflow/example_dags/example_dynamic_task_mapping.py
[2025-07-16T11:21:30.090+0000] {logging_mixin.py:150} INFO - [2025-07-16T11:21:30.090+0000] {dag.py:2742} INFO - Sync 1 DAGs
[2025-07-16T11:21:30.104+0000] {logging_mixin.py:150} INFO - [2025-07-16T11:21:30.104+0000] {dag.py:3504} INFO - Setting next_dagrun for example_dynamic_task_mapping to 2022-03-04T00:00:00+00:00, run_after=2022-03-05T00:00:00+00:00
[2025-07-16T11:21:30.118+0000] {processor.py:179} INFO - Processing /home/vscode/.local/lib/python3.10/site-packages/airflow/example_dags/example_dynamic_task_mapping.py took 0.050 seconds
