[2025-07-16T11:06:43.943+0000] {processor.py:157} INFO - Started process (PID=4180) to work on /home/vscode/.local/lib/python3.10/site-packages/airflow/example_dags/example_sensor_decorator.py
[2025-07-16T11:06:43.944+0000] {processor.py:826} INFO - Processing file /home/vscode/.local/lib/python3.10/site-packages/airflow/example_dags/example_sensor_decorator.py for tasks to queue
[2025-07-16T11:06:43.945+0000] {logging_mixin.py:150} INFO - [2025-07-16T11:06:43.945+0000] {dagbag.py:541} INFO - Filling up the DagBag from /home/vscode/.local/lib/python3.10/site-packages/airflow/example_dags/example_sensor_decorator.py
[2025-07-16T11:06:43.952+0000] {processor.py:836} INFO - DAG(s) dict_keys(['example_sensor_decorator']) retrieved from /home/vscode/.local/lib/python3.10/site-packages/airflow/example_dags/example_sensor_decorator.py
[2025-07-16T11:06:43.971+0000] {logging_mixin.py:150} INFO - [2025-07-16T11:06:43.971+0000] {dag.py:2742} INFO - Sync 1 DAGs
[2025-07-16T11:06:43.986+0000] {logging_mixin.py:150} INFO - [2025-07-16T11:06:43.986+0000] {dag.py:3504} INFO - Setting next_dagrun for example_sensor_decorator to None, run_after=None
[2025-07-16T11:06:44.000+0000] {processor.py:179} INFO - Processing /home/vscode/.local/lib/python3.10/site-packages/airflow/example_dags/example_sensor_decorator.py took 0.060 seconds
[2025-07-16T11:07:30.285+0000] {processor.py:157} INFO - Started process (PID=4567) to work on /home/vscode/.local/lib/python3.10/site-packages/airflow/example_dags/example_sensor_decorator.py
[2025-07-16T11:07:30.286+0000] {processor.py:826} INFO - Processing file /home/vscode/.local/lib/python3.10/site-packages/airflow/example_dags/example_sensor_decorator.py for tasks to queue
[2025-07-16T11:07:30.286+0000] {logging_mixin.py:150} INFO - [2025-07-16T11:07:30.286+0000] {dagbag.py:541} INFO - Filling up the DagBag from /home/vscode/.local/lib/python3.10/site-packages/airflow/example_dags/example_sensor_decorator.py
[2025-07-16T11:07:30.291+0000] {processor.py:836} INFO - DAG(s) dict_keys(['example_sensor_decorator']) retrieved from /home/vscode/.local/lib/python3.10/site-packages/airflow/example_dags/example_sensor_decorator.py
[2025-07-16T11:07:30.304+0000] {logging_mixin.py:150} INFO - [2025-07-16T11:07:30.304+0000] {dag.py:2742} INFO - Sync 1 DAGs
[2025-07-16T11:07:30.319+0000] {logging_mixin.py:150} INFO - [2025-07-16T11:07:30.318+0000] {dag.py:3504} INFO - Setting next_dagrun for example_sensor_decorator to None, run_after=None
[2025-07-16T11:07:30.336+0000] {processor.py:179} INFO - Processing /home/vscode/.local/lib/python3.10/site-packages/airflow/example_dags/example_sensor_decorator.py took 0.053 seconds
[2025-07-16T11:08:15.188+0000] {processor.py:157} INFO - Started process (PID=4891) to work on /home/vscode/.local/lib/python3.10/site-packages/airflow/example_dags/example_sensor_decorator.py
[2025-07-16T11:08:15.189+0000] {processor.py:826} INFO - Processing file /home/vscode/.local/lib/python3.10/site-packages/airflow/example_dags/example_sensor_decorator.py for tasks to queue
[2025-07-16T11:08:15.190+0000] {logging_mixin.py:150} INFO - [2025-07-16T11:08:15.190+0000] {dagbag.py:541} INFO - Filling up the DagBag from /home/vscode/.local/lib/python3.10/site-packages/airflow/example_dags/example_sensor_decorator.py
[2025-07-16T11:08:15.197+0000] {processor.py:836} INFO - DAG(s) dict_keys(['example_sensor_decorator']) retrieved from /home/vscode/.local/lib/python3.10/site-packages/airflow/example_dags/example_sensor_decorator.py
[2025-07-16T11:08:15.215+0000] {logging_mixin.py:150} INFO - [2025-07-16T11:08:15.215+0000] {dag.py:2742} INFO - Sync 1 DAGs
[2025-07-16T11:08:15.239+0000] {logging_mixin.py:150} INFO - [2025-07-16T11:08:15.239+0000] {dag.py:3504} INFO - Setting next_dagrun for example_sensor_decorator to None, run_after=None
[2025-07-16T11:08:15.265+0000] {processor.py:179} INFO - Processing /home/vscode/.local/lib/python3.10/site-packages/airflow/example_dags/example_sensor_decorator.py took 0.080 seconds
[2025-07-16T11:08:59.609+0000] {processor.py:157} INFO - Started process (PID=5214) to work on /home/vscode/.local/lib/python3.10/site-packages/airflow/example_dags/example_sensor_decorator.py
[2025-07-16T11:08:59.610+0000] {processor.py:826} INFO - Processing file /home/vscode/.local/lib/python3.10/site-packages/airflow/example_dags/example_sensor_decorator.py for tasks to queue
[2025-07-16T11:08:59.611+0000] {logging_mixin.py:150} INFO - [2025-07-16T11:08:59.611+0000] {dagbag.py:541} INFO - Filling up the DagBag from /home/vscode/.local/lib/python3.10/site-packages/airflow/example_dags/example_sensor_decorator.py
[2025-07-16T11:08:59.618+0000] {processor.py:836} INFO - DAG(s) dict_keys(['example_sensor_decorator']) retrieved from /home/vscode/.local/lib/python3.10/site-packages/airflow/example_dags/example_sensor_decorator.py
[2025-07-16T11:08:59.636+0000] {logging_mixin.py:150} INFO - [2025-07-16T11:08:59.636+0000] {dag.py:2742} INFO - Sync 1 DAGs
[2025-07-16T11:08:59.650+0000] {logging_mixin.py:150} INFO - [2025-07-16T11:08:59.650+0000] {dag.py:3504} INFO - Setting next_dagrun for example_sensor_decorator to None, run_after=None
[2025-07-16T11:08:59.665+0000] {processor.py:179} INFO - Processing /home/vscode/.local/lib/python3.10/site-packages/airflow/example_dags/example_sensor_decorator.py took 0.060 seconds
[2025-07-16T11:09:48.748+0000] {processor.py:157} INFO - Started process (PID=5587) to work on /home/vscode/.local/lib/python3.10/site-packages/airflow/example_dags/example_sensor_decorator.py
[2025-07-16T11:09:48.749+0000] {processor.py:826} INFO - Processing file /home/vscode/.local/lib/python3.10/site-packages/airflow/example_dags/example_sensor_decorator.py for tasks to queue
[2025-07-16T11:09:48.750+0000] {logging_mixin.py:150} INFO - [2025-07-16T11:09:48.749+0000] {dagbag.py:541} INFO - Filling up the DagBag from /home/vscode/.local/lib/python3.10/site-packages/airflow/example_dags/example_sensor_decorator.py
[2025-07-16T11:09:48.754+0000] {processor.py:836} INFO - DAG(s) dict_keys(['example_sensor_decorator']) retrieved from /home/vscode/.local/lib/python3.10/site-packages/airflow/example_dags/example_sensor_decorator.py
[2025-07-16T11:09:48.768+0000] {logging_mixin.py:150} INFO - [2025-07-16T11:09:48.768+0000] {dag.py:2742} INFO - Sync 1 DAGs
[2025-07-16T11:09:48.782+0000] {logging_mixin.py:150} INFO - [2025-07-16T11:09:48.782+0000] {dag.py:3504} INFO - Setting next_dagrun for example_sensor_decorator to None, run_after=None
[2025-07-16T11:09:48.803+0000] {processor.py:179} INFO - Processing /home/vscode/.local/lib/python3.10/site-packages/airflow/example_dags/example_sensor_decorator.py took 0.057 seconds
[2025-07-16T11:10:37.173+0000] {processor.py:157} INFO - Started process (PID=5945) to work on /home/vscode/.local/lib/python3.10/site-packages/airflow/example_dags/example_sensor_decorator.py
[2025-07-16T11:10:37.173+0000] {processor.py:826} INFO - Processing file /home/vscode/.local/lib/python3.10/site-packages/airflow/example_dags/example_sensor_decorator.py for tasks to queue
[2025-07-16T11:10:37.174+0000] {logging_mixin.py:150} INFO - [2025-07-16T11:10:37.174+0000] {dagbag.py:541} INFO - Filling up the DagBag from /home/vscode/.local/lib/python3.10/site-packages/airflow/example_dags/example_sensor_decorator.py
[2025-07-16T11:10:37.179+0000] {processor.py:836} INFO - DAG(s) dict_keys(['example_sensor_decorator']) retrieved from /home/vscode/.local/lib/python3.10/site-packages/airflow/example_dags/example_sensor_decorator.py
[2025-07-16T11:10:37.191+0000] {logging_mixin.py:150} INFO - [2025-07-16T11:10:37.191+0000] {dag.py:2742} INFO - Sync 1 DAGs
[2025-07-16T11:10:37.205+0000] {logging_mixin.py:150} INFO - [2025-07-16T11:10:37.205+0000] {dag.py:3504} INFO - Setting next_dagrun for example_sensor_decorator to None, run_after=None
[2025-07-16T11:10:37.220+0000] {processor.py:179} INFO - Processing /home/vscode/.local/lib/python3.10/site-packages/airflow/example_dags/example_sensor_decorator.py took 0.050 seconds
[2025-07-16T11:11:22.328+0000] {processor.py:157} INFO - Started process (PID=6290) to work on /home/vscode/.local/lib/python3.10/site-packages/airflow/example_dags/example_sensor_decorator.py
[2025-07-16T11:11:22.329+0000] {processor.py:826} INFO - Processing file /home/vscode/.local/lib/python3.10/site-packages/airflow/example_dags/example_sensor_decorator.py for tasks to queue
[2025-07-16T11:11:22.330+0000] {logging_mixin.py:150} INFO - [2025-07-16T11:11:22.329+0000] {dagbag.py:541} INFO - Filling up the DagBag from /home/vscode/.local/lib/python3.10/site-packages/airflow/example_dags/example_sensor_decorator.py
[2025-07-16T11:11:22.335+0000] {processor.py:836} INFO - DAG(s) dict_keys(['example_sensor_decorator']) retrieved from /home/vscode/.local/lib/python3.10/site-packages/airflow/example_dags/example_sensor_decorator.py
[2025-07-16T11:11:22.348+0000] {logging_mixin.py:150} INFO - [2025-07-16T11:11:22.348+0000] {dag.py:2742} INFO - Sync 1 DAGs
[2025-07-16T11:11:22.363+0000] {logging_mixin.py:150} INFO - [2025-07-16T11:11:22.363+0000] {dag.py:3504} INFO - Setting next_dagrun for example_sensor_decorator to None, run_after=None
[2025-07-16T11:11:22.378+0000] {processor.py:179} INFO - Processing /home/vscode/.local/lib/python3.10/site-packages/airflow/example_dags/example_sensor_decorator.py took 0.052 seconds
[2025-07-16T11:12:08.467+0000] {processor.py:157} INFO - Started process (PID=6606) to work on /home/vscode/.local/lib/python3.10/site-packages/airflow/example_dags/example_sensor_decorator.py
[2025-07-16T11:12:08.469+0000] {processor.py:826} INFO - Processing file /home/vscode/.local/lib/python3.10/site-packages/airflow/example_dags/example_sensor_decorator.py for tasks to queue
[2025-07-16T11:12:08.472+0000] {logging_mixin.py:150} INFO - [2025-07-16T11:12:08.471+0000] {dagbag.py:541} INFO - Filling up the DagBag from /home/vscode/.local/lib/python3.10/site-packages/airflow/example_dags/example_sensor_decorator.py
[2025-07-16T11:12:08.487+0000] {processor.py:836} INFO - DAG(s) dict_keys(['example_sensor_decorator']) retrieved from /home/vscode/.local/lib/python3.10/site-packages/airflow/example_dags/example_sensor_decorator.py
[2025-07-16T11:12:08.517+0000] {logging_mixin.py:150} INFO - [2025-07-16T11:12:08.516+0000] {dag.py:2742} INFO - Sync 1 DAGs
[2025-07-16T11:12:08.534+0000] {logging_mixin.py:150} INFO - [2025-07-16T11:12:08.534+0000] {dag.py:3504} INFO - Setting next_dagrun for example_sensor_decorator to None, run_after=None
[2025-07-16T11:12:08.550+0000] {processor.py:179} INFO - Processing /home/vscode/.local/lib/python3.10/site-packages/airflow/example_dags/example_sensor_decorator.py took 0.086 seconds
[2025-07-16T11:12:54.894+0000] {processor.py:157} INFO - Started process (PID=6961) to work on /home/vscode/.local/lib/python3.10/site-packages/airflow/example_dags/example_sensor_decorator.py
[2025-07-16T11:12:54.894+0000] {processor.py:826} INFO - Processing file /home/vscode/.local/lib/python3.10/site-packages/airflow/example_dags/example_sensor_decorator.py for tasks to queue
[2025-07-16T11:12:54.895+0000] {logging_mixin.py:150} INFO - [2025-07-16T11:12:54.895+0000] {dagbag.py:541} INFO - Filling up the DagBag from /home/vscode/.local/lib/python3.10/site-packages/airflow/example_dags/example_sensor_decorator.py
[2025-07-16T11:12:54.900+0000] {processor.py:836} INFO - DAG(s) dict_keys(['example_sensor_decorator']) retrieved from /home/vscode/.local/lib/python3.10/site-packages/airflow/example_dags/example_sensor_decorator.py
[2025-07-16T11:12:54.913+0000] {logging_mixin.py:150} INFO - [2025-07-16T11:12:54.913+0000] {dag.py:2742} INFO - Sync 1 DAGs
[2025-07-16T11:12:54.927+0000] {logging_mixin.py:150} INFO - [2025-07-16T11:12:54.927+0000] {dag.py:3504} INFO - Setting next_dagrun for example_sensor_decorator to None, run_after=None
[2025-07-16T11:12:54.942+0000] {processor.py:179} INFO - Processing /home/vscode/.local/lib/python3.10/site-packages/airflow/example_dags/example_sensor_decorator.py took 0.051 seconds
[2025-07-16T11:13:44.046+0000] {processor.py:157} INFO - Started process (PID=7335) to work on /home/vscode/.local/lib/python3.10/site-packages/airflow/example_dags/example_sensor_decorator.py
[2025-07-16T11:13:44.047+0000] {processor.py:826} INFO - Processing file /home/vscode/.local/lib/python3.10/site-packages/airflow/example_dags/example_sensor_decorator.py for tasks to queue
[2025-07-16T11:13:44.048+0000] {logging_mixin.py:150} INFO - [2025-07-16T11:13:44.048+0000] {dagbag.py:541} INFO - Filling up the DagBag from /home/vscode/.local/lib/python3.10/site-packages/airflow/example_dags/example_sensor_decorator.py
[2025-07-16T11:13:44.053+0000] {processor.py:836} INFO - DAG(s) dict_keys(['example_sensor_decorator']) retrieved from /home/vscode/.local/lib/python3.10/site-packages/airflow/example_dags/example_sensor_decorator.py
[2025-07-16T11:13:44.066+0000] {logging_mixin.py:150} INFO - [2025-07-16T11:13:44.066+0000] {dag.py:2742} INFO - Sync 1 DAGs
[2025-07-16T11:13:44.080+0000] {logging_mixin.py:150} INFO - [2025-07-16T11:13:44.079+0000] {dag.py:3504} INFO - Setting next_dagrun for example_sensor_decorator to None, run_after=None
[2025-07-16T11:13:44.094+0000] {processor.py:179} INFO - Processing /home/vscode/.local/lib/python3.10/site-packages/airflow/example_dags/example_sensor_decorator.py took 0.050 seconds
[2025-07-16T11:14:30.608+0000] {processor.py:157} INFO - Started process (PID=7788) to work on /home/vscode/.local/lib/python3.10/site-packages/airflow/example_dags/example_sensor_decorator.py
[2025-07-16T11:14:30.609+0000] {processor.py:826} INFO - Processing file /home/vscode/.local/lib/python3.10/site-packages/airflow/example_dags/example_sensor_decorator.py for tasks to queue
[2025-07-16T11:14:30.609+0000] {logging_mixin.py:150} INFO - [2025-07-16T11:14:30.609+0000] {dagbag.py:541} INFO - Filling up the DagBag from /home/vscode/.local/lib/python3.10/site-packages/airflow/example_dags/example_sensor_decorator.py
[2025-07-16T11:14:30.614+0000] {processor.py:836} INFO - DAG(s) dict_keys(['example_sensor_decorator']) retrieved from /home/vscode/.local/lib/python3.10/site-packages/airflow/example_dags/example_sensor_decorator.py
[2025-07-16T11:14:30.627+0000] {logging_mixin.py:150} INFO - [2025-07-16T11:14:30.627+0000] {dag.py:2742} INFO - Sync 1 DAGs
[2025-07-16T11:14:30.641+0000] {logging_mixin.py:150} INFO - [2025-07-16T11:14:30.641+0000] {dag.py:3504} INFO - Setting next_dagrun for example_sensor_decorator to None, run_after=None
[2025-07-16T11:14:30.655+0000] {processor.py:179} INFO - Processing /home/vscode/.local/lib/python3.10/site-packages/airflow/example_dags/example_sensor_decorator.py took 0.051 seconds
[2025-07-16T11:15:14.854+0000] {processor.py:157} INFO - Started process (PID=8237) to work on /home/vscode/.local/lib/python3.10/site-packages/airflow/example_dags/example_sensor_decorator.py
[2025-07-16T11:15:14.855+0000] {processor.py:826} INFO - Processing file /home/vscode/.local/lib/python3.10/site-packages/airflow/example_dags/example_sensor_decorator.py for tasks to queue
[2025-07-16T11:15:14.856+0000] {logging_mixin.py:150} INFO - [2025-07-16T11:15:14.856+0000] {dagbag.py:541} INFO - Filling up the DagBag from /home/vscode/.local/lib/python3.10/site-packages/airflow/example_dags/example_sensor_decorator.py
[2025-07-16T11:15:14.861+0000] {processor.py:836} INFO - DAG(s) dict_keys(['example_sensor_decorator']) retrieved from /home/vscode/.local/lib/python3.10/site-packages/airflow/example_dags/example_sensor_decorator.py
[2025-07-16T11:15:14.874+0000] {logging_mixin.py:150} INFO - [2025-07-16T11:15:14.874+0000] {dag.py:2742} INFO - Sync 1 DAGs
[2025-07-16T11:15:14.887+0000] {logging_mixin.py:150} INFO - [2025-07-16T11:15:14.887+0000] {dag.py:3504} INFO - Setting next_dagrun for example_sensor_decorator to None, run_after=None
[2025-07-16T11:15:14.904+0000] {processor.py:179} INFO - Processing /home/vscode/.local/lib/python3.10/site-packages/airflow/example_dags/example_sensor_decorator.py took 0.052 seconds
[2025-07-16T11:16:02.870+0000] {processor.py:157} INFO - Started process (PID=8734) to work on /home/vscode/.local/lib/python3.10/site-packages/airflow/example_dags/example_sensor_decorator.py
[2025-07-16T11:16:02.871+0000] {processor.py:826} INFO - Processing file /home/vscode/.local/lib/python3.10/site-packages/airflow/example_dags/example_sensor_decorator.py for tasks to queue
[2025-07-16T11:16:02.871+0000] {logging_mixin.py:150} INFO - [2025-07-16T11:16:02.871+0000] {dagbag.py:541} INFO - Filling up the DagBag from /home/vscode/.local/lib/python3.10/site-packages/airflow/example_dags/example_sensor_decorator.py
[2025-07-16T11:16:02.877+0000] {processor.py:836} INFO - DAG(s) dict_keys(['example_sensor_decorator']) retrieved from /home/vscode/.local/lib/python3.10/site-packages/airflow/example_dags/example_sensor_decorator.py
[2025-07-16T11:16:02.889+0000] {logging_mixin.py:150} INFO - [2025-07-16T11:16:02.889+0000] {dag.py:2742} INFO - Sync 1 DAGs
[2025-07-16T11:16:02.903+0000] {logging_mixin.py:150} INFO - [2025-07-16T11:16:02.903+0000] {dag.py:3504} INFO - Setting next_dagrun for example_sensor_decorator to None, run_after=None
[2025-07-16T11:16:02.918+0000] {processor.py:179} INFO - Processing /home/vscode/.local/lib/python3.10/site-packages/airflow/example_dags/example_sensor_decorator.py took 0.051 seconds
[2025-07-16T11:16:50.988+0000] {processor.py:157} INFO - Started process (PID=9263) to work on /home/vscode/.local/lib/python3.10/site-packages/airflow/example_dags/example_sensor_decorator.py
[2025-07-16T11:16:50.989+0000] {processor.py:826} INFO - Processing file /home/vscode/.local/lib/python3.10/site-packages/airflow/example_dags/example_sensor_decorator.py for tasks to queue
[2025-07-16T11:16:50.990+0000] {logging_mixin.py:150} INFO - [2025-07-16T11:16:50.990+0000] {dagbag.py:541} INFO - Filling up the DagBag from /home/vscode/.local/lib/python3.10/site-packages/airflow/example_dags/example_sensor_decorator.py
[2025-07-16T11:16:50.997+0000] {processor.py:836} INFO - DAG(s) dict_keys(['example_sensor_decorator']) retrieved from /home/vscode/.local/lib/python3.10/site-packages/airflow/example_dags/example_sensor_decorator.py
[2025-07-16T11:16:51.015+0000] {logging_mixin.py:150} INFO - [2025-07-16T11:16:51.015+0000] {dag.py:2742} INFO - Sync 1 DAGs
[2025-07-16T11:16:51.034+0000] {logging_mixin.py:150} INFO - [2025-07-16T11:16:51.034+0000] {dag.py:3504} INFO - Setting next_dagrun for example_sensor_decorator to None, run_after=None
[2025-07-16T11:16:51.049+0000] {processor.py:179} INFO - Processing /home/vscode/.local/lib/python3.10/site-packages/airflow/example_dags/example_sensor_decorator.py took 0.063 seconds
[2025-07-16T11:17:42.856+0000] {processor.py:157} INFO - Started process (PID=9721) to work on /home/vscode/.local/lib/python3.10/site-packages/airflow/example_dags/example_sensor_decorator.py
[2025-07-16T11:17:42.857+0000] {processor.py:826} INFO - Processing file /home/vscode/.local/lib/python3.10/site-packages/airflow/example_dags/example_sensor_decorator.py for tasks to queue
[2025-07-16T11:17:42.857+0000] {logging_mixin.py:150} INFO - [2025-07-16T11:17:42.857+0000] {dagbag.py:541} INFO - Filling up the DagBag from /home/vscode/.local/lib/python3.10/site-packages/airflow/example_dags/example_sensor_decorator.py
[2025-07-16T11:17:42.863+0000] {processor.py:836} INFO - DAG(s) dict_keys(['example_sensor_decorator']) retrieved from /home/vscode/.local/lib/python3.10/site-packages/airflow/example_dags/example_sensor_decorator.py
[2025-07-16T11:17:42.876+0000] {logging_mixin.py:150} INFO - [2025-07-16T11:17:42.875+0000] {dag.py:2742} INFO - Sync 1 DAGs
[2025-07-16T11:17:42.889+0000] {logging_mixin.py:150} INFO - [2025-07-16T11:17:42.889+0000] {dag.py:3504} INFO - Setting next_dagrun for example_sensor_decorator to None, run_after=None
[2025-07-16T11:17:42.904+0000] {processor.py:179} INFO - Processing /home/vscode/.local/lib/python3.10/site-packages/airflow/example_dags/example_sensor_decorator.py took 0.051 seconds
[2025-07-16T11:18:31.552+0000] {processor.py:157} INFO - Started process (PID=10038) to work on /home/vscode/.local/lib/python3.10/site-packages/airflow/example_dags/example_sensor_decorator.py
[2025-07-16T11:18:31.552+0000] {processor.py:826} INFO - Processing file /home/vscode/.local/lib/python3.10/site-packages/airflow/example_dags/example_sensor_decorator.py for tasks to queue
[2025-07-16T11:18:31.553+0000] {logging_mixin.py:150} INFO - [2025-07-16T11:18:31.553+0000] {dagbag.py:541} INFO - Filling up the DagBag from /home/vscode/.local/lib/python3.10/site-packages/airflow/example_dags/example_sensor_decorator.py
[2025-07-16T11:18:31.558+0000] {processor.py:836} INFO - DAG(s) dict_keys(['example_sensor_decorator']) retrieved from /home/vscode/.local/lib/python3.10/site-packages/airflow/example_dags/example_sensor_decorator.py
[2025-07-16T11:18:31.571+0000] {logging_mixin.py:150} INFO - [2025-07-16T11:18:31.571+0000] {dag.py:2742} INFO - Sync 1 DAGs
[2025-07-16T11:18:31.585+0000] {logging_mixin.py:150} INFO - [2025-07-16T11:18:31.585+0000] {dag.py:3504} INFO - Setting next_dagrun for example_sensor_decorator to None, run_after=None
[2025-07-16T11:18:31.599+0000] {processor.py:179} INFO - Processing /home/vscode/.local/lib/python3.10/site-packages/airflow/example_dags/example_sensor_decorator.py took 0.050 seconds
[2025-07-16T11:19:20.424+0000] {processor.py:157} INFO - Started process (PID=10367) to work on /home/vscode/.local/lib/python3.10/site-packages/airflow/example_dags/example_sensor_decorator.py
[2025-07-16T11:19:20.425+0000] {processor.py:826} INFO - Processing file /home/vscode/.local/lib/python3.10/site-packages/airflow/example_dags/example_sensor_decorator.py for tasks to queue
[2025-07-16T11:19:20.426+0000] {logging_mixin.py:150} INFO - [2025-07-16T11:19:20.425+0000] {dagbag.py:541} INFO - Filling up the DagBag from /home/vscode/.local/lib/python3.10/site-packages/airflow/example_dags/example_sensor_decorator.py
[2025-07-16T11:19:20.430+0000] {processor.py:836} INFO - DAG(s) dict_keys(['example_sensor_decorator']) retrieved from /home/vscode/.local/lib/python3.10/site-packages/airflow/example_dags/example_sensor_decorator.py
[2025-07-16T11:19:20.443+0000] {logging_mixin.py:150} INFO - [2025-07-16T11:19:20.443+0000] {dag.py:2742} INFO - Sync 1 DAGs
[2025-07-16T11:19:20.457+0000] {logging_mixin.py:150} INFO - [2025-07-16T11:19:20.457+0000] {dag.py:3504} INFO - Setting next_dagrun for example_sensor_decorator to None, run_after=None
[2025-07-16T11:19:20.482+0000] {processor.py:179} INFO - Processing /home/vscode/.local/lib/python3.10/site-packages/airflow/example_dags/example_sensor_decorator.py took 0.060 seconds
[2025-07-16T11:20:14.936+0000] {processor.py:157} INFO - Started process (PID=10737) to work on /home/vscode/.local/lib/python3.10/site-packages/airflow/example_dags/example_sensor_decorator.py
[2025-07-16T11:20:14.937+0000] {processor.py:826} INFO - Processing file /home/vscode/.local/lib/python3.10/site-packages/airflow/example_dags/example_sensor_decorator.py for tasks to queue
[2025-07-16T11:20:14.938+0000] {logging_mixin.py:150} INFO - [2025-07-16T11:20:14.937+0000] {dagbag.py:541} INFO - Filling up the DagBag from /home/vscode/.local/lib/python3.10/site-packages/airflow/example_dags/example_sensor_decorator.py
[2025-07-16T11:20:14.942+0000] {processor.py:836} INFO - DAG(s) dict_keys(['example_sensor_decorator']) retrieved from /home/vscode/.local/lib/python3.10/site-packages/airflow/example_dags/example_sensor_decorator.py
[2025-07-16T11:20:14.955+0000] {logging_mixin.py:150} INFO - [2025-07-16T11:20:14.954+0000] {dag.py:2742} INFO - Sync 1 DAGs
[2025-07-16T11:20:14.968+0000] {logging_mixin.py:150} INFO - [2025-07-16T11:20:14.968+0000] {dag.py:3504} INFO - Setting next_dagrun for example_sensor_decorator to None, run_after=None
[2025-07-16T11:20:14.982+0000] {processor.py:179} INFO - Processing /home/vscode/.local/lib/python3.10/site-packages/airflow/example_dags/example_sensor_decorator.py took 0.049 seconds
[2025-07-16T11:21:13.259+0000] {processor.py:157} INFO - Started process (PID=11678) to work on /home/vscode/.local/lib/python3.10/site-packages/airflow/example_dags/example_sensor_decorator.py
[2025-07-16T11:21:13.260+0000] {processor.py:826} INFO - Processing file /home/vscode/.local/lib/python3.10/site-packages/airflow/example_dags/example_sensor_decorator.py for tasks to queue
[2025-07-16T11:21:13.260+0000] {logging_mixin.py:150} INFO - [2025-07-16T11:21:13.260+0000] {dagbag.py:541} INFO - Filling up the DagBag from /home/vscode/.local/lib/python3.10/site-packages/airflow/example_dags/example_sensor_decorator.py
[2025-07-16T11:21:13.265+0000] {processor.py:836} INFO - DAG(s) dict_keys(['example_sensor_decorator']) retrieved from /home/vscode/.local/lib/python3.10/site-packages/airflow/example_dags/example_sensor_decorator.py
[2025-07-16T11:21:13.277+0000] {logging_mixin.py:150} INFO - [2025-07-16T11:21:13.277+0000] {dag.py:2742} INFO - Sync 1 DAGs
[2025-07-16T11:21:13.296+0000] {logging_mixin.py:150} INFO - [2025-07-16T11:21:13.296+0000] {dag.py:3504} INFO - Setting next_dagrun for example_sensor_decorator to None, run_after=None
[2025-07-16T11:21:13.790+0000] {processor.py:179} INFO - Processing /home/vscode/.local/lib/python3.10/site-packages/airflow/example_dags/example_sensor_decorator.py took 0.534 seconds
