[2025-07-16T11:06:40.489+0000] {processor.py:157} INFO - Started process (PID=4152) to work on /home/vscode/.local/lib/python3.10/site-packages/airflow/example_dags/example_trigger_controller_dag.py
[2025-07-16T11:06:40.489+0000] {processor.py:826} INFO - Processing file /home/vscode/.local/lib/python3.10/site-packages/airflow/example_dags/example_trigger_controller_dag.py for tasks to queue
[2025-07-16T11:06:40.490+0000] {logging_mixin.py:150} INFO - [2025-07-16T11:06:40.490+0000] {dagbag.py:541} INFO - Filling up the DagBag from /home/vscode/.local/lib/python3.10/site-packages/airflow/example_dags/example_trigger_controller_dag.py
[2025-07-16T11:06:40.494+0000] {processor.py:836} INFO - DAG(s) dict_keys(['example_trigger_controller_dag']) retrieved from /home/vscode/.local/lib/python3.10/site-packages/airflow/example_dags/example_trigger_controller_dag.py
[2025-07-16T11:06:40.509+0000] {logging_mixin.py:150} INFO - [2025-07-16T11:06:40.509+0000] {dag.py:2742} INFO - Sync 1 DAGs
[2025-07-16T11:06:40.523+0000] {logging_mixin.py:150} INFO - [2025-07-16T11:06:40.523+0000] {dag.py:3504} INFO - Setting next_dagrun for example_trigger_controller_dag to 2021-01-01T00:00:00+00:00, run_after=2021-01-01T00:00:00+00:00
[2025-07-16T11:06:40.538+0000] {processor.py:179} INFO - Processing /home/vscode/.local/lib/python3.10/site-packages/airflow/example_dags/example_trigger_controller_dag.py took 0.052 seconds
[2025-07-16T11:07:26.829+0000] {processor.py:157} INFO - Started process (PID=4532) to work on /home/vscode/.local/lib/python3.10/site-packages/airflow/example_dags/example_trigger_controller_dag.py
[2025-07-16T11:07:26.829+0000] {processor.py:826} INFO - Processing file /home/vscode/.local/lib/python3.10/site-packages/airflow/example_dags/example_trigger_controller_dag.py for tasks to queue
[2025-07-16T11:07:26.830+0000] {logging_mixin.py:150} INFO - [2025-07-16T11:07:26.830+0000] {dagbag.py:541} INFO - Filling up the DagBag from /home/vscode/.local/lib/python3.10/site-packages/airflow/example_dags/example_trigger_controller_dag.py
[2025-07-16T11:07:26.834+0000] {processor.py:836} INFO - DAG(s) dict_keys(['example_trigger_controller_dag']) retrieved from /home/vscode/.local/lib/python3.10/site-packages/airflow/example_dags/example_trigger_controller_dag.py
[2025-07-16T11:07:26.847+0000] {logging_mixin.py:150} INFO - [2025-07-16T11:07:26.847+0000] {dag.py:2742} INFO - Sync 1 DAGs
[2025-07-16T11:07:26.861+0000] {logging_mixin.py:150} INFO - [2025-07-16T11:07:26.861+0000] {dag.py:3504} INFO - Setting next_dagrun for example_trigger_controller_dag to 2021-01-01T00:00:00+00:00, run_after=2021-01-01T00:00:00+00:00
[2025-07-16T11:07:26.876+0000] {processor.py:179} INFO - Processing /home/vscode/.local/lib/python3.10/site-packages/airflow/example_dags/example_trigger_controller_dag.py took 0.050 seconds
[2025-07-16T11:08:11.920+0000] {processor.py:157} INFO - Started process (PID=4873) to work on /home/vscode/.local/lib/python3.10/site-packages/airflow/example_dags/example_trigger_controller_dag.py
[2025-07-16T11:08:11.921+0000] {processor.py:826} INFO - Processing file /home/vscode/.local/lib/python3.10/site-packages/airflow/example_dags/example_trigger_controller_dag.py for tasks to queue
[2025-07-16T11:08:11.921+0000] {logging_mixin.py:150} INFO - [2025-07-16T11:08:11.921+0000] {dagbag.py:541} INFO - Filling up the DagBag from /home/vscode/.local/lib/python3.10/site-packages/airflow/example_dags/example_trigger_controller_dag.py
[2025-07-16T11:08:11.925+0000] {processor.py:836} INFO - DAG(s) dict_keys(['example_trigger_controller_dag']) retrieved from /home/vscode/.local/lib/python3.10/site-packages/airflow/example_dags/example_trigger_controller_dag.py
[2025-07-16T11:08:11.938+0000] {logging_mixin.py:150} INFO - [2025-07-16T11:08:11.938+0000] {dag.py:2742} INFO - Sync 1 DAGs
[2025-07-16T11:08:11.952+0000] {logging_mixin.py:150} INFO - [2025-07-16T11:08:11.952+0000] {dag.py:3504} INFO - Setting next_dagrun for example_trigger_controller_dag to 2021-01-01T00:00:00+00:00, run_after=2021-01-01T00:00:00+00:00
[2025-07-16T11:08:11.967+0000] {processor.py:179} INFO - Processing /home/vscode/.local/lib/python3.10/site-packages/airflow/example_dags/example_trigger_controller_dag.py took 0.049 seconds
[2025-07-16T11:08:56.919+0000] {processor.py:157} INFO - Started process (PID=5185) to work on /home/vscode/.local/lib/python3.10/site-packages/airflow/example_dags/example_trigger_controller_dag.py
[2025-07-16T11:08:56.919+0000] {processor.py:826} INFO - Processing file /home/vscode/.local/lib/python3.10/site-packages/airflow/example_dags/example_trigger_controller_dag.py for tasks to queue
[2025-07-16T11:08:56.920+0000] {logging_mixin.py:150} INFO - [2025-07-16T11:08:56.920+0000] {dagbag.py:541} INFO - Filling up the DagBag from /home/vscode/.local/lib/python3.10/site-packages/airflow/example_dags/example_trigger_controller_dag.py
[2025-07-16T11:08:56.924+0000] {processor.py:836} INFO - DAG(s) dict_keys(['example_trigger_controller_dag']) retrieved from /home/vscode/.local/lib/python3.10/site-packages/airflow/example_dags/example_trigger_controller_dag.py
[2025-07-16T11:08:56.937+0000] {logging_mixin.py:150} INFO - [2025-07-16T11:08:56.937+0000] {dag.py:2742} INFO - Sync 1 DAGs
[2025-07-16T11:08:56.951+0000] {logging_mixin.py:150} INFO - [2025-07-16T11:08:56.951+0000] {dag.py:3504} INFO - Setting next_dagrun for example_trigger_controller_dag to 2021-01-01T00:00:00+00:00, run_after=2021-01-01T00:00:00+00:00
[2025-07-16T11:08:56.966+0000] {processor.py:179} INFO - Processing /home/vscode/.local/lib/python3.10/site-packages/airflow/example_dags/example_trigger_controller_dag.py took 0.050 seconds
[2025-07-16T11:09:45.909+0000] {processor.py:157} INFO - Started process (PID=5563) to work on /home/vscode/.local/lib/python3.10/site-packages/airflow/example_dags/example_trigger_controller_dag.py
[2025-07-16T11:09:45.909+0000] {processor.py:826} INFO - Processing file /home/vscode/.local/lib/python3.10/site-packages/airflow/example_dags/example_trigger_controller_dag.py for tasks to queue
[2025-07-16T11:09:45.910+0000] {logging_mixin.py:150} INFO - [2025-07-16T11:09:45.910+0000] {dagbag.py:541} INFO - Filling up the DagBag from /home/vscode/.local/lib/python3.10/site-packages/airflow/example_dags/example_trigger_controller_dag.py
[2025-07-16T11:09:45.914+0000] {processor.py:836} INFO - DAG(s) dict_keys(['example_trigger_controller_dag']) retrieved from /home/vscode/.local/lib/python3.10/site-packages/airflow/example_dags/example_trigger_controller_dag.py
[2025-07-16T11:09:45.927+0000] {logging_mixin.py:150} INFO - [2025-07-16T11:09:45.927+0000] {dag.py:2742} INFO - Sync 1 DAGs
[2025-07-16T11:09:45.941+0000] {logging_mixin.py:150} INFO - [2025-07-16T11:09:45.941+0000] {dag.py:3504} INFO - Setting next_dagrun for example_trigger_controller_dag to 2021-01-01T00:00:00+00:00, run_after=2021-01-01T00:00:00+00:00
[2025-07-16T11:09:45.955+0000] {processor.py:179} INFO - Processing /home/vscode/.local/lib/python3.10/site-packages/airflow/example_dags/example_trigger_controller_dag.py took 0.049 seconds
[2025-07-16T11:10:34.326+0000] {processor.py:157} INFO - Started process (PID=5919) to work on /home/vscode/.local/lib/python3.10/site-packages/airflow/example_dags/example_trigger_controller_dag.py
[2025-07-16T11:10:34.327+0000] {processor.py:826} INFO - Processing file /home/vscode/.local/lib/python3.10/site-packages/airflow/example_dags/example_trigger_controller_dag.py for tasks to queue
[2025-07-16T11:10:34.328+0000] {logging_mixin.py:150} INFO - [2025-07-16T11:10:34.327+0000] {dagbag.py:541} INFO - Filling up the DagBag from /home/vscode/.local/lib/python3.10/site-packages/airflow/example_dags/example_trigger_controller_dag.py
[2025-07-16T11:10:34.331+0000] {processor.py:836} INFO - DAG(s) dict_keys(['example_trigger_controller_dag']) retrieved from /home/vscode/.local/lib/python3.10/site-packages/airflow/example_dags/example_trigger_controller_dag.py
[2025-07-16T11:10:34.347+0000] {logging_mixin.py:150} INFO - [2025-07-16T11:10:34.347+0000] {dag.py:2742} INFO - Sync 1 DAGs
[2025-07-16T11:10:34.364+0000] {logging_mixin.py:150} INFO - [2025-07-16T11:10:34.364+0000] {dag.py:3504} INFO - Setting next_dagrun for example_trigger_controller_dag to 2021-01-01T00:00:00+00:00, run_after=2021-01-01T00:00:00+00:00
[2025-07-16T11:10:34.381+0000] {processor.py:179} INFO - Processing /home/vscode/.local/lib/python3.10/site-packages/airflow/example_dags/example_trigger_controller_dag.py took 0.058 seconds
[2025-07-16T11:11:18.927+0000] {processor.py:157} INFO - Started process (PID=6260) to work on /home/vscode/.local/lib/python3.10/site-packages/airflow/example_dags/example_trigger_controller_dag.py
[2025-07-16T11:11:18.927+0000] {processor.py:826} INFO - Processing file /home/vscode/.local/lib/python3.10/site-packages/airflow/example_dags/example_trigger_controller_dag.py for tasks to queue
[2025-07-16T11:11:18.928+0000] {logging_mixin.py:150} INFO - [2025-07-16T11:11:18.928+0000] {dagbag.py:541} INFO - Filling up the DagBag from /home/vscode/.local/lib/python3.10/site-packages/airflow/example_dags/example_trigger_controller_dag.py
[2025-07-16T11:11:18.932+0000] {processor.py:836} INFO - DAG(s) dict_keys(['example_trigger_controller_dag']) retrieved from /home/vscode/.local/lib/python3.10/site-packages/airflow/example_dags/example_trigger_controller_dag.py
[2025-07-16T11:11:18.945+0000] {logging_mixin.py:150} INFO - [2025-07-16T11:11:18.945+0000] {dag.py:2742} INFO - Sync 1 DAGs
[2025-07-16T11:11:18.960+0000] {logging_mixin.py:150} INFO - [2025-07-16T11:11:18.960+0000] {dag.py:3504} INFO - Setting next_dagrun for example_trigger_controller_dag to 2021-01-01T00:00:00+00:00, run_after=2021-01-01T00:00:00+00:00
[2025-07-16T11:11:18.977+0000] {processor.py:179} INFO - Processing /home/vscode/.local/lib/python3.10/site-packages/airflow/example_dags/example_trigger_controller_dag.py took 0.053 seconds
[2025-07-16T11:12:05.762+0000] {processor.py:157} INFO - Started process (PID=6595) to work on /home/vscode/.local/lib/python3.10/site-packages/airflow/example_dags/example_trigger_controller_dag.py
[2025-07-16T11:12:05.762+0000] {processor.py:826} INFO - Processing file /home/vscode/.local/lib/python3.10/site-packages/airflow/example_dags/example_trigger_controller_dag.py for tasks to queue
[2025-07-16T11:12:05.763+0000] {logging_mixin.py:150} INFO - [2025-07-16T11:12:05.763+0000] {dagbag.py:541} INFO - Filling up the DagBag from /home/vscode/.local/lib/python3.10/site-packages/airflow/example_dags/example_trigger_controller_dag.py
[2025-07-16T11:12:05.767+0000] {processor.py:836} INFO - DAG(s) dict_keys(['example_trigger_controller_dag']) retrieved from /home/vscode/.local/lib/python3.10/site-packages/airflow/example_dags/example_trigger_controller_dag.py
[2025-07-16T11:12:05.781+0000] {logging_mixin.py:150} INFO - [2025-07-16T11:12:05.780+0000] {dag.py:2742} INFO - Sync 1 DAGs
[2025-07-16T11:12:05.795+0000] {logging_mixin.py:150} INFO - [2025-07-16T11:12:05.794+0000] {dag.py:3504} INFO - Setting next_dagrun for example_trigger_controller_dag to 2021-01-01T00:00:00+00:00, run_after=2021-01-01T00:00:00+00:00
[2025-07-16T11:12:05.810+0000] {processor.py:179} INFO - Processing /home/vscode/.local/lib/python3.10/site-packages/airflow/example_dags/example_trigger_controller_dag.py took 0.051 seconds
[2025-07-16T11:12:48.038+0000] {processor.py:157} INFO - Started process (PID=6909) to work on /home/vscode/.local/lib/python3.10/site-packages/airflow/example_dags/example_trigger_controller_dag.py
[2025-07-16T11:12:48.039+0000] {processor.py:826} INFO - Processing file /home/vscode/.local/lib/python3.10/site-packages/airflow/example_dags/example_trigger_controller_dag.py for tasks to queue
[2025-07-16T11:12:48.040+0000] {logging_mixin.py:150} INFO - [2025-07-16T11:12:48.040+0000] {dagbag.py:541} INFO - Filling up the DagBag from /home/vscode/.local/lib/python3.10/site-packages/airflow/example_dags/example_trigger_controller_dag.py
[2025-07-16T11:12:48.045+0000] {processor.py:836} INFO - DAG(s) dict_keys(['example_trigger_controller_dag']) retrieved from /home/vscode/.local/lib/python3.10/site-packages/airflow/example_dags/example_trigger_controller_dag.py
[2025-07-16T11:12:48.058+0000] {logging_mixin.py:150} INFO - [2025-07-16T11:12:48.058+0000] {dag.py:2742} INFO - Sync 1 DAGs
[2025-07-16T11:12:48.072+0000] {logging_mixin.py:150} INFO - [2025-07-16T11:12:48.072+0000] {dag.py:3504} INFO - Setting next_dagrun for example_trigger_controller_dag to 2021-01-01T00:00:00+00:00, run_after=2021-01-01T00:00:00+00:00
[2025-07-16T11:12:48.086+0000] {processor.py:179} INFO - Processing /home/vscode/.local/lib/python3.10/site-packages/airflow/example_dags/example_trigger_controller_dag.py took 0.052 seconds
[2025-07-16T11:13:37.155+0000] {processor.py:157} INFO - Started process (PID=7278) to work on /home/vscode/.local/lib/python3.10/site-packages/airflow/example_dags/example_trigger_controller_dag.py
[2025-07-16T11:13:37.156+0000] {processor.py:826} INFO - Processing file /home/vscode/.local/lib/python3.10/site-packages/airflow/example_dags/example_trigger_controller_dag.py for tasks to queue
[2025-07-16T11:13:37.157+0000] {logging_mixin.py:150} INFO - [2025-07-16T11:13:37.156+0000] {dagbag.py:541} INFO - Filling up the DagBag from /home/vscode/.local/lib/python3.10/site-packages/airflow/example_dags/example_trigger_controller_dag.py
[2025-07-16T11:13:37.160+0000] {processor.py:836} INFO - DAG(s) dict_keys(['example_trigger_controller_dag']) retrieved from /home/vscode/.local/lib/python3.10/site-packages/airflow/example_dags/example_trigger_controller_dag.py
[2025-07-16T11:13:37.174+0000] {logging_mixin.py:150} INFO - [2025-07-16T11:13:37.174+0000] {dag.py:2742} INFO - Sync 1 DAGs
[2025-07-16T11:13:37.188+0000] {logging_mixin.py:150} INFO - [2025-07-16T11:13:37.188+0000] {dag.py:3504} INFO - Setting next_dagrun for example_trigger_controller_dag to 2021-01-01T00:00:00+00:00, run_after=2021-01-01T00:00:00+00:00
[2025-07-16T11:13:37.203+0000] {processor.py:179} INFO - Processing /home/vscode/.local/lib/python3.10/site-packages/airflow/example_dags/example_trigger_controller_dag.py took 0.051 seconds
[2025-07-16T11:14:24.846+0000] {processor.py:157} INFO - Started process (PID=7708) to work on /home/vscode/.local/lib/python3.10/site-packages/airflow/example_dags/example_trigger_controller_dag.py
[2025-07-16T11:14:24.847+0000] {processor.py:826} INFO - Processing file /home/vscode/.local/lib/python3.10/site-packages/airflow/example_dags/example_trigger_controller_dag.py for tasks to queue
[2025-07-16T11:14:24.848+0000] {logging_mixin.py:150} INFO - [2025-07-16T11:14:24.848+0000] {dagbag.py:541} INFO - Filling up the DagBag from /home/vscode/.local/lib/python3.10/site-packages/airflow/example_dags/example_trigger_controller_dag.py
[2025-07-16T11:14:24.851+0000] {processor.py:836} INFO - DAG(s) dict_keys(['example_trigger_controller_dag']) retrieved from /home/vscode/.local/lib/python3.10/site-packages/airflow/example_dags/example_trigger_controller_dag.py
[2025-07-16T11:14:24.868+0000] {logging_mixin.py:150} INFO - [2025-07-16T11:14:24.868+0000] {dag.py:2742} INFO - Sync 1 DAGs
[2025-07-16T11:14:24.882+0000] {logging_mixin.py:150} INFO - [2025-07-16T11:14:24.882+0000] {dag.py:3504} INFO - Setting next_dagrun for example_trigger_controller_dag to 2021-01-01T00:00:00+00:00, run_after=2021-01-01T00:00:00+00:00
[2025-07-16T11:14:24.898+0000] {processor.py:179} INFO - Processing /home/vscode/.local/lib/python3.10/site-packages/airflow/example_dags/example_trigger_controller_dag.py took 0.054 seconds
[2025-07-16T11:15:12.172+0000] {processor.py:157} INFO - Started process (PID=8213) to work on /home/vscode/.local/lib/python3.10/site-packages/airflow/example_dags/example_trigger_controller_dag.py
[2025-07-16T11:15:12.173+0000] {processor.py:826} INFO - Processing file /home/vscode/.local/lib/python3.10/site-packages/airflow/example_dags/example_trigger_controller_dag.py for tasks to queue
[2025-07-16T11:15:12.173+0000] {logging_mixin.py:150} INFO - [2025-07-16T11:15:12.173+0000] {dagbag.py:541} INFO - Filling up the DagBag from /home/vscode/.local/lib/python3.10/site-packages/airflow/example_dags/example_trigger_controller_dag.py
[2025-07-16T11:15:12.177+0000] {processor.py:836} INFO - DAG(s) dict_keys(['example_trigger_controller_dag']) retrieved from /home/vscode/.local/lib/python3.10/site-packages/airflow/example_dags/example_trigger_controller_dag.py
[2025-07-16T11:15:12.191+0000] {logging_mixin.py:150} INFO - [2025-07-16T11:15:12.191+0000] {dag.py:2742} INFO - Sync 1 DAGs
[2025-07-16T11:15:12.206+0000] {logging_mixin.py:150} INFO - [2025-07-16T11:15:12.206+0000] {dag.py:3504} INFO - Setting next_dagrun for example_trigger_controller_dag to 2021-01-01T00:00:00+00:00, run_after=2021-01-01T00:00:00+00:00
[2025-07-16T11:15:12.221+0000] {processor.py:179} INFO - Processing /home/vscode/.local/lib/python3.10/site-packages/airflow/example_dags/example_trigger_controller_dag.py took 0.052 seconds
[2025-07-16T11:16:00.044+0000] {processor.py:157} INFO - Started process (PID=8711) to work on /home/vscode/.local/lib/python3.10/site-packages/airflow/example_dags/example_trigger_controller_dag.py
[2025-07-16T11:16:00.045+0000] {processor.py:826} INFO - Processing file /home/vscode/.local/lib/python3.10/site-packages/airflow/example_dags/example_trigger_controller_dag.py for tasks to queue
[2025-07-16T11:16:00.046+0000] {logging_mixin.py:150} INFO - [2025-07-16T11:16:00.046+0000] {dagbag.py:541} INFO - Filling up the DagBag from /home/vscode/.local/lib/python3.10/site-packages/airflow/example_dags/example_trigger_controller_dag.py
[2025-07-16T11:16:00.051+0000] {processor.py:836} INFO - DAG(s) dict_keys(['example_trigger_controller_dag']) retrieved from /home/vscode/.local/lib/python3.10/site-packages/airflow/example_dags/example_trigger_controller_dag.py
[2025-07-16T11:16:00.071+0000] {logging_mixin.py:150} INFO - [2025-07-16T11:16:00.071+0000] {dag.py:2742} INFO - Sync 1 DAGs
[2025-07-16T11:16:00.093+0000] {logging_mixin.py:150} INFO - [2025-07-16T11:16:00.093+0000] {dag.py:3504} INFO - Setting next_dagrun for example_trigger_controller_dag to 2021-01-01T00:00:00+00:00, run_after=2021-01-01T00:00:00+00:00
[2025-07-16T11:16:00.109+0000] {processor.py:179} INFO - Processing /home/vscode/.local/lib/python3.10/site-packages/airflow/example_dags/example_trigger_controller_dag.py took 0.069 seconds
[2025-07-16T11:16:47.556+0000] {processor.py:157} INFO - Started process (PID=9226) to work on /home/vscode/.local/lib/python3.10/site-packages/airflow/example_dags/example_trigger_controller_dag.py
[2025-07-16T11:16:47.557+0000] {processor.py:826} INFO - Processing file /home/vscode/.local/lib/python3.10/site-packages/airflow/example_dags/example_trigger_controller_dag.py for tasks to queue
[2025-07-16T11:16:47.557+0000] {logging_mixin.py:150} INFO - [2025-07-16T11:16:47.557+0000] {dagbag.py:541} INFO - Filling up the DagBag from /home/vscode/.local/lib/python3.10/site-packages/airflow/example_dags/example_trigger_controller_dag.py
[2025-07-16T11:16:47.561+0000] {processor.py:836} INFO - DAG(s) dict_keys(['example_trigger_controller_dag']) retrieved from /home/vscode/.local/lib/python3.10/site-packages/airflow/example_dags/example_trigger_controller_dag.py
[2025-07-16T11:16:47.574+0000] {logging_mixin.py:150} INFO - [2025-07-16T11:16:47.574+0000] {dag.py:2742} INFO - Sync 1 DAGs
[2025-07-16T11:16:47.588+0000] {logging_mixin.py:150} INFO - [2025-07-16T11:16:47.588+0000] {dag.py:3504} INFO - Setting next_dagrun for example_trigger_controller_dag to 2021-01-01T00:00:00+00:00, run_after=2021-01-01T00:00:00+00:00
[2025-07-16T11:16:47.603+0000] {processor.py:179} INFO - Processing /home/vscode/.local/lib/python3.10/site-packages/airflow/example_dags/example_trigger_controller_dag.py took 0.050 seconds
[2025-07-16T11:17:40.011+0000] {processor.py:157} INFO - Started process (PID=9697) to work on /home/vscode/.local/lib/python3.10/site-packages/airflow/example_dags/example_trigger_controller_dag.py
[2025-07-16T11:17:40.012+0000] {processor.py:826} INFO - Processing file /home/vscode/.local/lib/python3.10/site-packages/airflow/example_dags/example_trigger_controller_dag.py for tasks to queue
[2025-07-16T11:17:40.013+0000] {logging_mixin.py:150} INFO - [2025-07-16T11:17:40.012+0000] {dagbag.py:541} INFO - Filling up the DagBag from /home/vscode/.local/lib/python3.10/site-packages/airflow/example_dags/example_trigger_controller_dag.py
[2025-07-16T11:17:40.016+0000] {processor.py:836} INFO - DAG(s) dict_keys(['example_trigger_controller_dag']) retrieved from /home/vscode/.local/lib/python3.10/site-packages/airflow/example_dags/example_trigger_controller_dag.py
[2025-07-16T11:17:40.029+0000] {logging_mixin.py:150} INFO - [2025-07-16T11:17:40.028+0000] {dag.py:2742} INFO - Sync 1 DAGs
[2025-07-16T11:17:40.042+0000] {logging_mixin.py:150} INFO - [2025-07-16T11:17:40.042+0000] {dag.py:3504} INFO - Setting next_dagrun for example_trigger_controller_dag to 2021-01-01T00:00:00+00:00, run_after=2021-01-01T00:00:00+00:00
[2025-07-16T11:17:40.056+0000] {processor.py:179} INFO - Processing /home/vscode/.local/lib/python3.10/site-packages/airflow/example_dags/example_trigger_controller_dag.py took 0.048 seconds
[2025-07-16T11:18:28.989+0000] {processor.py:157} INFO - Started process (PID=10026) to work on /home/vscode/.local/lib/python3.10/site-packages/airflow/example_dags/example_trigger_controller_dag.py
[2025-07-16T11:18:28.990+0000] {processor.py:826} INFO - Processing file /home/vscode/.local/lib/python3.10/site-packages/airflow/example_dags/example_trigger_controller_dag.py for tasks to queue
[2025-07-16T11:18:28.991+0000] {logging_mixin.py:150} INFO - [2025-07-16T11:18:28.991+0000] {dagbag.py:541} INFO - Filling up the DagBag from /home/vscode/.local/lib/python3.10/site-packages/airflow/example_dags/example_trigger_controller_dag.py
[2025-07-16T11:18:28.995+0000] {processor.py:836} INFO - DAG(s) dict_keys(['example_trigger_controller_dag']) retrieved from /home/vscode/.local/lib/python3.10/site-packages/airflow/example_dags/example_trigger_controller_dag.py
[2025-07-16T11:18:29.008+0000] {logging_mixin.py:150} INFO - [2025-07-16T11:18:29.008+0000] {dag.py:2742} INFO - Sync 1 DAGs
[2025-07-16T11:18:29.023+0000] {logging_mixin.py:150} INFO - [2025-07-16T11:18:29.023+0000] {dag.py:3504} INFO - Setting next_dagrun for example_trigger_controller_dag to 2021-01-01T00:00:00+00:00, run_after=2021-01-01T00:00:00+00:00
[2025-07-16T11:18:29.038+0000] {processor.py:179} INFO - Processing /home/vscode/.local/lib/python3.10/site-packages/airflow/example_dags/example_trigger_controller_dag.py took 0.052 seconds
[2025-07-16T11:19:17.020+0000] {processor.py:157} INFO - Started process (PID=10354) to work on /home/vscode/.local/lib/python3.10/site-packages/airflow/example_dags/example_trigger_controller_dag.py
[2025-07-16T11:19:17.020+0000] {processor.py:826} INFO - Processing file /home/vscode/.local/lib/python3.10/site-packages/airflow/example_dags/example_trigger_controller_dag.py for tasks to queue
[2025-07-16T11:19:17.021+0000] {logging_mixin.py:150} INFO - [2025-07-16T11:19:17.021+0000] {dagbag.py:541} INFO - Filling up the DagBag from /home/vscode/.local/lib/python3.10/site-packages/airflow/example_dags/example_trigger_controller_dag.py
[2025-07-16T11:19:17.025+0000] {processor.py:836} INFO - DAG(s) dict_keys(['example_trigger_controller_dag']) retrieved from /home/vscode/.local/lib/python3.10/site-packages/airflow/example_dags/example_trigger_controller_dag.py
[2025-07-16T11:19:17.038+0000] {logging_mixin.py:150} INFO - [2025-07-16T11:19:17.038+0000] {dag.py:2742} INFO - Sync 1 DAGs
[2025-07-16T11:19:17.057+0000] {logging_mixin.py:150} INFO - [2025-07-16T11:19:17.057+0000] {dag.py:3504} INFO - Setting next_dagrun for example_trigger_controller_dag to 2021-01-01T00:00:00+00:00, run_after=2021-01-01T00:00:00+00:00
[2025-07-16T11:19:17.094+0000] {processor.py:179} INFO - Processing /home/vscode/.local/lib/python3.10/site-packages/airflow/example_dags/example_trigger_controller_dag.py took 0.077 seconds
[2025-07-16T11:20:11.469+0000] {processor.py:157} INFO - Started process (PID=10719) to work on /home/vscode/.local/lib/python3.10/site-packages/airflow/example_dags/example_trigger_controller_dag.py
[2025-07-16T11:20:11.470+0000] {processor.py:826} INFO - Processing file /home/vscode/.local/lib/python3.10/site-packages/airflow/example_dags/example_trigger_controller_dag.py for tasks to queue
[2025-07-16T11:20:11.471+0000] {logging_mixin.py:150} INFO - [2025-07-16T11:20:11.470+0000] {dagbag.py:541} INFO - Filling up the DagBag from /home/vscode/.local/lib/python3.10/site-packages/airflow/example_dags/example_trigger_controller_dag.py
[2025-07-16T11:20:11.476+0000] {processor.py:836} INFO - DAG(s) dict_keys(['example_trigger_controller_dag']) retrieved from /home/vscode/.local/lib/python3.10/site-packages/airflow/example_dags/example_trigger_controller_dag.py
[2025-07-16T11:20:11.494+0000] {logging_mixin.py:150} INFO - [2025-07-16T11:20:11.494+0000] {dag.py:2742} INFO - Sync 1 DAGs
[2025-07-16T11:20:11.509+0000] {logging_mixin.py:150} INFO - [2025-07-16T11:20:11.509+0000] {dag.py:3504} INFO - Setting next_dagrun for example_trigger_controller_dag to 2021-01-01T00:00:00+00:00, run_after=2021-01-01T00:00:00+00:00
[2025-07-16T11:20:11.524+0000] {processor.py:179} INFO - Processing /home/vscode/.local/lib/python3.10/site-packages/airflow/example_dags/example_trigger_controller_dag.py took 0.058 seconds
[2025-07-16T11:21:09.628+0000] {processor.py:157} INFO - Started process (PID=11627) to work on /home/vscode/.local/lib/python3.10/site-packages/airflow/example_dags/example_trigger_controller_dag.py
[2025-07-16T11:21:09.629+0000] {processor.py:826} INFO - Processing file /home/vscode/.local/lib/python3.10/site-packages/airflow/example_dags/example_trigger_controller_dag.py for tasks to queue
[2025-07-16T11:21:09.630+0000] {logging_mixin.py:150} INFO - [2025-07-16T11:21:09.629+0000] {dagbag.py:541} INFO - Filling up the DagBag from /home/vscode/.local/lib/python3.10/site-packages/airflow/example_dags/example_trigger_controller_dag.py
[2025-07-16T11:21:09.635+0000] {processor.py:836} INFO - DAG(s) dict_keys(['example_trigger_controller_dag']) retrieved from /home/vscode/.local/lib/python3.10/site-packages/airflow/example_dags/example_trigger_controller_dag.py
[2025-07-16T11:21:09.654+0000] {logging_mixin.py:150} INFO - [2025-07-16T11:21:09.654+0000] {dag.py:2742} INFO - Sync 1 DAGs
[2025-07-16T11:21:09.677+0000] {logging_mixin.py:150} INFO - [2025-07-16T11:21:09.677+0000] {dag.py:3504} INFO - Setting next_dagrun for example_trigger_controller_dag to 2021-01-01T00:00:00+00:00, run_after=2021-01-01T00:00:00+00:00
[2025-07-16T11:21:09.709+0000] {processor.py:179} INFO - Processing /home/vscode/.local/lib/python3.10/site-packages/airflow/example_dags/example_trigger_controller_dag.py took 0.085 seconds
[2025-07-16T11:21:53.728+0000] {processor.py:157} INFO - Started process (PID=12153) to work on /home/vscode/.local/lib/python3.10/site-packages/airflow/example_dags/example_trigger_controller_dag.py
[2025-07-16T11:21:53.729+0000] {processor.py:826} INFO - Processing file /home/vscode/.local/lib/python3.10/site-packages/airflow/example_dags/example_trigger_controller_dag.py for tasks to queue
[2025-07-16T11:21:53.729+0000] {logging_mixin.py:150} INFO - [2025-07-16T11:21:53.729+0000] {dagbag.py:541} INFO - Filling up the DagBag from /home/vscode/.local/lib/python3.10/site-packages/airflow/example_dags/example_trigger_controller_dag.py
[2025-07-16T11:21:53.733+0000] {processor.py:836} INFO - DAG(s) dict_keys(['example_trigger_controller_dag']) retrieved from /home/vscode/.local/lib/python3.10/site-packages/airflow/example_dags/example_trigger_controller_dag.py
[2025-07-16T11:21:53.803+0000] {logging_mixin.py:150} INFO - [2025-07-16T11:21:53.803+0000] {dag.py:2742} INFO - Sync 1 DAGs
[2025-07-16T11:21:53.816+0000] {logging_mixin.py:150} INFO - [2025-07-16T11:21:53.816+0000] {dag.py:3504} INFO - Setting next_dagrun for example_trigger_controller_dag to 2021-01-01T00:00:00+00:00, run_after=2021-01-01T00:00:00+00:00
[2025-07-16T11:21:53.831+0000] {processor.py:179} INFO - Processing /home/vscode/.local/lib/python3.10/site-packages/airflow/example_dags/example_trigger_controller_dag.py took 0.106 seconds
