[2025-07-16T11:06:39.344+0000] {processor.py:157} INFO - Started process (PID=4147) to work on /home/vscode/.local/lib/python3.10/site-packages/airflow/example_dags/example_skip_dag.py
[2025-07-16T11:06:39.345+0000] {processor.py:826} INFO - Processing file /home/vscode/.local/lib/python3.10/site-packages/airflow/example_dags/example_skip_dag.py for tasks to queue
[2025-07-16T11:06:39.346+0000] {logging_mixin.py:150} INFO - [2025-07-16T11:06:39.345+0000] {dagbag.py:541} INFO - Filling up the DagBag from /home/vscode/.local/lib/python3.10/site-packages/airflow/example_dags/example_skip_dag.py
[2025-07-16T11:06:39.352+0000] {processor.py:836} INFO - DAG(s) dict_keys(['example_skip_dag']) retrieved from /home/vscode/.local/lib/python3.10/site-packages/airflow/example_dags/example_skip_dag.py
[2025-07-16T11:06:39.372+0000] {logging_mixin.py:150} INFO - [2025-07-16T11:06:39.371+0000] {dag.py:2742} INFO - Sync 1 DAGs
[2025-07-16T11:06:39.386+0000] {logging_mixin.py:150} INFO - [2025-07-16T11:06:39.385+0000] {dag.py:3504} INFO - Setting next_dagrun for example_skip_dag to 2025-07-15T11:06:39.385689+00:00, run_after=2025-07-16T11:06:39.385689+00:00
[2025-07-16T11:06:39.400+0000] {processor.py:179} INFO - Processing /home/vscode/.local/lib/python3.10/site-packages/airflow/example_dags/example_skip_dag.py took 0.059 seconds
[2025-07-16T11:07:25.688+0000] {processor.py:157} INFO - Started process (PID=4524) to work on /home/vscode/.local/lib/python3.10/site-packages/airflow/example_dags/example_skip_dag.py
[2025-07-16T11:07:25.688+0000] {processor.py:826} INFO - Processing file /home/vscode/.local/lib/python3.10/site-packages/airflow/example_dags/example_skip_dag.py for tasks to queue
[2025-07-16T11:07:25.689+0000] {logging_mixin.py:150} INFO - [2025-07-16T11:07:25.689+0000] {dagbag.py:541} INFO - Filling up the DagBag from /home/vscode/.local/lib/python3.10/site-packages/airflow/example_dags/example_skip_dag.py
[2025-07-16T11:07:25.695+0000] {processor.py:836} INFO - DAG(s) dict_keys(['example_skip_dag']) retrieved from /home/vscode/.local/lib/python3.10/site-packages/airflow/example_dags/example_skip_dag.py
[2025-07-16T11:07:25.708+0000] {logging_mixin.py:150} INFO - [2025-07-16T11:07:25.708+0000] {dag.py:2742} INFO - Sync 1 DAGs
[2025-07-16T11:07:25.725+0000] {logging_mixin.py:150} INFO - [2025-07-16T11:07:25.725+0000] {dag.py:3504} INFO - Setting next_dagrun for example_skip_dag to 2025-07-15T11:07:25.725548+00:00, run_after=2025-07-16T11:07:25.725548+00:00
[2025-07-16T11:07:25.744+0000] {processor.py:179} INFO - Processing /home/vscode/.local/lib/python3.10/site-packages/airflow/example_dags/example_skip_dag.py took 0.059 seconds
[2025-07-16T11:08:11.014+0000] {processor.py:157} INFO - Started process (PID=4871) to work on /home/vscode/.local/lib/python3.10/site-packages/airflow/example_dags/example_skip_dag.py
[2025-07-16T11:08:11.015+0000] {processor.py:826} INFO - Processing file /home/vscode/.local/lib/python3.10/site-packages/airflow/example_dags/example_skip_dag.py for tasks to queue
[2025-07-16T11:08:11.016+0000] {logging_mixin.py:150} INFO - [2025-07-16T11:08:11.016+0000] {dagbag.py:541} INFO - Filling up the DagBag from /home/vscode/.local/lib/python3.10/site-packages/airflow/example_dags/example_skip_dag.py
[2025-07-16T11:08:11.022+0000] {processor.py:836} INFO - DAG(s) dict_keys(['example_skip_dag']) retrieved from /home/vscode/.local/lib/python3.10/site-packages/airflow/example_dags/example_skip_dag.py
[2025-07-16T11:08:11.034+0000] {logging_mixin.py:150} INFO - [2025-07-16T11:08:11.034+0000] {dag.py:2742} INFO - Sync 1 DAGs
[2025-07-16T11:08:11.048+0000] {logging_mixin.py:150} INFO - [2025-07-16T11:08:11.048+0000] {dag.py:3504} INFO - Setting next_dagrun for example_skip_dag to 2025-07-15T11:08:11.048486+00:00, run_after=2025-07-16T11:08:11.048486+00:00
[2025-07-16T11:08:11.064+0000] {processor.py:179} INFO - Processing /home/vscode/.local/lib/python3.10/site-packages/airflow/example_dags/example_skip_dag.py took 0.052 seconds
[2025-07-16T11:08:55.762+0000] {processor.py:157} INFO - Started process (PID=5183) to work on /home/vscode/.local/lib/python3.10/site-packages/airflow/example_dags/example_skip_dag.py
[2025-07-16T11:08:55.763+0000] {processor.py:826} INFO - Processing file /home/vscode/.local/lib/python3.10/site-packages/airflow/example_dags/example_skip_dag.py for tasks to queue
[2025-07-16T11:08:55.764+0000] {logging_mixin.py:150} INFO - [2025-07-16T11:08:55.763+0000] {dagbag.py:541} INFO - Filling up the DagBag from /home/vscode/.local/lib/python3.10/site-packages/airflow/example_dags/example_skip_dag.py
[2025-07-16T11:08:55.770+0000] {processor.py:836} INFO - DAG(s) dict_keys(['example_skip_dag']) retrieved from /home/vscode/.local/lib/python3.10/site-packages/airflow/example_dags/example_skip_dag.py
[2025-07-16T11:08:55.782+0000] {logging_mixin.py:150} INFO - [2025-07-16T11:08:55.782+0000] {dag.py:2742} INFO - Sync 1 DAGs
[2025-07-16T11:08:55.796+0000] {logging_mixin.py:150} INFO - [2025-07-16T11:08:55.796+0000] {dag.py:3504} INFO - Setting next_dagrun for example_skip_dag to 2025-07-15T11:08:55.796234+00:00, run_after=2025-07-16T11:08:55.796234+00:00
[2025-07-16T11:08:55.811+0000] {processor.py:179} INFO - Processing /home/vscode/.local/lib/python3.10/site-packages/airflow/example_dags/example_skip_dag.py took 0.051 seconds
[2025-07-16T11:09:44.750+0000] {processor.py:157} INFO - Started process (PID=5561) to work on /home/vscode/.local/lib/python3.10/site-packages/airflow/example_dags/example_skip_dag.py
[2025-07-16T11:09:44.750+0000] {processor.py:826} INFO - Processing file /home/vscode/.local/lib/python3.10/site-packages/airflow/example_dags/example_skip_dag.py for tasks to queue
[2025-07-16T11:09:44.751+0000] {logging_mixin.py:150} INFO - [2025-07-16T11:09:44.751+0000] {dagbag.py:541} INFO - Filling up the DagBag from /home/vscode/.local/lib/python3.10/site-packages/airflow/example_dags/example_skip_dag.py
[2025-07-16T11:09:44.757+0000] {processor.py:836} INFO - DAG(s) dict_keys(['example_skip_dag']) retrieved from /home/vscode/.local/lib/python3.10/site-packages/airflow/example_dags/example_skip_dag.py
[2025-07-16T11:09:44.770+0000] {logging_mixin.py:150} INFO - [2025-07-16T11:09:44.770+0000] {dag.py:2742} INFO - Sync 1 DAGs
[2025-07-16T11:09:44.784+0000] {logging_mixin.py:150} INFO - [2025-07-16T11:09:44.784+0000] {dag.py:3504} INFO - Setting next_dagrun for example_skip_dag to 2025-07-15T11:09:44.784647+00:00, run_after=2025-07-16T11:09:44.784647+00:00
[2025-07-16T11:09:44.799+0000] {processor.py:179} INFO - Processing /home/vscode/.local/lib/python3.10/site-packages/airflow/example_dags/example_skip_dag.py took 0.052 seconds
[2025-07-16T11:10:33.170+0000] {processor.py:157} INFO - Started process (PID=5911) to work on /home/vscode/.local/lib/python3.10/site-packages/airflow/example_dags/example_skip_dag.py
[2025-07-16T11:10:33.171+0000] {processor.py:826} INFO - Processing file /home/vscode/.local/lib/python3.10/site-packages/airflow/example_dags/example_skip_dag.py for tasks to queue
[2025-07-16T11:10:33.171+0000] {logging_mixin.py:150} INFO - [2025-07-16T11:10:33.171+0000] {dagbag.py:541} INFO - Filling up the DagBag from /home/vscode/.local/lib/python3.10/site-packages/airflow/example_dags/example_skip_dag.py
[2025-07-16T11:10:33.178+0000] {processor.py:836} INFO - DAG(s) dict_keys(['example_skip_dag']) retrieved from /home/vscode/.local/lib/python3.10/site-packages/airflow/example_dags/example_skip_dag.py
[2025-07-16T11:10:33.191+0000] {logging_mixin.py:150} INFO - [2025-07-16T11:10:33.190+0000] {dag.py:2742} INFO - Sync 1 DAGs
[2025-07-16T11:10:33.205+0000] {logging_mixin.py:150} INFO - [2025-07-16T11:10:33.205+0000] {dag.py:3504} INFO - Setting next_dagrun for example_skip_dag to 2025-07-15T11:10:33.205545+00:00, run_after=2025-07-16T11:10:33.205545+00:00
[2025-07-16T11:10:33.220+0000] {processor.py:179} INFO - Processing /home/vscode/.local/lib/python3.10/site-packages/airflow/example_dags/example_skip_dag.py took 0.053 seconds
[2025-07-16T11:11:17.773+0000] {processor.py:157} INFO - Started process (PID=6252) to work on /home/vscode/.local/lib/python3.10/site-packages/airflow/example_dags/example_skip_dag.py
[2025-07-16T11:11:17.774+0000] {processor.py:826} INFO - Processing file /home/vscode/.local/lib/python3.10/site-packages/airflow/example_dags/example_skip_dag.py for tasks to queue
[2025-07-16T11:11:17.774+0000] {logging_mixin.py:150} INFO - [2025-07-16T11:11:17.774+0000] {dagbag.py:541} INFO - Filling up the DagBag from /home/vscode/.local/lib/python3.10/site-packages/airflow/example_dags/example_skip_dag.py
[2025-07-16T11:11:17.781+0000] {processor.py:836} INFO - DAG(s) dict_keys(['example_skip_dag']) retrieved from /home/vscode/.local/lib/python3.10/site-packages/airflow/example_dags/example_skip_dag.py
[2025-07-16T11:11:17.793+0000] {logging_mixin.py:150} INFO - [2025-07-16T11:11:17.793+0000] {dag.py:2742} INFO - Sync 1 DAGs
[2025-07-16T11:11:17.808+0000] {logging_mixin.py:150} INFO - [2025-07-16T11:11:17.807+0000] {dag.py:3504} INFO - Setting next_dagrun for example_skip_dag to 2025-07-15T11:11:17.807782+00:00, run_after=2025-07-16T11:11:17.807782+00:00
[2025-07-16T11:11:17.823+0000] {processor.py:179} INFO - Processing /home/vscode/.local/lib/python3.10/site-packages/airflow/example_dags/example_skip_dag.py took 0.053 seconds
[2025-07-16T11:12:04.626+0000] {processor.py:157} INFO - Started process (PID=6587) to work on /home/vscode/.local/lib/python3.10/site-packages/airflow/example_dags/example_skip_dag.py
[2025-07-16T11:12:04.626+0000] {processor.py:826} INFO - Processing file /home/vscode/.local/lib/python3.10/site-packages/airflow/example_dags/example_skip_dag.py for tasks to queue
[2025-07-16T11:12:04.627+0000] {logging_mixin.py:150} INFO - [2025-07-16T11:12:04.627+0000] {dagbag.py:541} INFO - Filling up the DagBag from /home/vscode/.local/lib/python3.10/site-packages/airflow/example_dags/example_skip_dag.py
[2025-07-16T11:12:04.633+0000] {processor.py:836} INFO - DAG(s) dict_keys(['example_skip_dag']) retrieved from /home/vscode/.local/lib/python3.10/site-packages/airflow/example_dags/example_skip_dag.py
[2025-07-16T11:12:04.649+0000] {logging_mixin.py:150} INFO - [2025-07-16T11:12:04.649+0000] {dag.py:2742} INFO - Sync 1 DAGs
[2025-07-16T11:12:04.665+0000] {logging_mixin.py:150} INFO - [2025-07-16T11:12:04.665+0000] {dag.py:3504} INFO - Setting next_dagrun for example_skip_dag to 2025-07-15T11:12:04.664778+00:00, run_after=2025-07-16T11:12:04.664778+00:00
[2025-07-16T11:12:04.682+0000] {processor.py:179} INFO - Processing /home/vscode/.local/lib/python3.10/site-packages/airflow/example_dags/example_skip_dag.py took 0.058 seconds
[2025-07-16T11:12:46.903+0000] {processor.py:157} INFO - Started process (PID=6901) to work on /home/vscode/.local/lib/python3.10/site-packages/airflow/example_dags/example_skip_dag.py
[2025-07-16T11:12:46.904+0000] {processor.py:826} INFO - Processing file /home/vscode/.local/lib/python3.10/site-packages/airflow/example_dags/example_skip_dag.py for tasks to queue
[2025-07-16T11:12:46.906+0000] {logging_mixin.py:150} INFO - [2025-07-16T11:12:46.905+0000] {dagbag.py:541} INFO - Filling up the DagBag from /home/vscode/.local/lib/python3.10/site-packages/airflow/example_dags/example_skip_dag.py
[2025-07-16T11:12:46.919+0000] {processor.py:836} INFO - DAG(s) dict_keys(['example_skip_dag']) retrieved from /home/vscode/.local/lib/python3.10/site-packages/airflow/example_dags/example_skip_dag.py
[2025-07-16T11:12:46.936+0000] {logging_mixin.py:150} INFO - [2025-07-16T11:12:46.936+0000] {dag.py:2742} INFO - Sync 1 DAGs
[2025-07-16T11:12:46.952+0000] {logging_mixin.py:150} INFO - [2025-07-16T11:12:46.952+0000] {dag.py:3504} INFO - Setting next_dagrun for example_skip_dag to 2025-07-15T11:12:46.951974+00:00, run_after=2025-07-16T11:12:46.951974+00:00
[2025-07-16T11:12:46.967+0000] {processor.py:179} INFO - Processing /home/vscode/.local/lib/python3.10/site-packages/airflow/example_dags/example_skip_dag.py took 0.067 seconds
[2025-07-16T11:13:35.996+0000] {processor.py:157} INFO - Started process (PID=7270) to work on /home/vscode/.local/lib/python3.10/site-packages/airflow/example_dags/example_skip_dag.py
[2025-07-16T11:13:35.997+0000] {processor.py:826} INFO - Processing file /home/vscode/.local/lib/python3.10/site-packages/airflow/example_dags/example_skip_dag.py for tasks to queue
[2025-07-16T11:13:35.998+0000] {logging_mixin.py:150} INFO - [2025-07-16T11:13:35.997+0000] {dagbag.py:541} INFO - Filling up the DagBag from /home/vscode/.local/lib/python3.10/site-packages/airflow/example_dags/example_skip_dag.py
[2025-07-16T11:13:36.004+0000] {processor.py:836} INFO - DAG(s) dict_keys(['example_skip_dag']) retrieved from /home/vscode/.local/lib/python3.10/site-packages/airflow/example_dags/example_skip_dag.py
[2025-07-16T11:13:36.019+0000] {logging_mixin.py:150} INFO - [2025-07-16T11:13:36.019+0000] {dag.py:2742} INFO - Sync 1 DAGs
[2025-07-16T11:13:36.034+0000] {logging_mixin.py:150} INFO - [2025-07-16T11:13:36.034+0000] {dag.py:3504} INFO - Setting next_dagrun for example_skip_dag to 2025-07-15T11:13:36.034422+00:00, run_after=2025-07-16T11:13:36.034422+00:00
[2025-07-16T11:13:36.050+0000] {processor.py:179} INFO - Processing /home/vscode/.local/lib/python3.10/site-packages/airflow/example_dags/example_skip_dag.py took 0.056 seconds
[2025-07-16T11:14:24.434+0000] {processor.py:157} INFO - Started process (PID=7706) to work on /home/vscode/.local/lib/python3.10/site-packages/airflow/example_dags/example_skip_dag.py
[2025-07-16T11:14:24.435+0000] {processor.py:826} INFO - Processing file /home/vscode/.local/lib/python3.10/site-packages/airflow/example_dags/example_skip_dag.py for tasks to queue
[2025-07-16T11:14:24.435+0000] {logging_mixin.py:150} INFO - [2025-07-16T11:14:24.435+0000] {dagbag.py:541} INFO - Filling up the DagBag from /home/vscode/.local/lib/python3.10/site-packages/airflow/example_dags/example_skip_dag.py
[2025-07-16T11:14:24.442+0000] {processor.py:836} INFO - DAG(s) dict_keys(['example_skip_dag']) retrieved from /home/vscode/.local/lib/python3.10/site-packages/airflow/example_dags/example_skip_dag.py
[2025-07-16T11:14:24.455+0000] {logging_mixin.py:150} INFO - [2025-07-16T11:14:24.454+0000] {dag.py:2742} INFO - Sync 1 DAGs
[2025-07-16T11:14:24.469+0000] {logging_mixin.py:150} INFO - [2025-07-16T11:14:24.469+0000] {dag.py:3504} INFO - Setting next_dagrun for example_skip_dag to 2025-07-15T11:14:24.469630+00:00, run_after=2025-07-16T11:14:24.469630+00:00
[2025-07-16T11:14:24.490+0000] {processor.py:179} INFO - Processing /home/vscode/.local/lib/python3.10/site-packages/airflow/example_dags/example_skip_dag.py took 0.059 seconds
[2025-07-16T11:15:11.036+0000] {processor.py:157} INFO - Started process (PID=8190) to work on /home/vscode/.local/lib/python3.10/site-packages/airflow/example_dags/example_skip_dag.py
[2025-07-16T11:15:11.037+0000] {processor.py:826} INFO - Processing file /home/vscode/.local/lib/python3.10/site-packages/airflow/example_dags/example_skip_dag.py for tasks to queue
[2025-07-16T11:15:11.038+0000] {logging_mixin.py:150} INFO - [2025-07-16T11:15:11.038+0000] {dagbag.py:541} INFO - Filling up the DagBag from /home/vscode/.local/lib/python3.10/site-packages/airflow/example_dags/example_skip_dag.py
[2025-07-16T11:15:11.046+0000] {processor.py:836} INFO - DAG(s) dict_keys(['example_skip_dag']) retrieved from /home/vscode/.local/lib/python3.10/site-packages/airflow/example_dags/example_skip_dag.py
[2025-07-16T11:15:11.061+0000] {logging_mixin.py:150} INFO - [2025-07-16T11:15:11.061+0000] {dag.py:2742} INFO - Sync 1 DAGs
[2025-07-16T11:15:11.075+0000] {logging_mixin.py:150} INFO - [2025-07-16T11:15:11.075+0000] {dag.py:3504} INFO - Setting next_dagrun for example_skip_dag to 2025-07-15T11:15:11.075299+00:00, run_after=2025-07-16T11:15:11.075299+00:00
[2025-07-16T11:15:11.092+0000] {processor.py:179} INFO - Processing /home/vscode/.local/lib/python3.10/site-packages/airflow/example_dags/example_skip_dag.py took 0.059 seconds
[2025-07-16T11:15:59.128+0000] {processor.py:157} INFO - Started process (PID=8705) to work on /home/vscode/.local/lib/python3.10/site-packages/airflow/example_dags/example_skip_dag.py
[2025-07-16T11:15:59.129+0000] {processor.py:826} INFO - Processing file /home/vscode/.local/lib/python3.10/site-packages/airflow/example_dags/example_skip_dag.py for tasks to queue
[2025-07-16T11:15:59.129+0000] {logging_mixin.py:150} INFO - [2025-07-16T11:15:59.129+0000] {dagbag.py:541} INFO - Filling up the DagBag from /home/vscode/.local/lib/python3.10/site-packages/airflow/example_dags/example_skip_dag.py
[2025-07-16T11:15:59.136+0000] {processor.py:836} INFO - DAG(s) dict_keys(['example_skip_dag']) retrieved from /home/vscode/.local/lib/python3.10/site-packages/airflow/example_dags/example_skip_dag.py
[2025-07-16T11:15:59.149+0000] {logging_mixin.py:150} INFO - [2025-07-16T11:15:59.149+0000] {dag.py:2742} INFO - Sync 1 DAGs
[2025-07-16T11:15:59.163+0000] {logging_mixin.py:150} INFO - [2025-07-16T11:15:59.163+0000] {dag.py:3504} INFO - Setting next_dagrun for example_skip_dag to 2025-07-15T11:15:59.162844+00:00, run_after=2025-07-16T11:15:59.162844+00:00
[2025-07-16T11:15:59.177+0000] {processor.py:179} INFO - Processing /home/vscode/.local/lib/python3.10/site-packages/airflow/example_dags/example_skip_dag.py took 0.052 seconds
[2025-07-16T11:16:46.396+0000] {processor.py:157} INFO - Started process (PID=9224) to work on /home/vscode/.local/lib/python3.10/site-packages/airflow/example_dags/example_skip_dag.py
[2025-07-16T11:16:46.397+0000] {processor.py:826} INFO - Processing file /home/vscode/.local/lib/python3.10/site-packages/airflow/example_dags/example_skip_dag.py for tasks to queue
[2025-07-16T11:16:46.398+0000] {logging_mixin.py:150} INFO - [2025-07-16T11:16:46.398+0000] {dagbag.py:541} INFO - Filling up the DagBag from /home/vscode/.local/lib/python3.10/site-packages/airflow/example_dags/example_skip_dag.py
[2025-07-16T11:16:46.404+0000] {processor.py:836} INFO - DAG(s) dict_keys(['example_skip_dag']) retrieved from /home/vscode/.local/lib/python3.10/site-packages/airflow/example_dags/example_skip_dag.py
[2025-07-16T11:16:46.418+0000] {logging_mixin.py:150} INFO - [2025-07-16T11:16:46.417+0000] {dag.py:2742} INFO - Sync 1 DAGs
[2025-07-16T11:16:46.432+0000] {logging_mixin.py:150} INFO - [2025-07-16T11:16:46.432+0000] {dag.py:3504} INFO - Setting next_dagrun for example_skip_dag to 2025-07-15T11:16:46.431890+00:00, run_after=2025-07-16T11:16:46.431890+00:00
[2025-07-16T11:16:46.447+0000] {processor.py:179} INFO - Processing /home/vscode/.local/lib/python3.10/site-packages/airflow/example_dags/example_skip_dag.py took 0.054 seconds
[2025-07-16T11:17:38.857+0000] {processor.py:157} INFO - Started process (PID=9689) to work on /home/vscode/.local/lib/python3.10/site-packages/airflow/example_dags/example_skip_dag.py
[2025-07-16T11:17:38.858+0000] {processor.py:826} INFO - Processing file /home/vscode/.local/lib/python3.10/site-packages/airflow/example_dags/example_skip_dag.py for tasks to queue
[2025-07-16T11:17:38.859+0000] {logging_mixin.py:150} INFO - [2025-07-16T11:17:38.858+0000] {dagbag.py:541} INFO - Filling up the DagBag from /home/vscode/.local/lib/python3.10/site-packages/airflow/example_dags/example_skip_dag.py
[2025-07-16T11:17:38.864+0000] {processor.py:836} INFO - DAG(s) dict_keys(['example_skip_dag']) retrieved from /home/vscode/.local/lib/python3.10/site-packages/airflow/example_dags/example_skip_dag.py
[2025-07-16T11:17:38.877+0000] {logging_mixin.py:150} INFO - [2025-07-16T11:17:38.877+0000] {dag.py:2742} INFO - Sync 1 DAGs
[2025-07-16T11:17:38.891+0000] {logging_mixin.py:150} INFO - [2025-07-16T11:17:38.891+0000] {dag.py:3504} INFO - Setting next_dagrun for example_skip_dag to 2025-07-15T11:17:38.891472+00:00, run_after=2025-07-16T11:17:38.891472+00:00
[2025-07-16T11:17:38.906+0000] {processor.py:179} INFO - Processing /home/vscode/.local/lib/python3.10/site-packages/airflow/example_dags/example_skip_dag.py took 0.051 seconds
[2025-07-16T11:18:28.831+0000] {processor.py:157} INFO - Started process (PID=10025) to work on /home/vscode/.local/lib/python3.10/site-packages/airflow/example_dags/example_skip_dag.py
[2025-07-16T11:18:28.832+0000] {processor.py:826} INFO - Processing file /home/vscode/.local/lib/python3.10/site-packages/airflow/example_dags/example_skip_dag.py for tasks to queue
[2025-07-16T11:18:28.833+0000] {logging_mixin.py:150} INFO - [2025-07-16T11:18:28.832+0000] {dagbag.py:541} INFO - Filling up the DagBag from /home/vscode/.local/lib/python3.10/site-packages/airflow/example_dags/example_skip_dag.py
[2025-07-16T11:18:28.839+0000] {processor.py:836} INFO - DAG(s) dict_keys(['example_skip_dag']) retrieved from /home/vscode/.local/lib/python3.10/site-packages/airflow/example_dags/example_skip_dag.py
[2025-07-16T11:18:28.851+0000] {logging_mixin.py:150} INFO - [2025-07-16T11:18:28.851+0000] {dag.py:2742} INFO - Sync 1 DAGs
[2025-07-16T11:18:28.865+0000] {logging_mixin.py:150} INFO - [2025-07-16T11:18:28.865+0000] {dag.py:3504} INFO - Setting next_dagrun for example_skip_dag to 2025-07-15T11:18:28.865524+00:00, run_after=2025-07-16T11:18:28.865524+00:00
[2025-07-16T11:18:28.880+0000] {processor.py:179} INFO - Processing /home/vscode/.local/lib/python3.10/site-packages/airflow/example_dags/example_skip_dag.py took 0.052 seconds
[2025-07-16T11:19:15.883+0000] {processor.py:157} INFO - Started process (PID=10340) to work on /home/vscode/.local/lib/python3.10/site-packages/airflow/example_dags/example_skip_dag.py
[2025-07-16T11:19:15.884+0000] {processor.py:826} INFO - Processing file /home/vscode/.local/lib/python3.10/site-packages/airflow/example_dags/example_skip_dag.py for tasks to queue
[2025-07-16T11:19:15.885+0000] {logging_mixin.py:150} INFO - [2025-07-16T11:19:15.884+0000] {dagbag.py:541} INFO - Filling up the DagBag from /home/vscode/.local/lib/python3.10/site-packages/airflow/example_dags/example_skip_dag.py
[2025-07-16T11:19:15.891+0000] {processor.py:836} INFO - DAG(s) dict_keys(['example_skip_dag']) retrieved from /home/vscode/.local/lib/python3.10/site-packages/airflow/example_dags/example_skip_dag.py
[2025-07-16T11:19:15.903+0000] {logging_mixin.py:150} INFO - [2025-07-16T11:19:15.903+0000] {dag.py:2742} INFO - Sync 1 DAGs
[2025-07-16T11:19:15.917+0000] {logging_mixin.py:150} INFO - [2025-07-16T11:19:15.917+0000] {dag.py:3504} INFO - Setting next_dagrun for example_skip_dag to 2025-07-15T11:19:15.916811+00:00, run_after=2025-07-16T11:19:15.916811+00:00
[2025-07-16T11:19:15.931+0000] {processor.py:179} INFO - Processing /home/vscode/.local/lib/python3.10/site-packages/airflow/example_dags/example_skip_dag.py took 0.050 seconds
[2025-07-16T11:20:10.911+0000] {processor.py:157} INFO - Started process (PID=10705) to work on /home/vscode/.local/lib/python3.10/site-packages/airflow/example_dags/example_skip_dag.py
[2025-07-16T11:20:10.912+0000] {processor.py:826} INFO - Processing file /home/vscode/.local/lib/python3.10/site-packages/airflow/example_dags/example_skip_dag.py for tasks to queue
[2025-07-16T11:20:10.913+0000] {logging_mixin.py:150} INFO - [2025-07-16T11:20:10.912+0000] {dagbag.py:541} INFO - Filling up the DagBag from /home/vscode/.local/lib/python3.10/site-packages/airflow/example_dags/example_skip_dag.py
[2025-07-16T11:20:10.919+0000] {processor.py:836} INFO - DAG(s) dict_keys(['example_skip_dag']) retrieved from /home/vscode/.local/lib/python3.10/site-packages/airflow/example_dags/example_skip_dag.py
[2025-07-16T11:20:10.932+0000] {logging_mixin.py:150} INFO - [2025-07-16T11:20:10.932+0000] {dag.py:2742} INFO - Sync 1 DAGs
[2025-07-16T11:20:10.947+0000] {logging_mixin.py:150} INFO - [2025-07-16T11:20:10.947+0000] {dag.py:3504} INFO - Setting next_dagrun for example_skip_dag to 2025-07-15T11:20:10.946876+00:00, run_after=2025-07-16T11:20:10.946876+00:00
[2025-07-16T11:20:10.961+0000] {processor.py:179} INFO - Processing /home/vscode/.local/lib/python3.10/site-packages/airflow/example_dags/example_skip_dag.py took 0.053 seconds
[2025-07-16T11:21:08.730+0000] {processor.py:157} INFO - Started process (PID=11608) to work on /home/vscode/.local/lib/python3.10/site-packages/airflow/example_dags/example_skip_dag.py
[2025-07-16T11:21:08.731+0000] {processor.py:826} INFO - Processing file /home/vscode/.local/lib/python3.10/site-packages/airflow/example_dags/example_skip_dag.py for tasks to queue
[2025-07-16T11:21:08.732+0000] {logging_mixin.py:150} INFO - [2025-07-16T11:21:08.732+0000] {dagbag.py:541} INFO - Filling up the DagBag from /home/vscode/.local/lib/python3.10/site-packages/airflow/example_dags/example_skip_dag.py
[2025-07-16T11:21:08.749+0000] {processor.py:836} INFO - DAG(s) dict_keys(['example_skip_dag']) retrieved from /home/vscode/.local/lib/python3.10/site-packages/airflow/example_dags/example_skip_dag.py
[2025-07-16T11:21:08.799+0000] {logging_mixin.py:150} INFO - [2025-07-16T11:21:08.797+0000] {dag.py:2742} INFO - Sync 1 DAGs
[2025-07-16T11:21:08.836+0000] {logging_mixin.py:150} INFO - [2025-07-16T11:21:08.836+0000] {dag.py:3504} INFO - Setting next_dagrun for example_skip_dag to 2025-07-15T11:21:08.836041+00:00, run_after=2025-07-16T11:21:08.836041+00:00
[2025-07-16T11:21:08.867+0000] {processor.py:179} INFO - Processing /home/vscode/.local/lib/python3.10/site-packages/airflow/example_dags/example_skip_dag.py took 0.147 seconds
[2025-07-16T11:21:52.495+0000] {processor.py:157} INFO - Started process (PID=12144) to work on /home/vscode/.local/lib/python3.10/site-packages/airflow/example_dags/example_skip_dag.py
[2025-07-16T11:21:52.496+0000] {processor.py:826} INFO - Processing file /home/vscode/.local/lib/python3.10/site-packages/airflow/example_dags/example_skip_dag.py for tasks to queue
[2025-07-16T11:21:52.496+0000] {logging_mixin.py:150} INFO - [2025-07-16T11:21:52.496+0000] {dagbag.py:541} INFO - Filling up the DagBag from /home/vscode/.local/lib/python3.10/site-packages/airflow/example_dags/example_skip_dag.py
[2025-07-16T11:21:52.502+0000] {processor.py:836} INFO - DAG(s) dict_keys(['example_skip_dag']) retrieved from /home/vscode/.local/lib/python3.10/site-packages/airflow/example_dags/example_skip_dag.py
[2025-07-16T11:21:52.579+0000] {logging_mixin.py:150} INFO - [2025-07-16T11:21:52.578+0000] {dag.py:2742} INFO - Sync 1 DAGs
[2025-07-16T11:21:52.591+0000] {logging_mixin.py:150} INFO - [2025-07-16T11:21:52.591+0000] {dag.py:3504} INFO - Setting next_dagrun for example_skip_dag to 2025-07-15T11:21:52.591339+00:00, run_after=2025-07-16T11:21:52.591339+00:00
[2025-07-16T11:21:52.607+0000] {processor.py:179} INFO - Processing /home/vscode/.local/lib/python3.10/site-packages/airflow/example_dags/example_skip_dag.py took 0.115 seconds
