[2025-07-16T11:06:34.202+0000] {processor.py:157} INFO - Started process (PID=4093) to work on /home/vscode/.local/lib/python3.10/site-packages/airflow/example_dags/example_task_group_decorator.py
[2025-07-16T11:06:34.203+0000] {processor.py:826} INFO - Processing file /home/vscode/.local/lib/python3.10/site-packages/airflow/example_dags/example_task_group_decorator.py for tasks to queue
[2025-07-16T11:06:34.203+0000] {logging_mixin.py:150} INFO - [2025-07-16T11:06:34.203+0000] {dagbag.py:541} INFO - Filling up the DagBag from /home/vscode/.local/lib/python3.10/site-packages/airflow/example_dags/example_task_group_decorator.py
[2025-07-16T11:06:34.217+0000] {processor.py:836} INFO - DAG(s) dict_keys(['example_task_group_decorator']) retrieved from /home/vscode/.local/lib/python3.10/site-packages/airflow/example_dags/example_task_group_decorator.py
[2025-07-16T11:06:34.238+0000] {logging_mixin.py:150} INFO - [2025-07-16T11:06:34.237+0000] {dag.py:2742} INFO - Sync 1 DAGs
[2025-07-16T11:06:34.252+0000] {logging_mixin.py:150} INFO - [2025-07-16T11:06:34.252+0000] {dag.py:3504} INFO - Setting next_dagrun for example_task_group_decorator to 2025-07-15T11:06:34.252356+00:00, run_after=2025-07-16T11:06:34.252356+00:00
[2025-07-16T11:06:34.267+0000] {processor.py:179} INFO - Processing /home/vscode/.local/lib/python3.10/site-packages/airflow/example_dags/example_task_group_decorator.py took 0.068 seconds
[2025-07-16T11:07:20.526+0000] {processor.py:157} INFO - Started process (PID=4491) to work on /home/vscode/.local/lib/python3.10/site-packages/airflow/example_dags/example_task_group_decorator.py
[2025-07-16T11:07:20.526+0000] {processor.py:826} INFO - Processing file /home/vscode/.local/lib/python3.10/site-packages/airflow/example_dags/example_task_group_decorator.py for tasks to queue
[2025-07-16T11:07:20.527+0000] {logging_mixin.py:150} INFO - [2025-07-16T11:07:20.527+0000] {dagbag.py:541} INFO - Filling up the DagBag from /home/vscode/.local/lib/python3.10/site-packages/airflow/example_dags/example_task_group_decorator.py
[2025-07-16T11:07:20.539+0000] {processor.py:836} INFO - DAG(s) dict_keys(['example_task_group_decorator']) retrieved from /home/vscode/.local/lib/python3.10/site-packages/airflow/example_dags/example_task_group_decorator.py
[2025-07-16T11:07:20.554+0000] {logging_mixin.py:150} INFO - [2025-07-16T11:07:20.554+0000] {dag.py:2742} INFO - Sync 1 DAGs
[2025-07-16T11:07:20.569+0000] {logging_mixin.py:150} INFO - [2025-07-16T11:07:20.569+0000] {dag.py:3504} INFO - Setting next_dagrun for example_task_group_decorator to 2025-07-15T11:07:20.568924+00:00, run_after=2025-07-16T11:07:20.568924+00:00
[2025-07-16T11:07:20.585+0000] {processor.py:179} INFO - Processing /home/vscode/.local/lib/python3.10/site-packages/airflow/example_dags/example_task_group_decorator.py took 0.062 seconds
[2025-07-16T11:08:05.049+0000] {processor.py:157} INFO - Started process (PID=4825) to work on /home/vscode/.local/lib/python3.10/site-packages/airflow/example_dags/example_task_group_decorator.py
[2025-07-16T11:08:05.050+0000] {processor.py:826} INFO - Processing file /home/vscode/.local/lib/python3.10/site-packages/airflow/example_dags/example_task_group_decorator.py for tasks to queue
[2025-07-16T11:08:05.050+0000] {logging_mixin.py:150} INFO - [2025-07-16T11:08:05.050+0000] {dagbag.py:541} INFO - Filling up the DagBag from /home/vscode/.local/lib/python3.10/site-packages/airflow/example_dags/example_task_group_decorator.py
[2025-07-16T11:08:05.062+0000] {processor.py:836} INFO - DAG(s) dict_keys(['example_task_group_decorator']) retrieved from /home/vscode/.local/lib/python3.10/site-packages/airflow/example_dags/example_task_group_decorator.py
[2025-07-16T11:08:05.078+0000] {logging_mixin.py:150} INFO - [2025-07-16T11:08:05.078+0000] {dag.py:2742} INFO - Sync 1 DAGs
[2025-07-16T11:08:05.099+0000] {logging_mixin.py:150} INFO - [2025-07-16T11:08:05.099+0000] {dag.py:3504} INFO - Setting next_dagrun for example_task_group_decorator to 2025-07-15T11:08:05.099376+00:00, run_after=2025-07-16T11:08:05.099376+00:00
[2025-07-16T11:08:05.126+0000] {processor.py:179} INFO - Processing /home/vscode/.local/lib/python3.10/site-packages/airflow/example_dags/example_task_group_decorator.py took 0.080 seconds
[2025-07-16T11:08:50.455+0000] {processor.py:157} INFO - Started process (PID=5139) to work on /home/vscode/.local/lib/python3.10/site-packages/airflow/example_dags/example_task_group_decorator.py
[2025-07-16T11:08:50.456+0000] {processor.py:826} INFO - Processing file /home/vscode/.local/lib/python3.10/site-packages/airflow/example_dags/example_task_group_decorator.py for tasks to queue
[2025-07-16T11:08:50.457+0000] {logging_mixin.py:150} INFO - [2025-07-16T11:08:50.457+0000] {dagbag.py:541} INFO - Filling up the DagBag from /home/vscode/.local/lib/python3.10/site-packages/airflow/example_dags/example_task_group_decorator.py
[2025-07-16T11:08:50.469+0000] {processor.py:836} INFO - DAG(s) dict_keys(['example_task_group_decorator']) retrieved from /home/vscode/.local/lib/python3.10/site-packages/airflow/example_dags/example_task_group_decorator.py
[2025-07-16T11:08:50.484+0000] {logging_mixin.py:150} INFO - [2025-07-16T11:08:50.484+0000] {dag.py:2742} INFO - Sync 1 DAGs
[2025-07-16T11:08:50.498+0000] {logging_mixin.py:150} INFO - [2025-07-16T11:08:50.498+0000] {dag.py:3504} INFO - Setting next_dagrun for example_task_group_decorator to 2025-07-15T11:08:50.498051+00:00, run_after=2025-07-16T11:08:50.498051+00:00
[2025-07-16T11:08:50.513+0000] {processor.py:179} INFO - Processing /home/vscode/.local/lib/python3.10/site-packages/airflow/example_dags/example_task_group_decorator.py took 0.060 seconds
[2025-07-16T11:09:38.629+0000] {processor.py:157} INFO - Started process (PID=5515) to work on /home/vscode/.local/lib/python3.10/site-packages/airflow/example_dags/example_task_group_decorator.py
[2025-07-16T11:09:38.629+0000] {processor.py:826} INFO - Processing file /home/vscode/.local/lib/python3.10/site-packages/airflow/example_dags/example_task_group_decorator.py for tasks to queue
[2025-07-16T11:09:38.630+0000] {logging_mixin.py:150} INFO - [2025-07-16T11:09:38.630+0000] {dagbag.py:541} INFO - Filling up the DagBag from /home/vscode/.local/lib/python3.10/site-packages/airflow/example_dags/example_task_group_decorator.py
[2025-07-16T11:09:38.641+0000] {processor.py:836} INFO - DAG(s) dict_keys(['example_task_group_decorator']) retrieved from /home/vscode/.local/lib/python3.10/site-packages/airflow/example_dags/example_task_group_decorator.py
[2025-07-16T11:09:38.655+0000] {logging_mixin.py:150} INFO - [2025-07-16T11:09:38.655+0000] {dag.py:2742} INFO - Sync 1 DAGs
[2025-07-16T11:09:38.669+0000] {logging_mixin.py:150} INFO - [2025-07-16T11:09:38.669+0000] {dag.py:3504} INFO - Setting next_dagrun for example_task_group_decorator to 2025-07-15T11:09:38.669420+00:00, run_after=2025-07-16T11:09:38.669420+00:00
[2025-07-16T11:09:38.685+0000] {processor.py:179} INFO - Processing /home/vscode/.local/lib/python3.10/site-packages/airflow/example_dags/example_task_group_decorator.py took 0.058 seconds
[2025-07-16T11:10:27.012+0000] {processor.py:157} INFO - Started process (PID=5861) to work on /home/vscode/.local/lib/python3.10/site-packages/airflow/example_dags/example_task_group_decorator.py
[2025-07-16T11:10:27.013+0000] {processor.py:826} INFO - Processing file /home/vscode/.local/lib/python3.10/site-packages/airflow/example_dags/example_task_group_decorator.py for tasks to queue
[2025-07-16T11:10:27.014+0000] {logging_mixin.py:150} INFO - [2025-07-16T11:10:27.014+0000] {dagbag.py:541} INFO - Filling up the DagBag from /home/vscode/.local/lib/python3.10/site-packages/airflow/example_dags/example_task_group_decorator.py
[2025-07-16T11:10:27.025+0000] {processor.py:836} INFO - DAG(s) dict_keys(['example_task_group_decorator']) retrieved from /home/vscode/.local/lib/python3.10/site-packages/airflow/example_dags/example_task_group_decorator.py
[2025-07-16T11:10:27.040+0000] {logging_mixin.py:150} INFO - [2025-07-16T11:10:27.040+0000] {dag.py:2742} INFO - Sync 1 DAGs
[2025-07-16T11:10:27.054+0000] {logging_mixin.py:150} INFO - [2025-07-16T11:10:27.054+0000] {dag.py:3504} INFO - Setting next_dagrun for example_task_group_decorator to 2025-07-15T11:10:27.054095+00:00, run_after=2025-07-16T11:10:27.054095+00:00
[2025-07-16T11:10:27.069+0000] {processor.py:179} INFO - Processing /home/vscode/.local/lib/python3.10/site-packages/airflow/example_dags/example_task_group_decorator.py took 0.059 seconds
[2025-07-16T11:11:12.035+0000] {processor.py:157} INFO - Started process (PID=6221) to work on /home/vscode/.local/lib/python3.10/site-packages/airflow/example_dags/example_task_group_decorator.py
[2025-07-16T11:11:12.036+0000] {processor.py:826} INFO - Processing file /home/vscode/.local/lib/python3.10/site-packages/airflow/example_dags/example_task_group_decorator.py for tasks to queue
[2025-07-16T11:11:12.036+0000] {logging_mixin.py:150} INFO - [2025-07-16T11:11:12.036+0000] {dagbag.py:541} INFO - Filling up the DagBag from /home/vscode/.local/lib/python3.10/site-packages/airflow/example_dags/example_task_group_decorator.py
[2025-07-16T11:11:12.048+0000] {processor.py:836} INFO - DAG(s) dict_keys(['example_task_group_decorator']) retrieved from /home/vscode/.local/lib/python3.10/site-packages/airflow/example_dags/example_task_group_decorator.py
[2025-07-16T11:11:12.063+0000] {logging_mixin.py:150} INFO - [2025-07-16T11:11:12.063+0000] {dag.py:2742} INFO - Sync 1 DAGs
[2025-07-16T11:11:12.082+0000] {logging_mixin.py:150} INFO - [2025-07-16T11:11:12.082+0000] {dag.py:3504} INFO - Setting next_dagrun for example_task_group_decorator to 2025-07-15T11:11:12.082412+00:00, run_after=2025-07-16T11:11:12.082412+00:00
[2025-07-16T11:11:12.104+0000] {processor.py:179} INFO - Processing /home/vscode/.local/lib/python3.10/site-packages/airflow/example_dags/example_task_group_decorator.py took 0.072 seconds
[2025-07-16T11:11:58.320+0000] {processor.py:157} INFO - Started process (PID=6544) to work on /home/vscode/.local/lib/python3.10/site-packages/airflow/example_dags/example_task_group_decorator.py
[2025-07-16T11:11:58.321+0000] {processor.py:826} INFO - Processing file /home/vscode/.local/lib/python3.10/site-packages/airflow/example_dags/example_task_group_decorator.py for tasks to queue
[2025-07-16T11:11:58.321+0000] {logging_mixin.py:150} INFO - [2025-07-16T11:11:58.321+0000] {dagbag.py:541} INFO - Filling up the DagBag from /home/vscode/.local/lib/python3.10/site-packages/airflow/example_dags/example_task_group_decorator.py
[2025-07-16T11:11:58.333+0000] {processor.py:836} INFO - DAG(s) dict_keys(['example_task_group_decorator']) retrieved from /home/vscode/.local/lib/python3.10/site-packages/airflow/example_dags/example_task_group_decorator.py
[2025-07-16T11:11:58.348+0000] {logging_mixin.py:150} INFO - [2025-07-16T11:11:58.348+0000] {dag.py:2742} INFO - Sync 1 DAGs
[2025-07-16T11:11:58.363+0000] {logging_mixin.py:150} INFO - [2025-07-16T11:11:58.363+0000] {dag.py:3504} INFO - Setting next_dagrun for example_task_group_decorator to 2025-07-15T11:11:58.362811+00:00, run_after=2025-07-16T11:11:58.362811+00:00
[2025-07-16T11:11:58.380+0000] {processor.py:179} INFO - Processing /home/vscode/.local/lib/python3.10/site-packages/airflow/example_dags/example_task_group_decorator.py took 0.063 seconds
[2025-07-16T11:12:40.586+0000] {processor.py:157} INFO - Started process (PID=6848) to work on /home/vscode/.local/lib/python3.10/site-packages/airflow/example_dags/example_task_group_decorator.py
[2025-07-16T11:12:40.587+0000] {processor.py:826} INFO - Processing file /home/vscode/.local/lib/python3.10/site-packages/airflow/example_dags/example_task_group_decorator.py for tasks to queue
[2025-07-16T11:12:40.588+0000] {logging_mixin.py:150} INFO - [2025-07-16T11:12:40.588+0000] {dagbag.py:541} INFO - Filling up the DagBag from /home/vscode/.local/lib/python3.10/site-packages/airflow/example_dags/example_task_group_decorator.py
[2025-07-16T11:12:40.600+0000] {processor.py:836} INFO - DAG(s) dict_keys(['example_task_group_decorator']) retrieved from /home/vscode/.local/lib/python3.10/site-packages/airflow/example_dags/example_task_group_decorator.py
[2025-07-16T11:12:40.615+0000] {logging_mixin.py:150} INFO - [2025-07-16T11:12:40.615+0000] {dag.py:2742} INFO - Sync 1 DAGs
[2025-07-16T11:12:40.629+0000] {logging_mixin.py:150} INFO - [2025-07-16T11:12:40.629+0000] {dag.py:3504} INFO - Setting next_dagrun for example_task_group_decorator to 2025-07-15T11:12:40.629195+00:00, run_after=2025-07-16T11:12:40.629195+00:00
[2025-07-16T11:12:40.646+0000] {processor.py:179} INFO - Processing /home/vscode/.local/lib/python3.10/site-packages/airflow/example_dags/example_task_group_decorator.py took 0.062 seconds
[2025-07-16T11:13:29.710+0000] {processor.py:157} INFO - Started process (PID=7218) to work on /home/vscode/.local/lib/python3.10/site-packages/airflow/example_dags/example_task_group_decorator.py
[2025-07-16T11:13:29.711+0000] {processor.py:826} INFO - Processing file /home/vscode/.local/lib/python3.10/site-packages/airflow/example_dags/example_task_group_decorator.py for tasks to queue
[2025-07-16T11:13:29.712+0000] {logging_mixin.py:150} INFO - [2025-07-16T11:13:29.712+0000] {dagbag.py:541} INFO - Filling up the DagBag from /home/vscode/.local/lib/python3.10/site-packages/airflow/example_dags/example_task_group_decorator.py
[2025-07-16T11:13:29.724+0000] {processor.py:836} INFO - DAG(s) dict_keys(['example_task_group_decorator']) retrieved from /home/vscode/.local/lib/python3.10/site-packages/airflow/example_dags/example_task_group_decorator.py
[2025-07-16T11:13:29.738+0000] {logging_mixin.py:150} INFO - [2025-07-16T11:13:29.738+0000] {dag.py:2742} INFO - Sync 1 DAGs
[2025-07-16T11:13:29.753+0000] {logging_mixin.py:150} INFO - [2025-07-16T11:13:29.753+0000] {dag.py:3504} INFO - Setting next_dagrun for example_task_group_decorator to 2025-07-15T11:13:29.753664+00:00, run_after=2025-07-16T11:13:29.753664+00:00
[2025-07-16T11:13:29.768+0000] {processor.py:179} INFO - Processing /home/vscode/.local/lib/python3.10/site-packages/airflow/example_dags/example_task_group_decorator.py took 0.060 seconds
[2025-07-16T11:14:18.299+0000] {processor.py:157} INFO - Started process (PID=7654) to work on /home/vscode/.local/lib/python3.10/site-packages/airflow/example_dags/example_task_group_decorator.py
[2025-07-16T11:14:18.300+0000] {processor.py:826} INFO - Processing file /home/vscode/.local/lib/python3.10/site-packages/airflow/example_dags/example_task_group_decorator.py for tasks to queue
[2025-07-16T11:14:18.300+0000] {logging_mixin.py:150} INFO - [2025-07-16T11:14:18.300+0000] {dagbag.py:541} INFO - Filling up the DagBag from /home/vscode/.local/lib/python3.10/site-packages/airflow/example_dags/example_task_group_decorator.py
[2025-07-16T11:14:18.312+0000] {processor.py:836} INFO - DAG(s) dict_keys(['example_task_group_decorator']) retrieved from /home/vscode/.local/lib/python3.10/site-packages/airflow/example_dags/example_task_group_decorator.py
[2025-07-16T11:14:18.326+0000] {logging_mixin.py:150} INFO - [2025-07-16T11:14:18.326+0000] {dag.py:2742} INFO - Sync 1 DAGs
[2025-07-16T11:14:18.341+0000] {logging_mixin.py:150} INFO - [2025-07-16T11:14:18.340+0000] {dag.py:3504} INFO - Setting next_dagrun for example_task_group_decorator to 2025-07-15T11:14:18.340765+00:00, run_after=2025-07-16T11:14:18.340765+00:00
[2025-07-16T11:14:18.358+0000] {processor.py:179} INFO - Processing /home/vscode/.local/lib/python3.10/site-packages/airflow/example_dags/example_task_group_decorator.py took 0.062 seconds
[2025-07-16T11:15:05.712+0000] {processor.py:157} INFO - Started process (PID=8120) to work on /home/vscode/.local/lib/python3.10/site-packages/airflow/example_dags/example_task_group_decorator.py
[2025-07-16T11:15:05.713+0000] {processor.py:826} INFO - Processing file /home/vscode/.local/lib/python3.10/site-packages/airflow/example_dags/example_task_group_decorator.py for tasks to queue
[2025-07-16T11:15:05.713+0000] {logging_mixin.py:150} INFO - [2025-07-16T11:15:05.713+0000] {dagbag.py:541} INFO - Filling up the DagBag from /home/vscode/.local/lib/python3.10/site-packages/airflow/example_dags/example_task_group_decorator.py
[2025-07-16T11:15:05.725+0000] {processor.py:836} INFO - DAG(s) dict_keys(['example_task_group_decorator']) retrieved from /home/vscode/.local/lib/python3.10/site-packages/airflow/example_dags/example_task_group_decorator.py
[2025-07-16T11:15:05.739+0000] {logging_mixin.py:150} INFO - [2025-07-16T11:15:05.739+0000] {dag.py:2742} INFO - Sync 1 DAGs
[2025-07-16T11:15:05.754+0000] {logging_mixin.py:150} INFO - [2025-07-16T11:15:05.754+0000] {dag.py:3504} INFO - Setting next_dagrun for example_task_group_decorator to 2025-07-15T11:15:05.753980+00:00, run_after=2025-07-16T11:15:05.753980+00:00
[2025-07-16T11:15:05.774+0000] {processor.py:179} INFO - Processing /home/vscode/.local/lib/python3.10/site-packages/airflow/example_dags/example_task_group_decorator.py took 0.064 seconds
[2025-07-16T11:15:52.731+0000] {processor.py:157} INFO - Started process (PID=8658) to work on /home/vscode/.local/lib/python3.10/site-packages/airflow/example_dags/example_task_group_decorator.py
[2025-07-16T11:15:52.731+0000] {processor.py:826} INFO - Processing file /home/vscode/.local/lib/python3.10/site-packages/airflow/example_dags/example_task_group_decorator.py for tasks to queue
[2025-07-16T11:15:52.732+0000] {logging_mixin.py:150} INFO - [2025-07-16T11:15:52.732+0000] {dagbag.py:541} INFO - Filling up the DagBag from /home/vscode/.local/lib/python3.10/site-packages/airflow/example_dags/example_task_group_decorator.py
[2025-07-16T11:15:52.744+0000] {processor.py:836} INFO - DAG(s) dict_keys(['example_task_group_decorator']) retrieved from /home/vscode/.local/lib/python3.10/site-packages/airflow/example_dags/example_task_group_decorator.py
[2025-07-16T11:15:52.759+0000] {logging_mixin.py:150} INFO - [2025-07-16T11:15:52.759+0000] {dag.py:2742} INFO - Sync 1 DAGs
[2025-07-16T11:15:52.773+0000] {logging_mixin.py:150} INFO - [2025-07-16T11:15:52.773+0000] {dag.py:3504} INFO - Setting next_dagrun for example_task_group_decorator to 2025-07-15T11:15:52.773395+00:00, run_after=2025-07-16T11:15:52.773395+00:00
[2025-07-16T11:15:52.788+0000] {processor.py:179} INFO - Processing /home/vscode/.local/lib/python3.10/site-packages/airflow/example_dags/example_task_group_decorator.py took 0.060 seconds
[2025-07-16T11:16:40.733+0000] {processor.py:157} INFO - Started process (PID=9156) to work on /home/vscode/.local/lib/python3.10/site-packages/airflow/example_dags/example_task_group_decorator.py
[2025-07-16T11:16:40.733+0000] {processor.py:826} INFO - Processing file /home/vscode/.local/lib/python3.10/site-packages/airflow/example_dags/example_task_group_decorator.py for tasks to queue
[2025-07-16T11:16:40.734+0000] {logging_mixin.py:150} INFO - [2025-07-16T11:16:40.734+0000] {dagbag.py:541} INFO - Filling up the DagBag from /home/vscode/.local/lib/python3.10/site-packages/airflow/example_dags/example_task_group_decorator.py
[2025-07-16T11:16:40.746+0000] {processor.py:836} INFO - DAG(s) dict_keys(['example_task_group_decorator']) retrieved from /home/vscode/.local/lib/python3.10/site-packages/airflow/example_dags/example_task_group_decorator.py
[2025-07-16T11:16:40.760+0000] {logging_mixin.py:150} INFO - [2025-07-16T11:16:40.760+0000] {dag.py:2742} INFO - Sync 1 DAGs
[2025-07-16T11:16:40.775+0000] {logging_mixin.py:150} INFO - [2025-07-16T11:16:40.774+0000] {dag.py:3504} INFO - Setting next_dagrun for example_task_group_decorator to 2025-07-15T11:16:40.774773+00:00, run_after=2025-07-16T11:16:40.774773+00:00
[2025-07-16T11:16:40.789+0000] {processor.py:179} INFO - Processing /home/vscode/.local/lib/python3.10/site-packages/airflow/example_dags/example_task_group_decorator.py took 0.059 seconds
[2025-07-16T11:17:15.859+0000] {processor.py:157} INFO - Started process (PID=9527) to work on /home/vscode/.local/lib/python3.10/site-packages/airflow/example_dags/example_task_group_decorator.py
[2025-07-16T11:17:15.860+0000] {processor.py:826} INFO - Processing file /home/vscode/.local/lib/python3.10/site-packages/airflow/example_dags/example_task_group_decorator.py for tasks to queue
[2025-07-16T11:17:15.861+0000] {logging_mixin.py:150} INFO - [2025-07-16T11:17:15.861+0000] {dagbag.py:541} INFO - Filling up the DagBag from /home/vscode/.local/lib/python3.10/site-packages/airflow/example_dags/example_task_group_decorator.py
[2025-07-16T11:17:15.873+0000] {processor.py:836} INFO - DAG(s) dict_keys(['example_task_group_decorator']) retrieved from /home/vscode/.local/lib/python3.10/site-packages/airflow/example_dags/example_task_group_decorator.py
[2025-07-16T11:17:15.888+0000] {logging_mixin.py:150} INFO - [2025-07-16T11:17:15.888+0000] {dag.py:2742} INFO - Sync 1 DAGs
[2025-07-16T11:17:15.902+0000] {logging_mixin.py:150} INFO - [2025-07-16T11:17:15.902+0000] {dag.py:3504} INFO - Setting next_dagrun for example_task_group_decorator to 2025-07-15T11:17:15.902030+00:00, run_after=2025-07-16T11:17:15.902030+00:00
[2025-07-16T11:17:15.917+0000] {processor.py:179} INFO - Processing /home/vscode/.local/lib/python3.10/site-packages/airflow/example_dags/example_task_group_decorator.py took 0.060 seconds
[2025-07-16T11:17:52.588+0000] {processor.py:157} INFO - Started process (PID=9777) to work on /home/vscode/.local/lib/python3.10/site-packages/airflow/example_dags/example_task_group_decorator.py
[2025-07-16T11:17:52.588+0000] {processor.py:826} INFO - Processing file /home/vscode/.local/lib/python3.10/site-packages/airflow/example_dags/example_task_group_decorator.py for tasks to queue
[2025-07-16T11:17:52.589+0000] {logging_mixin.py:150} INFO - [2025-07-16T11:17:52.589+0000] {dagbag.py:541} INFO - Filling up the DagBag from /home/vscode/.local/lib/python3.10/site-packages/airflow/example_dags/example_task_group_decorator.py
[2025-07-16T11:17:52.600+0000] {processor.py:836} INFO - DAG(s) dict_keys(['example_task_group_decorator']) retrieved from /home/vscode/.local/lib/python3.10/site-packages/airflow/example_dags/example_task_group_decorator.py
[2025-07-16T11:17:52.615+0000] {logging_mixin.py:150} INFO - [2025-07-16T11:17:52.615+0000] {dag.py:2742} INFO - Sync 1 DAGs
[2025-07-16T11:17:52.629+0000] {logging_mixin.py:150} INFO - [2025-07-16T11:17:52.629+0000] {dag.py:3504} INFO - Setting next_dagrun for example_task_group_decorator to 2025-07-15T11:17:52.628916+00:00, run_after=2025-07-16T11:17:52.628916+00:00
[2025-07-16T11:17:52.646+0000] {processor.py:179} INFO - Processing /home/vscode/.local/lib/python3.10/site-packages/airflow/example_dags/example_task_group_decorator.py took 0.061 seconds
[2025-07-16T11:18:38.812+0000] {processor.py:157} INFO - Started process (PID=10092) to work on /home/vscode/.local/lib/python3.10/site-packages/airflow/example_dags/example_task_group_decorator.py
[2025-07-16T11:18:38.813+0000] {processor.py:826} INFO - Processing file /home/vscode/.local/lib/python3.10/site-packages/airflow/example_dags/example_task_group_decorator.py for tasks to queue
[2025-07-16T11:18:38.814+0000] {logging_mixin.py:150} INFO - [2025-07-16T11:18:38.814+0000] {dagbag.py:541} INFO - Filling up the DagBag from /home/vscode/.local/lib/python3.10/site-packages/airflow/example_dags/example_task_group_decorator.py
[2025-07-16T11:18:38.826+0000] {processor.py:836} INFO - DAG(s) dict_keys(['example_task_group_decorator']) retrieved from /home/vscode/.local/lib/python3.10/site-packages/airflow/example_dags/example_task_group_decorator.py
[2025-07-16T11:18:38.840+0000] {logging_mixin.py:150} INFO - [2025-07-16T11:18:38.840+0000] {dag.py:2742} INFO - Sync 1 DAGs
[2025-07-16T11:18:38.854+0000] {logging_mixin.py:150} INFO - [2025-07-16T11:18:38.854+0000] {dag.py:3504} INFO - Setting next_dagrun for example_task_group_decorator to 2025-07-15T11:18:38.854410+00:00, run_after=2025-07-16T11:18:38.854410+00:00
[2025-07-16T11:18:38.869+0000] {processor.py:179} INFO - Processing /home/vscode/.local/lib/python3.10/site-packages/airflow/example_dags/example_task_group_decorator.py took 0.060 seconds
[2025-07-16T11:19:30.146+0000] {processor.py:157} INFO - Started process (PID=10433) to work on /home/vscode/.local/lib/python3.10/site-packages/airflow/example_dags/example_task_group_decorator.py
[2025-07-16T11:19:30.147+0000] {processor.py:826} INFO - Processing file /home/vscode/.local/lib/python3.10/site-packages/airflow/example_dags/example_task_group_decorator.py for tasks to queue
[2025-07-16T11:19:30.148+0000] {logging_mixin.py:150} INFO - [2025-07-16T11:19:30.148+0000] {dagbag.py:541} INFO - Filling up the DagBag from /home/vscode/.local/lib/python3.10/site-packages/airflow/example_dags/example_task_group_decorator.py
[2025-07-16T11:19:30.159+0000] {processor.py:836} INFO - DAG(s) dict_keys(['example_task_group_decorator']) retrieved from /home/vscode/.local/lib/python3.10/site-packages/airflow/example_dags/example_task_group_decorator.py
[2025-07-16T11:19:30.174+0000] {logging_mixin.py:150} INFO - [2025-07-16T11:19:30.174+0000] {dag.py:2742} INFO - Sync 1 DAGs
[2025-07-16T11:19:30.188+0000] {logging_mixin.py:150} INFO - [2025-07-16T11:19:30.187+0000] {dag.py:3504} INFO - Setting next_dagrun for example_task_group_decorator to 2025-07-15T11:19:30.187808+00:00, run_after=2025-07-16T11:19:30.187808+00:00
[2025-07-16T11:19:30.203+0000] {processor.py:179} INFO - Processing /home/vscode/.local/lib/python3.10/site-packages/airflow/example_dags/example_task_group_decorator.py took 0.059 seconds
[2025-07-16T11:20:05.185+0000] {processor.py:157} INFO - Started process (PID=10670) to work on /home/vscode/.local/lib/python3.10/site-packages/airflow/example_dags/example_task_group_decorator.py
[2025-07-16T11:20:05.185+0000] {processor.py:826} INFO - Processing file /home/vscode/.local/lib/python3.10/site-packages/airflow/example_dags/example_task_group_decorator.py for tasks to queue
[2025-07-16T11:20:05.186+0000] {logging_mixin.py:150} INFO - [2025-07-16T11:20:05.186+0000] {dagbag.py:541} INFO - Filling up the DagBag from /home/vscode/.local/lib/python3.10/site-packages/airflow/example_dags/example_task_group_decorator.py
[2025-07-16T11:20:05.198+0000] {processor.py:836} INFO - DAG(s) dict_keys(['example_task_group_decorator']) retrieved from /home/vscode/.local/lib/python3.10/site-packages/airflow/example_dags/example_task_group_decorator.py
[2025-07-16T11:20:05.215+0000] {logging_mixin.py:150} INFO - [2025-07-16T11:20:05.214+0000] {dag.py:2742} INFO - Sync 1 DAGs
[2025-07-16T11:20:05.230+0000] {logging_mixin.py:150} INFO - [2025-07-16T11:20:05.229+0000] {dag.py:3504} INFO - Setting next_dagrun for example_task_group_decorator to 2025-07-15T11:20:05.229667+00:00, run_after=2025-07-16T11:20:05.229667+00:00
[2025-07-16T11:20:05.246+0000] {processor.py:179} INFO - Processing /home/vscode/.local/lib/python3.10/site-packages/airflow/example_dags/example_task_group_decorator.py took 0.064 seconds
[2025-07-16T11:20:43.100+0000] {processor.py:157} INFO - Started process (PID=11158) to work on /home/vscode/.local/lib/python3.10/site-packages/airflow/example_dags/example_task_group_decorator.py
[2025-07-16T11:20:43.101+0000] {processor.py:826} INFO - Processing file /home/vscode/.local/lib/python3.10/site-packages/airflow/example_dags/example_task_group_decorator.py for tasks to queue
[2025-07-16T11:20:43.102+0000] {logging_mixin.py:150} INFO - [2025-07-16T11:20:43.101+0000] {dagbag.py:541} INFO - Filling up the DagBag from /home/vscode/.local/lib/python3.10/site-packages/airflow/example_dags/example_task_group_decorator.py
[2025-07-16T11:20:43.120+0000] {processor.py:836} INFO - DAG(s) dict_keys(['example_task_group_decorator']) retrieved from /home/vscode/.local/lib/python3.10/site-packages/airflow/example_dags/example_task_group_decorator.py
[2025-07-16T11:20:43.143+0000] {logging_mixin.py:150} INFO - [2025-07-16T11:20:43.143+0000] {dag.py:2742} INFO - Sync 1 DAGs
[2025-07-16T11:20:43.162+0000] {logging_mixin.py:150} INFO - [2025-07-16T11:20:43.162+0000] {dag.py:3504} INFO - Setting next_dagrun for example_task_group_decorator to 2025-07-15T11:20:43.162192+00:00, run_after=2025-07-16T11:20:43.162192+00:00
[2025-07-16T11:20:43.646+0000] {processor.py:179} INFO - Processing /home/vscode/.local/lib/python3.10/site-packages/airflow/example_dags/example_task_group_decorator.py took 0.549 seconds
[2025-07-16T11:21:25.167+0000] {processor.py:157} INFO - Started process (PID=11790) to work on /home/vscode/.local/lib/python3.10/site-packages/airflow/example_dags/example_task_group_decorator.py
[2025-07-16T11:21:25.168+0000] {processor.py:826} INFO - Processing file /home/vscode/.local/lib/python3.10/site-packages/airflow/example_dags/example_task_group_decorator.py for tasks to queue
[2025-07-16T11:21:25.169+0000] {logging_mixin.py:150} INFO - [2025-07-16T11:21:25.169+0000] {dagbag.py:541} INFO - Filling up the DagBag from /home/vscode/.local/lib/python3.10/site-packages/airflow/example_dags/example_task_group_decorator.py
[2025-07-16T11:21:25.182+0000] {processor.py:836} INFO - DAG(s) dict_keys(['example_task_group_decorator']) retrieved from /home/vscode/.local/lib/python3.10/site-packages/airflow/example_dags/example_task_group_decorator.py
[2025-07-16T11:21:25.197+0000] {logging_mixin.py:150} INFO - [2025-07-16T11:21:25.196+0000] {dag.py:2742} INFO - Sync 1 DAGs
[2025-07-16T11:21:25.211+0000] {logging_mixin.py:150} INFO - [2025-07-16T11:21:25.210+0000] {dag.py:3504} INFO - Setting next_dagrun for example_task_group_decorator to 2025-07-15T11:21:25.210769+00:00, run_after=2025-07-16T11:21:25.210769+00:00
[2025-07-16T11:21:25.225+0000] {processor.py:179} INFO - Processing /home/vscode/.local/lib/python3.10/site-packages/airflow/example_dags/example_task_group_decorator.py took 0.061 seconds
[2025-07-16T11:22:04.971+0000] {processor.py:157} INFO - Started process (PID=12280) to work on /home/vscode/.local/lib/python3.10/site-packages/airflow/example_dags/example_task_group_decorator.py
[2025-07-16T11:22:04.972+0000] {processor.py:826} INFO - Processing file /home/vscode/.local/lib/python3.10/site-packages/airflow/example_dags/example_task_group_decorator.py for tasks to queue
[2025-07-16T11:22:04.973+0000] {logging_mixin.py:150} INFO - [2025-07-16T11:22:04.973+0000] {dagbag.py:541} INFO - Filling up the DagBag from /home/vscode/.local/lib/python3.10/site-packages/airflow/example_dags/example_task_group_decorator.py
[2025-07-16T11:22:04.985+0000] {processor.py:836} INFO - DAG(s) dict_keys(['example_task_group_decorator']) retrieved from /home/vscode/.local/lib/python3.10/site-packages/airflow/example_dags/example_task_group_decorator.py
[2025-07-16T11:22:05.060+0000] {logging_mixin.py:150} INFO - [2025-07-16T11:22:05.060+0000] {dag.py:2742} INFO - Sync 1 DAGs
[2025-07-16T11:22:05.074+0000] {logging_mixin.py:150} INFO - [2025-07-16T11:22:05.074+0000] {dag.py:3504} INFO - Setting next_dagrun for example_task_group_decorator to 2025-07-15T11:22:05.073835+00:00, run_after=2025-07-16T11:22:05.073835+00:00
[2025-07-16T11:22:05.092+0000] {processor.py:179} INFO - Processing /home/vscode/.local/lib/python3.10/site-packages/airflow/example_dags/example_task_group_decorator.py took 0.123 seconds
