[2025-07-16T11:06:54.178+0000] {processor.py:157} INFO - Started process (PID=4252) to work on /home/vscode/.local/lib/python3.10/site-packages/airflow/example_dags/example_external_task_marker_dag.py
[2025-07-16T11:06:54.179+0000] {processor.py:826} INFO - Processing file /home/vscode/.local/lib/python3.10/site-packages/airflow/example_dags/example_external_task_marker_dag.py for tasks to queue
[2025-07-16T11:06:54.179+0000] {logging_mixin.py:150} INFO - [2025-07-16T11:06:54.179+0000] {dagbag.py:541} INFO - Filling up the DagBag from /home/vscode/.local/lib/python3.10/site-packages/airflow/example_dags/example_external_task_marker_dag.py
[2025-07-16T11:06:54.184+0000] {processor.py:836} INFO - DAG(s) dict_keys(['example_external_task_marker_child', 'example_external_task_marker_parent']) retrieved from /home/vscode/.local/lib/python3.10/site-packages/airflow/example_dags/example_external_task_marker_dag.py
[2025-07-16T11:06:54.199+0000] {logging_mixin.py:150} INFO - [2025-07-16T11:06:54.199+0000] {dag.py:2742} INFO - Sync 2 DAGs
[2025-07-16T11:06:54.213+0000] {logging_mixin.py:150} INFO - [2025-07-16T11:06:54.213+0000] {dag.py:3504} INFO - Setting next_dagrun for example_external_task_marker_child to None, run_after=None
[2025-07-16T11:06:54.215+0000] {logging_mixin.py:150} INFO - [2025-07-16T11:06:54.215+0000] {dag.py:3504} INFO - Setting next_dagrun for example_external_task_marker_parent to None, run_after=None
[2025-07-16T11:06:54.231+0000] {processor.py:179} INFO - Processing /home/vscode/.local/lib/python3.10/site-packages/airflow/example_dags/example_external_task_marker_dag.py took 0.055 seconds
[2025-07-16T11:07:40.752+0000] {processor.py:157} INFO - Started process (PID=4644) to work on /home/vscode/.local/lib/python3.10/site-packages/airflow/example_dags/example_external_task_marker_dag.py
[2025-07-16T11:07:40.753+0000] {processor.py:826} INFO - Processing file /home/vscode/.local/lib/python3.10/site-packages/airflow/example_dags/example_external_task_marker_dag.py for tasks to queue
[2025-07-16T11:07:40.754+0000] {logging_mixin.py:150} INFO - [2025-07-16T11:07:40.753+0000] {dagbag.py:541} INFO - Filling up the DagBag from /home/vscode/.local/lib/python3.10/site-packages/airflow/example_dags/example_external_task_marker_dag.py
[2025-07-16T11:07:40.759+0000] {processor.py:836} INFO - DAG(s) dict_keys(['example_external_task_marker_child', 'example_external_task_marker_parent']) retrieved from /home/vscode/.local/lib/python3.10/site-packages/airflow/example_dags/example_external_task_marker_dag.py
[2025-07-16T11:07:40.774+0000] {logging_mixin.py:150} INFO - [2025-07-16T11:07:40.774+0000] {dag.py:2742} INFO - Sync 2 DAGs
[2025-07-16T11:07:40.788+0000] {logging_mixin.py:150} INFO - [2025-07-16T11:07:40.788+0000] {dag.py:3504} INFO - Setting next_dagrun for example_external_task_marker_child to None, run_after=None
[2025-07-16T11:07:40.790+0000] {logging_mixin.py:150} INFO - [2025-07-16T11:07:40.790+0000] {dag.py:3504} INFO - Setting next_dagrun for example_external_task_marker_parent to None, run_after=None
[2025-07-16T11:07:40.805+0000] {processor.py:179} INFO - Processing /home/vscode/.local/lib/python3.10/site-packages/airflow/example_dags/example_external_task_marker_dag.py took 0.056 seconds
[2025-07-16T11:08:25.332+0000] {processor.py:157} INFO - Started process (PID=4961) to work on /home/vscode/.local/lib/python3.10/site-packages/airflow/example_dags/example_external_task_marker_dag.py
[2025-07-16T11:08:25.333+0000] {processor.py:826} INFO - Processing file /home/vscode/.local/lib/python3.10/site-packages/airflow/example_dags/example_external_task_marker_dag.py for tasks to queue
[2025-07-16T11:08:25.334+0000] {logging_mixin.py:150} INFO - [2025-07-16T11:08:25.334+0000] {dagbag.py:541} INFO - Filling up the DagBag from /home/vscode/.local/lib/python3.10/site-packages/airflow/example_dags/example_external_task_marker_dag.py
[2025-07-16T11:08:25.342+0000] {processor.py:836} INFO - DAG(s) dict_keys(['example_external_task_marker_parent', 'example_external_task_marker_child']) retrieved from /home/vscode/.local/lib/python3.10/site-packages/airflow/example_dags/example_external_task_marker_dag.py
[2025-07-16T11:08:25.366+0000] {logging_mixin.py:150} INFO - [2025-07-16T11:08:25.366+0000] {dag.py:2742} INFO - Sync 2 DAGs
[2025-07-16T11:08:25.387+0000] {logging_mixin.py:150} INFO - [2025-07-16T11:08:25.387+0000] {dag.py:3504} INFO - Setting next_dagrun for example_external_task_marker_child to None, run_after=None
[2025-07-16T11:08:25.389+0000] {logging_mixin.py:150} INFO - [2025-07-16T11:08:25.389+0000] {dag.py:3504} INFO - Setting next_dagrun for example_external_task_marker_parent to None, run_after=None
[2025-07-16T11:08:25.403+0000] {processor.py:179} INFO - Processing /home/vscode/.local/lib/python3.10/site-packages/airflow/example_dags/example_external_task_marker_dag.py took 0.074 seconds
[2025-07-16T11:09:12.739+0000] {processor.py:157} INFO - Started process (PID=5309) to work on /home/vscode/.local/lib/python3.10/site-packages/airflow/example_dags/example_external_task_marker_dag.py
[2025-07-16T11:09:12.739+0000] {processor.py:826} INFO - Processing file /home/vscode/.local/lib/python3.10/site-packages/airflow/example_dags/example_external_task_marker_dag.py for tasks to queue
[2025-07-16T11:09:12.740+0000] {logging_mixin.py:150} INFO - [2025-07-16T11:09:12.740+0000] {dagbag.py:541} INFO - Filling up the DagBag from /home/vscode/.local/lib/python3.10/site-packages/airflow/example_dags/example_external_task_marker_dag.py
[2025-07-16T11:09:12.745+0000] {processor.py:836} INFO - DAG(s) dict_keys(['example_external_task_marker_parent', 'example_external_task_marker_child']) retrieved from /home/vscode/.local/lib/python3.10/site-packages/airflow/example_dags/example_external_task_marker_dag.py
[2025-07-16T11:09:12.760+0000] {logging_mixin.py:150} INFO - [2025-07-16T11:09:12.760+0000] {dag.py:2742} INFO - Sync 2 DAGs
[2025-07-16T11:09:12.775+0000] {logging_mixin.py:150} INFO - [2025-07-16T11:09:12.775+0000] {dag.py:3504} INFO - Setting next_dagrun for example_external_task_marker_child to None, run_after=None
[2025-07-16T11:09:12.777+0000] {logging_mixin.py:150} INFO - [2025-07-16T11:09:12.777+0000] {dag.py:3504} INFO - Setting next_dagrun for example_external_task_marker_parent to None, run_after=None
[2025-07-16T11:09:12.791+0000] {processor.py:179} INFO - Processing /home/vscode/.local/lib/python3.10/site-packages/airflow/example_dags/example_external_task_marker_dag.py took 0.055 seconds
[2025-07-16T11:10:04.615+0000] {processor.py:157} INFO - Started process (PID=5690) to work on /home/vscode/.local/lib/python3.10/site-packages/airflow/example_dags/example_external_task_marker_dag.py
[2025-07-16T11:10:04.616+0000] {processor.py:826} INFO - Processing file /home/vscode/.local/lib/python3.10/site-packages/airflow/example_dags/example_external_task_marker_dag.py for tasks to queue
[2025-07-16T11:10:04.617+0000] {logging_mixin.py:150} INFO - [2025-07-16T11:10:04.617+0000] {dagbag.py:541} INFO - Filling up the DagBag from /home/vscode/.local/lib/python3.10/site-packages/airflow/example_dags/example_external_task_marker_dag.py
[2025-07-16T11:10:04.623+0000] {processor.py:836} INFO - DAG(s) dict_keys(['example_external_task_marker_parent', 'example_external_task_marker_child']) retrieved from /home/vscode/.local/lib/python3.10/site-packages/airflow/example_dags/example_external_task_marker_dag.py
[2025-07-16T11:10:04.642+0000] {logging_mixin.py:150} INFO - [2025-07-16T11:10:04.642+0000] {dag.py:2742} INFO - Sync 2 DAGs
[2025-07-16T11:10:04.658+0000] {logging_mixin.py:150} INFO - [2025-07-16T11:10:04.657+0000] {dag.py:3504} INFO - Setting next_dagrun for example_external_task_marker_child to None, run_after=None
[2025-07-16T11:10:04.660+0000] {logging_mixin.py:150} INFO - [2025-07-16T11:10:04.660+0000] {dag.py:3504} INFO - Setting next_dagrun for example_external_task_marker_parent to None, run_after=None
[2025-07-16T11:10:04.675+0000] {processor.py:179} INFO - Processing /home/vscode/.local/lib/python3.10/site-packages/airflow/example_dags/example_external_task_marker_dag.py took 0.062 seconds
[2025-07-16T11:10:49.625+0000] {processor.py:157} INFO - Started process (PID=6039) to work on /home/vscode/.local/lib/python3.10/site-packages/airflow/example_dags/example_external_task_marker_dag.py
[2025-07-16T11:10:49.625+0000] {processor.py:826} INFO - Processing file /home/vscode/.local/lib/python3.10/site-packages/airflow/example_dags/example_external_task_marker_dag.py for tasks to queue
[2025-07-16T11:10:49.626+0000] {logging_mixin.py:150} INFO - [2025-07-16T11:10:49.626+0000] {dagbag.py:541} INFO - Filling up the DagBag from /home/vscode/.local/lib/python3.10/site-packages/airflow/example_dags/example_external_task_marker_dag.py
[2025-07-16T11:10:49.631+0000] {processor.py:836} INFO - DAG(s) dict_keys(['example_external_task_marker_child', 'example_external_task_marker_parent']) retrieved from /home/vscode/.local/lib/python3.10/site-packages/airflow/example_dags/example_external_task_marker_dag.py
[2025-07-16T11:10:49.646+0000] {logging_mixin.py:150} INFO - [2025-07-16T11:10:49.646+0000] {dag.py:2742} INFO - Sync 2 DAGs
[2025-07-16T11:10:49.660+0000] {logging_mixin.py:150} INFO - [2025-07-16T11:10:49.660+0000] {dag.py:3504} INFO - Setting next_dagrun for example_external_task_marker_child to None, run_after=None
[2025-07-16T11:10:49.662+0000] {logging_mixin.py:150} INFO - [2025-07-16T11:10:49.662+0000] {dag.py:3504} INFO - Setting next_dagrun for example_external_task_marker_parent to None, run_after=None
[2025-07-16T11:10:49.677+0000] {processor.py:179} INFO - Processing /home/vscode/.local/lib/python3.10/site-packages/airflow/example_dags/example_external_task_marker_dag.py took 0.055 seconds
[2025-07-16T11:11:37.758+0000] {processor.py:157} INFO - Started process (PID=6388) to work on /home/vscode/.local/lib/python3.10/site-packages/airflow/example_dags/example_external_task_marker_dag.py
[2025-07-16T11:11:37.759+0000] {processor.py:826} INFO - Processing file /home/vscode/.local/lib/python3.10/site-packages/airflow/example_dags/example_external_task_marker_dag.py for tasks to queue
[2025-07-16T11:11:37.760+0000] {logging_mixin.py:150} INFO - [2025-07-16T11:11:37.760+0000] {dagbag.py:541} INFO - Filling up the DagBag from /home/vscode/.local/lib/python3.10/site-packages/airflow/example_dags/example_external_task_marker_dag.py
[2025-07-16T11:11:37.765+0000] {processor.py:836} INFO - DAG(s) dict_keys(['example_external_task_marker_parent', 'example_external_task_marker_child']) retrieved from /home/vscode/.local/lib/python3.10/site-packages/airflow/example_dags/example_external_task_marker_dag.py
[2025-07-16T11:11:37.780+0000] {logging_mixin.py:150} INFO - [2025-07-16T11:11:37.780+0000] {dag.py:2742} INFO - Sync 2 DAGs
[2025-07-16T11:11:37.794+0000] {logging_mixin.py:150} INFO - [2025-07-16T11:11:37.794+0000] {dag.py:3504} INFO - Setting next_dagrun for example_external_task_marker_child to None, run_after=None
[2025-07-16T11:11:37.796+0000] {logging_mixin.py:150} INFO - [2025-07-16T11:11:37.796+0000] {dag.py:3504} INFO - Setting next_dagrun for example_external_task_marker_parent to None, run_after=None
[2025-07-16T11:11:37.810+0000] {processor.py:179} INFO - Processing /home/vscode/.local/lib/python3.10/site-packages/airflow/example_dags/example_external_task_marker_dag.py took 0.054 seconds
[2025-07-16T11:12:22.205+0000] {processor.py:157} INFO - Started process (PID=6711) to work on /home/vscode/.local/lib/python3.10/site-packages/airflow/example_dags/example_external_task_marker_dag.py
[2025-07-16T11:12:22.206+0000] {processor.py:826} INFO - Processing file /home/vscode/.local/lib/python3.10/site-packages/airflow/example_dags/example_external_task_marker_dag.py for tasks to queue
[2025-07-16T11:12:22.207+0000] {logging_mixin.py:150} INFO - [2025-07-16T11:12:22.206+0000] {dagbag.py:541} INFO - Filling up the DagBag from /home/vscode/.local/lib/python3.10/site-packages/airflow/example_dags/example_external_task_marker_dag.py
[2025-07-16T11:12:22.212+0000] {processor.py:836} INFO - DAG(s) dict_keys(['example_external_task_marker_child', 'example_external_task_marker_parent']) retrieved from /home/vscode/.local/lib/python3.10/site-packages/airflow/example_dags/example_external_task_marker_dag.py
[2025-07-16T11:12:22.227+0000] {logging_mixin.py:150} INFO - [2025-07-16T11:12:22.227+0000] {dag.py:2742} INFO - Sync 2 DAGs
[2025-07-16T11:12:22.241+0000] {logging_mixin.py:150} INFO - [2025-07-16T11:12:22.241+0000] {dag.py:3504} INFO - Setting next_dagrun for example_external_task_marker_child to None, run_after=None
[2025-07-16T11:12:22.243+0000] {logging_mixin.py:150} INFO - [2025-07-16T11:12:22.243+0000] {dag.py:3504} INFO - Setting next_dagrun for example_external_task_marker_parent to None, run_after=None
[2025-07-16T11:12:22.258+0000] {processor.py:179} INFO - Processing /home/vscode/.local/lib/python3.10/site-packages/airflow/example_dags/example_external_task_marker_dag.py took 0.056 seconds
[2025-07-16T11:13:09.423+0000] {processor.py:157} INFO - Started process (PID=7072) to work on /home/vscode/.local/lib/python3.10/site-packages/airflow/example_dags/example_external_task_marker_dag.py
[2025-07-16T11:13:09.423+0000] {processor.py:826} INFO - Processing file /home/vscode/.local/lib/python3.10/site-packages/airflow/example_dags/example_external_task_marker_dag.py for tasks to queue
[2025-07-16T11:13:09.424+0000] {logging_mixin.py:150} INFO - [2025-07-16T11:13:09.424+0000] {dagbag.py:541} INFO - Filling up the DagBag from /home/vscode/.local/lib/python3.10/site-packages/airflow/example_dags/example_external_task_marker_dag.py
[2025-07-16T11:13:09.429+0000] {processor.py:836} INFO - DAG(s) dict_keys(['example_external_task_marker_parent', 'example_external_task_marker_child']) retrieved from /home/vscode/.local/lib/python3.10/site-packages/airflow/example_dags/example_external_task_marker_dag.py
[2025-07-16T11:13:09.445+0000] {logging_mixin.py:150} INFO - [2025-07-16T11:13:09.445+0000] {dag.py:2742} INFO - Sync 2 DAGs
[2025-07-16T11:13:09.460+0000] {logging_mixin.py:150} INFO - [2025-07-16T11:13:09.460+0000] {dag.py:3504} INFO - Setting next_dagrun for example_external_task_marker_child to None, run_after=None
[2025-07-16T11:13:09.462+0000] {logging_mixin.py:150} INFO - [2025-07-16T11:13:09.462+0000] {dag.py:3504} INFO - Setting next_dagrun for example_external_task_marker_parent to None, run_after=None
[2025-07-16T11:13:09.476+0000] {processor.py:179} INFO - Processing /home/vscode/.local/lib/python3.10/site-packages/airflow/example_dags/example_external_task_marker_dag.py took 0.056 seconds
[2025-07-16T11:13:54.887+0000] {processor.py:157} INFO - Started process (PID=7442) to work on /home/vscode/.local/lib/python3.10/site-packages/airflow/example_dags/example_external_task_marker_dag.py
[2025-07-16T11:13:54.888+0000] {processor.py:826} INFO - Processing file /home/vscode/.local/lib/python3.10/site-packages/airflow/example_dags/example_external_task_marker_dag.py for tasks to queue
[2025-07-16T11:13:54.889+0000] {logging_mixin.py:150} INFO - [2025-07-16T11:13:54.889+0000] {dagbag.py:541} INFO - Filling up the DagBag from /home/vscode/.local/lib/python3.10/site-packages/airflow/example_dags/example_external_task_marker_dag.py
[2025-07-16T11:13:54.894+0000] {processor.py:836} INFO - DAG(s) dict_keys(['example_external_task_marker_child', 'example_external_task_marker_parent']) retrieved from /home/vscode/.local/lib/python3.10/site-packages/airflow/example_dags/example_external_task_marker_dag.py
[2025-07-16T11:13:54.909+0000] {logging_mixin.py:150} INFO - [2025-07-16T11:13:54.909+0000] {dag.py:2742} INFO - Sync 2 DAGs
[2025-07-16T11:13:54.923+0000] {logging_mixin.py:150} INFO - [2025-07-16T11:13:54.923+0000] {dag.py:3504} INFO - Setting next_dagrun for example_external_task_marker_child to None, run_after=None
[2025-07-16T11:13:54.925+0000] {logging_mixin.py:150} INFO - [2025-07-16T11:13:54.925+0000] {dag.py:3504} INFO - Setting next_dagrun for example_external_task_marker_parent to None, run_after=None
[2025-07-16T11:13:54.939+0000] {processor.py:179} INFO - Processing /home/vscode/.local/lib/python3.10/site-packages/airflow/example_dags/example_external_task_marker_dag.py took 0.054 seconds
[2025-07-16T11:14:41.900+0000] {processor.py:157} INFO - Started process (PID=7903) to work on /home/vscode/.local/lib/python3.10/site-packages/airflow/example_dags/example_external_task_marker_dag.py
[2025-07-16T11:14:41.901+0000] {processor.py:826} INFO - Processing file /home/vscode/.local/lib/python3.10/site-packages/airflow/example_dags/example_external_task_marker_dag.py for tasks to queue
[2025-07-16T11:14:41.901+0000] {logging_mixin.py:150} INFO - [2025-07-16T11:14:41.901+0000] {dagbag.py:541} INFO - Filling up the DagBag from /home/vscode/.local/lib/python3.10/site-packages/airflow/example_dags/example_external_task_marker_dag.py
[2025-07-16T11:14:41.906+0000] {processor.py:836} INFO - DAG(s) dict_keys(['example_external_task_marker_child', 'example_external_task_marker_parent']) retrieved from /home/vscode/.local/lib/python3.10/site-packages/airflow/example_dags/example_external_task_marker_dag.py
[2025-07-16T11:14:41.922+0000] {logging_mixin.py:150} INFO - [2025-07-16T11:14:41.922+0000] {dag.py:2742} INFO - Sync 2 DAGs
[2025-07-16T11:14:41.936+0000] {logging_mixin.py:150} INFO - [2025-07-16T11:14:41.936+0000] {dag.py:3504} INFO - Setting next_dagrun for example_external_task_marker_child to None, run_after=None
[2025-07-16T11:14:41.938+0000] {logging_mixin.py:150} INFO - [2025-07-16T11:14:41.938+0000] {dag.py:3504} INFO - Setting next_dagrun for example_external_task_marker_parent to None, run_after=None
[2025-07-16T11:14:41.952+0000] {processor.py:179} INFO - Processing /home/vscode/.local/lib/python3.10/site-packages/airflow/example_dags/example_external_task_marker_dag.py took 0.055 seconds
[2025-07-16T11:15:32.440+0000] {processor.py:157} INFO - Started process (PID=8374) to work on /home/vscode/.local/lib/python3.10/site-packages/airflow/example_dags/example_external_task_marker_dag.py
[2025-07-16T11:15:32.441+0000] {processor.py:826} INFO - Processing file /home/vscode/.local/lib/python3.10/site-packages/airflow/example_dags/example_external_task_marker_dag.py for tasks to queue
[2025-07-16T11:15:32.441+0000] {logging_mixin.py:150} INFO - [2025-07-16T11:15:32.441+0000] {dagbag.py:541} INFO - Filling up the DagBag from /home/vscode/.local/lib/python3.10/site-packages/airflow/example_dags/example_external_task_marker_dag.py
[2025-07-16T11:15:32.446+0000] {processor.py:836} INFO - DAG(s) dict_keys(['example_external_task_marker_parent', 'example_external_task_marker_child']) retrieved from /home/vscode/.local/lib/python3.10/site-packages/airflow/example_dags/example_external_task_marker_dag.py
[2025-07-16T11:15:32.465+0000] {logging_mixin.py:150} INFO - [2025-07-16T11:15:32.465+0000] {dag.py:2742} INFO - Sync 2 DAGs
[2025-07-16T11:15:32.482+0000] {logging_mixin.py:150} INFO - [2025-07-16T11:15:32.482+0000] {dag.py:3504} INFO - Setting next_dagrun for example_external_task_marker_child to None, run_after=None
[2025-07-16T11:15:32.485+0000] {logging_mixin.py:150} INFO - [2025-07-16T11:15:32.485+0000] {dag.py:3504} INFO - Setting next_dagrun for example_external_task_marker_parent to None, run_after=None
[2025-07-16T11:15:32.503+0000] {processor.py:179} INFO - Processing /home/vscode/.local/lib/python3.10/site-packages/airflow/example_dags/example_external_task_marker_dag.py took 0.066 seconds
[2025-07-16T11:16:20.681+0000] {processor.py:157} INFO - Started process (PID=8900) to work on /home/vscode/.local/lib/python3.10/site-packages/airflow/example_dags/example_external_task_marker_dag.py
[2025-07-16T11:16:20.682+0000] {processor.py:826} INFO - Processing file /home/vscode/.local/lib/python3.10/site-packages/airflow/example_dags/example_external_task_marker_dag.py for tasks to queue
[2025-07-16T11:16:20.682+0000] {logging_mixin.py:150} INFO - [2025-07-16T11:16:20.682+0000] {dagbag.py:541} INFO - Filling up the DagBag from /home/vscode/.local/lib/python3.10/site-packages/airflow/example_dags/example_external_task_marker_dag.py
[2025-07-16T11:16:20.687+0000] {processor.py:836} INFO - DAG(s) dict_keys(['example_external_task_marker_parent', 'example_external_task_marker_child']) retrieved from /home/vscode/.local/lib/python3.10/site-packages/airflow/example_dags/example_external_task_marker_dag.py
[2025-07-16T11:16:20.703+0000] {logging_mixin.py:150} INFO - [2025-07-16T11:16:20.703+0000] {dag.py:2742} INFO - Sync 2 DAGs
[2025-07-16T11:16:20.718+0000] {logging_mixin.py:150} INFO - [2025-07-16T11:16:20.718+0000] {dag.py:3504} INFO - Setting next_dagrun for example_external_task_marker_child to None, run_after=None
[2025-07-16T11:16:20.720+0000] {logging_mixin.py:150} INFO - [2025-07-16T11:16:20.720+0000] {dag.py:3504} INFO - Setting next_dagrun for example_external_task_marker_parent to None, run_after=None
[2025-07-16T11:16:20.734+0000] {processor.py:179} INFO - Processing /home/vscode/.local/lib/python3.10/site-packages/airflow/example_dags/example_external_task_marker_dag.py took 0.056 seconds
[2025-07-16T11:17:09.268+0000] {processor.py:157} INFO - Started process (PID=9476) to work on /home/vscode/.local/lib/python3.10/site-packages/airflow/example_dags/example_external_task_marker_dag.py
[2025-07-16T11:17:09.269+0000] {processor.py:826} INFO - Processing file /home/vscode/.local/lib/python3.10/site-packages/airflow/example_dags/example_external_task_marker_dag.py for tasks to queue
[2025-07-16T11:17:09.270+0000] {logging_mixin.py:150} INFO - [2025-07-16T11:17:09.270+0000] {dagbag.py:541} INFO - Filling up the DagBag from /home/vscode/.local/lib/python3.10/site-packages/airflow/example_dags/example_external_task_marker_dag.py
[2025-07-16T11:17:09.277+0000] {processor.py:836} INFO - DAG(s) dict_keys(['example_external_task_marker_child', 'example_external_task_marker_parent']) retrieved from /home/vscode/.local/lib/python3.10/site-packages/airflow/example_dags/example_external_task_marker_dag.py
[2025-07-16T11:17:09.294+0000] {logging_mixin.py:150} INFO - [2025-07-16T11:17:09.293+0000] {dag.py:2742} INFO - Sync 2 DAGs
[2025-07-16T11:17:09.308+0000] {logging_mixin.py:150} INFO - [2025-07-16T11:17:09.308+0000] {dag.py:3504} INFO - Setting next_dagrun for example_external_task_marker_child to None, run_after=None
[2025-07-16T11:17:09.310+0000] {logging_mixin.py:150} INFO - [2025-07-16T11:17:09.310+0000] {dag.py:3504} INFO - Setting next_dagrun for example_external_task_marker_parent to None, run_after=None
[2025-07-16T11:17:09.325+0000] {processor.py:179} INFO - Processing /home/vscode/.local/lib/python3.10/site-packages/airflow/example_dags/example_external_task_marker_dag.py took 0.060 seconds
[2025-07-16T11:18:01.278+0000] {processor.py:157} INFO - Started process (PID=9844) to work on /home/vscode/.local/lib/python3.10/site-packages/airflow/example_dags/example_external_task_marker_dag.py
[2025-07-16T11:18:01.279+0000] {processor.py:826} INFO - Processing file /home/vscode/.local/lib/python3.10/site-packages/airflow/example_dags/example_external_task_marker_dag.py for tasks to queue
[2025-07-16T11:18:01.280+0000] {logging_mixin.py:150} INFO - [2025-07-16T11:18:01.280+0000] {dagbag.py:541} INFO - Filling up the DagBag from /home/vscode/.local/lib/python3.10/site-packages/airflow/example_dags/example_external_task_marker_dag.py
[2025-07-16T11:18:01.285+0000] {processor.py:836} INFO - DAG(s) dict_keys(['example_external_task_marker_child', 'example_external_task_marker_parent']) retrieved from /home/vscode/.local/lib/python3.10/site-packages/airflow/example_dags/example_external_task_marker_dag.py
[2025-07-16T11:18:01.300+0000] {logging_mixin.py:150} INFO - [2025-07-16T11:18:01.300+0000] {dag.py:2742} INFO - Sync 2 DAGs
[2025-07-16T11:18:01.314+0000] {logging_mixin.py:150} INFO - [2025-07-16T11:18:01.314+0000] {dag.py:3504} INFO - Setting next_dagrun for example_external_task_marker_child to None, run_after=None
[2025-07-16T11:18:01.316+0000] {logging_mixin.py:150} INFO - [2025-07-16T11:18:01.316+0000] {dag.py:3504} INFO - Setting next_dagrun for example_external_task_marker_parent to None, run_after=None
[2025-07-16T11:18:01.329+0000] {processor.py:179} INFO - Processing /home/vscode/.local/lib/python3.10/site-packages/airflow/example_dags/example_external_task_marker_dag.py took 0.053 seconds
[2025-07-16T11:18:49.004+0000] {processor.py:157} INFO - Started process (PID=10160) to work on /home/vscode/.local/lib/python3.10/site-packages/airflow/example_dags/example_external_task_marker_dag.py
[2025-07-16T11:18:49.005+0000] {processor.py:826} INFO - Processing file /home/vscode/.local/lib/python3.10/site-packages/airflow/example_dags/example_external_task_marker_dag.py for tasks to queue
[2025-07-16T11:18:49.006+0000] {logging_mixin.py:150} INFO - [2025-07-16T11:18:49.005+0000] {dagbag.py:541} INFO - Filling up the DagBag from /home/vscode/.local/lib/python3.10/site-packages/airflow/example_dags/example_external_task_marker_dag.py
[2025-07-16T11:18:49.011+0000] {processor.py:836} INFO - DAG(s) dict_keys(['example_external_task_marker_child', 'example_external_task_marker_parent']) retrieved from /home/vscode/.local/lib/python3.10/site-packages/airflow/example_dags/example_external_task_marker_dag.py
[2025-07-16T11:18:49.027+0000] {logging_mixin.py:150} INFO - [2025-07-16T11:18:49.026+0000] {dag.py:2742} INFO - Sync 2 DAGs
[2025-07-16T11:18:49.041+0000] {logging_mixin.py:150} INFO - [2025-07-16T11:18:49.041+0000] {dag.py:3504} INFO - Setting next_dagrun for example_external_task_marker_child to None, run_after=None
[2025-07-16T11:18:49.044+0000] {logging_mixin.py:150} INFO - [2025-07-16T11:18:49.044+0000] {dag.py:3504} INFO - Setting next_dagrun for example_external_task_marker_parent to None, run_after=None
[2025-07-16T11:18:49.057+0000] {processor.py:179} INFO - Processing /home/vscode/.local/lib/python3.10/site-packages/airflow/example_dags/example_external_task_marker_dag.py took 0.056 seconds
[2025-07-16T11:19:40.847+0000] {processor.py:157} INFO - Started process (PID=10509) to work on /home/vscode/.local/lib/python3.10/site-packages/airflow/example_dags/example_external_task_marker_dag.py
[2025-07-16T11:19:40.848+0000] {processor.py:826} INFO - Processing file /home/vscode/.local/lib/python3.10/site-packages/airflow/example_dags/example_external_task_marker_dag.py for tasks to queue
[2025-07-16T11:19:40.849+0000] {logging_mixin.py:150} INFO - [2025-07-16T11:19:40.849+0000] {dagbag.py:541} INFO - Filling up the DagBag from /home/vscode/.local/lib/python3.10/site-packages/airflow/example_dags/example_external_task_marker_dag.py
[2025-07-16T11:19:40.854+0000] {processor.py:836} INFO - DAG(s) dict_keys(['example_external_task_marker_child', 'example_external_task_marker_parent']) retrieved from /home/vscode/.local/lib/python3.10/site-packages/airflow/example_dags/example_external_task_marker_dag.py
[2025-07-16T11:19:40.869+0000] {logging_mixin.py:150} INFO - [2025-07-16T11:19:40.869+0000] {dag.py:2742} INFO - Sync 2 DAGs
[2025-07-16T11:19:40.883+0000] {logging_mixin.py:150} INFO - [2025-07-16T11:19:40.882+0000] {dag.py:3504} INFO - Setting next_dagrun for example_external_task_marker_child to None, run_after=None
[2025-07-16T11:19:40.885+0000] {logging_mixin.py:150} INFO - [2025-07-16T11:19:40.885+0000] {dag.py:3504} INFO - Setting next_dagrun for example_external_task_marker_parent to None, run_after=None
[2025-07-16T11:19:40.899+0000] {processor.py:179} INFO - Processing /home/vscode/.local/lib/python3.10/site-packages/airflow/example_dags/example_external_task_marker_dag.py took 0.054 seconds
[2025-07-16T11:20:33.220+0000] {processor.py:157} INFO - Started process (PID=10922) to work on /home/vscode/.local/lib/python3.10/site-packages/airflow/example_dags/example_external_task_marker_dag.py
[2025-07-16T11:20:33.224+0000] {processor.py:826} INFO - Processing file /home/vscode/.local/lib/python3.10/site-packages/airflow/example_dags/example_external_task_marker_dag.py for tasks to queue
[2025-07-16T11:20:33.225+0000] {logging_mixin.py:150} INFO - [2025-07-16T11:20:33.225+0000] {dagbag.py:541} INFO - Filling up the DagBag from /home/vscode/.local/lib/python3.10/site-packages/airflow/example_dags/example_external_task_marker_dag.py
[2025-07-16T11:20:33.235+0000] {processor.py:836} INFO - DAG(s) dict_keys(['example_external_task_marker_child', 'example_external_task_marker_parent']) retrieved from /home/vscode/.local/lib/python3.10/site-packages/airflow/example_dags/example_external_task_marker_dag.py
[2025-07-16T11:20:33.259+0000] {logging_mixin.py:150} INFO - [2025-07-16T11:20:33.259+0000] {dag.py:2742} INFO - Sync 2 DAGs
[2025-07-16T11:20:33.296+0000] {logging_mixin.py:150} INFO - [2025-07-16T11:20:33.296+0000] {dag.py:3504} INFO - Setting next_dagrun for example_external_task_marker_child to None, run_after=None
[2025-07-16T11:20:33.301+0000] {logging_mixin.py:150} INFO - [2025-07-16T11:20:33.301+0000] {dag.py:3504} INFO - Setting next_dagrun for example_external_task_marker_parent to None, run_after=None
[2025-07-16T11:20:33.331+0000] {processor.py:179} INFO - Processing /home/vscode/.local/lib/python3.10/site-packages/airflow/example_dags/example_external_task_marker_dag.py took 0.114 seconds
[2025-07-16T11:21:31.468+0000] {processor.py:157} INFO - Started process (PID=11873) to work on /home/vscode/.local/lib/python3.10/site-packages/airflow/example_dags/example_external_task_marker_dag.py
[2025-07-16T11:21:31.469+0000] {processor.py:826} INFO - Processing file /home/vscode/.local/lib/python3.10/site-packages/airflow/example_dags/example_external_task_marker_dag.py for tasks to queue
[2025-07-16T11:21:31.470+0000] {logging_mixin.py:150} INFO - [2025-07-16T11:21:31.469+0000] {dagbag.py:541} INFO - Filling up the DagBag from /home/vscode/.local/lib/python3.10/site-packages/airflow/example_dags/example_external_task_marker_dag.py
[2025-07-16T11:21:31.474+0000] {processor.py:836} INFO - DAG(s) dict_keys(['example_external_task_marker_parent', 'example_external_task_marker_child']) retrieved from /home/vscode/.local/lib/python3.10/site-packages/airflow/example_dags/example_external_task_marker_dag.py
[2025-07-16T11:21:31.489+0000] {logging_mixin.py:150} INFO - [2025-07-16T11:21:31.489+0000] {dag.py:2742} INFO - Sync 2 DAGs
[2025-07-16T11:21:31.503+0000] {logging_mixin.py:150} INFO - [2025-07-16T11:21:31.503+0000] {dag.py:3504} INFO - Setting next_dagrun for example_external_task_marker_child to None, run_after=None
[2025-07-16T11:21:31.505+0000] {logging_mixin.py:150} INFO - [2025-07-16T11:21:31.505+0000] {dag.py:3504} INFO - Setting next_dagrun for example_external_task_marker_parent to None, run_after=None
[2025-07-16T11:21:31.520+0000] {processor.py:179} INFO - Processing /home/vscode/.local/lib/python3.10/site-packages/airflow/example_dags/example_external_task_marker_dag.py took 0.055 seconds
