[2025-07-16T11:07:07.348+0000] {processor.py:157} INFO - Started process (PID=4351) to work on /home/vscode/.local/lib/python3.10/site-packages/airflow/example_dags/example_branch_labels.py
[2025-07-16T11:07:07.349+0000] {processor.py:826} INFO - Processing file /home/vscode/.local/lib/python3.10/site-packages/airflow/example_dags/example_branch_labels.py for tasks to queue
[2025-07-16T11:07:07.350+0000] {logging_mixin.py:150} INFO - [2025-07-16T11:07:07.349+0000] {dagbag.py:541} INFO - Filling up the DagBag from /home/vscode/.local/lib/python3.10/site-packages/airflow/example_dags/example_branch_labels.py
[2025-07-16T11:07:07.356+0000] {processor.py:836} INFO - DAG(s) dict_keys(['example_branch_labels']) retrieved from /home/vscode/.local/lib/python3.10/site-packages/airflow/example_dags/example_branch_labels.py
[2025-07-16T11:07:07.370+0000] {logging_mixin.py:150} INFO - [2025-07-16T11:07:07.370+0000] {dag.py:2742} INFO - Sync 1 DAGs
[2025-07-16T11:07:07.386+0000] {logging_mixin.py:150} INFO - [2025-07-16T11:07:07.385+0000] {dag.py:3504} INFO - Setting next_dagrun for example_branch_labels to 2025-07-15T00:00:00+00:00, run_after=2025-07-16T00:00:00+00:00
[2025-07-16T11:07:07.402+0000] {processor.py:179} INFO - Processing /home/vscode/.local/lib/python3.10/site-packages/airflow/example_dags/example_branch_labels.py took 0.056 seconds
[2025-07-16T11:07:55.041+0000] {processor.py:157} INFO - Started process (PID=4757) to work on /home/vscode/.local/lib/python3.10/site-packages/airflow/example_dags/example_branch_labels.py
[2025-07-16T11:07:55.041+0000] {processor.py:826} INFO - Processing file /home/vscode/.local/lib/python3.10/site-packages/airflow/example_dags/example_branch_labels.py for tasks to queue
[2025-07-16T11:07:55.042+0000] {logging_mixin.py:150} INFO - [2025-07-16T11:07:55.042+0000] {dagbag.py:541} INFO - Filling up the DagBag from /home/vscode/.local/lib/python3.10/site-packages/airflow/example_dags/example_branch_labels.py
[2025-07-16T11:07:55.048+0000] {processor.py:836} INFO - DAG(s) dict_keys(['example_branch_labels']) retrieved from /home/vscode/.local/lib/python3.10/site-packages/airflow/example_dags/example_branch_labels.py
[2025-07-16T11:07:55.062+0000] {logging_mixin.py:150} INFO - [2025-07-16T11:07:55.062+0000] {dag.py:2742} INFO - Sync 1 DAGs
[2025-07-16T11:07:55.076+0000] {logging_mixin.py:150} INFO - [2025-07-16T11:07:55.076+0000] {dag.py:3504} INFO - Setting next_dagrun for example_branch_labels to 2025-07-15T00:00:00+00:00, run_after=2025-07-16T00:00:00+00:00
[2025-07-16T11:07:55.090+0000] {processor.py:179} INFO - Processing /home/vscode/.local/lib/python3.10/site-packages/airflow/example_dags/example_branch_labels.py took 0.052 seconds
[2025-07-16T11:08:42.465+0000] {processor.py:157} INFO - Started process (PID=5073) to work on /home/vscode/.local/lib/python3.10/site-packages/airflow/example_dags/example_branch_labels.py
[2025-07-16T11:08:42.466+0000] {processor.py:826} INFO - Processing file /home/vscode/.local/lib/python3.10/site-packages/airflow/example_dags/example_branch_labels.py for tasks to queue
[2025-07-16T11:08:42.467+0000] {logging_mixin.py:150} INFO - [2025-07-16T11:08:42.466+0000] {dagbag.py:541} INFO - Filling up the DagBag from /home/vscode/.local/lib/python3.10/site-packages/airflow/example_dags/example_branch_labels.py
[2025-07-16T11:08:42.475+0000] {processor.py:836} INFO - DAG(s) dict_keys(['example_branch_labels']) retrieved from /home/vscode/.local/lib/python3.10/site-packages/airflow/example_dags/example_branch_labels.py
[2025-07-16T11:08:42.494+0000] {logging_mixin.py:150} INFO - [2025-07-16T11:08:42.494+0000] {dag.py:2742} INFO - Sync 1 DAGs
[2025-07-16T11:08:42.517+0000] {logging_mixin.py:150} INFO - [2025-07-16T11:08:42.517+0000] {dag.py:3504} INFO - Setting next_dagrun for example_branch_labels to 2025-07-15T00:00:00+00:00, run_after=2025-07-16T00:00:00+00:00
[2025-07-16T11:08:42.537+0000] {processor.py:179} INFO - Processing /home/vscode/.local/lib/python3.10/site-packages/airflow/example_dags/example_branch_labels.py took 0.075 seconds
[2025-07-16T11:09:29.300+0000] {processor.py:157} INFO - Started process (PID=5444) to work on /home/vscode/.local/lib/python3.10/site-packages/airflow/example_dags/example_branch_labels.py
[2025-07-16T11:09:29.301+0000] {processor.py:826} INFO - Processing file /home/vscode/.local/lib/python3.10/site-packages/airflow/example_dags/example_branch_labels.py for tasks to queue
[2025-07-16T11:09:29.301+0000] {logging_mixin.py:150} INFO - [2025-07-16T11:09:29.301+0000] {dagbag.py:541} INFO - Filling up the DagBag from /home/vscode/.local/lib/python3.10/site-packages/airflow/example_dags/example_branch_labels.py
[2025-07-16T11:09:29.310+0000] {processor.py:836} INFO - DAG(s) dict_keys(['example_branch_labels']) retrieved from /home/vscode/.local/lib/python3.10/site-packages/airflow/example_dags/example_branch_labels.py
[2025-07-16T11:09:29.329+0000] {logging_mixin.py:150} INFO - [2025-07-16T11:09:29.329+0000] {dag.py:2742} INFO - Sync 1 DAGs
[2025-07-16T11:09:29.343+0000] {logging_mixin.py:150} INFO - [2025-07-16T11:09:29.343+0000] {dag.py:3504} INFO - Setting next_dagrun for example_branch_labels to 2025-07-15T00:00:00+00:00, run_after=2025-07-16T00:00:00+00:00
[2025-07-16T11:09:29.359+0000] {processor.py:179} INFO - Processing /home/vscode/.local/lib/python3.10/site-packages/airflow/example_dags/example_branch_labels.py took 0.062 seconds
[2025-07-16T11:10:20.587+0000] {processor.py:157} INFO - Started process (PID=5815) to work on /home/vscode/.local/lib/python3.10/site-packages/airflow/example_dags/example_branch_labels.py
[2025-07-16T11:10:20.588+0000] {processor.py:826} INFO - Processing file /home/vscode/.local/lib/python3.10/site-packages/airflow/example_dags/example_branch_labels.py for tasks to queue
[2025-07-16T11:10:20.589+0000] {logging_mixin.py:150} INFO - [2025-07-16T11:10:20.589+0000] {dagbag.py:541} INFO - Filling up the DagBag from /home/vscode/.local/lib/python3.10/site-packages/airflow/example_dags/example_branch_labels.py
[2025-07-16T11:10:20.595+0000] {processor.py:836} INFO - DAG(s) dict_keys(['example_branch_labels']) retrieved from /home/vscode/.local/lib/python3.10/site-packages/airflow/example_dags/example_branch_labels.py
[2025-07-16T11:10:20.615+0000] {logging_mixin.py:150} INFO - [2025-07-16T11:10:20.615+0000] {dag.py:2742} INFO - Sync 1 DAGs
[2025-07-16T11:10:20.637+0000] {logging_mixin.py:150} INFO - [2025-07-16T11:10:20.636+0000] {dag.py:3504} INFO - Setting next_dagrun for example_branch_labels to 2025-07-15T00:00:00+00:00, run_after=2025-07-16T00:00:00+00:00
[2025-07-16T11:10:20.651+0000] {processor.py:179} INFO - Processing /home/vscode/.local/lib/python3.10/site-packages/airflow/example_dags/example_branch_labels.py took 0.067 seconds
[2025-07-16T11:11:06.225+0000] {processor.py:157} INFO - Started process (PID=6163) to work on /home/vscode/.local/lib/python3.10/site-packages/airflow/example_dags/example_branch_labels.py
[2025-07-16T11:11:06.226+0000] {processor.py:826} INFO - Processing file /home/vscode/.local/lib/python3.10/site-packages/airflow/example_dags/example_branch_labels.py for tasks to queue
[2025-07-16T11:11:06.227+0000] {logging_mixin.py:150} INFO - [2025-07-16T11:11:06.226+0000] {dagbag.py:541} INFO - Filling up the DagBag from /home/vscode/.local/lib/python3.10/site-packages/airflow/example_dags/example_branch_labels.py
[2025-07-16T11:11:06.233+0000] {processor.py:836} INFO - DAG(s) dict_keys(['example_branch_labels']) retrieved from /home/vscode/.local/lib/python3.10/site-packages/airflow/example_dags/example_branch_labels.py
[2025-07-16T11:11:06.249+0000] {logging_mixin.py:150} INFO - [2025-07-16T11:11:06.249+0000] {dag.py:2742} INFO - Sync 1 DAGs
[2025-07-16T11:11:06.265+0000] {logging_mixin.py:150} INFO - [2025-07-16T11:11:06.265+0000] {dag.py:3504} INFO - Setting next_dagrun for example_branch_labels to 2025-07-15T00:00:00+00:00, run_after=2025-07-16T00:00:00+00:00
[2025-07-16T11:11:06.279+0000] {processor.py:179} INFO - Processing /home/vscode/.local/lib/python3.10/site-packages/airflow/example_dags/example_branch_labels.py took 0.057 seconds
[2025-07-16T11:11:53.181+0000] {processor.py:157} INFO - Started process (PID=6510) to work on /home/vscode/.local/lib/python3.10/site-packages/airflow/example_dags/example_branch_labels.py
[2025-07-16T11:11:53.182+0000] {processor.py:826} INFO - Processing file /home/vscode/.local/lib/python3.10/site-packages/airflow/example_dags/example_branch_labels.py for tasks to queue
[2025-07-16T11:11:53.183+0000] {logging_mixin.py:150} INFO - [2025-07-16T11:11:53.183+0000] {dagbag.py:541} INFO - Filling up the DagBag from /home/vscode/.local/lib/python3.10/site-packages/airflow/example_dags/example_branch_labels.py
[2025-07-16T11:11:53.189+0000] {processor.py:836} INFO - DAG(s) dict_keys(['example_branch_labels']) retrieved from /home/vscode/.local/lib/python3.10/site-packages/airflow/example_dags/example_branch_labels.py
[2025-07-16T11:11:53.203+0000] {logging_mixin.py:150} INFO - [2025-07-16T11:11:53.203+0000] {dag.py:2742} INFO - Sync 1 DAGs
[2025-07-16T11:11:53.220+0000] {logging_mixin.py:150} INFO - [2025-07-16T11:11:53.220+0000] {dag.py:3504} INFO - Setting next_dagrun for example_branch_labels to 2025-07-15T00:00:00+00:00, run_after=2025-07-16T00:00:00+00:00
[2025-07-16T11:11:53.235+0000] {processor.py:179} INFO - Processing /home/vscode/.local/lib/python3.10/site-packages/airflow/example_dags/example_branch_labels.py took 0.056 seconds
[2025-07-16T11:12:35.429+0000] {processor.py:157} INFO - Started process (PID=6810) to work on /home/vscode/.local/lib/python3.10/site-packages/airflow/example_dags/example_branch_labels.py
[2025-07-16T11:12:35.430+0000] {processor.py:826} INFO - Processing file /home/vscode/.local/lib/python3.10/site-packages/airflow/example_dags/example_branch_labels.py for tasks to queue
[2025-07-16T11:12:35.431+0000] {logging_mixin.py:150} INFO - [2025-07-16T11:12:35.431+0000] {dagbag.py:541} INFO - Filling up the DagBag from /home/vscode/.local/lib/python3.10/site-packages/airflow/example_dags/example_branch_labels.py
[2025-07-16T11:12:35.439+0000] {processor.py:836} INFO - DAG(s) dict_keys(['example_branch_labels']) retrieved from /home/vscode/.local/lib/python3.10/site-packages/airflow/example_dags/example_branch_labels.py
[2025-07-16T11:12:35.455+0000] {logging_mixin.py:150} INFO - [2025-07-16T11:12:35.455+0000] {dag.py:2742} INFO - Sync 1 DAGs
[2025-07-16T11:12:35.479+0000] {logging_mixin.py:150} INFO - [2025-07-16T11:12:35.479+0000] {dag.py:3504} INFO - Setting next_dagrun for example_branch_labels to 2025-07-15T00:00:00+00:00, run_after=2025-07-16T00:00:00+00:00
[2025-07-16T11:12:35.499+0000] {processor.py:179} INFO - Processing /home/vscode/.local/lib/python3.10/site-packages/airflow/example_dags/example_branch_labels.py took 0.072 seconds
[2025-07-16T11:13:38.290+0000] {processor.py:157} INFO - Started process (PID=7280) to work on /home/vscode/.local/lib/python3.10/site-packages/airflow/example_dags/example_branch_labels.py
[2025-07-16T11:13:38.291+0000] {processor.py:826} INFO - Processing file /home/vscode/.local/lib/python3.10/site-packages/airflow/example_dags/example_branch_labels.py for tasks to queue
[2025-07-16T11:13:38.291+0000] {logging_mixin.py:150} INFO - [2025-07-16T11:13:38.291+0000] {dagbag.py:541} INFO - Filling up the DagBag from /home/vscode/.local/lib/python3.10/site-packages/airflow/example_dags/example_branch_labels.py
[2025-07-16T11:13:38.297+0000] {processor.py:836} INFO - DAG(s) dict_keys(['example_branch_labels']) retrieved from /home/vscode/.local/lib/python3.10/site-packages/airflow/example_dags/example_branch_labels.py
[2025-07-16T11:13:38.312+0000] {logging_mixin.py:150} INFO - [2025-07-16T11:13:38.312+0000] {dag.py:2742} INFO - Sync 1 DAGs
[2025-07-16T11:13:38.327+0000] {logging_mixin.py:150} INFO - [2025-07-16T11:13:38.327+0000] {dag.py:3504} INFO - Setting next_dagrun for example_branch_labels to 2025-07-15T00:00:00+00:00, run_after=2025-07-16T00:00:00+00:00
[2025-07-16T11:13:38.341+0000] {processor.py:179} INFO - Processing /home/vscode/.local/lib/python3.10/site-packages/airflow/example_dags/example_branch_labels.py took 0.054 seconds
[2025-07-16T11:14:26.005+0000] {processor.py:157} INFO - Started process (PID=7733) to work on /home/vscode/.local/lib/python3.10/site-packages/airflow/example_dags/example_branch_labels.py
[2025-07-16T11:14:26.006+0000] {processor.py:826} INFO - Processing file /home/vscode/.local/lib/python3.10/site-packages/airflow/example_dags/example_branch_labels.py for tasks to queue
[2025-07-16T11:14:26.007+0000] {logging_mixin.py:150} INFO - [2025-07-16T11:14:26.007+0000] {dagbag.py:541} INFO - Filling up the DagBag from /home/vscode/.local/lib/python3.10/site-packages/airflow/example_dags/example_branch_labels.py
[2025-07-16T11:14:26.013+0000] {processor.py:836} INFO - DAG(s) dict_keys(['example_branch_labels']) retrieved from /home/vscode/.local/lib/python3.10/site-packages/airflow/example_dags/example_branch_labels.py
[2025-07-16T11:14:26.026+0000] {logging_mixin.py:150} INFO - [2025-07-16T11:14:26.026+0000] {dag.py:2742} INFO - Sync 1 DAGs
[2025-07-16T11:14:26.041+0000] {logging_mixin.py:150} INFO - [2025-07-16T11:14:26.041+0000] {dag.py:3504} INFO - Setting next_dagrun for example_branch_labels to 2025-07-15T00:00:00+00:00, run_after=2025-07-16T00:00:00+00:00
[2025-07-16T11:14:26.056+0000] {processor.py:179} INFO - Processing /home/vscode/.local/lib/python3.10/site-packages/airflow/example_dags/example_branch_labels.py took 0.053 seconds
[2025-07-16T11:15:16.008+0000] {processor.py:157} INFO - Started process (PID=8240) to work on /home/vscode/.local/lib/python3.10/site-packages/airflow/example_dags/example_branch_labels.py
[2025-07-16T11:15:16.009+0000] {processor.py:826} INFO - Processing file /home/vscode/.local/lib/python3.10/site-packages/airflow/example_dags/example_branch_labels.py for tasks to queue
[2025-07-16T11:15:16.010+0000] {logging_mixin.py:150} INFO - [2025-07-16T11:15:16.010+0000] {dagbag.py:541} INFO - Filling up the DagBag from /home/vscode/.local/lib/python3.10/site-packages/airflow/example_dags/example_branch_labels.py
[2025-07-16T11:15:16.016+0000] {processor.py:836} INFO - DAG(s) dict_keys(['example_branch_labels']) retrieved from /home/vscode/.local/lib/python3.10/site-packages/airflow/example_dags/example_branch_labels.py
[2025-07-16T11:15:16.030+0000] {logging_mixin.py:150} INFO - [2025-07-16T11:15:16.030+0000] {dag.py:2742} INFO - Sync 1 DAGs
[2025-07-16T11:15:16.045+0000] {logging_mixin.py:150} INFO - [2025-07-16T11:15:16.045+0000] {dag.py:3504} INFO - Setting next_dagrun for example_branch_labels to 2025-07-15T00:00:00+00:00, run_after=2025-07-16T00:00:00+00:00
[2025-07-16T11:15:16.062+0000] {processor.py:179} INFO - Processing /home/vscode/.local/lib/python3.10/site-packages/airflow/example_dags/example_branch_labels.py took 0.056 seconds
[2025-07-16T11:16:04.025+0000] {processor.py:157} INFO - Started process (PID=8743) to work on /home/vscode/.local/lib/python3.10/site-packages/airflow/example_dags/example_branch_labels.py
[2025-07-16T11:16:04.026+0000] {processor.py:826} INFO - Processing file /home/vscode/.local/lib/python3.10/site-packages/airflow/example_dags/example_branch_labels.py for tasks to queue
[2025-07-16T11:16:04.026+0000] {logging_mixin.py:150} INFO - [2025-07-16T11:16:04.026+0000] {dagbag.py:541} INFO - Filling up the DagBag from /home/vscode/.local/lib/python3.10/site-packages/airflow/example_dags/example_branch_labels.py
[2025-07-16T11:16:04.032+0000] {processor.py:836} INFO - DAG(s) dict_keys(['example_branch_labels']) retrieved from /home/vscode/.local/lib/python3.10/site-packages/airflow/example_dags/example_branch_labels.py
[2025-07-16T11:16:04.046+0000] {logging_mixin.py:150} INFO - [2025-07-16T11:16:04.046+0000] {dag.py:2742} INFO - Sync 1 DAGs
[2025-07-16T11:16:04.061+0000] {logging_mixin.py:150} INFO - [2025-07-16T11:16:04.061+0000] {dag.py:3504} INFO - Setting next_dagrun for example_branch_labels to 2025-07-15T00:00:00+00:00, run_after=2025-07-16T00:00:00+00:00
[2025-07-16T11:16:04.076+0000] {processor.py:179} INFO - Processing /home/vscode/.local/lib/python3.10/site-packages/airflow/example_dags/example_branch_labels.py took 0.053 seconds
[2025-07-16T11:16:51.538+0000] {processor.py:157} INFO - Started process (PID=9268) to work on /home/vscode/.local/lib/python3.10/site-packages/airflow/example_dags/example_branch_labels.py
[2025-07-16T11:16:51.539+0000] {processor.py:826} INFO - Processing file /home/vscode/.local/lib/python3.10/site-packages/airflow/example_dags/example_branch_labels.py for tasks to queue
[2025-07-16T11:16:51.539+0000] {logging_mixin.py:150} INFO - [2025-07-16T11:16:51.539+0000] {dagbag.py:541} INFO - Filling up the DagBag from /home/vscode/.local/lib/python3.10/site-packages/airflow/example_dags/example_branch_labels.py
[2025-07-16T11:16:51.545+0000] {processor.py:836} INFO - DAG(s) dict_keys(['example_branch_labels']) retrieved from /home/vscode/.local/lib/python3.10/site-packages/airflow/example_dags/example_branch_labels.py
[2025-07-16T11:16:51.559+0000] {logging_mixin.py:150} INFO - [2025-07-16T11:16:51.559+0000] {dag.py:2742} INFO - Sync 1 DAGs
[2025-07-16T11:16:51.574+0000] {logging_mixin.py:150} INFO - [2025-07-16T11:16:51.574+0000] {dag.py:3504} INFO - Setting next_dagrun for example_branch_labels to 2025-07-15T00:00:00+00:00, run_after=2025-07-16T00:00:00+00:00
[2025-07-16T11:16:51.589+0000] {processor.py:179} INFO - Processing /home/vscode/.local/lib/python3.10/site-packages/airflow/example_dags/example_branch_labels.py took 0.054 seconds
[2025-07-16T11:17:44.985+0000] {processor.py:157} INFO - Started process (PID=9738) to work on /home/vscode/.local/lib/python3.10/site-packages/airflow/example_dags/example_branch_labels.py
[2025-07-16T11:17:44.986+0000] {processor.py:826} INFO - Processing file /home/vscode/.local/lib/python3.10/site-packages/airflow/example_dags/example_branch_labels.py for tasks to queue
[2025-07-16T11:17:44.986+0000] {logging_mixin.py:150} INFO - [2025-07-16T11:17:44.986+0000] {dagbag.py:541} INFO - Filling up the DagBag from /home/vscode/.local/lib/python3.10/site-packages/airflow/example_dags/example_branch_labels.py
[2025-07-16T11:17:44.992+0000] {processor.py:836} INFO - DAG(s) dict_keys(['example_branch_labels']) retrieved from /home/vscode/.local/lib/python3.10/site-packages/airflow/example_dags/example_branch_labels.py
[2025-07-16T11:17:45.006+0000] {logging_mixin.py:150} INFO - [2025-07-16T11:17:45.006+0000] {dag.py:2742} INFO - Sync 1 DAGs
[2025-07-16T11:17:45.021+0000] {logging_mixin.py:150} INFO - [2025-07-16T11:17:45.021+0000] {dag.py:3504} INFO - Setting next_dagrun for example_branch_labels to 2025-07-15T00:00:00+00:00, run_after=2025-07-16T00:00:00+00:00
[2025-07-16T11:17:45.035+0000] {processor.py:179} INFO - Processing /home/vscode/.local/lib/python3.10/site-packages/airflow/example_dags/example_branch_labels.py took 0.052 seconds
[2025-07-16T11:18:34.129+0000] {processor.py:157} INFO - Started process (PID=10071) to work on /home/vscode/.local/lib/python3.10/site-packages/airflow/example_dags/example_branch_labels.py
[2025-07-16T11:18:34.130+0000] {processor.py:826} INFO - Processing file /home/vscode/.local/lib/python3.10/site-packages/airflow/example_dags/example_branch_labels.py for tasks to queue
[2025-07-16T11:18:34.131+0000] {logging_mixin.py:150} INFO - [2025-07-16T11:18:34.131+0000] {dagbag.py:541} INFO - Filling up the DagBag from /home/vscode/.local/lib/python3.10/site-packages/airflow/example_dags/example_branch_labels.py
[2025-07-16T11:18:34.137+0000] {processor.py:836} INFO - DAG(s) dict_keys(['example_branch_labels']) retrieved from /home/vscode/.local/lib/python3.10/site-packages/airflow/example_dags/example_branch_labels.py
[2025-07-16T11:18:34.151+0000] {logging_mixin.py:150} INFO - [2025-07-16T11:18:34.151+0000] {dag.py:2742} INFO - Sync 1 DAGs
[2025-07-16T11:18:34.166+0000] {logging_mixin.py:150} INFO - [2025-07-16T11:18:34.165+0000] {dag.py:3504} INFO - Setting next_dagrun for example_branch_labels to 2025-07-15T00:00:00+00:00, run_after=2025-07-16T00:00:00+00:00
[2025-07-16T11:18:34.180+0000] {processor.py:179} INFO - Processing /home/vscode/.local/lib/python3.10/site-packages/airflow/example_dags/example_branch_labels.py took 0.053 seconds
[2025-07-16T11:19:23.857+0000] {processor.py:157} INFO - Started process (PID=10397) to work on /home/vscode/.local/lib/python3.10/site-packages/airflow/example_dags/example_branch_labels.py
[2025-07-16T11:19:23.858+0000] {processor.py:826} INFO - Processing file /home/vscode/.local/lib/python3.10/site-packages/airflow/example_dags/example_branch_labels.py for tasks to queue
[2025-07-16T11:19:23.859+0000] {logging_mixin.py:150} INFO - [2025-07-16T11:19:23.858+0000] {dagbag.py:541} INFO - Filling up the DagBag from /home/vscode/.local/lib/python3.10/site-packages/airflow/example_dags/example_branch_labels.py
[2025-07-16T11:19:23.864+0000] {processor.py:836} INFO - DAG(s) dict_keys(['example_branch_labels']) retrieved from /home/vscode/.local/lib/python3.10/site-packages/airflow/example_dags/example_branch_labels.py
[2025-07-16T11:19:23.878+0000] {logging_mixin.py:150} INFO - [2025-07-16T11:19:23.878+0000] {dag.py:2742} INFO - Sync 1 DAGs
[2025-07-16T11:19:23.893+0000] {logging_mixin.py:150} INFO - [2025-07-16T11:19:23.893+0000] {dag.py:3504} INFO - Setting next_dagrun for example_branch_labels to 2025-07-15T00:00:00+00:00, run_after=2025-07-16T00:00:00+00:00
[2025-07-16T11:19:23.907+0000] {processor.py:179} INFO - Processing /home/vscode/.local/lib/python3.10/site-packages/airflow/example_dags/example_branch_labels.py took 0.053 seconds
[2025-07-16T11:20:16.616+0000] {processor.py:157} INFO - Started process (PID=10754) to work on /home/vscode/.local/lib/python3.10/site-packages/airflow/example_dags/example_branch_labels.py
[2025-07-16T11:20:16.617+0000] {processor.py:826} INFO - Processing file /home/vscode/.local/lib/python3.10/site-packages/airflow/example_dags/example_branch_labels.py for tasks to queue
[2025-07-16T11:20:16.618+0000] {logging_mixin.py:150} INFO - [2025-07-16T11:20:16.618+0000] {dagbag.py:541} INFO - Filling up the DagBag from /home/vscode/.local/lib/python3.10/site-packages/airflow/example_dags/example_branch_labels.py
[2025-07-16T11:20:16.627+0000] {processor.py:836} INFO - DAG(s) dict_keys(['example_branch_labels']) retrieved from /home/vscode/.local/lib/python3.10/site-packages/airflow/example_dags/example_branch_labels.py
[2025-07-16T11:20:16.645+0000] {logging_mixin.py:150} INFO - [2025-07-16T11:20:16.645+0000] {dag.py:2742} INFO - Sync 1 DAGs
[2025-07-16T11:20:16.660+0000] {logging_mixin.py:150} INFO - [2025-07-16T11:20:16.660+0000] {dag.py:3504} INFO - Setting next_dagrun for example_branch_labels to 2025-07-15T00:00:00+00:00, run_after=2025-07-16T00:00:00+00:00
[2025-07-16T11:20:16.676+0000] {processor.py:179} INFO - Processing /home/vscode/.local/lib/python3.10/site-packages/airflow/example_dags/example_branch_labels.py took 0.063 seconds
[2025-07-16T11:21:19.325+0000] {processor.py:157} INFO - Started process (PID=11739) to work on /home/vscode/.local/lib/python3.10/site-packages/airflow/example_dags/example_branch_labels.py
[2025-07-16T11:21:19.326+0000] {processor.py:826} INFO - Processing file /home/vscode/.local/lib/python3.10/site-packages/airflow/example_dags/example_branch_labels.py for tasks to queue
[2025-07-16T11:21:19.327+0000] {logging_mixin.py:150} INFO - [2025-07-16T11:21:19.327+0000] {dagbag.py:541} INFO - Filling up the DagBag from /home/vscode/.local/lib/python3.10/site-packages/airflow/example_dags/example_branch_labels.py
[2025-07-16T11:21:19.333+0000] {processor.py:836} INFO - DAG(s) dict_keys(['example_branch_labels']) retrieved from /home/vscode/.local/lib/python3.10/site-packages/airflow/example_dags/example_branch_labels.py
[2025-07-16T11:21:19.348+0000] {logging_mixin.py:150} INFO - [2025-07-16T11:21:19.348+0000] {dag.py:2742} INFO - Sync 1 DAGs
[2025-07-16T11:21:19.364+0000] {logging_mixin.py:150} INFO - [2025-07-16T11:21:19.363+0000] {dag.py:3504} INFO - Setting next_dagrun for example_branch_labels to 2025-07-15T00:00:00+00:00, run_after=2025-07-16T00:00:00+00:00
[2025-07-16T11:21:19.380+0000] {processor.py:179} INFO - Processing /home/vscode/.local/lib/python3.10/site-packages/airflow/example_dags/example_branch_labels.py took 0.057 seconds
