[2025-07-16T11:06:55.909+0000] {processor.py:157} INFO - Started process (PID=4267) to work on /home/vscode/.local/lib/python3.10/site-packages/airflow/example_dags/example_latest_only.py
[2025-07-16T11:06:55.910+0000] {processor.py:826} INFO - Processing file /home/vscode/.local/lib/python3.10/site-packages/airflow/example_dags/example_latest_only.py for tasks to queue
[2025-07-16T11:06:55.910+0000] {logging_mixin.py:150} INFO - [2025-07-16T11:06:55.910+0000] {dagbag.py:541} INFO - Filling up the DagBag from /home/vscode/.local/lib/python3.10/site-packages/airflow/example_dags/example_latest_only.py
[2025-07-16T11:06:55.916+0000] {processor.py:836} INFO - DAG(s) dict_keys(['latest_only']) retrieved from /home/vscode/.local/lib/python3.10/site-packages/airflow/example_dags/example_latest_only.py
[2025-07-16T11:06:55.933+0000] {logging_mixin.py:150} INFO - [2025-07-16T11:06:55.933+0000] {dag.py:2742} INFO - Sync 1 DAGs
[2025-07-16T11:06:55.948+0000] {logging_mixin.py:150} INFO - [2025-07-16T11:06:55.948+0000] {dag.py:3504} INFO - Setting next_dagrun for latest_only to 2025-07-16T07:06:55.948356+00:00, run_after=2025-07-16T11:06:55.948356+00:00
[2025-07-16T11:06:55.964+0000] {processor.py:179} INFO - Processing /home/vscode/.local/lib/python3.10/site-packages/airflow/example_dags/example_latest_only.py took 0.057 seconds
[2025-07-16T11:07:42.202+0000] {processor.py:157} INFO - Started process (PID=4647) to work on /home/vscode/.local/lib/python3.10/site-packages/airflow/example_dags/example_latest_only.py
[2025-07-16T11:07:42.204+0000] {processor.py:826} INFO - Processing file /home/vscode/.local/lib/python3.10/site-packages/airflow/example_dags/example_latest_only.py for tasks to queue
[2025-07-16T11:07:42.205+0000] {logging_mixin.py:150} INFO - [2025-07-16T11:07:42.204+0000] {dagbag.py:541} INFO - Filling up the DagBag from /home/vscode/.local/lib/python3.10/site-packages/airflow/example_dags/example_latest_only.py
[2025-07-16T11:07:42.211+0000] {processor.py:836} INFO - DAG(s) dict_keys(['latest_only']) retrieved from /home/vscode/.local/lib/python3.10/site-packages/airflow/example_dags/example_latest_only.py
[2025-07-16T11:07:42.223+0000] {logging_mixin.py:150} INFO - [2025-07-16T11:07:42.223+0000] {dag.py:2742} INFO - Sync 1 DAGs
[2025-07-16T11:07:42.237+0000] {logging_mixin.py:150} INFO - [2025-07-16T11:07:42.237+0000] {dag.py:3504} INFO - Setting next_dagrun for latest_only to 2025-07-16T07:07:42.237422+00:00, run_after=2025-07-16T11:07:42.237422+00:00
[2025-07-16T11:07:42.253+0000] {processor.py:179} INFO - Processing /home/vscode/.local/lib/python3.10/site-packages/airflow/example_dags/example_latest_only.py took 0.055 seconds
[2025-07-16T11:08:27.343+0000] {processor.py:157} INFO - Started process (PID=4977) to work on /home/vscode/.local/lib/python3.10/site-packages/airflow/example_dags/example_latest_only.py
[2025-07-16T11:08:27.344+0000] {processor.py:826} INFO - Processing file /home/vscode/.local/lib/python3.10/site-packages/airflow/example_dags/example_latest_only.py for tasks to queue
[2025-07-16T11:08:27.345+0000] {logging_mixin.py:150} INFO - [2025-07-16T11:08:27.344+0000] {dagbag.py:541} INFO - Filling up the DagBag from /home/vscode/.local/lib/python3.10/site-packages/airflow/example_dags/example_latest_only.py
[2025-07-16T11:08:27.350+0000] {processor.py:836} INFO - DAG(s) dict_keys(['latest_only']) retrieved from /home/vscode/.local/lib/python3.10/site-packages/airflow/example_dags/example_latest_only.py
[2025-07-16T11:08:27.363+0000] {logging_mixin.py:150} INFO - [2025-07-16T11:08:27.362+0000] {dag.py:2742} INFO - Sync 1 DAGs
[2025-07-16T11:08:27.377+0000] {logging_mixin.py:150} INFO - [2025-07-16T11:08:27.377+0000] {dag.py:3504} INFO - Setting next_dagrun for latest_only to 2025-07-16T07:08:27.377046+00:00, run_after=2025-07-16T11:08:27.377046+00:00
[2025-07-16T11:08:27.392+0000] {processor.py:179} INFO - Processing /home/vscode/.local/lib/python3.10/site-packages/airflow/example_dags/example_latest_only.py took 0.052 seconds
[2025-07-16T11:09:15.032+0000] {processor.py:157} INFO - Started process (PID=5327) to work on /home/vscode/.local/lib/python3.10/site-packages/airflow/example_dags/example_latest_only.py
[2025-07-16T11:09:15.033+0000] {processor.py:826} INFO - Processing file /home/vscode/.local/lib/python3.10/site-packages/airflow/example_dags/example_latest_only.py for tasks to queue
[2025-07-16T11:09:15.034+0000] {logging_mixin.py:150} INFO - [2025-07-16T11:09:15.033+0000] {dagbag.py:541} INFO - Filling up the DagBag from /home/vscode/.local/lib/python3.10/site-packages/airflow/example_dags/example_latest_only.py
[2025-07-16T11:09:15.038+0000] {processor.py:836} INFO - DAG(s) dict_keys(['latest_only']) retrieved from /home/vscode/.local/lib/python3.10/site-packages/airflow/example_dags/example_latest_only.py
[2025-07-16T11:09:15.050+0000] {logging_mixin.py:150} INFO - [2025-07-16T11:09:15.050+0000] {dag.py:2742} INFO - Sync 1 DAGs
[2025-07-16T11:09:15.064+0000] {logging_mixin.py:150} INFO - [2025-07-16T11:09:15.064+0000] {dag.py:3504} INFO - Setting next_dagrun for latest_only to 2025-07-16T07:09:15.064238+00:00, run_after=2025-07-16T11:09:15.064238+00:00
[2025-07-16T11:09:15.079+0000] {processor.py:179} INFO - Processing /home/vscode/.local/lib/python3.10/site-packages/airflow/example_dags/example_latest_only.py took 0.049 seconds
[2025-07-16T11:10:06.328+0000] {processor.py:157} INFO - Started process (PID=5703) to work on /home/vscode/.local/lib/python3.10/site-packages/airflow/example_dags/example_latest_only.py
[2025-07-16T11:10:06.328+0000] {processor.py:826} INFO - Processing file /home/vscode/.local/lib/python3.10/site-packages/airflow/example_dags/example_latest_only.py for tasks to queue
[2025-07-16T11:10:06.329+0000] {logging_mixin.py:150} INFO - [2025-07-16T11:10:06.329+0000] {dagbag.py:541} INFO - Filling up the DagBag from /home/vscode/.local/lib/python3.10/site-packages/airflow/example_dags/example_latest_only.py
[2025-07-16T11:10:06.334+0000] {processor.py:836} INFO - DAG(s) dict_keys(['latest_only']) retrieved from /home/vscode/.local/lib/python3.10/site-packages/airflow/example_dags/example_latest_only.py
[2025-07-16T11:10:06.347+0000] {logging_mixin.py:150} INFO - [2025-07-16T11:10:06.347+0000] {dag.py:2742} INFO - Sync 1 DAGs
[2025-07-16T11:10:06.363+0000] {logging_mixin.py:150} INFO - [2025-07-16T11:10:06.363+0000] {dag.py:3504} INFO - Setting next_dagrun for latest_only to 2025-07-16T07:10:06.362804+00:00, run_after=2025-07-16T11:10:06.362804+00:00
[2025-07-16T11:10:06.379+0000] {processor.py:179} INFO - Processing /home/vscode/.local/lib/python3.10/site-packages/airflow/example_dags/example_latest_only.py took 0.054 seconds
[2025-07-16T11:10:51.444+0000] {processor.py:157} INFO - Started process (PID=6052) to work on /home/vscode/.local/lib/python3.10/site-packages/airflow/example_dags/example_latest_only.py
[2025-07-16T11:10:51.444+0000] {processor.py:826} INFO - Processing file /home/vscode/.local/lib/python3.10/site-packages/airflow/example_dags/example_latest_only.py for tasks to queue
[2025-07-16T11:10:51.445+0000] {logging_mixin.py:150} INFO - [2025-07-16T11:10:51.445+0000] {dagbag.py:541} INFO - Filling up the DagBag from /home/vscode/.local/lib/python3.10/site-packages/airflow/example_dags/example_latest_only.py
[2025-07-16T11:10:51.450+0000] {processor.py:836} INFO - DAG(s) dict_keys(['latest_only']) retrieved from /home/vscode/.local/lib/python3.10/site-packages/airflow/example_dags/example_latest_only.py
[2025-07-16T11:10:51.464+0000] {logging_mixin.py:150} INFO - [2025-07-16T11:10:51.463+0000] {dag.py:2742} INFO - Sync 1 DAGs
[2025-07-16T11:10:51.478+0000] {logging_mixin.py:150} INFO - [2025-07-16T11:10:51.478+0000] {dag.py:3504} INFO - Setting next_dagrun for latest_only to 2025-07-16T07:10:51.478186+00:00, run_after=2025-07-16T11:10:51.478186+00:00
[2025-07-16T11:10:51.493+0000] {processor.py:179} INFO - Processing /home/vscode/.local/lib/python3.10/site-packages/airflow/example_dags/example_latest_only.py took 0.052 seconds
[2025-07-16T11:11:39.216+0000] {processor.py:157} INFO - Started process (PID=6401) to work on /home/vscode/.local/lib/python3.10/site-packages/airflow/example_dags/example_latest_only.py
[2025-07-16T11:11:39.217+0000] {processor.py:826} INFO - Processing file /home/vscode/.local/lib/python3.10/site-packages/airflow/example_dags/example_latest_only.py for tasks to queue
[2025-07-16T11:11:39.218+0000] {logging_mixin.py:150} INFO - [2025-07-16T11:11:39.217+0000] {dagbag.py:541} INFO - Filling up the DagBag from /home/vscode/.local/lib/python3.10/site-packages/airflow/example_dags/example_latest_only.py
[2025-07-16T11:11:39.222+0000] {processor.py:836} INFO - DAG(s) dict_keys(['latest_only']) retrieved from /home/vscode/.local/lib/python3.10/site-packages/airflow/example_dags/example_latest_only.py
[2025-07-16T11:11:39.236+0000] {logging_mixin.py:150} INFO - [2025-07-16T11:11:39.236+0000] {dag.py:2742} INFO - Sync 1 DAGs
[2025-07-16T11:11:39.250+0000] {logging_mixin.py:150} INFO - [2025-07-16T11:11:39.250+0000] {dag.py:3504} INFO - Setting next_dagrun for latest_only to 2025-07-16T07:11:39.250289+00:00, run_after=2025-07-16T11:11:39.250289+00:00
[2025-07-16T11:11:39.272+0000] {processor.py:179} INFO - Processing /home/vscode/.local/lib/python3.10/site-packages/airflow/example_dags/example_latest_only.py took 0.059 seconds
[2025-07-16T11:12:23.889+0000] {processor.py:157} INFO - Started process (PID=6729) to work on /home/vscode/.local/lib/python3.10/site-packages/airflow/example_dags/example_latest_only.py
[2025-07-16T11:12:23.890+0000] {processor.py:826} INFO - Processing file /home/vscode/.local/lib/python3.10/site-packages/airflow/example_dags/example_latest_only.py for tasks to queue
[2025-07-16T11:12:23.890+0000] {logging_mixin.py:150} INFO - [2025-07-16T11:12:23.890+0000] {dagbag.py:541} INFO - Filling up the DagBag from /home/vscode/.local/lib/python3.10/site-packages/airflow/example_dags/example_latest_only.py
[2025-07-16T11:12:23.896+0000] {processor.py:836} INFO - DAG(s) dict_keys(['latest_only']) retrieved from /home/vscode/.local/lib/python3.10/site-packages/airflow/example_dags/example_latest_only.py
[2025-07-16T11:12:23.908+0000] {logging_mixin.py:150} INFO - [2025-07-16T11:12:23.908+0000] {dag.py:2742} INFO - Sync 1 DAGs
[2025-07-16T11:12:23.922+0000] {logging_mixin.py:150} INFO - [2025-07-16T11:12:23.922+0000] {dag.py:3504} INFO - Setting next_dagrun for latest_only to 2025-07-16T07:12:23.922096+00:00, run_after=2025-07-16T11:12:23.922096+00:00
[2025-07-16T11:12:23.936+0000] {processor.py:179} INFO - Processing /home/vscode/.local/lib/python3.10/site-packages/airflow/example_dags/example_latest_only.py took 0.050 seconds
[2025-07-16T11:13:11.480+0000] {processor.py:157} INFO - Started process (PID=7088) to work on /home/vscode/.local/lib/python3.10/site-packages/airflow/example_dags/example_latest_only.py
[2025-07-16T11:13:11.481+0000] {processor.py:826} INFO - Processing file /home/vscode/.local/lib/python3.10/site-packages/airflow/example_dags/example_latest_only.py for tasks to queue
[2025-07-16T11:13:11.482+0000] {logging_mixin.py:150} INFO - [2025-07-16T11:13:11.481+0000] {dagbag.py:541} INFO - Filling up the DagBag from /home/vscode/.local/lib/python3.10/site-packages/airflow/example_dags/example_latest_only.py
[2025-07-16T11:13:11.489+0000] {processor.py:836} INFO - DAG(s) dict_keys(['latest_only']) retrieved from /home/vscode/.local/lib/python3.10/site-packages/airflow/example_dags/example_latest_only.py
[2025-07-16T11:13:11.507+0000] {logging_mixin.py:150} INFO - [2025-07-16T11:13:11.507+0000] {dag.py:2742} INFO - Sync 1 DAGs
[2025-07-16T11:13:11.523+0000] {logging_mixin.py:150} INFO - [2025-07-16T11:13:11.523+0000] {dag.py:3504} INFO - Setting next_dagrun for latest_only to 2025-07-16T07:13:11.523137+00:00, run_after=2025-07-16T11:13:11.523137+00:00
[2025-07-16T11:13:11.538+0000] {processor.py:179} INFO - Processing /home/vscode/.local/lib/python3.10/site-packages/airflow/example_dags/example_latest_only.py took 0.062 seconds
[2025-07-16T11:14:01.285+0000] {processor.py:157} INFO - Started process (PID=7522) to work on /home/vscode/.local/lib/python3.10/site-packages/airflow/example_dags/example_latest_only.py
[2025-07-16T11:14:01.285+0000] {processor.py:826} INFO - Processing file /home/vscode/.local/lib/python3.10/site-packages/airflow/example_dags/example_latest_only.py for tasks to queue
[2025-07-16T11:14:01.286+0000] {logging_mixin.py:150} INFO - [2025-07-16T11:14:01.286+0000] {dagbag.py:541} INFO - Filling up the DagBag from /home/vscode/.local/lib/python3.10/site-packages/airflow/example_dags/example_latest_only.py
[2025-07-16T11:14:01.291+0000] {processor.py:836} INFO - DAG(s) dict_keys(['latest_only']) retrieved from /home/vscode/.local/lib/python3.10/site-packages/airflow/example_dags/example_latest_only.py
[2025-07-16T11:14:01.304+0000] {logging_mixin.py:150} INFO - [2025-07-16T11:14:01.304+0000] {dag.py:2742} INFO - Sync 1 DAGs
[2025-07-16T11:14:01.318+0000] {logging_mixin.py:150} INFO - [2025-07-16T11:14:01.318+0000] {dag.py:3504} INFO - Setting next_dagrun for latest_only to 2025-07-16T07:14:01.318354+00:00, run_after=2025-07-16T11:14:01.318354+00:00
[2025-07-16T11:14:01.333+0000] {processor.py:179} INFO - Processing /home/vscode/.local/lib/python3.10/site-packages/airflow/example_dags/example_latest_only.py took 0.052 seconds
[2025-07-16T11:14:50.292+0000] {processor.py:157} INFO - Started process (PID=7957) to work on /home/vscode/.local/lib/python3.10/site-packages/airflow/example_dags/example_latest_only.py
[2025-07-16T11:14:50.293+0000] {processor.py:826} INFO - Processing file /home/vscode/.local/lib/python3.10/site-packages/airflow/example_dags/example_latest_only.py for tasks to queue
[2025-07-16T11:14:50.293+0000] {logging_mixin.py:150} INFO - [2025-07-16T11:14:50.293+0000] {dagbag.py:541} INFO - Filling up the DagBag from /home/vscode/.local/lib/python3.10/site-packages/airflow/example_dags/example_latest_only.py
[2025-07-16T11:14:50.298+0000] {processor.py:836} INFO - DAG(s) dict_keys(['latest_only']) retrieved from /home/vscode/.local/lib/python3.10/site-packages/airflow/example_dags/example_latest_only.py
[2025-07-16T11:14:50.310+0000] {logging_mixin.py:150} INFO - [2025-07-16T11:14:50.310+0000] {dag.py:2742} INFO - Sync 1 DAGs
[2025-07-16T11:14:50.324+0000] {logging_mixin.py:150} INFO - [2025-07-16T11:14:50.324+0000] {dag.py:3504} INFO - Setting next_dagrun for latest_only to 2025-07-16T07:14:50.324547+00:00, run_after=2025-07-16T11:14:50.324547+00:00
[2025-07-16T11:14:50.341+0000] {processor.py:179} INFO - Processing /home/vscode/.local/lib/python3.10/site-packages/airflow/example_dags/example_latest_only.py took 0.051 seconds
[2025-07-16T11:15:39.449+0000] {processor.py:157} INFO - Started process (PID=8458) to work on /home/vscode/.local/lib/python3.10/site-packages/airflow/example_dags/example_latest_only.py
[2025-07-16T11:15:39.450+0000] {processor.py:826} INFO - Processing file /home/vscode/.local/lib/python3.10/site-packages/airflow/example_dags/example_latest_only.py for tasks to queue
[2025-07-16T11:15:39.451+0000] {logging_mixin.py:150} INFO - [2025-07-16T11:15:39.451+0000] {dagbag.py:541} INFO - Filling up the DagBag from /home/vscode/.local/lib/python3.10/site-packages/airflow/example_dags/example_latest_only.py
[2025-07-16T11:15:39.456+0000] {processor.py:836} INFO - DAG(s) dict_keys(['latest_only']) retrieved from /home/vscode/.local/lib/python3.10/site-packages/airflow/example_dags/example_latest_only.py
[2025-07-16T11:15:39.469+0000] {logging_mixin.py:150} INFO - [2025-07-16T11:15:39.469+0000] {dag.py:2742} INFO - Sync 1 DAGs
[2025-07-16T11:15:39.483+0000] {logging_mixin.py:150} INFO - [2025-07-16T11:15:39.483+0000] {dag.py:3504} INFO - Setting next_dagrun for latest_only to 2025-07-16T07:15:39.483484+00:00, run_after=2025-07-16T11:15:39.483484+00:00
[2025-07-16T11:15:39.498+0000] {processor.py:179} INFO - Processing /home/vscode/.local/lib/python3.10/site-packages/airflow/example_dags/example_latest_only.py took 0.052 seconds
[2025-07-16T11:16:26.987+0000] {processor.py:157} INFO - Started process (PID=9004) to work on /home/vscode/.local/lib/python3.10/site-packages/airflow/example_dags/example_latest_only.py
[2025-07-16T11:16:26.988+0000] {processor.py:826} INFO - Processing file /home/vscode/.local/lib/python3.10/site-packages/airflow/example_dags/example_latest_only.py for tasks to queue
[2025-07-16T11:16:26.989+0000] {logging_mixin.py:150} INFO - [2025-07-16T11:16:26.989+0000] {dagbag.py:541} INFO - Filling up the DagBag from /home/vscode/.local/lib/python3.10/site-packages/airflow/example_dags/example_latest_only.py
[2025-07-16T11:16:26.994+0000] {processor.py:836} INFO - DAG(s) dict_keys(['latest_only']) retrieved from /home/vscode/.local/lib/python3.10/site-packages/airflow/example_dags/example_latest_only.py
[2025-07-16T11:16:27.006+0000] {logging_mixin.py:150} INFO - [2025-07-16T11:16:27.006+0000] {dag.py:2742} INFO - Sync 1 DAGs
[2025-07-16T11:16:27.020+0000] {logging_mixin.py:150} INFO - [2025-07-16T11:16:27.020+0000] {dag.py:3504} INFO - Setting next_dagrun for latest_only to 2025-07-16T07:16:27.020667+00:00, run_after=2025-07-16T11:16:27.020667+00:00
[2025-07-16T11:16:27.035+0000] {processor.py:179} INFO - Processing /home/vscode/.local/lib/python3.10/site-packages/airflow/example_dags/example_latest_only.py took 0.050 seconds
[2025-07-16T11:17:18.400+0000] {processor.py:157} INFO - Started process (PID=9545) to work on /home/vscode/.local/lib/python3.10/site-packages/airflow/example_dags/example_latest_only.py
[2025-07-16T11:17:18.401+0000] {processor.py:826} INFO - Processing file /home/vscode/.local/lib/python3.10/site-packages/airflow/example_dags/example_latest_only.py for tasks to queue
[2025-07-16T11:17:18.402+0000] {logging_mixin.py:150} INFO - [2025-07-16T11:17:18.402+0000] {dagbag.py:541} INFO - Filling up the DagBag from /home/vscode/.local/lib/python3.10/site-packages/airflow/example_dags/example_latest_only.py
[2025-07-16T11:17:18.409+0000] {processor.py:836} INFO - DAG(s) dict_keys(['latest_only']) retrieved from /home/vscode/.local/lib/python3.10/site-packages/airflow/example_dags/example_latest_only.py
[2025-07-16T11:17:18.427+0000] {logging_mixin.py:150} INFO - [2025-07-16T11:17:18.427+0000] {dag.py:2742} INFO - Sync 1 DAGs
[2025-07-16T11:17:18.445+0000] {logging_mixin.py:150} INFO - [2025-07-16T11:17:18.445+0000] {dag.py:3504} INFO - Setting next_dagrun for latest_only to 2025-07-16T07:17:18.445126+00:00, run_after=2025-07-16T11:17:18.445126+00:00
[2025-07-16T11:17:18.460+0000] {processor.py:179} INFO - Processing /home/vscode/.local/lib/python3.10/site-packages/airflow/example_dags/example_latest_only.py took 0.063 seconds
[2025-07-16T11:18:10.859+0000] {processor.py:157} INFO - Started process (PID=9898) to work on /home/vscode/.local/lib/python3.10/site-packages/airflow/example_dags/example_latest_only.py
[2025-07-16T11:18:10.860+0000] {processor.py:826} INFO - Processing file /home/vscode/.local/lib/python3.10/site-packages/airflow/example_dags/example_latest_only.py for tasks to queue
[2025-07-16T11:18:10.860+0000] {logging_mixin.py:150} INFO - [2025-07-16T11:18:10.860+0000] {dagbag.py:541} INFO - Filling up the DagBag from /home/vscode/.local/lib/python3.10/site-packages/airflow/example_dags/example_latest_only.py
[2025-07-16T11:18:10.866+0000] {processor.py:836} INFO - DAG(s) dict_keys(['latest_only']) retrieved from /home/vscode/.local/lib/python3.10/site-packages/airflow/example_dags/example_latest_only.py
[2025-07-16T11:18:10.879+0000] {logging_mixin.py:150} INFO - [2025-07-16T11:18:10.878+0000] {dag.py:2742} INFO - Sync 1 DAGs
[2025-07-16T11:18:10.899+0000] {logging_mixin.py:150} INFO - [2025-07-16T11:18:10.899+0000] {dag.py:3504} INFO - Setting next_dagrun for latest_only to 2025-07-16T07:18:10.899077+00:00, run_after=2025-07-16T11:18:10.899077+00:00
[2025-07-16T11:18:10.916+0000] {processor.py:179} INFO - Processing /home/vscode/.local/lib/python3.10/site-packages/airflow/example_dags/example_latest_only.py took 0.060 seconds
[2025-07-16T11:18:55.856+0000] {processor.py:157} INFO - Started process (PID=10210) to work on /home/vscode/.local/lib/python3.10/site-packages/airflow/example_dags/example_latest_only.py
[2025-07-16T11:18:55.857+0000] {processor.py:826} INFO - Processing file /home/vscode/.local/lib/python3.10/site-packages/airflow/example_dags/example_latest_only.py for tasks to queue
[2025-07-16T11:18:55.858+0000] {logging_mixin.py:150} INFO - [2025-07-16T11:18:55.857+0000] {dagbag.py:541} INFO - Filling up the DagBag from /home/vscode/.local/lib/python3.10/site-packages/airflow/example_dags/example_latest_only.py
[2025-07-16T11:18:55.863+0000] {processor.py:836} INFO - DAG(s) dict_keys(['latest_only']) retrieved from /home/vscode/.local/lib/python3.10/site-packages/airflow/example_dags/example_latest_only.py
[2025-07-16T11:18:55.876+0000] {logging_mixin.py:150} INFO - [2025-07-16T11:18:55.875+0000] {dag.py:2742} INFO - Sync 1 DAGs
[2025-07-16T11:18:55.890+0000] {logging_mixin.py:150} INFO - [2025-07-16T11:18:55.890+0000] {dag.py:3504} INFO - Setting next_dagrun for latest_only to 2025-07-16T07:18:55.890133+00:00, run_after=2025-07-16T11:18:55.890133+00:00
[2025-07-16T11:18:55.905+0000] {processor.py:179} INFO - Processing /home/vscode/.local/lib/python3.10/site-packages/airflow/example_dags/example_latest_only.py took 0.051 seconds
[2025-07-16T11:19:49.598+0000] {processor.py:157} INFO - Started process (PID=10574) to work on /home/vscode/.local/lib/python3.10/site-packages/airflow/example_dags/example_latest_only.py
[2025-07-16T11:19:49.599+0000] {processor.py:826} INFO - Processing file /home/vscode/.local/lib/python3.10/site-packages/airflow/example_dags/example_latest_only.py for tasks to queue
[2025-07-16T11:19:49.600+0000] {logging_mixin.py:150} INFO - [2025-07-16T11:19:49.599+0000] {dagbag.py:541} INFO - Filling up the DagBag from /home/vscode/.local/lib/python3.10/site-packages/airflow/example_dags/example_latest_only.py
[2025-07-16T11:19:49.605+0000] {processor.py:836} INFO - DAG(s) dict_keys(['latest_only']) retrieved from /home/vscode/.local/lib/python3.10/site-packages/airflow/example_dags/example_latest_only.py
[2025-07-16T11:19:49.617+0000] {logging_mixin.py:150} INFO - [2025-07-16T11:19:49.617+0000] {dag.py:2742} INFO - Sync 1 DAGs
[2025-07-16T11:19:49.633+0000] {logging_mixin.py:150} INFO - [2025-07-16T11:19:49.633+0000] {dag.py:3504} INFO - Setting next_dagrun for latest_only to 2025-07-16T07:19:49.633170+00:00, run_after=2025-07-16T11:19:49.633170+00:00
[2025-07-16T11:19:49.656+0000] {processor.py:179} INFO - Processing /home/vscode/.local/lib/python3.10/site-packages/airflow/example_dags/example_latest_only.py took 0.060 seconds
[2025-07-16T11:20:45.932+0000] {processor.py:157} INFO - Started process (PID=11185) to work on /home/vscode/.local/lib/python3.10/site-packages/airflow/example_dags/example_latest_only.py
[2025-07-16T11:20:45.933+0000] {processor.py:826} INFO - Processing file /home/vscode/.local/lib/python3.10/site-packages/airflow/example_dags/example_latest_only.py for tasks to queue
[2025-07-16T11:20:45.934+0000] {logging_mixin.py:150} INFO - [2025-07-16T11:20:45.933+0000] {dagbag.py:541} INFO - Filling up the DagBag from /home/vscode/.local/lib/python3.10/site-packages/airflow/example_dags/example_latest_only.py
[2025-07-16T11:20:45.939+0000] {processor.py:836} INFO - DAG(s) dict_keys(['latest_only']) retrieved from /home/vscode/.local/lib/python3.10/site-packages/airflow/example_dags/example_latest_only.py
[2025-07-16T11:20:45.950+0000] {logging_mixin.py:150} INFO - [2025-07-16T11:20:45.950+0000] {dag.py:2742} INFO - Sync 1 DAGs
[2025-07-16T11:20:45.964+0000] {logging_mixin.py:150} INFO - [2025-07-16T11:20:45.964+0000] {dag.py:3504} INFO - Setting next_dagrun for latest_only to 2025-07-16T07:20:45.964585+00:00, run_after=2025-07-16T11:20:45.964585+00:00
[2025-07-16T11:20:45.980+0000] {processor.py:179} INFO - Processing /home/vscode/.local/lib/python3.10/site-packages/airflow/example_dags/example_latest_only.py took 0.050 seconds
[2025-07-16T11:21:33.312+0000] {processor.py:157} INFO - Started process (PID=11894) to work on /home/vscode/.local/lib/python3.10/site-packages/airflow/example_dags/example_latest_only.py
[2025-07-16T11:21:33.313+0000] {processor.py:826} INFO - Processing file /home/vscode/.local/lib/python3.10/site-packages/airflow/example_dags/example_latest_only.py for tasks to queue
[2025-07-16T11:21:33.313+0000] {logging_mixin.py:150} INFO - [2025-07-16T11:21:33.313+0000] {dagbag.py:541} INFO - Filling up the DagBag from /home/vscode/.local/lib/python3.10/site-packages/airflow/example_dags/example_latest_only.py
[2025-07-16T11:21:33.318+0000] {processor.py:836} INFO - DAG(s) dict_keys(['latest_only']) retrieved from /home/vscode/.local/lib/python3.10/site-packages/airflow/example_dags/example_latest_only.py
[2025-07-16T11:21:33.331+0000] {logging_mixin.py:150} INFO - [2025-07-16T11:21:33.331+0000] {dag.py:2742} INFO - Sync 1 DAGs
[2025-07-16T11:21:33.346+0000] {logging_mixin.py:150} INFO - [2025-07-16T11:21:33.346+0000] {dag.py:3504} INFO - Setting next_dagrun for latest_only to 2025-07-16T07:21:33.346289+00:00, run_after=2025-07-16T11:21:33.346289+00:00
[2025-07-16T11:21:33.363+0000] {processor.py:179} INFO - Processing /home/vscode/.local/lib/python3.10/site-packages/airflow/example_dags/example_latest_only.py took 0.053 seconds
