[2025-07-16T11:07:05.049+0000] {processor.py:157} INFO - Started process (PID=4334) to work on /home/vscode/.local/lib/python3.10/site-packages/airflow/example_dags/example_branch_day_of_week_operator.py
[2025-07-16T11:07:05.050+0000] {processor.py:826} INFO - Processing file /home/vscode/.local/lib/python3.10/site-packages/airflow/example_dags/example_branch_day_of_week_operator.py for tasks to queue
[2025-07-16T11:07:05.051+0000] {logging_mixin.py:150} INFO - [2025-07-16T11:07:05.051+0000] {dagbag.py:541} INFO - Filling up the DagBag from /home/vscode/.local/lib/python3.10/site-packages/airflow/example_dags/example_branch_day_of_week_operator.py
[2025-07-16T11:07:05.058+0000] {processor.py:836} INFO - DAG(s) dict_keys(['example_weekday_branch_operator']) retrieved from /home/vscode/.local/lib/python3.10/site-packages/airflow/example_dags/example_branch_day_of_week_operator.py
[2025-07-16T11:07:05.071+0000] {logging_mixin.py:150} INFO - [2025-07-16T11:07:05.071+0000] {dag.py:2742} INFO - Sync 1 DAGs
[2025-07-16T11:07:05.086+0000] {logging_mixin.py:150} INFO - [2025-07-16T11:07:05.086+0000] {dag.py:3504} INFO - Setting next_dagrun for example_weekday_branch_operator to 2025-07-15T00:00:00+00:00, run_after=2025-07-16T00:00:00+00:00
[2025-07-16T11:07:05.101+0000] {processor.py:179} INFO - Processing /home/vscode/.local/lib/python3.10/site-packages/airflow/example_dags/example_branch_day_of_week_operator.py took 0.055 seconds
[2025-07-16T11:07:53.636+0000] {processor.py:157} INFO - Started process (PID=4738) to work on /home/vscode/.local/lib/python3.10/site-packages/airflow/example_dags/example_branch_day_of_week_operator.py
[2025-07-16T11:07:53.637+0000] {processor.py:826} INFO - Processing file /home/vscode/.local/lib/python3.10/site-packages/airflow/example_dags/example_branch_day_of_week_operator.py for tasks to queue
[2025-07-16T11:07:53.637+0000] {logging_mixin.py:150} INFO - [2025-07-16T11:07:53.637+0000] {dagbag.py:541} INFO - Filling up the DagBag from /home/vscode/.local/lib/python3.10/site-packages/airflow/example_dags/example_branch_day_of_week_operator.py
[2025-07-16T11:07:53.643+0000] {processor.py:836} INFO - DAG(s) dict_keys(['example_weekday_branch_operator']) retrieved from /home/vscode/.local/lib/python3.10/site-packages/airflow/example_dags/example_branch_day_of_week_operator.py
[2025-07-16T11:07:53.657+0000] {logging_mixin.py:150} INFO - [2025-07-16T11:07:53.657+0000] {dag.py:2742} INFO - Sync 1 DAGs
[2025-07-16T11:07:53.671+0000] {logging_mixin.py:150} INFO - [2025-07-16T11:07:53.671+0000] {dag.py:3504} INFO - Setting next_dagrun for example_weekday_branch_operator to 2025-07-15T00:00:00+00:00, run_after=2025-07-16T00:00:00+00:00
[2025-07-16T11:07:53.686+0000] {processor.py:179} INFO - Processing /home/vscode/.local/lib/python3.10/site-packages/airflow/example_dags/example_branch_day_of_week_operator.py took 0.053 seconds
[2025-07-16T11:08:40.160+0000] {processor.py:157} INFO - Started process (PID=5062) to work on /home/vscode/.local/lib/python3.10/site-packages/airflow/example_dags/example_branch_day_of_week_operator.py
[2025-07-16T11:08:40.161+0000] {processor.py:826} INFO - Processing file /home/vscode/.local/lib/python3.10/site-packages/airflow/example_dags/example_branch_day_of_week_operator.py for tasks to queue
[2025-07-16T11:08:40.162+0000] {logging_mixin.py:150} INFO - [2025-07-16T11:08:40.162+0000] {dagbag.py:541} INFO - Filling up the DagBag from /home/vscode/.local/lib/python3.10/site-packages/airflow/example_dags/example_branch_day_of_week_operator.py
[2025-07-16T11:08:40.169+0000] {processor.py:836} INFO - DAG(s) dict_keys(['example_weekday_branch_operator']) retrieved from /home/vscode/.local/lib/python3.10/site-packages/airflow/example_dags/example_branch_day_of_week_operator.py
[2025-07-16T11:08:40.182+0000] {logging_mixin.py:150} INFO - [2025-07-16T11:08:40.182+0000] {dag.py:2742} INFO - Sync 1 DAGs
[2025-07-16T11:08:40.198+0000] {logging_mixin.py:150} INFO - [2025-07-16T11:08:40.197+0000] {dag.py:3504} INFO - Setting next_dagrun for example_weekday_branch_operator to 2025-07-15T00:00:00+00:00, run_after=2025-07-16T00:00:00+00:00
[2025-07-16T11:08:40.212+0000] {processor.py:179} INFO - Processing /home/vscode/.local/lib/python3.10/site-packages/airflow/example_dags/example_branch_day_of_week_operator.py took 0.055 seconds
[2025-07-16T11:09:27.333+0000] {processor.py:157} INFO - Started process (PID=5428) to work on /home/vscode/.local/lib/python3.10/site-packages/airflow/example_dags/example_branch_day_of_week_operator.py
[2025-07-16T11:09:27.334+0000] {processor.py:826} INFO - Processing file /home/vscode/.local/lib/python3.10/site-packages/airflow/example_dags/example_branch_day_of_week_operator.py for tasks to queue
[2025-07-16T11:09:27.335+0000] {logging_mixin.py:150} INFO - [2025-07-16T11:09:27.335+0000] {dagbag.py:541} INFO - Filling up the DagBag from /home/vscode/.local/lib/python3.10/site-packages/airflow/example_dags/example_branch_day_of_week_operator.py
[2025-07-16T11:09:27.341+0000] {processor.py:836} INFO - DAG(s) dict_keys(['example_weekday_branch_operator']) retrieved from /home/vscode/.local/lib/python3.10/site-packages/airflow/example_dags/example_branch_day_of_week_operator.py
[2025-07-16T11:09:27.354+0000] {logging_mixin.py:150} INFO - [2025-07-16T11:09:27.354+0000] {dag.py:2742} INFO - Sync 1 DAGs
[2025-07-16T11:09:27.369+0000] {logging_mixin.py:150} INFO - [2025-07-16T11:09:27.369+0000] {dag.py:3504} INFO - Setting next_dagrun for example_weekday_branch_operator to 2025-07-15T00:00:00+00:00, run_after=2025-07-16T00:00:00+00:00
[2025-07-16T11:09:27.385+0000] {processor.py:179} INFO - Processing /home/vscode/.local/lib/python3.10/site-packages/airflow/example_dags/example_branch_day_of_week_operator.py took 0.054 seconds
[2025-07-16T11:10:19.170+0000] {processor.py:157} INFO - Started process (PID=5799) to work on /home/vscode/.local/lib/python3.10/site-packages/airflow/example_dags/example_branch_day_of_week_operator.py
[2025-07-16T11:10:19.171+0000] {processor.py:826} INFO - Processing file /home/vscode/.local/lib/python3.10/site-packages/airflow/example_dags/example_branch_day_of_week_operator.py for tasks to queue
[2025-07-16T11:10:19.172+0000] {logging_mixin.py:150} INFO - [2025-07-16T11:10:19.172+0000] {dagbag.py:541} INFO - Filling up the DagBag from /home/vscode/.local/lib/python3.10/site-packages/airflow/example_dags/example_branch_day_of_week_operator.py
[2025-07-16T11:10:19.178+0000] {processor.py:836} INFO - DAG(s) dict_keys(['example_weekday_branch_operator']) retrieved from /home/vscode/.local/lib/python3.10/site-packages/airflow/example_dags/example_branch_day_of_week_operator.py
[2025-07-16T11:10:19.195+0000] {logging_mixin.py:150} INFO - [2025-07-16T11:10:19.194+0000] {dag.py:2742} INFO - Sync 1 DAGs
[2025-07-16T11:10:19.211+0000] {logging_mixin.py:150} INFO - [2025-07-16T11:10:19.211+0000] {dag.py:3504} INFO - Setting next_dagrun for example_weekday_branch_operator to 2025-07-15T00:00:00+00:00, run_after=2025-07-16T00:00:00+00:00
[2025-07-16T11:10:19.227+0000] {processor.py:179} INFO - Processing /home/vscode/.local/lib/python3.10/site-packages/airflow/example_dags/example_branch_day_of_week_operator.py took 0.060 seconds
[2025-07-16T11:11:03.930+0000] {processor.py:157} INFO - Started process (PID=6153) to work on /home/vscode/.local/lib/python3.10/site-packages/airflow/example_dags/example_branch_day_of_week_operator.py
[2025-07-16T11:11:03.931+0000] {processor.py:826} INFO - Processing file /home/vscode/.local/lib/python3.10/site-packages/airflow/example_dags/example_branch_day_of_week_operator.py for tasks to queue
[2025-07-16T11:11:03.932+0000] {logging_mixin.py:150} INFO - [2025-07-16T11:11:03.931+0000] {dagbag.py:541} INFO - Filling up the DagBag from /home/vscode/.local/lib/python3.10/site-packages/airflow/example_dags/example_branch_day_of_week_operator.py
[2025-07-16T11:11:03.938+0000] {processor.py:836} INFO - DAG(s) dict_keys(['example_weekday_branch_operator']) retrieved from /home/vscode/.local/lib/python3.10/site-packages/airflow/example_dags/example_branch_day_of_week_operator.py
[2025-07-16T11:11:03.952+0000] {logging_mixin.py:150} INFO - [2025-07-16T11:11:03.952+0000] {dag.py:2742} INFO - Sync 1 DAGs
[2025-07-16T11:11:03.976+0000] {logging_mixin.py:150} INFO - [2025-07-16T11:11:03.976+0000] {dag.py:3504} INFO - Setting next_dagrun for example_weekday_branch_operator to 2025-07-15T00:00:00+00:00, run_after=2025-07-16T00:00:00+00:00
[2025-07-16T11:11:03.996+0000] {processor.py:179} INFO - Processing /home/vscode/.local/lib/python3.10/site-packages/airflow/example_dags/example_branch_day_of_week_operator.py took 0.068 seconds
[2025-07-16T11:11:51.660+0000] {processor.py:157} INFO - Started process (PID=6495) to work on /home/vscode/.local/lib/python3.10/site-packages/airflow/example_dags/example_branch_day_of_week_operator.py
[2025-07-16T11:11:51.661+0000] {processor.py:826} INFO - Processing file /home/vscode/.local/lib/python3.10/site-packages/airflow/example_dags/example_branch_day_of_week_operator.py for tasks to queue
[2025-07-16T11:11:51.662+0000] {logging_mixin.py:150} INFO - [2025-07-16T11:11:51.661+0000] {dagbag.py:541} INFO - Filling up the DagBag from /home/vscode/.local/lib/python3.10/site-packages/airflow/example_dags/example_branch_day_of_week_operator.py
[2025-07-16T11:11:51.667+0000] {processor.py:836} INFO - DAG(s) dict_keys(['example_weekday_branch_operator']) retrieved from /home/vscode/.local/lib/python3.10/site-packages/airflow/example_dags/example_branch_day_of_week_operator.py
[2025-07-16T11:11:51.681+0000] {logging_mixin.py:150} INFO - [2025-07-16T11:11:51.680+0000] {dag.py:2742} INFO - Sync 1 DAGs
[2025-07-16T11:11:51.695+0000] {logging_mixin.py:150} INFO - [2025-07-16T11:11:51.695+0000] {dag.py:3504} INFO - Setting next_dagrun for example_weekday_branch_operator to 2025-07-15T00:00:00+00:00, run_after=2025-07-16T00:00:00+00:00
[2025-07-16T11:11:51.710+0000] {processor.py:179} INFO - Processing /home/vscode/.local/lib/python3.10/site-packages/airflow/example_dags/example_branch_day_of_week_operator.py took 0.052 seconds
[2025-07-16T11:12:33.630+0000] {processor.py:157} INFO - Started process (PID=6806) to work on /home/vscode/.local/lib/python3.10/site-packages/airflow/example_dags/example_branch_day_of_week_operator.py
[2025-07-16T11:12:33.631+0000] {processor.py:826} INFO - Processing file /home/vscode/.local/lib/python3.10/site-packages/airflow/example_dags/example_branch_day_of_week_operator.py for tasks to queue
[2025-07-16T11:12:33.632+0000] {logging_mixin.py:150} INFO - [2025-07-16T11:12:33.631+0000] {dagbag.py:541} INFO - Filling up the DagBag from /home/vscode/.local/lib/python3.10/site-packages/airflow/example_dags/example_branch_day_of_week_operator.py
[2025-07-16T11:12:33.638+0000] {processor.py:836} INFO - DAG(s) dict_keys(['example_weekday_branch_operator']) retrieved from /home/vscode/.local/lib/python3.10/site-packages/airflow/example_dags/example_branch_day_of_week_operator.py
[2025-07-16T11:12:33.651+0000] {logging_mixin.py:150} INFO - [2025-07-16T11:12:33.651+0000] {dag.py:2742} INFO - Sync 1 DAGs
[2025-07-16T11:12:33.666+0000] {logging_mixin.py:150} INFO - [2025-07-16T11:12:33.666+0000] {dag.py:3504} INFO - Setting next_dagrun for example_weekday_branch_operator to 2025-07-15T00:00:00+00:00, run_after=2025-07-16T00:00:00+00:00
[2025-07-16T11:12:33.681+0000] {processor.py:179} INFO - Processing /home/vscode/.local/lib/python3.10/site-packages/airflow/example_dags/example_branch_day_of_week_operator.py took 0.053 seconds
[2025-07-16T11:13:20.636+0000] {processor.py:157} INFO - Started process (PID=7156) to work on /home/vscode/.local/lib/python3.10/site-packages/airflow/example_dags/example_branch_day_of_week_operator.py
[2025-07-16T11:13:20.637+0000] {processor.py:826} INFO - Processing file /home/vscode/.local/lib/python3.10/site-packages/airflow/example_dags/example_branch_day_of_week_operator.py for tasks to queue
[2025-07-16T11:13:20.637+0000] {logging_mixin.py:150} INFO - [2025-07-16T11:13:20.637+0000] {dagbag.py:541} INFO - Filling up the DagBag from /home/vscode/.local/lib/python3.10/site-packages/airflow/example_dags/example_branch_day_of_week_operator.py
[2025-07-16T11:13:20.644+0000] {processor.py:836} INFO - DAG(s) dict_keys(['example_weekday_branch_operator']) retrieved from /home/vscode/.local/lib/python3.10/site-packages/airflow/example_dags/example_branch_day_of_week_operator.py
[2025-07-16T11:13:20.657+0000] {logging_mixin.py:150} INFO - [2025-07-16T11:13:20.657+0000] {dag.py:2742} INFO - Sync 1 DAGs
[2025-07-16T11:13:20.674+0000] {logging_mixin.py:150} INFO - [2025-07-16T11:13:20.674+0000] {dag.py:3504} INFO - Setting next_dagrun for example_weekday_branch_operator to 2025-07-15T00:00:00+00:00, run_after=2025-07-16T00:00:00+00:00
[2025-07-16T11:13:20.691+0000] {processor.py:179} INFO - Processing /home/vscode/.local/lib/python3.10/site-packages/airflow/example_dags/example_branch_day_of_week_operator.py took 0.057 seconds
[2025-07-16T11:14:10.301+0000] {processor.py:157} INFO - Started process (PID=7602) to work on /home/vscode/.local/lib/python3.10/site-packages/airflow/example_dags/example_branch_day_of_week_operator.py
[2025-07-16T11:14:10.302+0000] {processor.py:826} INFO - Processing file /home/vscode/.local/lib/python3.10/site-packages/airflow/example_dags/example_branch_day_of_week_operator.py for tasks to queue
[2025-07-16T11:14:10.302+0000] {logging_mixin.py:150} INFO - [2025-07-16T11:14:10.302+0000] {dagbag.py:541} INFO - Filling up the DagBag from /home/vscode/.local/lib/python3.10/site-packages/airflow/example_dags/example_branch_day_of_week_operator.py
[2025-07-16T11:14:10.308+0000] {processor.py:836} INFO - DAG(s) dict_keys(['example_weekday_branch_operator']) retrieved from /home/vscode/.local/lib/python3.10/site-packages/airflow/example_dags/example_branch_day_of_week_operator.py
[2025-07-16T11:14:10.322+0000] {logging_mixin.py:150} INFO - [2025-07-16T11:14:10.322+0000] {dag.py:2742} INFO - Sync 1 DAGs
[2025-07-16T11:14:10.336+0000] {logging_mixin.py:150} INFO - [2025-07-16T11:14:10.336+0000] {dag.py:3504} INFO - Setting next_dagrun for example_weekday_branch_operator to 2025-07-15T00:00:00+00:00, run_after=2025-07-16T00:00:00+00:00
[2025-07-16T11:14:10.352+0000] {processor.py:179} INFO - Processing /home/vscode/.local/lib/python3.10/site-packages/airflow/example_dags/example_branch_day_of_week_operator.py took 0.053 seconds
[2025-07-16T11:14:58.606+0000] {processor.py:157} INFO - Started process (PID=8032) to work on /home/vscode/.local/lib/python3.10/site-packages/airflow/example_dags/example_branch_day_of_week_operator.py
[2025-07-16T11:14:58.606+0000] {processor.py:826} INFO - Processing file /home/vscode/.local/lib/python3.10/site-packages/airflow/example_dags/example_branch_day_of_week_operator.py for tasks to queue
[2025-07-16T11:14:58.607+0000] {logging_mixin.py:150} INFO - [2025-07-16T11:14:58.607+0000] {dagbag.py:541} INFO - Filling up the DagBag from /home/vscode/.local/lib/python3.10/site-packages/airflow/example_dags/example_branch_day_of_week_operator.py
[2025-07-16T11:14:58.613+0000] {processor.py:836} INFO - DAG(s) dict_keys(['example_weekday_branch_operator']) retrieved from /home/vscode/.local/lib/python3.10/site-packages/airflow/example_dags/example_branch_day_of_week_operator.py
[2025-07-16T11:14:58.627+0000] {logging_mixin.py:150} INFO - [2025-07-16T11:14:58.626+0000] {dag.py:2742} INFO - Sync 1 DAGs
[2025-07-16T11:14:58.641+0000] {logging_mixin.py:150} INFO - [2025-07-16T11:14:58.641+0000] {dag.py:3504} INFO - Setting next_dagrun for example_weekday_branch_operator to 2025-07-15T00:00:00+00:00, run_after=2025-07-16T00:00:00+00:00
[2025-07-16T11:14:58.655+0000] {processor.py:179} INFO - Processing /home/vscode/.local/lib/python3.10/site-packages/airflow/example_dags/example_branch_day_of_week_operator.py took 0.052 seconds
[2025-07-16T11:15:48.048+0000] {processor.py:157} INFO - Started process (PID=8606) to work on /home/vscode/.local/lib/python3.10/site-packages/airflow/example_dags/example_branch_day_of_week_operator.py
[2025-07-16T11:15:48.049+0000] {processor.py:826} INFO - Processing file /home/vscode/.local/lib/python3.10/site-packages/airflow/example_dags/example_branch_day_of_week_operator.py for tasks to queue
[2025-07-16T11:15:48.050+0000] {logging_mixin.py:150} INFO - [2025-07-16T11:15:48.050+0000] {dagbag.py:541} INFO - Filling up the DagBag from /home/vscode/.local/lib/python3.10/site-packages/airflow/example_dags/example_branch_day_of_week_operator.py
[2025-07-16T11:15:48.056+0000] {processor.py:836} INFO - DAG(s) dict_keys(['example_weekday_branch_operator']) retrieved from /home/vscode/.local/lib/python3.10/site-packages/airflow/example_dags/example_branch_day_of_week_operator.py
[2025-07-16T11:15:48.069+0000] {logging_mixin.py:150} INFO - [2025-07-16T11:15:48.069+0000] {dag.py:2742} INFO - Sync 1 DAGs
[2025-07-16T11:15:48.084+0000] {logging_mixin.py:150} INFO - [2025-07-16T11:15:48.084+0000] {dag.py:3504} INFO - Setting next_dagrun for example_weekday_branch_operator to 2025-07-15T00:00:00+00:00, run_after=2025-07-16T00:00:00+00:00
[2025-07-16T11:15:48.099+0000] {processor.py:179} INFO - Processing /home/vscode/.local/lib/python3.10/site-packages/airflow/example_dags/example_branch_day_of_week_operator.py took 0.053 seconds
[2025-07-16T11:16:36.116+0000] {processor.py:157} INFO - Started process (PID=9114) to work on /home/vscode/.local/lib/python3.10/site-packages/airflow/example_dags/example_branch_day_of_week_operator.py
[2025-07-16T11:16:36.117+0000] {processor.py:826} INFO - Processing file /home/vscode/.local/lib/python3.10/site-packages/airflow/example_dags/example_branch_day_of_week_operator.py for tasks to queue
[2025-07-16T11:16:36.118+0000] {logging_mixin.py:150} INFO - [2025-07-16T11:16:36.117+0000] {dagbag.py:541} INFO - Filling up the DagBag from /home/vscode/.local/lib/python3.10/site-packages/airflow/example_dags/example_branch_day_of_week_operator.py
[2025-07-16T11:16:36.124+0000] {processor.py:836} INFO - DAG(s) dict_keys(['example_weekday_branch_operator']) retrieved from /home/vscode/.local/lib/python3.10/site-packages/airflow/example_dags/example_branch_day_of_week_operator.py
[2025-07-16T11:16:36.138+0000] {logging_mixin.py:150} INFO - [2025-07-16T11:16:36.138+0000] {dag.py:2742} INFO - Sync 1 DAGs
[2025-07-16T11:16:36.153+0000] {logging_mixin.py:150} INFO - [2025-07-16T11:16:36.153+0000] {dag.py:3504} INFO - Setting next_dagrun for example_weekday_branch_operator to 2025-07-15T00:00:00+00:00, run_after=2025-07-16T00:00:00+00:00
[2025-07-16T11:16:36.169+0000] {processor.py:179} INFO - Processing /home/vscode/.local/lib/python3.10/site-packages/airflow/example_dags/example_branch_day_of_week_operator.py took 0.055 seconds
[2025-07-16T11:17:27.551+0000] {processor.py:157} INFO - Started process (PID=9609) to work on /home/vscode/.local/lib/python3.10/site-packages/airflow/example_dags/example_branch_day_of_week_operator.py
[2025-07-16T11:17:27.552+0000] {processor.py:826} INFO - Processing file /home/vscode/.local/lib/python3.10/site-packages/airflow/example_dags/example_branch_day_of_week_operator.py for tasks to queue
[2025-07-16T11:17:27.552+0000] {logging_mixin.py:150} INFO - [2025-07-16T11:17:27.552+0000] {dagbag.py:541} INFO - Filling up the DagBag from /home/vscode/.local/lib/python3.10/site-packages/airflow/example_dags/example_branch_day_of_week_operator.py
[2025-07-16T11:17:27.559+0000] {processor.py:836} INFO - DAG(s) dict_keys(['example_weekday_branch_operator']) retrieved from /home/vscode/.local/lib/python3.10/site-packages/airflow/example_dags/example_branch_day_of_week_operator.py
[2025-07-16T11:17:27.572+0000] {logging_mixin.py:150} INFO - [2025-07-16T11:17:27.572+0000] {dag.py:2742} INFO - Sync 1 DAGs
[2025-07-16T11:17:27.587+0000] {logging_mixin.py:150} INFO - [2025-07-16T11:17:27.587+0000] {dag.py:3504} INFO - Setting next_dagrun for example_weekday_branch_operator to 2025-07-15T00:00:00+00:00, run_after=2025-07-16T00:00:00+00:00
[2025-07-16T11:17:27.603+0000] {processor.py:179} INFO - Processing /home/vscode/.local/lib/python3.10/site-packages/airflow/example_dags/example_branch_day_of_week_operator.py took 0.055 seconds
[2025-07-16T11:18:19.875+0000] {processor.py:157} INFO - Started process (PID=9964) to work on /home/vscode/.local/lib/python3.10/site-packages/airflow/example_dags/example_branch_day_of_week_operator.py
[2025-07-16T11:18:19.876+0000] {processor.py:826} INFO - Processing file /home/vscode/.local/lib/python3.10/site-packages/airflow/example_dags/example_branch_day_of_week_operator.py for tasks to queue
[2025-07-16T11:18:19.876+0000] {logging_mixin.py:150} INFO - [2025-07-16T11:18:19.876+0000] {dagbag.py:541} INFO - Filling up the DagBag from /home/vscode/.local/lib/python3.10/site-packages/airflow/example_dags/example_branch_day_of_week_operator.py
[2025-07-16T11:18:19.882+0000] {processor.py:836} INFO - DAG(s) dict_keys(['example_weekday_branch_operator']) retrieved from /home/vscode/.local/lib/python3.10/site-packages/airflow/example_dags/example_branch_day_of_week_operator.py
[2025-07-16T11:18:19.896+0000] {logging_mixin.py:150} INFO - [2025-07-16T11:18:19.896+0000] {dag.py:2742} INFO - Sync 1 DAGs
[2025-07-16T11:18:19.911+0000] {logging_mixin.py:150} INFO - [2025-07-16T11:18:19.911+0000] {dag.py:3504} INFO - Setting next_dagrun for example_weekday_branch_operator to 2025-07-15T00:00:00+00:00, run_after=2025-07-16T00:00:00+00:00
[2025-07-16T11:18:19.927+0000] {processor.py:179} INFO - Processing /home/vscode/.local/lib/python3.10/site-packages/airflow/example_dags/example_branch_day_of_week_operator.py took 0.055 seconds
[2025-07-16T11:19:04.979+0000] {processor.py:157} INFO - Started process (PID=10270) to work on /home/vscode/.local/lib/python3.10/site-packages/airflow/example_dags/example_branch_day_of_week_operator.py
[2025-07-16T11:19:04.980+0000] {processor.py:826} INFO - Processing file /home/vscode/.local/lib/python3.10/site-packages/airflow/example_dags/example_branch_day_of_week_operator.py for tasks to queue
[2025-07-16T11:19:04.980+0000] {logging_mixin.py:150} INFO - [2025-07-16T11:19:04.980+0000] {dagbag.py:541} INFO - Filling up the DagBag from /home/vscode/.local/lib/python3.10/site-packages/airflow/example_dags/example_branch_day_of_week_operator.py
[2025-07-16T11:19:04.987+0000] {processor.py:836} INFO - DAG(s) dict_keys(['example_weekday_branch_operator']) retrieved from /home/vscode/.local/lib/python3.10/site-packages/airflow/example_dags/example_branch_day_of_week_operator.py
[2025-07-16T11:19:05.001+0000] {logging_mixin.py:150} INFO - [2025-07-16T11:19:05.001+0000] {dag.py:2742} INFO - Sync 1 DAGs
[2025-07-16T11:19:05.017+0000] {logging_mixin.py:150} INFO - [2025-07-16T11:19:05.017+0000] {dag.py:3504} INFO - Setting next_dagrun for example_weekday_branch_operator to 2025-07-15T00:00:00+00:00, run_after=2025-07-16T00:00:00+00:00
[2025-07-16T11:19:05.033+0000] {processor.py:179} INFO - Processing /home/vscode/.local/lib/python3.10/site-packages/airflow/example_dags/example_branch_day_of_week_operator.py took 0.057 seconds
[2025-07-16T11:19:59.644+0000] {processor.py:157} INFO - Started process (PID=10635) to work on /home/vscode/.local/lib/python3.10/site-packages/airflow/example_dags/example_branch_day_of_week_operator.py
[2025-07-16T11:19:59.645+0000] {processor.py:826} INFO - Processing file /home/vscode/.local/lib/python3.10/site-packages/airflow/example_dags/example_branch_day_of_week_operator.py for tasks to queue
[2025-07-16T11:19:59.646+0000] {logging_mixin.py:150} INFO - [2025-07-16T11:19:59.645+0000] {dagbag.py:541} INFO - Filling up the DagBag from /home/vscode/.local/lib/python3.10/site-packages/airflow/example_dags/example_branch_day_of_week_operator.py
[2025-07-16T11:19:59.651+0000] {processor.py:836} INFO - DAG(s) dict_keys(['example_weekday_branch_operator']) retrieved from /home/vscode/.local/lib/python3.10/site-packages/airflow/example_dags/example_branch_day_of_week_operator.py
[2025-07-16T11:19:59.665+0000] {logging_mixin.py:150} INFO - [2025-07-16T11:19:59.665+0000] {dag.py:2742} INFO - Sync 1 DAGs
[2025-07-16T11:19:59.680+0000] {logging_mixin.py:150} INFO - [2025-07-16T11:19:59.680+0000] {dag.py:3504} INFO - Setting next_dagrun for example_weekday_branch_operator to 2025-07-15T00:00:00+00:00, run_after=2025-07-16T00:00:00+00:00
[2025-07-16T11:19:59.695+0000] {processor.py:179} INFO - Processing /home/vscode/.local/lib/python3.10/site-packages/airflow/example_dags/example_branch_day_of_week_operator.py took 0.053 seconds
[2025-07-16T11:20:55.051+0000] {processor.py:157} INFO - Started process (PID=11317) to work on /home/vscode/.local/lib/python3.10/site-packages/airflow/example_dags/example_branch_day_of_week_operator.py
[2025-07-16T11:20:55.052+0000] {processor.py:826} INFO - Processing file /home/vscode/.local/lib/python3.10/site-packages/airflow/example_dags/example_branch_day_of_week_operator.py for tasks to queue
[2025-07-16T11:20:55.053+0000] {logging_mixin.py:150} INFO - [2025-07-16T11:20:55.053+0000] {dagbag.py:541} INFO - Filling up the DagBag from /home/vscode/.local/lib/python3.10/site-packages/airflow/example_dags/example_branch_day_of_week_operator.py
[2025-07-16T11:20:55.059+0000] {processor.py:836} INFO - DAG(s) dict_keys(['example_weekday_branch_operator']) retrieved from /home/vscode/.local/lib/python3.10/site-packages/airflow/example_dags/example_branch_day_of_week_operator.py
[2025-07-16T11:20:55.072+0000] {logging_mixin.py:150} INFO - [2025-07-16T11:20:55.072+0000] {dag.py:2742} INFO - Sync 1 DAGs
[2025-07-16T11:20:55.088+0000] {logging_mixin.py:150} INFO - [2025-07-16T11:20:55.088+0000] {dag.py:3504} INFO - Setting next_dagrun for example_weekday_branch_operator to 2025-07-15T00:00:00+00:00, run_after=2025-07-16T00:00:00+00:00
[2025-07-16T11:20:55.103+0000] {processor.py:179} INFO - Processing /home/vscode/.local/lib/python3.10/site-packages/airflow/example_dags/example_branch_day_of_week_operator.py took 0.054 seconds
[2025-07-16T11:21:58.335+0000] {processor.py:157} INFO - Started process (PID=12190) to work on /home/vscode/.local/lib/python3.10/site-packages/airflow/example_dags/example_branch_day_of_week_operator.py
[2025-07-16T11:21:58.336+0000] {processor.py:826} INFO - Processing file /home/vscode/.local/lib/python3.10/site-packages/airflow/example_dags/example_branch_day_of_week_operator.py for tasks to queue
[2025-07-16T11:21:58.337+0000] {logging_mixin.py:150} INFO - [2025-07-16T11:21:58.337+0000] {dagbag.py:541} INFO - Filling up the DagBag from /home/vscode/.local/lib/python3.10/site-packages/airflow/example_dags/example_branch_day_of_week_operator.py
[2025-07-16T11:21:58.344+0000] {processor.py:836} INFO - DAG(s) dict_keys(['example_weekday_branch_operator']) retrieved from /home/vscode/.local/lib/python3.10/site-packages/airflow/example_dags/example_branch_day_of_week_operator.py
[2025-07-16T11:21:58.443+0000] {logging_mixin.py:150} INFO - [2025-07-16T11:21:58.443+0000] {dag.py:2742} INFO - Sync 1 DAGs
[2025-07-16T11:21:58.467+0000] {logging_mixin.py:150} INFO - [2025-07-16T11:21:58.467+0000] {dag.py:3504} INFO - Setting next_dagrun for example_weekday_branch_operator to 2025-07-15T00:00:00+00:00, run_after=2025-07-16T00:00:00+00:00
[2025-07-16T11:21:58.486+0000] {processor.py:179} INFO - Processing /home/vscode/.local/lib/python3.10/site-packages/airflow/example_dags/example_branch_day_of_week_operator.py took 0.153 seconds
