[2025-07-16T11:06:58.198+0000] {processor.py:157} INFO - Started process (PID=4278) to work on /home/vscode/.local/lib/python3.10/site-packages/airflow/example_dags/example_nested_branch_dag.py
[2025-07-16T11:06:58.199+0000] {processor.py:826} INFO - Processing file /home/vscode/.local/lib/python3.10/site-packages/airflow/example_dags/example_nested_branch_dag.py for tasks to queue
[2025-07-16T11:06:58.200+0000] {logging_mixin.py:150} INFO - [2025-07-16T11:06:58.199+0000] {dagbag.py:541} INFO - Filling up the DagBag from /home/vscode/.local/lib/python3.10/site-packages/airflow/example_dags/example_nested_branch_dag.py
[2025-07-16T11:06:58.209+0000] {processor.py:836} INFO - DAG(s) dict_keys(['example_nested_branch_dag']) retrieved from /home/vscode/.local/lib/python3.10/site-packages/airflow/example_dags/example_nested_branch_dag.py
[2025-07-16T11:06:58.222+0000] {logging_mixin.py:150} INFO - [2025-07-16T11:06:58.222+0000] {dag.py:2742} INFO - Sync 1 DAGs
[2025-07-16T11:06:58.237+0000] {logging_mixin.py:150} INFO - [2025-07-16T11:06:58.237+0000] {dag.py:3504} INFO - Setting next_dagrun for example_nested_branch_dag to 2025-07-15T00:00:00+00:00, run_after=2025-07-16T00:00:00+00:00
[2025-07-16T11:06:58.252+0000] {processor.py:179} INFO - Processing /home/vscode/.local/lib/python3.10/site-packages/airflow/example_dags/example_nested_branch_dag.py took 0.056 seconds
[2025-07-16T11:07:46.199+0000] {processor.py:157} INFO - Started process (PID=4678) to work on /home/vscode/.local/lib/python3.10/site-packages/airflow/example_dags/example_nested_branch_dag.py
[2025-07-16T11:07:46.200+0000] {processor.py:826} INFO - Processing file /home/vscode/.local/lib/python3.10/site-packages/airflow/example_dags/example_nested_branch_dag.py for tasks to queue
[2025-07-16T11:07:46.201+0000] {logging_mixin.py:150} INFO - [2025-07-16T11:07:46.200+0000] {dagbag.py:541} INFO - Filling up the DagBag from /home/vscode/.local/lib/python3.10/site-packages/airflow/example_dags/example_nested_branch_dag.py
[2025-07-16T11:07:46.209+0000] {processor.py:836} INFO - DAG(s) dict_keys(['example_nested_branch_dag']) retrieved from /home/vscode/.local/lib/python3.10/site-packages/airflow/example_dags/example_nested_branch_dag.py
[2025-07-16T11:07:46.223+0000] {logging_mixin.py:150} INFO - [2025-07-16T11:07:46.223+0000] {dag.py:2742} INFO - Sync 1 DAGs
[2025-07-16T11:07:46.241+0000] {logging_mixin.py:150} INFO - [2025-07-16T11:07:46.241+0000] {dag.py:3504} INFO - Setting next_dagrun for example_nested_branch_dag to 2025-07-15T00:00:00+00:00, run_after=2025-07-16T00:00:00+00:00
[2025-07-16T11:07:46.256+0000] {processor.py:179} INFO - Processing /home/vscode/.local/lib/python3.10/site-packages/airflow/example_dags/example_nested_branch_dag.py took 0.060 seconds
[2025-07-16T11:08:33.649+0000] {processor.py:157} INFO - Started process (PID=5019) to work on /home/vscode/.local/lib/python3.10/site-packages/airflow/example_dags/example_nested_branch_dag.py
[2025-07-16T11:08:33.650+0000] {processor.py:826} INFO - Processing file /home/vscode/.local/lib/python3.10/site-packages/airflow/example_dags/example_nested_branch_dag.py for tasks to queue
[2025-07-16T11:08:33.651+0000] {logging_mixin.py:150} INFO - [2025-07-16T11:08:33.651+0000] {dagbag.py:541} INFO - Filling up the DagBag from /home/vscode/.local/lib/python3.10/site-packages/airflow/example_dags/example_nested_branch_dag.py
[2025-07-16T11:08:33.660+0000] {processor.py:836} INFO - DAG(s) dict_keys(['example_nested_branch_dag']) retrieved from /home/vscode/.local/lib/python3.10/site-packages/airflow/example_dags/example_nested_branch_dag.py
[2025-07-16T11:08:33.675+0000] {logging_mixin.py:150} INFO - [2025-07-16T11:08:33.675+0000] {dag.py:2742} INFO - Sync 1 DAGs
[2025-07-16T11:08:33.691+0000] {logging_mixin.py:150} INFO - [2025-07-16T11:08:33.690+0000] {dag.py:3504} INFO - Setting next_dagrun for example_nested_branch_dag to 2025-07-15T00:00:00+00:00, run_after=2025-07-16T00:00:00+00:00
[2025-07-16T11:08:33.708+0000] {processor.py:179} INFO - Processing /home/vscode/.local/lib/python3.10/site-packages/airflow/example_dags/example_nested_branch_dag.py took 0.061 seconds
[2025-07-16T11:09:21.314+0000] {processor.py:157} INFO - Started process (PID=5383) to work on /home/vscode/.local/lib/python3.10/site-packages/airflow/example_dags/example_nested_branch_dag.py
[2025-07-16T11:09:21.314+0000] {processor.py:826} INFO - Processing file /home/vscode/.local/lib/python3.10/site-packages/airflow/example_dags/example_nested_branch_dag.py for tasks to queue
[2025-07-16T11:09:21.315+0000] {logging_mixin.py:150} INFO - [2025-07-16T11:09:21.315+0000] {dagbag.py:541} INFO - Filling up the DagBag from /home/vscode/.local/lib/python3.10/site-packages/airflow/example_dags/example_nested_branch_dag.py
[2025-07-16T11:09:21.323+0000] {processor.py:836} INFO - DAG(s) dict_keys(['example_nested_branch_dag']) retrieved from /home/vscode/.local/lib/python3.10/site-packages/airflow/example_dags/example_nested_branch_dag.py
[2025-07-16T11:09:21.337+0000] {logging_mixin.py:150} INFO - [2025-07-16T11:09:21.337+0000] {dag.py:2742} INFO - Sync 1 DAGs
[2025-07-16T11:09:21.352+0000] {logging_mixin.py:150} INFO - [2025-07-16T11:09:21.352+0000] {dag.py:3504} INFO - Setting next_dagrun for example_nested_branch_dag to 2025-07-15T00:00:00+00:00, run_after=2025-07-16T00:00:00+00:00
[2025-07-16T11:09:21.367+0000] {processor.py:179} INFO - Processing /home/vscode/.local/lib/python3.10/site-packages/airflow/example_dags/example_nested_branch_dag.py took 0.056 seconds
[2025-07-16T11:10:12.196+0000] {processor.py:157} INFO - Started process (PID=5746) to work on /home/vscode/.local/lib/python3.10/site-packages/airflow/example_dags/example_nested_branch_dag.py
[2025-07-16T11:10:12.298+0000] {processor.py:826} INFO - Processing file /home/vscode/.local/lib/python3.10/site-packages/airflow/example_dags/example_nested_branch_dag.py for tasks to queue
[2025-07-16T11:10:12.300+0000] {logging_mixin.py:150} INFO - [2025-07-16T11:10:12.300+0000] {dagbag.py:541} INFO - Filling up the DagBag from /home/vscode/.local/lib/python3.10/site-packages/airflow/example_dags/example_nested_branch_dag.py
[2025-07-16T11:10:12.335+0000] {processor.py:836} INFO - DAG(s) dict_keys(['example_nested_branch_dag']) retrieved from /home/vscode/.local/lib/python3.10/site-packages/airflow/example_dags/example_nested_branch_dag.py
[2025-07-16T11:10:12.814+0000] {logging_mixin.py:150} INFO - [2025-07-16T11:10:12.814+0000] {dag.py:2742} INFO - Sync 1 DAGs
[2025-07-16T11:10:12.843+0000] {logging_mixin.py:150} INFO - [2025-07-16T11:10:12.843+0000] {dag.py:3504} INFO - Setting next_dagrun for example_nested_branch_dag to 2025-07-15T00:00:00+00:00, run_after=2025-07-16T00:00:00+00:00
[2025-07-16T11:10:12.878+0000] {processor.py:179} INFO - Processing /home/vscode/.local/lib/python3.10/site-packages/airflow/example_dags/example_nested_branch_dag.py took 0.685 seconds
[2025-07-16T11:10:56.487+0000] {processor.py:157} INFO - Started process (PID=6090) to work on /home/vscode/.local/lib/python3.10/site-packages/airflow/example_dags/example_nested_branch_dag.py
[2025-07-16T11:10:56.488+0000] {processor.py:826} INFO - Processing file /home/vscode/.local/lib/python3.10/site-packages/airflow/example_dags/example_nested_branch_dag.py for tasks to queue
[2025-07-16T11:10:56.488+0000] {logging_mixin.py:150} INFO - [2025-07-16T11:10:56.488+0000] {dagbag.py:541} INFO - Filling up the DagBag from /home/vscode/.local/lib/python3.10/site-packages/airflow/example_dags/example_nested_branch_dag.py
[2025-07-16T11:10:56.496+0000] {processor.py:836} INFO - DAG(s) dict_keys(['example_nested_branch_dag']) retrieved from /home/vscode/.local/lib/python3.10/site-packages/airflow/example_dags/example_nested_branch_dag.py
[2025-07-16T11:10:56.510+0000] {logging_mixin.py:150} INFO - [2025-07-16T11:10:56.510+0000] {dag.py:2742} INFO - Sync 1 DAGs
[2025-07-16T11:10:56.526+0000] {logging_mixin.py:150} INFO - [2025-07-16T11:10:56.525+0000] {dag.py:3504} INFO - Setting next_dagrun for example_nested_branch_dag to 2025-07-15T00:00:00+00:00, run_after=2025-07-16T00:00:00+00:00
[2025-07-16T11:10:56.541+0000] {processor.py:179} INFO - Processing /home/vscode/.local/lib/python3.10/site-packages/airflow/example_dags/example_nested_branch_dag.py took 0.057 seconds
[2025-07-16T11:11:45.219+0000] {processor.py:157} INFO - Started process (PID=6447) to work on /home/vscode/.local/lib/python3.10/site-packages/airflow/example_dags/example_nested_branch_dag.py
[2025-07-16T11:11:45.219+0000] {processor.py:826} INFO - Processing file /home/vscode/.local/lib/python3.10/site-packages/airflow/example_dags/example_nested_branch_dag.py for tasks to queue
[2025-07-16T11:11:45.220+0000] {logging_mixin.py:150} INFO - [2025-07-16T11:11:45.220+0000] {dagbag.py:541} INFO - Filling up the DagBag from /home/vscode/.local/lib/python3.10/site-packages/airflow/example_dags/example_nested_branch_dag.py
[2025-07-16T11:11:45.228+0000] {processor.py:836} INFO - DAG(s) dict_keys(['example_nested_branch_dag']) retrieved from /home/vscode/.local/lib/python3.10/site-packages/airflow/example_dags/example_nested_branch_dag.py
[2025-07-16T11:11:45.242+0000] {logging_mixin.py:150} INFO - [2025-07-16T11:11:45.242+0000] {dag.py:2742} INFO - Sync 1 DAGs
[2025-07-16T11:11:45.257+0000] {logging_mixin.py:150} INFO - [2025-07-16T11:11:45.257+0000] {dag.py:3504} INFO - Setting next_dagrun for example_nested_branch_dag to 2025-07-15T00:00:00+00:00, run_after=2025-07-16T00:00:00+00:00
[2025-07-16T11:11:45.272+0000] {processor.py:179} INFO - Processing /home/vscode/.local/lib/python3.10/site-packages/airflow/example_dags/example_nested_branch_dag.py took 0.056 seconds
[2025-07-16T11:12:27.285+0000] {processor.py:157} INFO - Started process (PID=6749) to work on /home/vscode/.local/lib/python3.10/site-packages/airflow/example_dags/example_nested_branch_dag.py
[2025-07-16T11:12:27.286+0000] {processor.py:826} INFO - Processing file /home/vscode/.local/lib/python3.10/site-packages/airflow/example_dags/example_nested_branch_dag.py for tasks to queue
[2025-07-16T11:12:27.287+0000] {logging_mixin.py:150} INFO - [2025-07-16T11:12:27.287+0000] {dagbag.py:541} INFO - Filling up the DagBag from /home/vscode/.local/lib/python3.10/site-packages/airflow/example_dags/example_nested_branch_dag.py
[2025-07-16T11:12:27.296+0000] {processor.py:836} INFO - DAG(s) dict_keys(['example_nested_branch_dag']) retrieved from /home/vscode/.local/lib/python3.10/site-packages/airflow/example_dags/example_nested_branch_dag.py
[2025-07-16T11:12:27.315+0000] {logging_mixin.py:150} INFO - [2025-07-16T11:12:27.314+0000] {dag.py:2742} INFO - Sync 1 DAGs
[2025-07-16T11:12:27.338+0000] {logging_mixin.py:150} INFO - [2025-07-16T11:12:27.338+0000] {dag.py:3504} INFO - Setting next_dagrun for example_nested_branch_dag to 2025-07-15T00:00:00+00:00, run_after=2025-07-16T00:00:00+00:00
[2025-07-16T11:12:27.353+0000] {processor.py:179} INFO - Processing /home/vscode/.local/lib/python3.10/site-packages/airflow/example_dags/example_nested_branch_dag.py took 0.070 seconds
[2025-07-16T11:13:13.770+0000] {processor.py:157} INFO - Started process (PID=7103) to work on /home/vscode/.local/lib/python3.10/site-packages/airflow/example_dags/example_nested_branch_dag.py
[2025-07-16T11:13:13.771+0000] {processor.py:826} INFO - Processing file /home/vscode/.local/lib/python3.10/site-packages/airflow/example_dags/example_nested_branch_dag.py for tasks to queue
[2025-07-16T11:13:13.772+0000] {logging_mixin.py:150} INFO - [2025-07-16T11:13:13.771+0000] {dagbag.py:541} INFO - Filling up the DagBag from /home/vscode/.local/lib/python3.10/site-packages/airflow/example_dags/example_nested_branch_dag.py
[2025-07-16T11:13:13.779+0000] {processor.py:836} INFO - DAG(s) dict_keys(['example_nested_branch_dag']) retrieved from /home/vscode/.local/lib/python3.10/site-packages/airflow/example_dags/example_nested_branch_dag.py
[2025-07-16T11:13:13.795+0000] {logging_mixin.py:150} INFO - [2025-07-16T11:13:13.795+0000] {dag.py:2742} INFO - Sync 1 DAGs
[2025-07-16T11:13:13.818+0000] {logging_mixin.py:150} INFO - [2025-07-16T11:13:13.818+0000] {dag.py:3504} INFO - Setting next_dagrun for example_nested_branch_dag to 2025-07-15T00:00:00+00:00, run_after=2025-07-16T00:00:00+00:00
[2025-07-16T11:13:13.844+0000] {processor.py:179} INFO - Processing /home/vscode/.local/lib/python3.10/site-packages/airflow/example_dags/example_nested_branch_dag.py took 0.076 seconds
[2025-07-16T11:14:02.876+0000] {processor.py:157} INFO - Started process (PID=7547) to work on /home/vscode/.local/lib/python3.10/site-packages/airflow/example_dags/example_nested_branch_dag.py
[2025-07-16T11:14:02.876+0000] {processor.py:826} INFO - Processing file /home/vscode/.local/lib/python3.10/site-packages/airflow/example_dags/example_nested_branch_dag.py for tasks to queue
[2025-07-16T11:14:02.877+0000] {logging_mixin.py:150} INFO - [2025-07-16T11:14:02.877+0000] {dagbag.py:541} INFO - Filling up the DagBag from /home/vscode/.local/lib/python3.10/site-packages/airflow/example_dags/example_nested_branch_dag.py
[2025-07-16T11:14:02.885+0000] {processor.py:836} INFO - DAG(s) dict_keys(['example_nested_branch_dag']) retrieved from /home/vscode/.local/lib/python3.10/site-packages/airflow/example_dags/example_nested_branch_dag.py
[2025-07-16T11:14:02.899+0000] {logging_mixin.py:150} INFO - [2025-07-16T11:14:02.898+0000] {dag.py:2742} INFO - Sync 1 DAGs
[2025-07-16T11:14:02.914+0000] {logging_mixin.py:150} INFO - [2025-07-16T11:14:02.914+0000] {dag.py:3504} INFO - Setting next_dagrun for example_nested_branch_dag to 2025-07-15T00:00:00+00:00, run_after=2025-07-16T00:00:00+00:00
[2025-07-16T11:14:02.934+0000] {processor.py:179} INFO - Processing /home/vscode/.local/lib/python3.10/site-packages/airflow/example_dags/example_nested_branch_dag.py took 0.061 seconds
[2025-07-16T11:14:52.039+0000] {processor.py:157} INFO - Started process (PID=7988) to work on /home/vscode/.local/lib/python3.10/site-packages/airflow/example_dags/example_nested_branch_dag.py
[2025-07-16T11:14:52.039+0000] {processor.py:826} INFO - Processing file /home/vscode/.local/lib/python3.10/site-packages/airflow/example_dags/example_nested_branch_dag.py for tasks to queue
[2025-07-16T11:14:52.040+0000] {logging_mixin.py:150} INFO - [2025-07-16T11:14:52.040+0000] {dagbag.py:541} INFO - Filling up the DagBag from /home/vscode/.local/lib/python3.10/site-packages/airflow/example_dags/example_nested_branch_dag.py
[2025-07-16T11:14:52.048+0000] {processor.py:836} INFO - DAG(s) dict_keys(['example_nested_branch_dag']) retrieved from /home/vscode/.local/lib/python3.10/site-packages/airflow/example_dags/example_nested_branch_dag.py
[2025-07-16T11:14:52.062+0000] {logging_mixin.py:150} INFO - [2025-07-16T11:14:52.062+0000] {dag.py:2742} INFO - Sync 1 DAGs
[2025-07-16T11:14:52.077+0000] {logging_mixin.py:150} INFO - [2025-07-16T11:14:52.077+0000] {dag.py:3504} INFO - Setting next_dagrun for example_nested_branch_dag to 2025-07-15T00:00:00+00:00, run_after=2025-07-16T00:00:00+00:00
[2025-07-16T11:14:52.095+0000] {processor.py:179} INFO - Processing /home/vscode/.local/lib/python3.10/site-packages/airflow/example_dags/example_nested_branch_dag.py took 0.059 seconds
[2025-07-16T11:15:41.457+0000] {processor.py:157} INFO - Started process (PID=8498) to work on /home/vscode/.local/lib/python3.10/site-packages/airflow/example_dags/example_nested_branch_dag.py
[2025-07-16T11:15:41.458+0000] {processor.py:826} INFO - Processing file /home/vscode/.local/lib/python3.10/site-packages/airflow/example_dags/example_nested_branch_dag.py for tasks to queue
[2025-07-16T11:15:41.459+0000] {logging_mixin.py:150} INFO - [2025-07-16T11:15:41.458+0000] {dagbag.py:541} INFO - Filling up the DagBag from /home/vscode/.local/lib/python3.10/site-packages/airflow/example_dags/example_nested_branch_dag.py
[2025-07-16T11:15:41.467+0000] {processor.py:836} INFO - DAG(s) dict_keys(['example_nested_branch_dag']) retrieved from /home/vscode/.local/lib/python3.10/site-packages/airflow/example_dags/example_nested_branch_dag.py
[2025-07-16T11:15:41.482+0000] {logging_mixin.py:150} INFO - [2025-07-16T11:15:41.481+0000] {dag.py:2742} INFO - Sync 1 DAGs
[2025-07-16T11:15:41.497+0000] {logging_mixin.py:150} INFO - [2025-07-16T11:15:41.497+0000] {dag.py:3504} INFO - Setting next_dagrun for example_nested_branch_dag to 2025-07-15T00:00:00+00:00, run_after=2025-07-16T00:00:00+00:00
[2025-07-16T11:15:41.515+0000] {processor.py:179} INFO - Processing /home/vscode/.local/lib/python3.10/site-packages/airflow/example_dags/example_nested_branch_dag.py took 0.060 seconds
[2025-07-16T11:16:29.278+0000] {processor.py:157} INFO - Started process (PID=9042) to work on /home/vscode/.local/lib/python3.10/site-packages/airflow/example_dags/example_nested_branch_dag.py
[2025-07-16T11:16:29.279+0000] {processor.py:826} INFO - Processing file /home/vscode/.local/lib/python3.10/site-packages/airflow/example_dags/example_nested_branch_dag.py for tasks to queue
[2025-07-16T11:16:29.280+0000] {logging_mixin.py:150} INFO - [2025-07-16T11:16:29.280+0000] {dagbag.py:541} INFO - Filling up the DagBag from /home/vscode/.local/lib/python3.10/site-packages/airflow/example_dags/example_nested_branch_dag.py
[2025-07-16T11:16:29.288+0000] {processor.py:836} INFO - DAG(s) dict_keys(['example_nested_branch_dag']) retrieved from /home/vscode/.local/lib/python3.10/site-packages/airflow/example_dags/example_nested_branch_dag.py
[2025-07-16T11:16:29.301+0000] {logging_mixin.py:150} INFO - [2025-07-16T11:16:29.301+0000] {dag.py:2742} INFO - Sync 1 DAGs
[2025-07-16T11:16:29.316+0000] {logging_mixin.py:150} INFO - [2025-07-16T11:16:29.315+0000] {dag.py:3504} INFO - Setting next_dagrun for example_nested_branch_dag to 2025-07-15T00:00:00+00:00, run_after=2025-07-16T00:00:00+00:00
[2025-07-16T11:16:29.331+0000] {processor.py:179} INFO - Processing /home/vscode/.local/lib/python3.10/site-packages/airflow/example_dags/example_nested_branch_dag.py took 0.055 seconds
[2025-07-16T11:17:20.698+0000] {processor.py:157} INFO - Started process (PID=9565) to work on /home/vscode/.local/lib/python3.10/site-packages/airflow/example_dags/example_nested_branch_dag.py
[2025-07-16T11:17:20.699+0000] {processor.py:826} INFO - Processing file /home/vscode/.local/lib/python3.10/site-packages/airflow/example_dags/example_nested_branch_dag.py for tasks to queue
[2025-07-16T11:17:20.700+0000] {logging_mixin.py:150} INFO - [2025-07-16T11:17:20.699+0000] {dagbag.py:541} INFO - Filling up the DagBag from /home/vscode/.local/lib/python3.10/site-packages/airflow/example_dags/example_nested_branch_dag.py
[2025-07-16T11:17:20.708+0000] {processor.py:836} INFO - DAG(s) dict_keys(['example_nested_branch_dag']) retrieved from /home/vscode/.local/lib/python3.10/site-packages/airflow/example_dags/example_nested_branch_dag.py
[2025-07-16T11:17:20.722+0000] {logging_mixin.py:150} INFO - [2025-07-16T11:17:20.722+0000] {dag.py:2742} INFO - Sync 1 DAGs
[2025-07-16T11:17:20.737+0000] {logging_mixin.py:150} INFO - [2025-07-16T11:17:20.737+0000] {dag.py:3504} INFO - Setting next_dagrun for example_nested_branch_dag to 2025-07-15T00:00:00+00:00, run_after=2025-07-16T00:00:00+00:00
[2025-07-16T11:17:20.752+0000] {processor.py:179} INFO - Processing /home/vscode/.local/lib/python3.10/site-packages/airflow/example_dags/example_nested_branch_dag.py took 0.057 seconds
[2025-07-16T11:18:13.147+0000] {processor.py:157} INFO - Started process (PID=9920) to work on /home/vscode/.local/lib/python3.10/site-packages/airflow/example_dags/example_nested_branch_dag.py
[2025-07-16T11:18:13.147+0000] {processor.py:826} INFO - Processing file /home/vscode/.local/lib/python3.10/site-packages/airflow/example_dags/example_nested_branch_dag.py for tasks to queue
[2025-07-16T11:18:13.148+0000] {logging_mixin.py:150} INFO - [2025-07-16T11:18:13.148+0000] {dagbag.py:541} INFO - Filling up the DagBag from /home/vscode/.local/lib/python3.10/site-packages/airflow/example_dags/example_nested_branch_dag.py
[2025-07-16T11:18:13.156+0000] {processor.py:836} INFO - DAG(s) dict_keys(['example_nested_branch_dag']) retrieved from /home/vscode/.local/lib/python3.10/site-packages/airflow/example_dags/example_nested_branch_dag.py
[2025-07-16T11:18:13.171+0000] {logging_mixin.py:150} INFO - [2025-07-16T11:18:13.170+0000] {dag.py:2742} INFO - Sync 1 DAGs
[2025-07-16T11:18:13.186+0000] {logging_mixin.py:150} INFO - [2025-07-16T11:18:13.186+0000] {dag.py:3504} INFO - Setting next_dagrun for example_nested_branch_dag to 2025-07-15T00:00:00+00:00, run_after=2025-07-16T00:00:00+00:00
[2025-07-16T11:18:13.200+0000] {processor.py:179} INFO - Processing /home/vscode/.local/lib/python3.10/site-packages/airflow/example_dags/example_nested_branch_dag.py took 0.056 seconds
[2025-07-16T11:18:58.145+0000] {processor.py:157} INFO - Started process (PID=10226) to work on /home/vscode/.local/lib/python3.10/site-packages/airflow/example_dags/example_nested_branch_dag.py
[2025-07-16T11:18:58.146+0000] {processor.py:826} INFO - Processing file /home/vscode/.local/lib/python3.10/site-packages/airflow/example_dags/example_nested_branch_dag.py for tasks to queue
[2025-07-16T11:18:58.147+0000] {logging_mixin.py:150} INFO - [2025-07-16T11:18:58.146+0000] {dagbag.py:541} INFO - Filling up the DagBag from /home/vscode/.local/lib/python3.10/site-packages/airflow/example_dags/example_nested_branch_dag.py
[2025-07-16T11:18:58.154+0000] {processor.py:836} INFO - DAG(s) dict_keys(['example_nested_branch_dag']) retrieved from /home/vscode/.local/lib/python3.10/site-packages/airflow/example_dags/example_nested_branch_dag.py
[2025-07-16T11:18:58.168+0000] {logging_mixin.py:150} INFO - [2025-07-16T11:18:58.168+0000] {dag.py:2742} INFO - Sync 1 DAGs
[2025-07-16T11:18:58.184+0000] {logging_mixin.py:150} INFO - [2025-07-16T11:18:58.184+0000] {dag.py:3504} INFO - Setting next_dagrun for example_nested_branch_dag to 2025-07-15T00:00:00+00:00, run_after=2025-07-16T00:00:00+00:00
[2025-07-16T11:18:58.202+0000] {processor.py:179} INFO - Processing /home/vscode/.local/lib/python3.10/site-packages/airflow/example_dags/example_nested_branch_dag.py took 0.059 seconds
[2025-07-16T11:19:51.131+0000] {processor.py:157} INFO - Started process (PID=10583) to work on /home/vscode/.local/lib/python3.10/site-packages/airflow/example_dags/example_nested_branch_dag.py
[2025-07-16T11:19:51.132+0000] {processor.py:826} INFO - Processing file /home/vscode/.local/lib/python3.10/site-packages/airflow/example_dags/example_nested_branch_dag.py for tasks to queue
[2025-07-16T11:19:51.133+0000] {logging_mixin.py:150} INFO - [2025-07-16T11:19:51.132+0000] {dagbag.py:541} INFO - Filling up the DagBag from /home/vscode/.local/lib/python3.10/site-packages/airflow/example_dags/example_nested_branch_dag.py
[2025-07-16T11:19:51.140+0000] {processor.py:836} INFO - DAG(s) dict_keys(['example_nested_branch_dag']) retrieved from /home/vscode/.local/lib/python3.10/site-packages/airflow/example_dags/example_nested_branch_dag.py
[2025-07-16T11:19:51.154+0000] {logging_mixin.py:150} INFO - [2025-07-16T11:19:51.154+0000] {dag.py:2742} INFO - Sync 1 DAGs
[2025-07-16T11:19:51.169+0000] {logging_mixin.py:150} INFO - [2025-07-16T11:19:51.169+0000] {dag.py:3504} INFO - Setting next_dagrun for example_nested_branch_dag to 2025-07-15T00:00:00+00:00, run_after=2025-07-16T00:00:00+00:00
[2025-07-16T11:19:51.184+0000] {processor.py:179} INFO - Processing /home/vscode/.local/lib/python3.10/site-packages/airflow/example_dags/example_nested_branch_dag.py took 0.056 seconds
[2025-07-16T11:20:47.796+0000] {processor.py:157} INFO - Started process (PID=11204) to work on /home/vscode/.local/lib/python3.10/site-packages/airflow/example_dags/example_nested_branch_dag.py
[2025-07-16T11:20:47.797+0000] {processor.py:826} INFO - Processing file /home/vscode/.local/lib/python3.10/site-packages/airflow/example_dags/example_nested_branch_dag.py for tasks to queue
[2025-07-16T11:20:47.798+0000] {logging_mixin.py:150} INFO - [2025-07-16T11:20:47.797+0000] {dagbag.py:541} INFO - Filling up the DagBag from /home/vscode/.local/lib/python3.10/site-packages/airflow/example_dags/example_nested_branch_dag.py
[2025-07-16T11:20:47.807+0000] {processor.py:836} INFO - DAG(s) dict_keys(['example_nested_branch_dag']) retrieved from /home/vscode/.local/lib/python3.10/site-packages/airflow/example_dags/example_nested_branch_dag.py
[2025-07-16T11:20:47.820+0000] {logging_mixin.py:150} INFO - [2025-07-16T11:20:47.820+0000] {dag.py:2742} INFO - Sync 1 DAGs
[2025-07-16T11:20:47.835+0000] {logging_mixin.py:150} INFO - [2025-07-16T11:20:47.835+0000] {dag.py:3504} INFO - Setting next_dagrun for example_nested_branch_dag to 2025-07-15T00:00:00+00:00, run_after=2025-07-16T00:00:00+00:00
[2025-07-16T11:20:47.851+0000] {processor.py:179} INFO - Processing /home/vscode/.local/lib/python3.10/site-packages/airflow/example_dags/example_nested_branch_dag.py took 0.057 seconds
[2025-07-16T11:21:35.455+0000] {processor.py:157} INFO - Started process (PID=11926) to work on /home/vscode/.local/lib/python3.10/site-packages/airflow/example_dags/example_nested_branch_dag.py
[2025-07-16T11:21:35.457+0000] {processor.py:826} INFO - Processing file /home/vscode/.local/lib/python3.10/site-packages/airflow/example_dags/example_nested_branch_dag.py for tasks to queue
[2025-07-16T11:21:35.458+0000] {logging_mixin.py:150} INFO - [2025-07-16T11:21:35.457+0000] {dagbag.py:541} INFO - Filling up the DagBag from /home/vscode/.local/lib/python3.10/site-packages/airflow/example_dags/example_nested_branch_dag.py
[2025-07-16T11:21:35.470+0000] {processor.py:836} INFO - DAG(s) dict_keys(['example_nested_branch_dag']) retrieved from /home/vscode/.local/lib/python3.10/site-packages/airflow/example_dags/example_nested_branch_dag.py
[2025-07-16T11:21:35.491+0000] {logging_mixin.py:150} INFO - [2025-07-16T11:21:35.490+0000] {dag.py:2742} INFO - Sync 1 DAGs
[2025-07-16T11:21:35.518+0000] {logging_mixin.py:150} INFO - [2025-07-16T11:21:35.518+0000] {dag.py:3504} INFO - Setting next_dagrun for example_nested_branch_dag to 2025-07-15T00:00:00+00:00, run_after=2025-07-16T00:00:00+00:00
[2025-07-16T11:21:35.547+0000] {processor.py:179} INFO - Processing /home/vscode/.local/lib/python3.10/site-packages/airflow/example_dags/example_nested_branch_dag.py took 0.095 seconds
