[2025-07-16T11:07:09.318+0000] {processor.py:157} INFO - Started process (PID=4371) to work on /home/vscode/.local/lib/python3.10/site-packages/airflow/example_dags/example_branch_operator_decorator.py
[2025-07-16T11:07:09.318+0000] {processor.py:826} INFO - Processing file /home/vscode/.local/lib/python3.10/site-packages/airflow/example_dags/example_branch_operator_decorator.py for tasks to queue
[2025-07-16T11:07:09.319+0000] {logging_mixin.py:150} INFO - [2025-07-16T11:07:09.319+0000] {dagbag.py:541} INFO - Filling up the DagBag from /home/vscode/.local/lib/python3.10/site-packages/airflow/example_dags/example_branch_operator_decorator.py
[2025-07-16T11:07:09.327+0000] {processor.py:836} INFO - DAG(s) dict_keys(['example_branch_python_operator_decorator']) retrieved from /home/vscode/.local/lib/python3.10/site-packages/airflow/example_dags/example_branch_operator_decorator.py
[2025-07-16T11:07:09.342+0000] {logging_mixin.py:150} INFO - [2025-07-16T11:07:09.342+0000] {dag.py:2742} INFO - Sync 1 DAGs
[2025-07-16T11:07:09.357+0000] {logging_mixin.py:150} INFO - [2025-07-16T11:07:09.357+0000] {dag.py:3504} INFO - Setting next_dagrun for example_branch_python_operator_decorator to 2025-07-15T00:00:00+00:00, run_after=2025-07-16T00:00:00+00:00
[2025-07-16T11:07:09.373+0000] {processor.py:179} INFO - Processing /home/vscode/.local/lib/python3.10/site-packages/airflow/example_dags/example_branch_operator_decorator.py took 0.057 seconds
[2025-07-16T11:07:56.480+0000] {processor.py:157} INFO - Started process (PID=4761) to work on /home/vscode/.local/lib/python3.10/site-packages/airflow/example_dags/example_branch_operator_decorator.py
[2025-07-16T11:07:56.480+0000] {processor.py:826} INFO - Processing file /home/vscode/.local/lib/python3.10/site-packages/airflow/example_dags/example_branch_operator_decorator.py for tasks to queue
[2025-07-16T11:07:56.481+0000] {logging_mixin.py:150} INFO - [2025-07-16T11:07:56.481+0000] {dagbag.py:541} INFO - Filling up the DagBag from /home/vscode/.local/lib/python3.10/site-packages/airflow/example_dags/example_branch_operator_decorator.py
[2025-07-16T11:07:56.489+0000] {processor.py:836} INFO - DAG(s) dict_keys(['example_branch_python_operator_decorator']) retrieved from /home/vscode/.local/lib/python3.10/site-packages/airflow/example_dags/example_branch_operator_decorator.py
[2025-07-16T11:07:56.504+0000] {logging_mixin.py:150} INFO - [2025-07-16T11:07:56.504+0000] {dag.py:2742} INFO - Sync 1 DAGs
[2025-07-16T11:07:56.519+0000] {logging_mixin.py:150} INFO - [2025-07-16T11:07:56.519+0000] {dag.py:3504} INFO - Setting next_dagrun for example_branch_python_operator_decorator to 2025-07-15T00:00:00+00:00, run_after=2025-07-16T00:00:00+00:00
[2025-07-16T11:07:56.533+0000] {processor.py:179} INFO - Processing /home/vscode/.local/lib/python3.10/site-packages/airflow/example_dags/example_branch_operator_decorator.py took 0.056 seconds
[2025-07-16T11:08:44.221+0000] {processor.py:157} INFO - Started process (PID=5092) to work on /home/vscode/.local/lib/python3.10/site-packages/airflow/example_dags/example_branch_operator_decorator.py
[2025-07-16T11:08:44.228+0000] {processor.py:826} INFO - Processing file /home/vscode/.local/lib/python3.10/site-packages/airflow/example_dags/example_branch_operator_decorator.py for tasks to queue
[2025-07-16T11:08:44.229+0000] {logging_mixin.py:150} INFO - [2025-07-16T11:08:44.228+0000] {dagbag.py:541} INFO - Filling up the DagBag from /home/vscode/.local/lib/python3.10/site-packages/airflow/example_dags/example_branch_operator_decorator.py
[2025-07-16T11:08:44.247+0000] {processor.py:836} INFO - DAG(s) dict_keys(['example_branch_python_operator_decorator']) retrieved from /home/vscode/.local/lib/python3.10/site-packages/airflow/example_dags/example_branch_operator_decorator.py
[2025-07-16T11:08:44.275+0000] {logging_mixin.py:150} INFO - [2025-07-16T11:08:44.275+0000] {dag.py:2742} INFO - Sync 1 DAGs
[2025-07-16T11:08:44.303+0000] {logging_mixin.py:150} INFO - [2025-07-16T11:08:44.303+0000] {dag.py:3504} INFO - Setting next_dagrun for example_branch_python_operator_decorator to 2025-07-15T00:00:00+00:00, run_after=2025-07-16T00:00:00+00:00
[2025-07-16T11:08:44.336+0000] {processor.py:179} INFO - Processing /home/vscode/.local/lib/python3.10/site-packages/airflow/example_dags/example_branch_operator_decorator.py took 0.126 seconds
[2025-07-16T11:09:31.708+0000] {processor.py:157} INFO - Started process (PID=5465) to work on /home/vscode/.local/lib/python3.10/site-packages/airflow/example_dags/example_branch_operator_decorator.py
[2025-07-16T11:09:31.708+0000] {processor.py:826} INFO - Processing file /home/vscode/.local/lib/python3.10/site-packages/airflow/example_dags/example_branch_operator_decorator.py for tasks to queue
[2025-07-16T11:09:31.709+0000] {logging_mixin.py:150} INFO - [2025-07-16T11:09:31.709+0000] {dagbag.py:541} INFO - Filling up the DagBag from /home/vscode/.local/lib/python3.10/site-packages/airflow/example_dags/example_branch_operator_decorator.py
[2025-07-16T11:09:31.717+0000] {processor.py:836} INFO - DAG(s) dict_keys(['example_branch_python_operator_decorator']) retrieved from /home/vscode/.local/lib/python3.10/site-packages/airflow/example_dags/example_branch_operator_decorator.py
[2025-07-16T11:09:31.731+0000] {logging_mixin.py:150} INFO - [2025-07-16T11:09:31.731+0000] {dag.py:2742} INFO - Sync 1 DAGs
[2025-07-16T11:09:31.747+0000] {logging_mixin.py:150} INFO - [2025-07-16T11:09:31.747+0000] {dag.py:3504} INFO - Setting next_dagrun for example_branch_python_operator_decorator to 2025-07-15T00:00:00+00:00, run_after=2025-07-16T00:00:00+00:00
[2025-07-16T11:09:31.762+0000] {processor.py:179} INFO - Processing /home/vscode/.local/lib/python3.10/site-packages/airflow/example_dags/example_branch_operator_decorator.py took 0.057 seconds
[2025-07-16T11:10:22.989+0000] {processor.py:157} INFO - Started process (PID=5829) to work on /home/vscode/.local/lib/python3.10/site-packages/airflow/example_dags/example_branch_operator_decorator.py
[2025-07-16T11:10:22.990+0000] {processor.py:826} INFO - Processing file /home/vscode/.local/lib/python3.10/site-packages/airflow/example_dags/example_branch_operator_decorator.py for tasks to queue
[2025-07-16T11:10:22.991+0000] {logging_mixin.py:150} INFO - [2025-07-16T11:10:22.991+0000] {dagbag.py:541} INFO - Filling up the DagBag from /home/vscode/.local/lib/python3.10/site-packages/airflow/example_dags/example_branch_operator_decorator.py
[2025-07-16T11:10:23.001+0000] {processor.py:836} INFO - DAG(s) dict_keys(['example_branch_python_operator_decorator']) retrieved from /home/vscode/.local/lib/python3.10/site-packages/airflow/example_dags/example_branch_operator_decorator.py
[2025-07-16T11:10:23.017+0000] {logging_mixin.py:150} INFO - [2025-07-16T11:10:23.017+0000] {dag.py:2742} INFO - Sync 1 DAGs
[2025-07-16T11:10:23.032+0000] {logging_mixin.py:150} INFO - [2025-07-16T11:10:23.032+0000] {dag.py:3504} INFO - Setting next_dagrun for example_branch_python_operator_decorator to 2025-07-15T00:00:00+00:00, run_after=2025-07-16T00:00:00+00:00
[2025-07-16T11:10:23.047+0000] {processor.py:179} INFO - Processing /home/vscode/.local/lib/python3.10/site-packages/airflow/example_dags/example_branch_operator_decorator.py took 0.060 seconds
[2025-07-16T11:11:23.489+0000] {processor.py:157} INFO - Started process (PID=6292) to work on /home/vscode/.local/lib/python3.10/site-packages/airflow/example_dags/example_branch_operator_decorator.py
[2025-07-16T11:11:23.490+0000] {processor.py:826} INFO - Processing file /home/vscode/.local/lib/python3.10/site-packages/airflow/example_dags/example_branch_operator_decorator.py for tasks to queue
[2025-07-16T11:11:23.491+0000] {logging_mixin.py:150} INFO - [2025-07-16T11:11:23.491+0000] {dagbag.py:541} INFO - Filling up the DagBag from /home/vscode/.local/lib/python3.10/site-packages/airflow/example_dags/example_branch_operator_decorator.py
[2025-07-16T11:11:23.499+0000] {processor.py:836} INFO - DAG(s) dict_keys(['example_branch_python_operator_decorator']) retrieved from /home/vscode/.local/lib/python3.10/site-packages/airflow/example_dags/example_branch_operator_decorator.py
[2025-07-16T11:11:23.513+0000] {logging_mixin.py:150} INFO - [2025-07-16T11:11:23.513+0000] {dag.py:2742} INFO - Sync 1 DAGs
[2025-07-16T11:11:23.528+0000] {logging_mixin.py:150} INFO - [2025-07-16T11:11:23.528+0000] {dag.py:3504} INFO - Setting next_dagrun for example_branch_python_operator_decorator to 2025-07-15T00:00:00+00:00, run_after=2025-07-16T00:00:00+00:00
[2025-07-16T11:11:23.544+0000] {processor.py:179} INFO - Processing /home/vscode/.local/lib/python3.10/site-packages/airflow/example_dags/example_branch_operator_decorator.py took 0.058 seconds
[2025-07-16T11:12:09.624+0000] {processor.py:157} INFO - Started process (PID=6620) to work on /home/vscode/.local/lib/python3.10/site-packages/airflow/example_dags/example_branch_operator_decorator.py
[2025-07-16T11:12:09.625+0000] {processor.py:826} INFO - Processing file /home/vscode/.local/lib/python3.10/site-packages/airflow/example_dags/example_branch_operator_decorator.py for tasks to queue
[2025-07-16T11:12:09.626+0000] {logging_mixin.py:150} INFO - [2025-07-16T11:12:09.625+0000] {dagbag.py:541} INFO - Filling up the DagBag from /home/vscode/.local/lib/python3.10/site-packages/airflow/example_dags/example_branch_operator_decorator.py
[2025-07-16T11:12:09.634+0000] {processor.py:836} INFO - DAG(s) dict_keys(['example_branch_python_operator_decorator']) retrieved from /home/vscode/.local/lib/python3.10/site-packages/airflow/example_dags/example_branch_operator_decorator.py
[2025-07-16T11:12:09.647+0000] {logging_mixin.py:150} INFO - [2025-07-16T11:12:09.647+0000] {dag.py:2742} INFO - Sync 1 DAGs
[2025-07-16T11:12:09.663+0000] {logging_mixin.py:150} INFO - [2025-07-16T11:12:09.663+0000] {dag.py:3504} INFO - Setting next_dagrun for example_branch_python_operator_decorator to 2025-07-15T00:00:00+00:00, run_after=2025-07-16T00:00:00+00:00
[2025-07-16T11:12:09.678+0000] {processor.py:179} INFO - Processing /home/vscode/.local/lib/python3.10/site-packages/airflow/example_dags/example_branch_operator_decorator.py took 0.056 seconds
[2025-07-16T11:13:03.464+0000] {processor.py:157} INFO - Started process (PID=7028) to work on /home/vscode/.local/lib/python3.10/site-packages/airflow/example_dags/example_branch_operator_decorator.py
[2025-07-16T11:13:03.465+0000] {processor.py:826} INFO - Processing file /home/vscode/.local/lib/python3.10/site-packages/airflow/example_dags/example_branch_operator_decorator.py for tasks to queue
[2025-07-16T11:13:03.466+0000] {logging_mixin.py:150} INFO - [2025-07-16T11:13:03.466+0000] {dagbag.py:541} INFO - Filling up the DagBag from /home/vscode/.local/lib/python3.10/site-packages/airflow/example_dags/example_branch_operator_decorator.py
[2025-07-16T11:13:03.477+0000] {processor.py:836} INFO - DAG(s) dict_keys(['example_branch_python_operator_decorator']) retrieved from /home/vscode/.local/lib/python3.10/site-packages/airflow/example_dags/example_branch_operator_decorator.py
[2025-07-16T11:13:03.495+0000] {logging_mixin.py:150} INFO - [2025-07-16T11:13:03.495+0000] {dag.py:2742} INFO - Sync 1 DAGs
[2025-07-16T11:13:03.511+0000] {logging_mixin.py:150} INFO - [2025-07-16T11:13:03.510+0000] {dag.py:3504} INFO - Setting next_dagrun for example_branch_python_operator_decorator to 2025-07-15T00:00:00+00:00, run_after=2025-07-16T00:00:00+00:00
[2025-07-16T11:13:03.526+0000] {processor.py:179} INFO - Processing /home/vscode/.local/lib/python3.10/site-packages/airflow/example_dags/example_branch_operator_decorator.py took 0.065 seconds
[2025-07-16T11:13:56.022+0000] {processor.py:157} INFO - Started process (PID=7453) to work on /home/vscode/.local/lib/python3.10/site-packages/airflow/example_dags/example_branch_operator_decorator.py
[2025-07-16T11:13:56.023+0000] {processor.py:826} INFO - Processing file /home/vscode/.local/lib/python3.10/site-packages/airflow/example_dags/example_branch_operator_decorator.py for tasks to queue
[2025-07-16T11:13:56.024+0000] {logging_mixin.py:150} INFO - [2025-07-16T11:13:56.024+0000] {dagbag.py:541} INFO - Filling up the DagBag from /home/vscode/.local/lib/python3.10/site-packages/airflow/example_dags/example_branch_operator_decorator.py
[2025-07-16T11:13:56.032+0000] {processor.py:836} INFO - DAG(s) dict_keys(['example_branch_python_operator_decorator']) retrieved from /home/vscode/.local/lib/python3.10/site-packages/airflow/example_dags/example_branch_operator_decorator.py
[2025-07-16T11:13:56.046+0000] {logging_mixin.py:150} INFO - [2025-07-16T11:13:56.046+0000] {dag.py:2742} INFO - Sync 1 DAGs
[2025-07-16T11:13:56.062+0000] {logging_mixin.py:150} INFO - [2025-07-16T11:13:56.062+0000] {dag.py:3504} INFO - Setting next_dagrun for example_branch_python_operator_decorator to 2025-07-15T00:00:00+00:00, run_after=2025-07-16T00:00:00+00:00
[2025-07-16T11:13:56.077+0000] {processor.py:179} INFO - Processing /home/vscode/.local/lib/python3.10/site-packages/airflow/example_dags/example_branch_operator_decorator.py took 0.057 seconds
[2025-07-16T11:14:42.852+0000] {processor.py:157} INFO - Started process (PID=7904) to work on /home/vscode/.local/lib/python3.10/site-packages/airflow/example_dags/example_branch_operator_decorator.py
[2025-07-16T11:14:42.853+0000] {processor.py:826} INFO - Processing file /home/vscode/.local/lib/python3.10/site-packages/airflow/example_dags/example_branch_operator_decorator.py for tasks to queue
[2025-07-16T11:14:42.854+0000] {logging_mixin.py:150} INFO - [2025-07-16T11:14:42.854+0000] {dagbag.py:541} INFO - Filling up the DagBag from /home/vscode/.local/lib/python3.10/site-packages/airflow/example_dags/example_branch_operator_decorator.py
[2025-07-16T11:14:42.862+0000] {processor.py:836} INFO - DAG(s) dict_keys(['example_branch_python_operator_decorator']) retrieved from /home/vscode/.local/lib/python3.10/site-packages/airflow/example_dags/example_branch_operator_decorator.py
[2025-07-16T11:14:42.876+0000] {logging_mixin.py:150} INFO - [2025-07-16T11:14:42.876+0000] {dag.py:2742} INFO - Sync 1 DAGs
[2025-07-16T11:14:42.891+0000] {logging_mixin.py:150} INFO - [2025-07-16T11:14:42.891+0000] {dag.py:3504} INFO - Setting next_dagrun for example_branch_python_operator_decorator to 2025-07-15T00:00:00+00:00, run_after=2025-07-16T00:00:00+00:00
[2025-07-16T11:14:42.906+0000] {processor.py:179} INFO - Processing /home/vscode/.local/lib/python3.10/site-packages/airflow/example_dags/example_branch_operator_decorator.py took 0.056 seconds
[2025-07-16T11:15:33.593+0000] {processor.py:157} INFO - Started process (PID=8382) to work on /home/vscode/.local/lib/python3.10/site-packages/airflow/example_dags/example_branch_operator_decorator.py
[2025-07-16T11:15:33.594+0000] {processor.py:826} INFO - Processing file /home/vscode/.local/lib/python3.10/site-packages/airflow/example_dags/example_branch_operator_decorator.py for tasks to queue
[2025-07-16T11:15:33.595+0000] {logging_mixin.py:150} INFO - [2025-07-16T11:15:33.595+0000] {dagbag.py:541} INFO - Filling up the DagBag from /home/vscode/.local/lib/python3.10/site-packages/airflow/example_dags/example_branch_operator_decorator.py
[2025-07-16T11:15:33.604+0000] {processor.py:836} INFO - DAG(s) dict_keys(['example_branch_python_operator_decorator']) retrieved from /home/vscode/.local/lib/python3.10/site-packages/airflow/example_dags/example_branch_operator_decorator.py
[2025-07-16T11:15:33.619+0000] {logging_mixin.py:150} INFO - [2025-07-16T11:15:33.619+0000] {dag.py:2742} INFO - Sync 1 DAGs
[2025-07-16T11:15:33.635+0000] {logging_mixin.py:150} INFO - [2025-07-16T11:15:33.635+0000] {dag.py:3504} INFO - Setting next_dagrun for example_branch_python_operator_decorator to 2025-07-15T00:00:00+00:00, run_after=2025-07-16T00:00:00+00:00
[2025-07-16T11:15:33.651+0000] {processor.py:179} INFO - Processing /home/vscode/.local/lib/python3.10/site-packages/airflow/example_dags/example_branch_operator_decorator.py took 0.060 seconds
[2025-07-16T11:16:21.843+0000] {processor.py:157} INFO - Started process (PID=8928) to work on /home/vscode/.local/lib/python3.10/site-packages/airflow/example_dags/example_branch_operator_decorator.py
[2025-07-16T11:16:21.844+0000] {processor.py:826} INFO - Processing file /home/vscode/.local/lib/python3.10/site-packages/airflow/example_dags/example_branch_operator_decorator.py for tasks to queue
[2025-07-16T11:16:21.844+0000] {logging_mixin.py:150} INFO - [2025-07-16T11:16:21.844+0000] {dagbag.py:541} INFO - Filling up the DagBag from /home/vscode/.local/lib/python3.10/site-packages/airflow/example_dags/example_branch_operator_decorator.py
[2025-07-16T11:16:21.852+0000] {processor.py:836} INFO - DAG(s) dict_keys(['example_branch_python_operator_decorator']) retrieved from /home/vscode/.local/lib/python3.10/site-packages/airflow/example_dags/example_branch_operator_decorator.py
[2025-07-16T11:16:21.865+0000] {logging_mixin.py:150} INFO - [2025-07-16T11:16:21.865+0000] {dag.py:2742} INFO - Sync 1 DAGs
[2025-07-16T11:16:21.881+0000] {logging_mixin.py:150} INFO - [2025-07-16T11:16:21.881+0000] {dag.py:3504} INFO - Setting next_dagrun for example_branch_python_operator_decorator to 2025-07-15T00:00:00+00:00, run_after=2025-07-16T00:00:00+00:00
[2025-07-16T11:16:21.899+0000] {processor.py:179} INFO - Processing /home/vscode/.local/lib/python3.10/site-packages/airflow/example_dags/example_branch_operator_decorator.py took 0.059 seconds
[2025-07-16T11:17:10.403+0000] {processor.py:157} INFO - Started process (PID=9488) to work on /home/vscode/.local/lib/python3.10/site-packages/airflow/example_dags/example_branch_operator_decorator.py
[2025-07-16T11:17:10.404+0000] {processor.py:826} INFO - Processing file /home/vscode/.local/lib/python3.10/site-packages/airflow/example_dags/example_branch_operator_decorator.py for tasks to queue
[2025-07-16T11:17:10.404+0000] {logging_mixin.py:150} INFO - [2025-07-16T11:17:10.404+0000] {dagbag.py:541} INFO - Filling up the DagBag from /home/vscode/.local/lib/python3.10/site-packages/airflow/example_dags/example_branch_operator_decorator.py
[2025-07-16T11:17:10.413+0000] {processor.py:836} INFO - DAG(s) dict_keys(['example_branch_python_operator_decorator']) retrieved from /home/vscode/.local/lib/python3.10/site-packages/airflow/example_dags/example_branch_operator_decorator.py
[2025-07-16T11:17:10.427+0000] {logging_mixin.py:150} INFO - [2025-07-16T11:17:10.427+0000] {dag.py:2742} INFO - Sync 1 DAGs
[2025-07-16T11:17:10.444+0000] {logging_mixin.py:150} INFO - [2025-07-16T11:17:10.444+0000] {dag.py:3504} INFO - Setting next_dagrun for example_branch_python_operator_decorator to 2025-07-15T00:00:00+00:00, run_after=2025-07-16T00:00:00+00:00
[2025-07-16T11:17:10.459+0000] {processor.py:179} INFO - Processing /home/vscode/.local/lib/python3.10/site-packages/airflow/example_dags/example_branch_operator_decorator.py took 0.059 seconds
[2025-07-16T11:18:03.424+0000] {processor.py:157} INFO - Started process (PID=9860) to work on /home/vscode/.local/lib/python3.10/site-packages/airflow/example_dags/example_branch_operator_decorator.py
[2025-07-16T11:18:03.424+0000] {processor.py:826} INFO - Processing file /home/vscode/.local/lib/python3.10/site-packages/airflow/example_dags/example_branch_operator_decorator.py for tasks to queue
[2025-07-16T11:18:03.425+0000] {logging_mixin.py:150} INFO - [2025-07-16T11:18:03.425+0000] {dagbag.py:541} INFO - Filling up the DagBag from /home/vscode/.local/lib/python3.10/site-packages/airflow/example_dags/example_branch_operator_decorator.py
[2025-07-16T11:18:03.433+0000] {processor.py:836} INFO - DAG(s) dict_keys(['example_branch_python_operator_decorator']) retrieved from /home/vscode/.local/lib/python3.10/site-packages/airflow/example_dags/example_branch_operator_decorator.py
[2025-07-16T11:18:03.447+0000] {logging_mixin.py:150} INFO - [2025-07-16T11:18:03.447+0000] {dag.py:2742} INFO - Sync 1 DAGs
[2025-07-16T11:18:03.463+0000] {logging_mixin.py:150} INFO - [2025-07-16T11:18:03.462+0000] {dag.py:3504} INFO - Setting next_dagrun for example_branch_python_operator_decorator to 2025-07-15T00:00:00+00:00, run_after=2025-07-16T00:00:00+00:00
[2025-07-16T11:18:03.477+0000] {processor.py:179} INFO - Processing /home/vscode/.local/lib/python3.10/site-packages/airflow/example_dags/example_branch_operator_decorator.py took 0.056 seconds
[2025-07-16T11:18:50.712+0000] {processor.py:157} INFO - Started process (PID=10176) to work on /home/vscode/.local/lib/python3.10/site-packages/airflow/example_dags/example_branch_operator_decorator.py
[2025-07-16T11:18:50.713+0000] {processor.py:826} INFO - Processing file /home/vscode/.local/lib/python3.10/site-packages/airflow/example_dags/example_branch_operator_decorator.py for tasks to queue
[2025-07-16T11:18:50.714+0000] {logging_mixin.py:150} INFO - [2025-07-16T11:18:50.714+0000] {dagbag.py:541} INFO - Filling up the DagBag from /home/vscode/.local/lib/python3.10/site-packages/airflow/example_dags/example_branch_operator_decorator.py
[2025-07-16T11:18:50.721+0000] {processor.py:836} INFO - DAG(s) dict_keys(['example_branch_python_operator_decorator']) retrieved from /home/vscode/.local/lib/python3.10/site-packages/airflow/example_dags/example_branch_operator_decorator.py
[2025-07-16T11:18:50.735+0000] {logging_mixin.py:150} INFO - [2025-07-16T11:18:50.735+0000] {dag.py:2742} INFO - Sync 1 DAGs
[2025-07-16T11:18:50.750+0000] {logging_mixin.py:150} INFO - [2025-07-16T11:18:50.750+0000] {dag.py:3504} INFO - Setting next_dagrun for example_branch_python_operator_decorator to 2025-07-15T00:00:00+00:00, run_after=2025-07-16T00:00:00+00:00
[2025-07-16T11:18:50.766+0000] {processor.py:179} INFO - Processing /home/vscode/.local/lib/python3.10/site-packages/airflow/example_dags/example_branch_operator_decorator.py took 0.057 seconds
[2025-07-16T11:19:43.142+0000] {processor.py:157} INFO - Started process (PID=10519) to work on /home/vscode/.local/lib/python3.10/site-packages/airflow/example_dags/example_branch_operator_decorator.py
[2025-07-16T11:19:43.143+0000] {processor.py:826} INFO - Processing file /home/vscode/.local/lib/python3.10/site-packages/airflow/example_dags/example_branch_operator_decorator.py for tasks to queue
[2025-07-16T11:19:43.143+0000] {logging_mixin.py:150} INFO - [2025-07-16T11:19:43.143+0000] {dagbag.py:541} INFO - Filling up the DagBag from /home/vscode/.local/lib/python3.10/site-packages/airflow/example_dags/example_branch_operator_decorator.py
[2025-07-16T11:19:43.151+0000] {processor.py:836} INFO - DAG(s) dict_keys(['example_branch_python_operator_decorator']) retrieved from /home/vscode/.local/lib/python3.10/site-packages/airflow/example_dags/example_branch_operator_decorator.py
[2025-07-16T11:19:43.165+0000] {logging_mixin.py:150} INFO - [2025-07-16T11:19:43.165+0000] {dag.py:2742} INFO - Sync 1 DAGs
[2025-07-16T11:19:43.181+0000] {logging_mixin.py:150} INFO - [2025-07-16T11:19:43.181+0000] {dag.py:3504} INFO - Setting next_dagrun for example_branch_python_operator_decorator to 2025-07-15T00:00:00+00:00, run_after=2025-07-16T00:00:00+00:00
[2025-07-16T11:19:43.195+0000] {processor.py:179} INFO - Processing /home/vscode/.local/lib/python3.10/site-packages/airflow/example_dags/example_branch_operator_decorator.py took 0.056 seconds
[2025-07-16T11:20:35.671+0000] {processor.py:157} INFO - Started process (PID=10943) to work on /home/vscode/.local/lib/python3.10/site-packages/airflow/example_dags/example_branch_operator_decorator.py
[2025-07-16T11:20:35.672+0000] {processor.py:826} INFO - Processing file /home/vscode/.local/lib/python3.10/site-packages/airflow/example_dags/example_branch_operator_decorator.py for tasks to queue
[2025-07-16T11:20:35.673+0000] {logging_mixin.py:150} INFO - [2025-07-16T11:20:35.672+0000] {dagbag.py:541} INFO - Filling up the DagBag from /home/vscode/.local/lib/python3.10/site-packages/airflow/example_dags/example_branch_operator_decorator.py
[2025-07-16T11:20:35.684+0000] {processor.py:836} INFO - DAG(s) dict_keys(['example_branch_python_operator_decorator']) retrieved from /home/vscode/.local/lib/python3.10/site-packages/airflow/example_dags/example_branch_operator_decorator.py
[2025-07-16T11:20:35.706+0000] {logging_mixin.py:150} INFO - [2025-07-16T11:20:35.706+0000] {dag.py:2742} INFO - Sync 1 DAGs
[2025-07-16T11:20:35.730+0000] {logging_mixin.py:150} INFO - [2025-07-16T11:20:35.730+0000] {dag.py:3504} INFO - Setting next_dagrun for example_branch_python_operator_decorator to 2025-07-15T00:00:00+00:00, run_after=2025-07-16T00:00:00+00:00
[2025-07-16T11:20:35.787+0000] {processor.py:179} INFO - Processing /home/vscode/.local/lib/python3.10/site-packages/airflow/example_dags/example_branch_operator_decorator.py took 0.119 seconds
[2025-07-16T11:21:40.691+0000] {processor.py:157} INFO - Started process (PID=11993) to work on /home/vscode/.local/lib/python3.10/site-packages/airflow/example_dags/example_branch_operator_decorator.py
[2025-07-16T11:21:40.692+0000] {processor.py:826} INFO - Processing file /home/vscode/.local/lib/python3.10/site-packages/airflow/example_dags/example_branch_operator_decorator.py for tasks to queue
[2025-07-16T11:21:40.693+0000] {logging_mixin.py:150} INFO - [2025-07-16T11:21:40.693+0000] {dagbag.py:541} INFO - Filling up the DagBag from /home/vscode/.local/lib/python3.10/site-packages/airflow/example_dags/example_branch_operator_decorator.py
[2025-07-16T11:21:40.704+0000] {processor.py:836} INFO - DAG(s) dict_keys(['example_branch_python_operator_decorator']) retrieved from /home/vscode/.local/lib/python3.10/site-packages/airflow/example_dags/example_branch_operator_decorator.py
[2025-07-16T11:21:40.870+0000] {logging_mixin.py:150} INFO - [2025-07-16T11:21:40.870+0000] {dag.py:2742} INFO - Sync 1 DAGs
[2025-07-16T11:21:40.895+0000] {logging_mixin.py:150} INFO - [2025-07-16T11:21:40.895+0000] {dag.py:3504} INFO - Setting next_dagrun for example_branch_python_operator_decorator to 2025-07-15T00:00:00+00:00, run_after=2025-07-16T00:00:00+00:00
[2025-07-16T11:21:40.925+0000] {processor.py:179} INFO - Processing /home/vscode/.local/lib/python3.10/site-packages/airflow/example_dags/example_branch_operator_decorator.py took 0.237 seconds
