[2025-07-16T11:06:59.361+0000] {processor.py:157} INFO - Started process (PID=4291) to work on /home/vscode/.local/lib/python3.10/site-packages/airflow/example_dags/example_dynamic_task_mapping_with_no_taskflow_operators.py
[2025-07-16T11:06:59.362+0000] {processor.py:826} INFO - Processing file /home/vscode/.local/lib/python3.10/site-packages/airflow/example_dags/example_dynamic_task_mapping_with_no_taskflow_operators.py for tasks to queue
[2025-07-16T11:06:59.363+0000] {logging_mixin.py:150} INFO - [2025-07-16T11:06:59.362+0000] {dagbag.py:541} INFO - Filling up the DagBag from /home/vscode/.local/lib/python3.10/site-packages/airflow/example_dags/example_dynamic_task_mapping_with_no_taskflow_operators.py
[2025-07-16T11:06:59.371+0000] {processor.py:836} INFO - DAG(s) dict_keys(['example_dynamic_task_mapping_with_no_taskflow_operators']) retrieved from /home/vscode/.local/lib/python3.10/site-packages/airflow/example_dags/example_dynamic_task_mapping_with_no_taskflow_operators.py
[2025-07-16T11:06:59.393+0000] {logging_mixin.py:150} INFO - [2025-07-16T11:06:59.393+0000] {dag.py:2742} INFO - Sync 1 DAGs
[2025-07-16T11:06:59.416+0000] {logging_mixin.py:150} INFO - [2025-07-16T11:06:59.416+0000] {dag.py:3504} INFO - Setting next_dagrun for example_dynamic_task_mapping_with_no_taskflow_operators to 2025-07-15T11:06:59.415971+00:00, run_after=2025-07-16T11:06:59.415971+00:00
[2025-07-16T11:06:59.444+0000] {processor.py:179} INFO - Processing /home/vscode/.local/lib/python3.10/site-packages/airflow/example_dags/example_dynamic_task_mapping_with_no_taskflow_operators.py took 0.087 seconds
[2025-07-16T11:07:47.339+0000] {processor.py:157} INFO - Started process (PID=4687) to work on /home/vscode/.local/lib/python3.10/site-packages/airflow/example_dags/example_dynamic_task_mapping_with_no_taskflow_operators.py
[2025-07-16T11:07:47.339+0000] {processor.py:826} INFO - Processing file /home/vscode/.local/lib/python3.10/site-packages/airflow/example_dags/example_dynamic_task_mapping_with_no_taskflow_operators.py for tasks to queue
[2025-07-16T11:07:47.340+0000] {logging_mixin.py:150} INFO - [2025-07-16T11:07:47.340+0000] {dagbag.py:541} INFO - Filling up the DagBag from /home/vscode/.local/lib/python3.10/site-packages/airflow/example_dags/example_dynamic_task_mapping_with_no_taskflow_operators.py
[2025-07-16T11:07:47.346+0000] {processor.py:836} INFO - DAG(s) dict_keys(['example_dynamic_task_mapping_with_no_taskflow_operators']) retrieved from /home/vscode/.local/lib/python3.10/site-packages/airflow/example_dags/example_dynamic_task_mapping_with_no_taskflow_operators.py
[2025-07-16T11:07:47.362+0000] {logging_mixin.py:150} INFO - [2025-07-16T11:07:47.361+0000] {dag.py:2742} INFO - Sync 1 DAGs
[2025-07-16T11:07:47.376+0000] {logging_mixin.py:150} INFO - [2025-07-16T11:07:47.376+0000] {dag.py:3504} INFO - Setting next_dagrun for example_dynamic_task_mapping_with_no_taskflow_operators to 2025-07-15T11:07:47.376628+00:00, run_after=2025-07-16T11:07:47.376628+00:00
[2025-07-16T11:07:47.391+0000] {processor.py:179} INFO - Processing /home/vscode/.local/lib/python3.10/site-packages/airflow/example_dags/example_dynamic_task_mapping_with_no_taskflow_operators.py took 0.055 seconds
[2025-07-16T11:08:34.784+0000] {processor.py:157} INFO - Started process (PID=5021) to work on /home/vscode/.local/lib/python3.10/site-packages/airflow/example_dags/example_dynamic_task_mapping_with_no_taskflow_operators.py
[2025-07-16T11:08:34.784+0000] {processor.py:826} INFO - Processing file /home/vscode/.local/lib/python3.10/site-packages/airflow/example_dags/example_dynamic_task_mapping_with_no_taskflow_operators.py for tasks to queue
[2025-07-16T11:08:34.785+0000] {logging_mixin.py:150} INFO - [2025-07-16T11:08:34.785+0000] {dagbag.py:541} INFO - Filling up the DagBag from /home/vscode/.local/lib/python3.10/site-packages/airflow/example_dags/example_dynamic_task_mapping_with_no_taskflow_operators.py
[2025-07-16T11:08:34.792+0000] {processor.py:836} INFO - DAG(s) dict_keys(['example_dynamic_task_mapping_with_no_taskflow_operators']) retrieved from /home/vscode/.local/lib/python3.10/site-packages/airflow/example_dags/example_dynamic_task_mapping_with_no_taskflow_operators.py
[2025-07-16T11:08:34.807+0000] {logging_mixin.py:150} INFO - [2025-07-16T11:08:34.807+0000] {dag.py:2742} INFO - Sync 1 DAGs
[2025-07-16T11:08:34.827+0000] {logging_mixin.py:150} INFO - [2025-07-16T11:08:34.827+0000] {dag.py:3504} INFO - Setting next_dagrun for example_dynamic_task_mapping_with_no_taskflow_operators to 2025-07-15T11:08:34.827192+00:00, run_after=2025-07-16T11:08:34.827192+00:00
[2025-07-16T11:08:34.847+0000] {processor.py:179} INFO - Processing /home/vscode/.local/lib/python3.10/site-packages/airflow/example_dags/example_dynamic_task_mapping_with_no_taskflow_operators.py took 0.066 seconds
[2025-07-16T11:09:22.468+0000] {processor.py:157} INFO - Started process (PID=5392) to work on /home/vscode/.local/lib/python3.10/site-packages/airflow/example_dags/example_dynamic_task_mapping_with_no_taskflow_operators.py
[2025-07-16T11:09:22.469+0000] {processor.py:826} INFO - Processing file /home/vscode/.local/lib/python3.10/site-packages/airflow/example_dags/example_dynamic_task_mapping_with_no_taskflow_operators.py for tasks to queue
[2025-07-16T11:09:22.470+0000] {logging_mixin.py:150} INFO - [2025-07-16T11:09:22.470+0000] {dagbag.py:541} INFO - Filling up the DagBag from /home/vscode/.local/lib/python3.10/site-packages/airflow/example_dags/example_dynamic_task_mapping_with_no_taskflow_operators.py
[2025-07-16T11:09:22.477+0000] {processor.py:836} INFO - DAG(s) dict_keys(['example_dynamic_task_mapping_with_no_taskflow_operators']) retrieved from /home/vscode/.local/lib/python3.10/site-packages/airflow/example_dags/example_dynamic_task_mapping_with_no_taskflow_operators.py
[2025-07-16T11:09:22.490+0000] {logging_mixin.py:150} INFO - [2025-07-16T11:09:22.490+0000] {dag.py:2742} INFO - Sync 1 DAGs
[2025-07-16T11:09:22.504+0000] {logging_mixin.py:150} INFO - [2025-07-16T11:09:22.504+0000] {dag.py:3504} INFO - Setting next_dagrun for example_dynamic_task_mapping_with_no_taskflow_operators to 2025-07-15T11:09:22.504429+00:00, run_after=2025-07-16T11:09:22.504429+00:00
[2025-07-16T11:09:22.520+0000] {processor.py:179} INFO - Processing /home/vscode/.local/lib/python3.10/site-packages/airflow/example_dags/example_dynamic_task_mapping_with_no_taskflow_operators.py took 0.054 seconds
[2025-07-16T11:10:13.987+0000] {processor.py:157} INFO - Started process (PID=5755) to work on /home/vscode/.local/lib/python3.10/site-packages/airflow/example_dags/example_dynamic_task_mapping_with_no_taskflow_operators.py
[2025-07-16T11:10:13.989+0000] {processor.py:826} INFO - Processing file /home/vscode/.local/lib/python3.10/site-packages/airflow/example_dags/example_dynamic_task_mapping_with_no_taskflow_operators.py for tasks to queue
[2025-07-16T11:10:13.990+0000] {logging_mixin.py:150} INFO - [2025-07-16T11:10:13.990+0000] {dagbag.py:541} INFO - Filling up the DagBag from /home/vscode/.local/lib/python3.10/site-packages/airflow/example_dags/example_dynamic_task_mapping_with_no_taskflow_operators.py
[2025-07-16T11:10:14.003+0000] {processor.py:836} INFO - DAG(s) dict_keys(['example_dynamic_task_mapping_with_no_taskflow_operators']) retrieved from /home/vscode/.local/lib/python3.10/site-packages/airflow/example_dags/example_dynamic_task_mapping_with_no_taskflow_operators.py
[2025-07-16T11:10:14.019+0000] {logging_mixin.py:150} INFO - [2025-07-16T11:10:14.019+0000] {dag.py:2742} INFO - Sync 1 DAGs
[2025-07-16T11:10:14.044+0000] {logging_mixin.py:150} INFO - [2025-07-16T11:10:14.044+0000] {dag.py:3504} INFO - Setting next_dagrun for example_dynamic_task_mapping_with_no_taskflow_operators to 2025-07-15T11:10:14.044108+00:00, run_after=2025-07-16T11:10:14.044108+00:00
[2025-07-16T11:10:14.064+0000] {processor.py:179} INFO - Processing /home/vscode/.local/lib/python3.10/site-packages/airflow/example_dags/example_dynamic_task_mapping_with_no_taskflow_operators.py took 0.080 seconds
[2025-07-16T11:10:57.481+0000] {processor.py:157} INFO - Started process (PID=6092) to work on /home/vscode/.local/lib/python3.10/site-packages/airflow/example_dags/example_dynamic_task_mapping_with_no_taskflow_operators.py
[2025-07-16T11:10:57.482+0000] {processor.py:826} INFO - Processing file /home/vscode/.local/lib/python3.10/site-packages/airflow/example_dags/example_dynamic_task_mapping_with_no_taskflow_operators.py for tasks to queue
[2025-07-16T11:10:57.483+0000] {logging_mixin.py:150} INFO - [2025-07-16T11:10:57.483+0000] {dagbag.py:541} INFO - Filling up the DagBag from /home/vscode/.local/lib/python3.10/site-packages/airflow/example_dags/example_dynamic_task_mapping_with_no_taskflow_operators.py
[2025-07-16T11:10:57.489+0000] {processor.py:836} INFO - DAG(s) dict_keys(['example_dynamic_task_mapping_with_no_taskflow_operators']) retrieved from /home/vscode/.local/lib/python3.10/site-packages/airflow/example_dags/example_dynamic_task_mapping_with_no_taskflow_operators.py
[2025-07-16T11:10:57.501+0000] {logging_mixin.py:150} INFO - [2025-07-16T11:10:57.501+0000] {dag.py:2742} INFO - Sync 1 DAGs
[2025-07-16T11:10:57.515+0000] {logging_mixin.py:150} INFO - [2025-07-16T11:10:57.515+0000] {dag.py:3504} INFO - Setting next_dagrun for example_dynamic_task_mapping_with_no_taskflow_operators to 2025-07-15T11:10:57.515523+00:00, run_after=2025-07-16T11:10:57.515523+00:00
[2025-07-16T11:10:57.530+0000] {processor.py:179} INFO - Processing /home/vscode/.local/lib/python3.10/site-packages/airflow/example_dags/example_dynamic_task_mapping_with_no_taskflow_operators.py took 0.051 seconds
[2025-07-16T11:11:46.373+0000] {processor.py:157} INFO - Started process (PID=6449) to work on /home/vscode/.local/lib/python3.10/site-packages/airflow/example_dags/example_dynamic_task_mapping_with_no_taskflow_operators.py
[2025-07-16T11:11:46.374+0000] {processor.py:826} INFO - Processing file /home/vscode/.local/lib/python3.10/site-packages/airflow/example_dags/example_dynamic_task_mapping_with_no_taskflow_operators.py for tasks to queue
[2025-07-16T11:11:46.374+0000] {logging_mixin.py:150} INFO - [2025-07-16T11:11:46.374+0000] {dagbag.py:541} INFO - Filling up the DagBag from /home/vscode/.local/lib/python3.10/site-packages/airflow/example_dags/example_dynamic_task_mapping_with_no_taskflow_operators.py
[2025-07-16T11:11:46.380+0000] {processor.py:836} INFO - DAG(s) dict_keys(['example_dynamic_task_mapping_with_no_taskflow_operators']) retrieved from /home/vscode/.local/lib/python3.10/site-packages/airflow/example_dags/example_dynamic_task_mapping_with_no_taskflow_operators.py
[2025-07-16T11:11:46.392+0000] {logging_mixin.py:150} INFO - [2025-07-16T11:11:46.392+0000] {dag.py:2742} INFO - Sync 1 DAGs
[2025-07-16T11:11:46.407+0000] {logging_mixin.py:150} INFO - [2025-07-16T11:11:46.407+0000] {dag.py:3504} INFO - Setting next_dagrun for example_dynamic_task_mapping_with_no_taskflow_operators to 2025-07-15T11:11:46.406849+00:00, run_after=2025-07-16T11:11:46.406849+00:00
[2025-07-16T11:11:46.421+0000] {processor.py:179} INFO - Processing /home/vscode/.local/lib/python3.10/site-packages/airflow/example_dags/example_dynamic_task_mapping_with_no_taskflow_operators.py took 0.051 seconds
[2025-07-16T11:12:28.421+0000] {processor.py:157} INFO - Started process (PID=6761) to work on /home/vscode/.local/lib/python3.10/site-packages/airflow/example_dags/example_dynamic_task_mapping_with_no_taskflow_operators.py
[2025-07-16T11:12:28.422+0000] {processor.py:826} INFO - Processing file /home/vscode/.local/lib/python3.10/site-packages/airflow/example_dags/example_dynamic_task_mapping_with_no_taskflow_operators.py for tasks to queue
[2025-07-16T11:12:28.423+0000] {logging_mixin.py:150} INFO - [2025-07-16T11:12:28.423+0000] {dagbag.py:541} INFO - Filling up the DagBag from /home/vscode/.local/lib/python3.10/site-packages/airflow/example_dags/example_dynamic_task_mapping_with_no_taskflow_operators.py
[2025-07-16T11:12:28.430+0000] {processor.py:836} INFO - DAG(s) dict_keys(['example_dynamic_task_mapping_with_no_taskflow_operators']) retrieved from /home/vscode/.local/lib/python3.10/site-packages/airflow/example_dags/example_dynamic_task_mapping_with_no_taskflow_operators.py
[2025-07-16T11:12:28.442+0000] {logging_mixin.py:150} INFO - [2025-07-16T11:12:28.442+0000] {dag.py:2742} INFO - Sync 1 DAGs
[2025-07-16T11:12:28.457+0000] {logging_mixin.py:150} INFO - [2025-07-16T11:12:28.457+0000] {dag.py:3504} INFO - Setting next_dagrun for example_dynamic_task_mapping_with_no_taskflow_operators to 2025-07-15T11:12:28.457241+00:00, run_after=2025-07-16T11:12:28.457241+00:00
[2025-07-16T11:12:28.471+0000] {processor.py:179} INFO - Processing /home/vscode/.local/lib/python3.10/site-packages/airflow/example_dags/example_dynamic_task_mapping_with_no_taskflow_operators.py took 0.052 seconds
[2025-07-16T11:13:14.928+0000] {processor.py:157} INFO - Started process (PID=7117) to work on /home/vscode/.local/lib/python3.10/site-packages/airflow/example_dags/example_dynamic_task_mapping_with_no_taskflow_operators.py
[2025-07-16T11:13:14.928+0000] {processor.py:826} INFO - Processing file /home/vscode/.local/lib/python3.10/site-packages/airflow/example_dags/example_dynamic_task_mapping_with_no_taskflow_operators.py for tasks to queue
[2025-07-16T11:13:14.929+0000] {logging_mixin.py:150} INFO - [2025-07-16T11:13:14.929+0000] {dagbag.py:541} INFO - Filling up the DagBag from /home/vscode/.local/lib/python3.10/site-packages/airflow/example_dags/example_dynamic_task_mapping_with_no_taskflow_operators.py
[2025-07-16T11:13:14.935+0000] {processor.py:836} INFO - DAG(s) dict_keys(['example_dynamic_task_mapping_with_no_taskflow_operators']) retrieved from /home/vscode/.local/lib/python3.10/site-packages/airflow/example_dags/example_dynamic_task_mapping_with_no_taskflow_operators.py
[2025-07-16T11:13:14.946+0000] {logging_mixin.py:150} INFO - [2025-07-16T11:13:14.946+0000] {dag.py:2742} INFO - Sync 1 DAGs
[2025-07-16T11:13:14.960+0000] {logging_mixin.py:150} INFO - [2025-07-16T11:13:14.960+0000] {dag.py:3504} INFO - Setting next_dagrun for example_dynamic_task_mapping_with_no_taskflow_operators to 2025-07-15T11:13:14.960632+00:00, run_after=2025-07-16T11:13:14.960632+00:00
[2025-07-16T11:13:14.975+0000] {processor.py:179} INFO - Processing /home/vscode/.local/lib/python3.10/site-packages/airflow/example_dags/example_dynamic_task_mapping_with_no_taskflow_operators.py took 0.050 seconds
[2025-07-16T11:14:04.018+0000] {processor.py:157} INFO - Started process (PID=7555) to work on /home/vscode/.local/lib/python3.10/site-packages/airflow/example_dags/example_dynamic_task_mapping_with_no_taskflow_operators.py
[2025-07-16T11:14:04.019+0000] {processor.py:826} INFO - Processing file /home/vscode/.local/lib/python3.10/site-packages/airflow/example_dags/example_dynamic_task_mapping_with_no_taskflow_operators.py for tasks to queue
[2025-07-16T11:14:04.019+0000] {logging_mixin.py:150} INFO - [2025-07-16T11:14:04.019+0000] {dagbag.py:541} INFO - Filling up the DagBag from /home/vscode/.local/lib/python3.10/site-packages/airflow/example_dags/example_dynamic_task_mapping_with_no_taskflow_operators.py
[2025-07-16T11:14:04.026+0000] {processor.py:836} INFO - DAG(s) dict_keys(['example_dynamic_task_mapping_with_no_taskflow_operators']) retrieved from /home/vscode/.local/lib/python3.10/site-packages/airflow/example_dags/example_dynamic_task_mapping_with_no_taskflow_operators.py
[2025-07-16T11:14:04.038+0000] {logging_mixin.py:150} INFO - [2025-07-16T11:14:04.038+0000] {dag.py:2742} INFO - Sync 1 DAGs
[2025-07-16T11:14:04.052+0000] {logging_mixin.py:150} INFO - [2025-07-16T11:14:04.052+0000] {dag.py:3504} INFO - Setting next_dagrun for example_dynamic_task_mapping_with_no_taskflow_operators to 2025-07-15T11:14:04.052382+00:00, run_after=2025-07-16T11:14:04.052382+00:00
[2025-07-16T11:14:04.067+0000] {processor.py:179} INFO - Processing /home/vscode/.local/lib/python3.10/site-packages/airflow/example_dags/example_dynamic_task_mapping_with_no_taskflow_operators.py took 0.051 seconds
[2025-07-16T11:14:53.137+0000] {processor.py:157} INFO - Started process (PID=7993) to work on /home/vscode/.local/lib/python3.10/site-packages/airflow/example_dags/example_dynamic_task_mapping_with_no_taskflow_operators.py
[2025-07-16T11:14:53.137+0000] {processor.py:826} INFO - Processing file /home/vscode/.local/lib/python3.10/site-packages/airflow/example_dags/example_dynamic_task_mapping_with_no_taskflow_operators.py for tasks to queue
[2025-07-16T11:14:53.138+0000] {logging_mixin.py:150} INFO - [2025-07-16T11:14:53.138+0000] {dagbag.py:541} INFO - Filling up the DagBag from /home/vscode/.local/lib/python3.10/site-packages/airflow/example_dags/example_dynamic_task_mapping_with_no_taskflow_operators.py
[2025-07-16T11:14:53.144+0000] {processor.py:836} INFO - DAG(s) dict_keys(['example_dynamic_task_mapping_with_no_taskflow_operators']) retrieved from /home/vscode/.local/lib/python3.10/site-packages/airflow/example_dags/example_dynamic_task_mapping_with_no_taskflow_operators.py
[2025-07-16T11:14:53.156+0000] {logging_mixin.py:150} INFO - [2025-07-16T11:14:53.156+0000] {dag.py:2742} INFO - Sync 1 DAGs
[2025-07-16T11:14:53.170+0000] {logging_mixin.py:150} INFO - [2025-07-16T11:14:53.170+0000] {dag.py:3504} INFO - Setting next_dagrun for example_dynamic_task_mapping_with_no_taskflow_operators to 2025-07-15T11:14:53.169987+00:00, run_after=2025-07-16T11:14:53.169987+00:00
[2025-07-16T11:14:53.184+0000] {processor.py:179} INFO - Processing /home/vscode/.local/lib/python3.10/site-packages/airflow/example_dags/example_dynamic_task_mapping_with_no_taskflow_operators.py took 0.050 seconds
[2025-07-16T11:15:42.594+0000] {processor.py:157} INFO - Started process (PID=8509) to work on /home/vscode/.local/lib/python3.10/site-packages/airflow/example_dags/example_dynamic_task_mapping_with_no_taskflow_operators.py
[2025-07-16T11:15:42.595+0000] {processor.py:826} INFO - Processing file /home/vscode/.local/lib/python3.10/site-packages/airflow/example_dags/example_dynamic_task_mapping_with_no_taskflow_operators.py for tasks to queue
[2025-07-16T11:15:42.596+0000] {logging_mixin.py:150} INFO - [2025-07-16T11:15:42.596+0000] {dagbag.py:541} INFO - Filling up the DagBag from /home/vscode/.local/lib/python3.10/site-packages/airflow/example_dags/example_dynamic_task_mapping_with_no_taskflow_operators.py
[2025-07-16T11:15:42.603+0000] {processor.py:836} INFO - DAG(s) dict_keys(['example_dynamic_task_mapping_with_no_taskflow_operators']) retrieved from /home/vscode/.local/lib/python3.10/site-packages/airflow/example_dags/example_dynamic_task_mapping_with_no_taskflow_operators.py
[2025-07-16T11:15:42.615+0000] {logging_mixin.py:150} INFO - [2025-07-16T11:15:42.615+0000] {dag.py:2742} INFO - Sync 1 DAGs
[2025-07-16T11:15:42.629+0000] {logging_mixin.py:150} INFO - [2025-07-16T11:15:42.629+0000] {dag.py:3504} INFO - Setting next_dagrun for example_dynamic_task_mapping_with_no_taskflow_operators to 2025-07-15T11:15:42.629504+00:00, run_after=2025-07-16T11:15:42.629504+00:00
[2025-07-16T11:15:42.645+0000] {processor.py:179} INFO - Processing /home/vscode/.local/lib/python3.10/site-packages/airflow/example_dags/example_dynamic_task_mapping_with_no_taskflow_operators.py took 0.053 seconds
[2025-07-16T11:16:30.418+0000] {processor.py:157} INFO - Started process (PID=9057) to work on /home/vscode/.local/lib/python3.10/site-packages/airflow/example_dags/example_dynamic_task_mapping_with_no_taskflow_operators.py
[2025-07-16T11:16:30.419+0000] {processor.py:826} INFO - Processing file /home/vscode/.local/lib/python3.10/site-packages/airflow/example_dags/example_dynamic_task_mapping_with_no_taskflow_operators.py for tasks to queue
[2025-07-16T11:16:30.420+0000] {logging_mixin.py:150} INFO - [2025-07-16T11:16:30.420+0000] {dagbag.py:541} INFO - Filling up the DagBag from /home/vscode/.local/lib/python3.10/site-packages/airflow/example_dags/example_dynamic_task_mapping_with_no_taskflow_operators.py
[2025-07-16T11:16:30.427+0000] {processor.py:836} INFO - DAG(s) dict_keys(['example_dynamic_task_mapping_with_no_taskflow_operators']) retrieved from /home/vscode/.local/lib/python3.10/site-packages/airflow/example_dags/example_dynamic_task_mapping_with_no_taskflow_operators.py
[2025-07-16T11:16:30.440+0000] {logging_mixin.py:150} INFO - [2025-07-16T11:16:30.440+0000] {dag.py:2742} INFO - Sync 1 DAGs
[2025-07-16T11:16:30.454+0000] {logging_mixin.py:150} INFO - [2025-07-16T11:16:30.454+0000] {dag.py:3504} INFO - Setting next_dagrun for example_dynamic_task_mapping_with_no_taskflow_operators to 2025-07-15T11:16:30.454356+00:00, run_after=2025-07-16T11:16:30.454356+00:00
[2025-07-16T11:16:30.470+0000] {processor.py:179} INFO - Processing /home/vscode/.local/lib/python3.10/site-packages/airflow/example_dags/example_dynamic_task_mapping_with_no_taskflow_operators.py took 0.054 seconds
[2025-07-16T11:17:21.852+0000] {processor.py:157} INFO - Started process (PID=9567) to work on /home/vscode/.local/lib/python3.10/site-packages/airflow/example_dags/example_dynamic_task_mapping_with_no_taskflow_operators.py
[2025-07-16T11:17:21.852+0000] {processor.py:826} INFO - Processing file /home/vscode/.local/lib/python3.10/site-packages/airflow/example_dags/example_dynamic_task_mapping_with_no_taskflow_operators.py for tasks to queue
[2025-07-16T11:17:21.853+0000] {logging_mixin.py:150} INFO - [2025-07-16T11:17:21.853+0000] {dagbag.py:541} INFO - Filling up the DagBag from /home/vscode/.local/lib/python3.10/site-packages/airflow/example_dags/example_dynamic_task_mapping_with_no_taskflow_operators.py
[2025-07-16T11:17:21.860+0000] {processor.py:836} INFO - DAG(s) dict_keys(['example_dynamic_task_mapping_with_no_taskflow_operators']) retrieved from /home/vscode/.local/lib/python3.10/site-packages/airflow/example_dags/example_dynamic_task_mapping_with_no_taskflow_operators.py
[2025-07-16T11:17:21.873+0000] {logging_mixin.py:150} INFO - [2025-07-16T11:17:21.872+0000] {dag.py:2742} INFO - Sync 1 DAGs
[2025-07-16T11:17:21.891+0000] {logging_mixin.py:150} INFO - [2025-07-16T11:17:21.891+0000] {dag.py:3504} INFO - Setting next_dagrun for example_dynamic_task_mapping_with_no_taskflow_operators to 2025-07-15T11:17:21.891128+00:00, run_after=2025-07-16T11:17:21.891128+00:00
[2025-07-16T11:17:21.906+0000] {processor.py:179} INFO - Processing /home/vscode/.local/lib/python3.10/site-packages/airflow/example_dags/example_dynamic_task_mapping_with_no_taskflow_operators.py took 0.057 seconds
[2025-07-16T11:18:13.567+0000] {processor.py:157} INFO - Started process (PID=9928) to work on /home/vscode/.local/lib/python3.10/site-packages/airflow/example_dags/example_dynamic_task_mapping_with_no_taskflow_operators.py
[2025-07-16T11:18:13.568+0000] {processor.py:826} INFO - Processing file /home/vscode/.local/lib/python3.10/site-packages/airflow/example_dags/example_dynamic_task_mapping_with_no_taskflow_operators.py for tasks to queue
[2025-07-16T11:18:13.569+0000] {logging_mixin.py:150} INFO - [2025-07-16T11:18:13.569+0000] {dagbag.py:541} INFO - Filling up the DagBag from /home/vscode/.local/lib/python3.10/site-packages/airflow/example_dags/example_dynamic_task_mapping_with_no_taskflow_operators.py
[2025-07-16T11:18:13.575+0000] {processor.py:836} INFO - DAG(s) dict_keys(['example_dynamic_task_mapping_with_no_taskflow_operators']) retrieved from /home/vscode/.local/lib/python3.10/site-packages/airflow/example_dags/example_dynamic_task_mapping_with_no_taskflow_operators.py
[2025-07-16T11:18:13.587+0000] {logging_mixin.py:150} INFO - [2025-07-16T11:18:13.587+0000] {dag.py:2742} INFO - Sync 1 DAGs
[2025-07-16T11:18:13.601+0000] {logging_mixin.py:150} INFO - [2025-07-16T11:18:13.601+0000] {dag.py:3504} INFO - Setting next_dagrun for example_dynamic_task_mapping_with_no_taskflow_operators to 2025-07-15T11:18:13.600840+00:00, run_after=2025-07-16T11:18:13.600840+00:00
[2025-07-16T11:18:13.615+0000] {processor.py:179} INFO - Processing /home/vscode/.local/lib/python3.10/site-packages/airflow/example_dags/example_dynamic_task_mapping_with_no_taskflow_operators.py took 0.050 seconds
[2025-07-16T11:18:59.280+0000] {processor.py:157} INFO - Started process (PID=10229) to work on /home/vscode/.local/lib/python3.10/site-packages/airflow/example_dags/example_dynamic_task_mapping_with_no_taskflow_operators.py
[2025-07-16T11:18:59.280+0000] {processor.py:826} INFO - Processing file /home/vscode/.local/lib/python3.10/site-packages/airflow/example_dags/example_dynamic_task_mapping_with_no_taskflow_operators.py for tasks to queue
[2025-07-16T11:18:59.281+0000] {logging_mixin.py:150} INFO - [2025-07-16T11:18:59.281+0000] {dagbag.py:541} INFO - Filling up the DagBag from /home/vscode/.local/lib/python3.10/site-packages/airflow/example_dags/example_dynamic_task_mapping_with_no_taskflow_operators.py
[2025-07-16T11:18:59.288+0000] {processor.py:836} INFO - DAG(s) dict_keys(['example_dynamic_task_mapping_with_no_taskflow_operators']) retrieved from /home/vscode/.local/lib/python3.10/site-packages/airflow/example_dags/example_dynamic_task_mapping_with_no_taskflow_operators.py
[2025-07-16T11:18:59.300+0000] {logging_mixin.py:150} INFO - [2025-07-16T11:18:59.300+0000] {dag.py:2742} INFO - Sync 1 DAGs
[2025-07-16T11:18:59.314+0000] {logging_mixin.py:150} INFO - [2025-07-16T11:18:59.314+0000] {dag.py:3504} INFO - Setting next_dagrun for example_dynamic_task_mapping_with_no_taskflow_operators to 2025-07-15T11:18:59.314503+00:00, run_after=2025-07-16T11:18:59.314503+00:00
[2025-07-16T11:18:59.329+0000] {processor.py:179} INFO - Processing /home/vscode/.local/lib/python3.10/site-packages/airflow/example_dags/example_dynamic_task_mapping_with_no_taskflow_operators.py took 0.052 seconds
[2025-07-16T11:19:52.289+0000] {processor.py:157} INFO - Started process (PID=10585) to work on /home/vscode/.local/lib/python3.10/site-packages/airflow/example_dags/example_dynamic_task_mapping_with_no_taskflow_operators.py
[2025-07-16T11:19:52.290+0000] {processor.py:826} INFO - Processing file /home/vscode/.local/lib/python3.10/site-packages/airflow/example_dags/example_dynamic_task_mapping_with_no_taskflow_operators.py for tasks to queue
[2025-07-16T11:19:52.291+0000] {logging_mixin.py:150} INFO - [2025-07-16T11:19:52.290+0000] {dagbag.py:541} INFO - Filling up the DagBag from /home/vscode/.local/lib/python3.10/site-packages/airflow/example_dags/example_dynamic_task_mapping_with_no_taskflow_operators.py
[2025-07-16T11:19:52.297+0000] {processor.py:836} INFO - DAG(s) dict_keys(['example_dynamic_task_mapping_with_no_taskflow_operators']) retrieved from /home/vscode/.local/lib/python3.10/site-packages/airflow/example_dags/example_dynamic_task_mapping_with_no_taskflow_operators.py
[2025-07-16T11:19:52.308+0000] {logging_mixin.py:150} INFO - [2025-07-16T11:19:52.308+0000] {dag.py:2742} INFO - Sync 1 DAGs
[2025-07-16T11:19:52.323+0000] {logging_mixin.py:150} INFO - [2025-07-16T11:19:52.323+0000] {dag.py:3504} INFO - Setting next_dagrun for example_dynamic_task_mapping_with_no_taskflow_operators to 2025-07-15T11:19:52.322856+00:00, run_after=2025-07-16T11:19:52.322856+00:00
[2025-07-16T11:19:52.337+0000] {processor.py:179} INFO - Processing /home/vscode/.local/lib/python3.10/site-packages/airflow/example_dags/example_dynamic_task_mapping_with_no_taskflow_operators.py took 0.051 seconds
[2025-07-16T11:20:48.743+0000] {processor.py:157} INFO - Started process (PID=11215) to work on /home/vscode/.local/lib/python3.10/site-packages/airflow/example_dags/example_dynamic_task_mapping_with_no_taskflow_operators.py
[2025-07-16T11:20:48.744+0000] {processor.py:826} INFO - Processing file /home/vscode/.local/lib/python3.10/site-packages/airflow/example_dags/example_dynamic_task_mapping_with_no_taskflow_operators.py for tasks to queue
[2025-07-16T11:20:48.744+0000] {logging_mixin.py:150} INFO - [2025-07-16T11:20:48.744+0000] {dagbag.py:541} INFO - Filling up the DagBag from /home/vscode/.local/lib/python3.10/site-packages/airflow/example_dags/example_dynamic_task_mapping_with_no_taskflow_operators.py
[2025-07-16T11:20:48.751+0000] {processor.py:836} INFO - DAG(s) dict_keys(['example_dynamic_task_mapping_with_no_taskflow_operators']) retrieved from /home/vscode/.local/lib/python3.10/site-packages/airflow/example_dags/example_dynamic_task_mapping_with_no_taskflow_operators.py
[2025-07-16T11:20:48.763+0000] {logging_mixin.py:150} INFO - [2025-07-16T11:20:48.763+0000] {dag.py:2742} INFO - Sync 1 DAGs
[2025-07-16T11:20:48.777+0000] {logging_mixin.py:150} INFO - [2025-07-16T11:20:48.777+0000] {dag.py:3504} INFO - Setting next_dagrun for example_dynamic_task_mapping_with_no_taskflow_operators to 2025-07-15T11:20:48.777341+00:00, run_after=2025-07-16T11:20:48.777341+00:00
[2025-07-16T11:20:48.792+0000] {processor.py:179} INFO - Processing /home/vscode/.local/lib/python3.10/site-packages/airflow/example_dags/example_dynamic_task_mapping_with_no_taskflow_operators.py took 0.051 seconds
[2025-07-16T11:21:36.651+0000] {processor.py:157} INFO - Started process (PID=11951) to work on /home/vscode/.local/lib/python3.10/site-packages/airflow/example_dags/example_dynamic_task_mapping_with_no_taskflow_operators.py
[2025-07-16T11:21:36.652+0000] {processor.py:826} INFO - Processing file /home/vscode/.local/lib/python3.10/site-packages/airflow/example_dags/example_dynamic_task_mapping_with_no_taskflow_operators.py for tasks to queue
[2025-07-16T11:21:36.653+0000] {logging_mixin.py:150} INFO - [2025-07-16T11:21:36.653+0000] {dagbag.py:541} INFO - Filling up the DagBag from /home/vscode/.local/lib/python3.10/site-packages/airflow/example_dags/example_dynamic_task_mapping_with_no_taskflow_operators.py
[2025-07-16T11:21:36.661+0000] {processor.py:836} INFO - DAG(s) dict_keys(['example_dynamic_task_mapping_with_no_taskflow_operators']) retrieved from /home/vscode/.local/lib/python3.10/site-packages/airflow/example_dags/example_dynamic_task_mapping_with_no_taskflow_operators.py
[2025-07-16T11:21:36.678+0000] {logging_mixin.py:150} INFO - [2025-07-16T11:21:36.678+0000] {dag.py:2742} INFO - Sync 1 DAGs
[2025-07-16T11:21:36.705+0000] {logging_mixin.py:150} INFO - [2025-07-16T11:21:36.704+0000] {dag.py:3504} INFO - Setting next_dagrun for example_dynamic_task_mapping_with_no_taskflow_operators to 2025-07-15T11:21:36.704391+00:00, run_after=2025-07-16T11:21:36.704391+00:00
[2025-07-16T11:21:36.729+0000] {processor.py:179} INFO - Processing /home/vscode/.local/lib/python3.10/site-packages/airflow/example_dags/example_dynamic_task_mapping_with_no_taskflow_operators.py took 0.081 seconds
