[2025-07-16T11:06:44.171+0000] {processor.py:157} INFO - Started process (PID=4182) to work on /home/vscode/.local/lib/python3.10/site-packages/airflow/example_dags/example_sensors.py
[2025-07-16T11:06:44.172+0000] {processor.py:826} INFO - Processing file /home/vscode/.local/lib/python3.10/site-packages/airflow/example_dags/example_sensors.py for tasks to queue
[2025-07-16T11:06:44.173+0000] {logging_mixin.py:150} INFO - [2025-07-16T11:06:44.172+0000] {dagbag.py:541} INFO - Filling up the DagBag from /home/vscode/.local/lib/python3.10/site-packages/airflow/example_dags/example_sensors.py
[2025-07-16T11:06:44.184+0000] {processor.py:836} INFO - DAG(s) dict_keys(['example_sensors']) retrieved from /home/vscode/.local/lib/python3.10/site-packages/airflow/example_dags/example_sensors.py
[2025-07-16T11:06:44.208+0000] {logging_mixin.py:150} INFO - [2025-07-16T11:06:44.208+0000] {dag.py:2742} INFO - Sync 1 DAGs
[2025-07-16T11:06:44.229+0000] {logging_mixin.py:150} INFO - [2025-07-16T11:06:44.229+0000] {dag.py:3504} INFO - Setting next_dagrun for example_sensors to None, run_after=None
[2025-07-16T11:06:44.254+0000] {processor.py:179} INFO - Processing /home/vscode/.local/lib/python3.10/site-packages/airflow/example_dags/example_sensors.py took 0.086 seconds
[2025-07-16T11:07:30.829+0000] {processor.py:157} INFO - Started process (PID=4568) to work on /home/vscode/.local/lib/python3.10/site-packages/airflow/example_dags/example_sensors.py
[2025-07-16T11:07:30.829+0000] {processor.py:826} INFO - Processing file /home/vscode/.local/lib/python3.10/site-packages/airflow/example_dags/example_sensors.py for tasks to queue
[2025-07-16T11:07:30.830+0000] {logging_mixin.py:150} INFO - [2025-07-16T11:07:30.830+0000] {dagbag.py:541} INFO - Filling up the DagBag from /home/vscode/.local/lib/python3.10/site-packages/airflow/example_dags/example_sensors.py
[2025-07-16T11:07:30.839+0000] {processor.py:836} INFO - DAG(s) dict_keys(['example_sensors']) retrieved from /home/vscode/.local/lib/python3.10/site-packages/airflow/example_dags/example_sensors.py
[2025-07-16T11:07:30.855+0000] {logging_mixin.py:150} INFO - [2025-07-16T11:07:30.855+0000] {dag.py:2742} INFO - Sync 1 DAGs
[2025-07-16T11:07:30.872+0000] {logging_mixin.py:150} INFO - [2025-07-16T11:07:30.871+0000] {dag.py:3504} INFO - Setting next_dagrun for example_sensors to None, run_after=None
[2025-07-16T11:07:30.888+0000] {processor.py:179} INFO - Processing /home/vscode/.local/lib/python3.10/site-packages/airflow/example_dags/example_sensors.py took 0.062 seconds
[2025-07-16T11:08:16.346+0000] {processor.py:157} INFO - Started process (PID=4900) to work on /home/vscode/.local/lib/python3.10/site-packages/airflow/example_dags/example_sensors.py
[2025-07-16T11:08:16.347+0000] {processor.py:826} INFO - Processing file /home/vscode/.local/lib/python3.10/site-packages/airflow/example_dags/example_sensors.py for tasks to queue
[2025-07-16T11:08:16.347+0000] {logging_mixin.py:150} INFO - [2025-07-16T11:08:16.347+0000] {dagbag.py:541} INFO - Filling up the DagBag from /home/vscode/.local/lib/python3.10/site-packages/airflow/example_dags/example_sensors.py
[2025-07-16T11:08:16.356+0000] {processor.py:836} INFO - DAG(s) dict_keys(['example_sensors']) retrieved from /home/vscode/.local/lib/python3.10/site-packages/airflow/example_dags/example_sensors.py
[2025-07-16T11:08:16.372+0000] {logging_mixin.py:150} INFO - [2025-07-16T11:08:16.372+0000] {dag.py:2742} INFO - Sync 1 DAGs
[2025-07-16T11:08:16.386+0000] {logging_mixin.py:150} INFO - [2025-07-16T11:08:16.386+0000] {dag.py:3504} INFO - Setting next_dagrun for example_sensors to None, run_after=None
[2025-07-16T11:08:16.403+0000] {processor.py:179} INFO - Processing /home/vscode/.local/lib/python3.10/site-packages/airflow/example_dags/example_sensors.py took 0.060 seconds
[2025-07-16T11:09:03.047+0000] {processor.py:157} INFO - Started process (PID=5232) to work on /home/vscode/.local/lib/python3.10/site-packages/airflow/example_dags/example_sensors.py
[2025-07-16T11:09:03.048+0000] {processor.py:826} INFO - Processing file /home/vscode/.local/lib/python3.10/site-packages/airflow/example_dags/example_sensors.py for tasks to queue
[2025-07-16T11:09:03.049+0000] {logging_mixin.py:150} INFO - [2025-07-16T11:09:03.049+0000] {dagbag.py:541} INFO - Filling up the DagBag from /home/vscode/.local/lib/python3.10/site-packages/airflow/example_dags/example_sensors.py
[2025-07-16T11:09:03.058+0000] {processor.py:836} INFO - DAG(s) dict_keys(['example_sensors']) retrieved from /home/vscode/.local/lib/python3.10/site-packages/airflow/example_dags/example_sensors.py
[2025-07-16T11:09:03.077+0000] {logging_mixin.py:150} INFO - [2025-07-16T11:09:03.076+0000] {dag.py:2742} INFO - Sync 1 DAGs
[2025-07-16T11:09:03.093+0000] {logging_mixin.py:150} INFO - [2025-07-16T11:09:03.093+0000] {dag.py:3504} INFO - Setting next_dagrun for example_sensors to None, run_after=None
[2025-07-16T11:09:03.113+0000] {processor.py:179} INFO - Processing /home/vscode/.local/lib/python3.10/site-packages/airflow/example_dags/example_sensors.py took 0.068 seconds
[2025-07-16T11:09:54.487+0000] {processor.py:157} INFO - Started process (PID=5622) to work on /home/vscode/.local/lib/python3.10/site-packages/airflow/example_dags/example_sensors.py
[2025-07-16T11:09:54.488+0000] {processor.py:826} INFO - Processing file /home/vscode/.local/lib/python3.10/site-packages/airflow/example_dags/example_sensors.py for tasks to queue
[2025-07-16T11:09:54.488+0000] {logging_mixin.py:150} INFO - [2025-07-16T11:09:54.488+0000] {dagbag.py:541} INFO - Filling up the DagBag from /home/vscode/.local/lib/python3.10/site-packages/airflow/example_dags/example_sensors.py
[2025-07-16T11:09:54.496+0000] {processor.py:836} INFO - DAG(s) dict_keys(['example_sensors']) retrieved from /home/vscode/.local/lib/python3.10/site-packages/airflow/example_dags/example_sensors.py
[2025-07-16T11:09:54.512+0000] {logging_mixin.py:150} INFO - [2025-07-16T11:09:54.512+0000] {dag.py:2742} INFO - Sync 1 DAGs
[2025-07-16T11:09:54.534+0000] {logging_mixin.py:150} INFO - [2025-07-16T11:09:54.533+0000] {dag.py:3504} INFO - Setting next_dagrun for example_sensors to None, run_after=None
[2025-07-16T11:09:54.556+0000] {processor.py:179} INFO - Processing /home/vscode/.local/lib/python3.10/site-packages/airflow/example_dags/example_sensors.py took 0.072 seconds
[2025-07-16T11:10:40.609+0000] {processor.py:157} INFO - Started process (PID=5971) to work on /home/vscode/.local/lib/python3.10/site-packages/airflow/example_dags/example_sensors.py
[2025-07-16T11:10:40.610+0000] {processor.py:826} INFO - Processing file /home/vscode/.local/lib/python3.10/site-packages/airflow/example_dags/example_sensors.py for tasks to queue
[2025-07-16T11:10:40.610+0000] {logging_mixin.py:150} INFO - [2025-07-16T11:10:40.610+0000] {dagbag.py:541} INFO - Filling up the DagBag from /home/vscode/.local/lib/python3.10/site-packages/airflow/example_dags/example_sensors.py
[2025-07-16T11:10:40.619+0000] {processor.py:836} INFO - DAG(s) dict_keys(['example_sensors']) retrieved from /home/vscode/.local/lib/python3.10/site-packages/airflow/example_dags/example_sensors.py
[2025-07-16T11:10:40.634+0000] {logging_mixin.py:150} INFO - [2025-07-16T11:10:40.634+0000] {dag.py:2742} INFO - Sync 1 DAGs
[2025-07-16T11:10:40.648+0000] {logging_mixin.py:150} INFO - [2025-07-16T11:10:40.648+0000] {dag.py:3504} INFO - Setting next_dagrun for example_sensors to None, run_after=None
[2025-07-16T11:10:40.663+0000] {processor.py:179} INFO - Processing /home/vscode/.local/lib/python3.10/site-packages/airflow/example_dags/example_sensors.py took 0.057 seconds
[2025-07-16T11:11:27.470+0000] {processor.py:157} INFO - Started process (PID=6319) to work on /home/vscode/.local/lib/python3.10/site-packages/airflow/example_dags/example_sensors.py
[2025-07-16T11:11:27.471+0000] {processor.py:826} INFO - Processing file /home/vscode/.local/lib/python3.10/site-packages/airflow/example_dags/example_sensors.py for tasks to queue
[2025-07-16T11:11:27.472+0000] {logging_mixin.py:150} INFO - [2025-07-16T11:11:27.471+0000] {dagbag.py:541} INFO - Filling up the DagBag from /home/vscode/.local/lib/python3.10/site-packages/airflow/example_dags/example_sensors.py
[2025-07-16T11:11:27.480+0000] {processor.py:836} INFO - DAG(s) dict_keys(['example_sensors']) retrieved from /home/vscode/.local/lib/python3.10/site-packages/airflow/example_dags/example_sensors.py
[2025-07-16T11:11:27.495+0000] {logging_mixin.py:150} INFO - [2025-07-16T11:11:27.495+0000] {dag.py:2742} INFO - Sync 1 DAGs
[2025-07-16T11:11:27.509+0000] {logging_mixin.py:150} INFO - [2025-07-16T11:11:27.509+0000] {dag.py:3504} INFO - Setting next_dagrun for example_sensors to None, run_after=None
[2025-07-16T11:11:27.524+0000] {processor.py:179} INFO - Processing /home/vscode/.local/lib/python3.10/site-packages/airflow/example_dags/example_sensors.py took 0.057 seconds
[2025-07-16T11:12:13.287+0000] {processor.py:157} INFO - Started process (PID=6646) to work on /home/vscode/.local/lib/python3.10/site-packages/airflow/example_dags/example_sensors.py
[2025-07-16T11:12:13.288+0000] {processor.py:826} INFO - Processing file /home/vscode/.local/lib/python3.10/site-packages/airflow/example_dags/example_sensors.py for tasks to queue
[2025-07-16T11:12:13.289+0000] {logging_mixin.py:150} INFO - [2025-07-16T11:12:13.289+0000] {dagbag.py:541} INFO - Filling up the DagBag from /home/vscode/.local/lib/python3.10/site-packages/airflow/example_dags/example_sensors.py
[2025-07-16T11:12:13.300+0000] {processor.py:836} INFO - DAG(s) dict_keys(['example_sensors']) retrieved from /home/vscode/.local/lib/python3.10/site-packages/airflow/example_dags/example_sensors.py
[2025-07-16T11:12:13.315+0000] {logging_mixin.py:150} INFO - [2025-07-16T11:12:13.315+0000] {dag.py:2742} INFO - Sync 1 DAGs
[2025-07-16T11:12:13.329+0000] {logging_mixin.py:150} INFO - [2025-07-16T11:12:13.329+0000] {dag.py:3504} INFO - Setting next_dagrun for example_sensors to None, run_after=None
[2025-07-16T11:12:13.344+0000] {processor.py:179} INFO - Processing /home/vscode/.local/lib/python3.10/site-packages/airflow/example_dags/example_sensors.py took 0.059 seconds
[2025-07-16T11:12:56.033+0000] {processor.py:157} INFO - Started process (PID=6969) to work on /home/vscode/.local/lib/python3.10/site-packages/airflow/example_dags/example_sensors.py
[2025-07-16T11:12:56.034+0000] {processor.py:826} INFO - Processing file /home/vscode/.local/lib/python3.10/site-packages/airflow/example_dags/example_sensors.py for tasks to queue
[2025-07-16T11:12:56.035+0000] {logging_mixin.py:150} INFO - [2025-07-16T11:12:56.035+0000] {dagbag.py:541} INFO - Filling up the DagBag from /home/vscode/.local/lib/python3.10/site-packages/airflow/example_dags/example_sensors.py
[2025-07-16T11:12:56.043+0000] {processor.py:836} INFO - DAG(s) dict_keys(['example_sensors']) retrieved from /home/vscode/.local/lib/python3.10/site-packages/airflow/example_dags/example_sensors.py
[2025-07-16T11:12:56.058+0000] {logging_mixin.py:150} INFO - [2025-07-16T11:12:56.058+0000] {dag.py:2742} INFO - Sync 1 DAGs
[2025-07-16T11:12:56.072+0000] {logging_mixin.py:150} INFO - [2025-07-16T11:12:56.072+0000] {dag.py:3504} INFO - Setting next_dagrun for example_sensors to None, run_after=None
[2025-07-16T11:12:56.089+0000] {processor.py:179} INFO - Processing /home/vscode/.local/lib/python3.10/site-packages/airflow/example_dags/example_sensors.py took 0.058 seconds
[2025-07-16T11:13:45.200+0000] {processor.py:157} INFO - Started process (PID=7343) to work on /home/vscode/.local/lib/python3.10/site-packages/airflow/example_dags/example_sensors.py
[2025-07-16T11:13:45.201+0000] {processor.py:826} INFO - Processing file /home/vscode/.local/lib/python3.10/site-packages/airflow/example_dags/example_sensors.py for tasks to queue
[2025-07-16T11:13:45.202+0000] {logging_mixin.py:150} INFO - [2025-07-16T11:13:45.202+0000] {dagbag.py:541} INFO - Filling up the DagBag from /home/vscode/.local/lib/python3.10/site-packages/airflow/example_dags/example_sensors.py
[2025-07-16T11:13:45.210+0000] {processor.py:836} INFO - DAG(s) dict_keys(['example_sensors']) retrieved from /home/vscode/.local/lib/python3.10/site-packages/airflow/example_dags/example_sensors.py
[2025-07-16T11:13:45.225+0000] {logging_mixin.py:150} INFO - [2025-07-16T11:13:45.225+0000] {dag.py:2742} INFO - Sync 1 DAGs
[2025-07-16T11:13:45.239+0000] {logging_mixin.py:150} INFO - [2025-07-16T11:13:45.239+0000] {dag.py:3504} INFO - Setting next_dagrun for example_sensors to None, run_after=None
[2025-07-16T11:13:45.255+0000] {processor.py:179} INFO - Processing /home/vscode/.local/lib/python3.10/site-packages/airflow/example_dags/example_sensors.py took 0.058 seconds
[2025-07-16T11:14:31.743+0000] {processor.py:157} INFO - Started process (PID=7811) to work on /home/vscode/.local/lib/python3.10/site-packages/airflow/example_dags/example_sensors.py
[2025-07-16T11:14:31.744+0000] {processor.py:826} INFO - Processing file /home/vscode/.local/lib/python3.10/site-packages/airflow/example_dags/example_sensors.py for tasks to queue
[2025-07-16T11:14:31.745+0000] {logging_mixin.py:150} INFO - [2025-07-16T11:14:31.744+0000] {dagbag.py:541} INFO - Filling up the DagBag from /home/vscode/.local/lib/python3.10/site-packages/airflow/example_dags/example_sensors.py
[2025-07-16T11:14:31.753+0000] {processor.py:836} INFO - DAG(s) dict_keys(['example_sensors']) retrieved from /home/vscode/.local/lib/python3.10/site-packages/airflow/example_dags/example_sensors.py
[2025-07-16T11:14:31.771+0000] {logging_mixin.py:150} INFO - [2025-07-16T11:14:31.771+0000] {dag.py:2742} INFO - Sync 1 DAGs
[2025-07-16T11:14:31.785+0000] {logging_mixin.py:150} INFO - [2025-07-16T11:14:31.785+0000] {dag.py:3504} INFO - Setting next_dagrun for example_sensors to None, run_after=None
[2025-07-16T11:14:31.800+0000] {processor.py:179} INFO - Processing /home/vscode/.local/lib/python3.10/site-packages/airflow/example_dags/example_sensors.py took 0.059 seconds
[2025-07-16T11:15:23.439+0000] {processor.py:157} INFO - Started process (PID=8294) to work on /home/vscode/.local/lib/python3.10/site-packages/airflow/example_dags/example_sensors.py
[2025-07-16T11:15:23.440+0000] {processor.py:826} INFO - Processing file /home/vscode/.local/lib/python3.10/site-packages/airflow/example_dags/example_sensors.py for tasks to queue
[2025-07-16T11:15:23.440+0000] {logging_mixin.py:150} INFO - [2025-07-16T11:15:23.440+0000] {dagbag.py:541} INFO - Filling up the DagBag from /home/vscode/.local/lib/python3.10/site-packages/airflow/example_dags/example_sensors.py
[2025-07-16T11:15:23.448+0000] {processor.py:836} INFO - DAG(s) dict_keys(['example_sensors']) retrieved from /home/vscode/.local/lib/python3.10/site-packages/airflow/example_dags/example_sensors.py
[2025-07-16T11:15:23.463+0000] {logging_mixin.py:150} INFO - [2025-07-16T11:15:23.463+0000] {dag.py:2742} INFO - Sync 1 DAGs
[2025-07-16T11:15:23.477+0000] {logging_mixin.py:150} INFO - [2025-07-16T11:15:23.477+0000] {dag.py:3504} INFO - Setting next_dagrun for example_sensors to None, run_after=None
[2025-07-16T11:15:23.492+0000] {processor.py:179} INFO - Processing /home/vscode/.local/lib/python3.10/site-packages/airflow/example_dags/example_sensors.py took 0.056 seconds
[2025-07-16T11:16:11.562+0000] {processor.py:157} INFO - Started process (PID=8795) to work on /home/vscode/.local/lib/python3.10/site-packages/airflow/example_dags/example_sensors.py
[2025-07-16T11:16:11.563+0000] {processor.py:826} INFO - Processing file /home/vscode/.local/lib/python3.10/site-packages/airflow/example_dags/example_sensors.py for tasks to queue
[2025-07-16T11:16:11.564+0000] {logging_mixin.py:150} INFO - [2025-07-16T11:16:11.564+0000] {dagbag.py:541} INFO - Filling up the DagBag from /home/vscode/.local/lib/python3.10/site-packages/airflow/example_dags/example_sensors.py
[2025-07-16T11:16:11.580+0000] {processor.py:836} INFO - DAG(s) dict_keys(['example_sensors']) retrieved from /home/vscode/.local/lib/python3.10/site-packages/airflow/example_dags/example_sensors.py
[2025-07-16T11:16:11.606+0000] {logging_mixin.py:150} INFO - [2025-07-16T11:16:11.606+0000] {dag.py:2742} INFO - Sync 1 DAGs
[2025-07-16T11:16:11.624+0000] {logging_mixin.py:150} INFO - [2025-07-16T11:16:11.624+0000] {dag.py:3504} INFO - Setting next_dagrun for example_sensors to None, run_after=None
[2025-07-16T11:16:11.641+0000] {processor.py:179} INFO - Processing /home/vscode/.local/lib/python3.10/site-packages/airflow/example_dags/example_sensors.py took 0.081 seconds
[2025-07-16T11:16:58.973+0000] {processor.py:157} INFO - Started process (PID=9322) to work on /home/vscode/.local/lib/python3.10/site-packages/airflow/example_dags/example_sensors.py
[2025-07-16T11:16:58.974+0000] {processor.py:826} INFO - Processing file /home/vscode/.local/lib/python3.10/site-packages/airflow/example_dags/example_sensors.py for tasks to queue
[2025-07-16T11:16:58.975+0000] {logging_mixin.py:150} INFO - [2025-07-16T11:16:58.975+0000] {dagbag.py:541} INFO - Filling up the DagBag from /home/vscode/.local/lib/python3.10/site-packages/airflow/example_dags/example_sensors.py
[2025-07-16T11:16:58.983+0000] {processor.py:836} INFO - DAG(s) dict_keys(['example_sensors']) retrieved from /home/vscode/.local/lib/python3.10/site-packages/airflow/example_dags/example_sensors.py
[2025-07-16T11:16:58.998+0000] {logging_mixin.py:150} INFO - [2025-07-16T11:16:58.997+0000] {dag.py:2742} INFO - Sync 1 DAGs
[2025-07-16T11:16:59.011+0000] {logging_mixin.py:150} INFO - [2025-07-16T11:16:59.011+0000] {dag.py:3504} INFO - Setting next_dagrun for example_sensors to None, run_after=None
[2025-07-16T11:16:59.026+0000] {processor.py:179} INFO - Processing /home/vscode/.local/lib/python3.10/site-packages/airflow/example_dags/example_sensors.py took 0.055 seconds
[2025-07-16T11:17:43.265+0000] {processor.py:157} INFO - Started process (PID=9723) to work on /home/vscode/.local/lib/python3.10/site-packages/airflow/example_dags/example_sensors.py
[2025-07-16T11:17:43.266+0000] {processor.py:826} INFO - Processing file /home/vscode/.local/lib/python3.10/site-packages/airflow/example_dags/example_sensors.py for tasks to queue
[2025-07-16T11:17:43.267+0000] {logging_mixin.py:150} INFO - [2025-07-16T11:17:43.266+0000] {dagbag.py:541} INFO - Filling up the DagBag from /home/vscode/.local/lib/python3.10/site-packages/airflow/example_dags/example_sensors.py
[2025-07-16T11:17:43.274+0000] {processor.py:836} INFO - DAG(s) dict_keys(['example_sensors']) retrieved from /home/vscode/.local/lib/python3.10/site-packages/airflow/example_dags/example_sensors.py
[2025-07-16T11:17:43.289+0000] {logging_mixin.py:150} INFO - [2025-07-16T11:17:43.289+0000] {dag.py:2742} INFO - Sync 1 DAGs
[2025-07-16T11:17:43.303+0000] {logging_mixin.py:150} INFO - [2025-07-16T11:17:43.302+0000] {dag.py:3504} INFO - Setting next_dagrun for example_sensors to None, run_after=None
[2025-07-16T11:17:43.317+0000] {processor.py:179} INFO - Processing /home/vscode/.local/lib/python3.10/site-packages/airflow/example_dags/example_sensors.py took 0.055 seconds
[2025-07-16T11:18:32.707+0000] {processor.py:157} INFO - Started process (PID=10050) to work on /home/vscode/.local/lib/python3.10/site-packages/airflow/example_dags/example_sensors.py
[2025-07-16T11:18:32.708+0000] {processor.py:826} INFO - Processing file /home/vscode/.local/lib/python3.10/site-packages/airflow/example_dags/example_sensors.py for tasks to queue
[2025-07-16T11:18:32.709+0000] {logging_mixin.py:150} INFO - [2025-07-16T11:18:32.709+0000] {dagbag.py:541} INFO - Filling up the DagBag from /home/vscode/.local/lib/python3.10/site-packages/airflow/example_dags/example_sensors.py
[2025-07-16T11:18:32.717+0000] {processor.py:836} INFO - DAG(s) dict_keys(['example_sensors']) retrieved from /home/vscode/.local/lib/python3.10/site-packages/airflow/example_dags/example_sensors.py
[2025-07-16T11:18:32.732+0000] {logging_mixin.py:150} INFO - [2025-07-16T11:18:32.732+0000] {dag.py:2742} INFO - Sync 1 DAGs
[2025-07-16T11:18:32.746+0000] {logging_mixin.py:150} INFO - [2025-07-16T11:18:32.746+0000] {dag.py:3504} INFO - Setting next_dagrun for example_sensors to None, run_after=None
[2025-07-16T11:18:32.762+0000] {processor.py:179} INFO - Processing /home/vscode/.local/lib/python3.10/site-packages/airflow/example_dags/example_sensors.py took 0.057 seconds
[2025-07-16T11:19:21.568+0000] {processor.py:157} INFO - Started process (PID=10375) to work on /home/vscode/.local/lib/python3.10/site-packages/airflow/example_dags/example_sensors.py
[2025-07-16T11:19:21.569+0000] {processor.py:826} INFO - Processing file /home/vscode/.local/lib/python3.10/site-packages/airflow/example_dags/example_sensors.py for tasks to queue
[2025-07-16T11:19:21.569+0000] {logging_mixin.py:150} INFO - [2025-07-16T11:19:21.569+0000] {dagbag.py:541} INFO - Filling up the DagBag from /home/vscode/.local/lib/python3.10/site-packages/airflow/example_dags/example_sensors.py
[2025-07-16T11:19:21.578+0000] {processor.py:836} INFO - DAG(s) dict_keys(['example_sensors']) retrieved from /home/vscode/.local/lib/python3.10/site-packages/airflow/example_dags/example_sensors.py
[2025-07-16T11:19:21.593+0000] {logging_mixin.py:150} INFO - [2025-07-16T11:19:21.593+0000] {dag.py:2742} INFO - Sync 1 DAGs
[2025-07-16T11:19:21.607+0000] {logging_mixin.py:150} INFO - [2025-07-16T11:19:21.607+0000] {dag.py:3504} INFO - Setting next_dagrun for example_sensors to None, run_after=None
[2025-07-16T11:19:21.621+0000] {processor.py:179} INFO - Processing /home/vscode/.local/lib/python3.10/site-packages/airflow/example_dags/example_sensors.py took 0.056 seconds
[2025-07-16T11:20:15.319+0000] {processor.py:157} INFO - Started process (PID=10738) to work on /home/vscode/.local/lib/python3.10/site-packages/airflow/example_dags/example_sensors.py
[2025-07-16T11:20:15.320+0000] {processor.py:826} INFO - Processing file /home/vscode/.local/lib/python3.10/site-packages/airflow/example_dags/example_sensors.py for tasks to queue
[2025-07-16T11:20:15.321+0000] {logging_mixin.py:150} INFO - [2025-07-16T11:20:15.321+0000] {dagbag.py:541} INFO - Filling up the DagBag from /home/vscode/.local/lib/python3.10/site-packages/airflow/example_dags/example_sensors.py
[2025-07-16T11:20:15.329+0000] {processor.py:836} INFO - DAG(s) dict_keys(['example_sensors']) retrieved from /home/vscode/.local/lib/python3.10/site-packages/airflow/example_dags/example_sensors.py
[2025-07-16T11:20:15.345+0000] {logging_mixin.py:150} INFO - [2025-07-16T11:20:15.345+0000] {dag.py:2742} INFO - Sync 1 DAGs
[2025-07-16T11:20:15.360+0000] {logging_mixin.py:150} INFO - [2025-07-16T11:20:15.360+0000] {dag.py:3504} INFO - Setting next_dagrun for example_sensors to None, run_after=None
[2025-07-16T11:20:15.374+0000] {processor.py:179} INFO - Processing /home/vscode/.local/lib/python3.10/site-packages/airflow/example_dags/example_sensors.py took 0.058 seconds
[2025-07-16T11:21:14.785+0000] {processor.py:157} INFO - Started process (PID=11700) to work on /home/vscode/.local/lib/python3.10/site-packages/airflow/example_dags/example_sensors.py
[2025-07-16T11:21:14.786+0000] {processor.py:826} INFO - Processing file /home/vscode/.local/lib/python3.10/site-packages/airflow/example_dags/example_sensors.py for tasks to queue
[2025-07-16T11:21:14.787+0000] {logging_mixin.py:150} INFO - [2025-07-16T11:21:14.786+0000] {dagbag.py:541} INFO - Filling up the DagBag from /home/vscode/.local/lib/python3.10/site-packages/airflow/example_dags/example_sensors.py
[2025-07-16T11:21:14.795+0000] {processor.py:836} INFO - DAG(s) dict_keys(['example_sensors']) retrieved from /home/vscode/.local/lib/python3.10/site-packages/airflow/example_dags/example_sensors.py
[2025-07-16T11:21:14.813+0000] {logging_mixin.py:150} INFO - [2025-07-16T11:21:14.812+0000] {dag.py:2742} INFO - Sync 1 DAGs
[2025-07-16T11:21:14.828+0000] {logging_mixin.py:150} INFO - [2025-07-16T11:21:14.827+0000] {dag.py:3504} INFO - Setting next_dagrun for example_sensors to None, run_after=None
[2025-07-16T11:21:14.842+0000] {processor.py:179} INFO - Processing /home/vscode/.local/lib/python3.10/site-packages/airflow/example_dags/example_sensors.py took 0.060 seconds
