[2025-07-16T11:06:30.211+0000] {processor.py:157} INFO - Started process (PID=4059) to work on /home/vscode/.local/lib/python3.10/site-packages/airflow/example_dags/tutorial_taskflow_api_virtualenv.py
[2025-07-16T11:06:30.212+0000] {processor.py:826} INFO - Processing file /home/vscode/.local/lib/python3.10/site-packages/airflow/example_dags/tutorial_taskflow_api_virtualenv.py for tasks to queue
[2025-07-16T11:06:30.213+0000] {logging_mixin.py:150} INFO - [2025-07-16T11:06:30.212+0000] {dagbag.py:541} INFO - Filling up the DagBag from /home/vscode/.local/lib/python3.10/site-packages/airflow/example_dags/tutorial_taskflow_api_virtualenv.py
[2025-07-16T11:06:30.219+0000] {processor.py:836} INFO - DAG(s) dict_keys(['tutorial_taskflow_api_virtualenv']) retrieved from /home/vscode/.local/lib/python3.10/site-packages/airflow/example_dags/tutorial_taskflow_api_virtualenv.py
[2025-07-16T11:06:30.238+0000] {logging_mixin.py:150} INFO - [2025-07-16T11:06:30.238+0000] {dag.py:2742} INFO - Sync 1 DAGs
[2025-07-16T11:06:30.252+0000] {logging_mixin.py:150} INFO - [2025-07-16T11:06:30.252+0000] {dag.py:3504} INFO - Setting next_dagrun for tutorial_taskflow_api_virtualenv to None, run_after=None
[2025-07-16T11:06:30.266+0000] {processor.py:179} INFO - Processing /home/vscode/.local/lib/python3.10/site-packages/airflow/example_dags/tutorial_taskflow_api_virtualenv.py took 0.057 seconds
[2025-07-16T11:07:15.380+0000] {processor.py:157} INFO - Started process (PID=4432) to work on /home/vscode/.local/lib/python3.10/site-packages/airflow/example_dags/tutorial_taskflow_api_virtualenv.py
[2025-07-16T11:07:15.380+0000] {processor.py:826} INFO - Processing file /home/vscode/.local/lib/python3.10/site-packages/airflow/example_dags/tutorial_taskflow_api_virtualenv.py for tasks to queue
[2025-07-16T11:07:15.381+0000] {logging_mixin.py:150} INFO - [2025-07-16T11:07:15.381+0000] {dagbag.py:541} INFO - Filling up the DagBag from /home/vscode/.local/lib/python3.10/site-packages/airflow/example_dags/tutorial_taskflow_api_virtualenv.py
[2025-07-16T11:07:15.387+0000] {processor.py:836} INFO - DAG(s) dict_keys(['tutorial_taskflow_api_virtualenv']) retrieved from /home/vscode/.local/lib/python3.10/site-packages/airflow/example_dags/tutorial_taskflow_api_virtualenv.py
[2025-07-16T11:07:15.400+0000] {logging_mixin.py:150} INFO - [2025-07-16T11:07:15.399+0000] {dag.py:2742} INFO - Sync 1 DAGs
[2025-07-16T11:07:15.414+0000] {logging_mixin.py:150} INFO - [2025-07-16T11:07:15.414+0000] {dag.py:3504} INFO - Setting next_dagrun for tutorial_taskflow_api_virtualenv to None, run_after=None
[2025-07-16T11:07:15.433+0000] {processor.py:179} INFO - Processing /home/vscode/.local/lib/python3.10/site-packages/airflow/example_dags/tutorial_taskflow_api_virtualenv.py took 0.056 seconds
[2025-07-16T11:07:59.916+0000] {processor.py:157} INFO - Started process (PID=4791) to work on /home/vscode/.local/lib/python3.10/site-packages/airflow/example_dags/tutorial_taskflow_api_virtualenv.py
[2025-07-16T11:07:59.917+0000] {processor.py:826} INFO - Processing file /home/vscode/.local/lib/python3.10/site-packages/airflow/example_dags/tutorial_taskflow_api_virtualenv.py for tasks to queue
[2025-07-16T11:07:59.918+0000] {logging_mixin.py:150} INFO - [2025-07-16T11:07:59.917+0000] {dagbag.py:541} INFO - Filling up the DagBag from /home/vscode/.local/lib/python3.10/site-packages/airflow/example_dags/tutorial_taskflow_api_virtualenv.py
[2025-07-16T11:07:59.923+0000] {processor.py:836} INFO - DAG(s) dict_keys(['tutorial_taskflow_api_virtualenv']) retrieved from /home/vscode/.local/lib/python3.10/site-packages/airflow/example_dags/tutorial_taskflow_api_virtualenv.py
[2025-07-16T11:07:59.936+0000] {logging_mixin.py:150} INFO - [2025-07-16T11:07:59.936+0000] {dag.py:2742} INFO - Sync 1 DAGs
[2025-07-16T11:07:59.950+0000] {logging_mixin.py:150} INFO - [2025-07-16T11:07:59.950+0000] {dag.py:3504} INFO - Setting next_dagrun for tutorial_taskflow_api_virtualenv to None, run_after=None
[2025-07-16T11:07:59.964+0000] {processor.py:179} INFO - Processing /home/vscode/.local/lib/python3.10/site-packages/airflow/example_dags/tutorial_taskflow_api_virtualenv.py took 0.050 seconds
[2025-07-16T11:08:45.629+0000] {processor.py:157} INFO - Started process (PID=5102) to work on /home/vscode/.local/lib/python3.10/site-packages/airflow/example_dags/tutorial_taskflow_api_virtualenv.py
[2025-07-16T11:08:45.630+0000] {processor.py:826} INFO - Processing file /home/vscode/.local/lib/python3.10/site-packages/airflow/example_dags/tutorial_taskflow_api_virtualenv.py for tasks to queue
[2025-07-16T11:08:45.631+0000] {logging_mixin.py:150} INFO - [2025-07-16T11:08:45.630+0000] {dagbag.py:541} INFO - Filling up the DagBag from /home/vscode/.local/lib/python3.10/site-packages/airflow/example_dags/tutorial_taskflow_api_virtualenv.py
[2025-07-16T11:08:45.639+0000] {processor.py:836} INFO - DAG(s) dict_keys(['tutorial_taskflow_api_virtualenv']) retrieved from /home/vscode/.local/lib/python3.10/site-packages/airflow/example_dags/tutorial_taskflow_api_virtualenv.py
[2025-07-16T11:08:45.659+0000] {logging_mixin.py:150} INFO - [2025-07-16T11:08:45.658+0000] {dag.py:2742} INFO - Sync 1 DAGs
[2025-07-16T11:08:45.682+0000] {logging_mixin.py:150} INFO - [2025-07-16T11:08:45.682+0000] {dag.py:3504} INFO - Setting next_dagrun for tutorial_taskflow_api_virtualenv to None, run_after=None
[2025-07-16T11:08:45.698+0000] {processor.py:179} INFO - Processing /home/vscode/.local/lib/python3.10/site-packages/airflow/example_dags/tutorial_taskflow_api_virtualenv.py took 0.073 seconds
[2025-07-16T11:09:19.014+0000] {processor.py:157} INFO - Started process (PID=5357) to work on /home/vscode/.local/lib/python3.10/site-packages/airflow/example_dags/tutorial_taskflow_api_virtualenv.py
[2025-07-16T11:09:19.015+0000] {processor.py:826} INFO - Processing file /home/vscode/.local/lib/python3.10/site-packages/airflow/example_dags/tutorial_taskflow_api_virtualenv.py for tasks to queue
[2025-07-16T11:09:19.015+0000] {logging_mixin.py:150} INFO - [2025-07-16T11:09:19.015+0000] {dagbag.py:541} INFO - Filling up the DagBag from /home/vscode/.local/lib/python3.10/site-packages/airflow/example_dags/tutorial_taskflow_api_virtualenv.py
[2025-07-16T11:09:19.021+0000] {processor.py:836} INFO - DAG(s) dict_keys(['tutorial_taskflow_api_virtualenv']) retrieved from /home/vscode/.local/lib/python3.10/site-packages/airflow/example_dags/tutorial_taskflow_api_virtualenv.py
[2025-07-16T11:09:19.034+0000] {logging_mixin.py:150} INFO - [2025-07-16T11:09:19.034+0000] {dag.py:2742} INFO - Sync 1 DAGs
[2025-07-16T11:09:19.048+0000] {logging_mixin.py:150} INFO - [2025-07-16T11:09:19.048+0000] {dag.py:3504} INFO - Setting next_dagrun for tutorial_taskflow_api_virtualenv to None, run_after=None
[2025-07-16T11:09:19.063+0000] {processor.py:179} INFO - Processing /home/vscode/.local/lib/python3.10/site-packages/airflow/example_dags/tutorial_taskflow_api_virtualenv.py took 0.052 seconds
[2025-07-16T11:09:53.349+0000] {processor.py:157} INFO - Started process (PID=5619) to work on /home/vscode/.local/lib/python3.10/site-packages/airflow/example_dags/tutorial_taskflow_api_virtualenv.py
[2025-07-16T11:09:53.350+0000] {processor.py:826} INFO - Processing file /home/vscode/.local/lib/python3.10/site-packages/airflow/example_dags/tutorial_taskflow_api_virtualenv.py for tasks to queue
[2025-07-16T11:09:53.350+0000] {logging_mixin.py:150} INFO - [2025-07-16T11:09:53.350+0000] {dagbag.py:541} INFO - Filling up the DagBag from /home/vscode/.local/lib/python3.10/site-packages/airflow/example_dags/tutorial_taskflow_api_virtualenv.py
[2025-07-16T11:09:53.356+0000] {processor.py:836} INFO - DAG(s) dict_keys(['tutorial_taskflow_api_virtualenv']) retrieved from /home/vscode/.local/lib/python3.10/site-packages/airflow/example_dags/tutorial_taskflow_api_virtualenv.py
[2025-07-16T11:09:53.369+0000] {logging_mixin.py:150} INFO - [2025-07-16T11:09:53.369+0000] {dag.py:2742} INFO - Sync 1 DAGs
[2025-07-16T11:09:53.383+0000] {logging_mixin.py:150} INFO - [2025-07-16T11:09:53.383+0000] {dag.py:3504} INFO - Setting next_dagrun for tutorial_taskflow_api_virtualenv to None, run_after=None
[2025-07-16T11:09:53.399+0000] {processor.py:179} INFO - Processing /home/vscode/.local/lib/python3.10/site-packages/airflow/example_dags/tutorial_taskflow_api_virtualenv.py took 0.053 seconds
[2025-07-16T11:10:25.728+0000] {processor.py:157} INFO - Started process (PID=5848) to work on /home/vscode/.local/lib/python3.10/site-packages/airflow/example_dags/tutorial_taskflow_api_virtualenv.py
[2025-07-16T11:10:25.729+0000] {processor.py:826} INFO - Processing file /home/vscode/.local/lib/python3.10/site-packages/airflow/example_dags/tutorial_taskflow_api_virtualenv.py for tasks to queue
[2025-07-16T11:10:25.730+0000] {logging_mixin.py:150} INFO - [2025-07-16T11:10:25.729+0000] {dagbag.py:541} INFO - Filling up the DagBag from /home/vscode/.local/lib/python3.10/site-packages/airflow/example_dags/tutorial_taskflow_api_virtualenv.py
[2025-07-16T11:10:25.735+0000] {processor.py:836} INFO - DAG(s) dict_keys(['tutorial_taskflow_api_virtualenv']) retrieved from /home/vscode/.local/lib/python3.10/site-packages/airflow/example_dags/tutorial_taskflow_api_virtualenv.py
[2025-07-16T11:10:25.748+0000] {logging_mixin.py:150} INFO - [2025-07-16T11:10:25.748+0000] {dag.py:2742} INFO - Sync 1 DAGs
[2025-07-16T11:10:25.767+0000] {logging_mixin.py:150} INFO - [2025-07-16T11:10:25.767+0000] {dag.py:3504} INFO - Setting next_dagrun for tutorial_taskflow_api_virtualenv to None, run_after=None
[2025-07-16T11:10:25.782+0000] {processor.py:179} INFO - Processing /home/vscode/.local/lib/python3.10/site-packages/airflow/example_dags/tutorial_taskflow_api_virtualenv.py took 0.057 seconds
[2025-07-16T11:11:11.074+0000] {processor.py:157} INFO - Started process (PID=6208) to work on /home/vscode/.local/lib/python3.10/site-packages/airflow/example_dags/tutorial_taskflow_api_virtualenv.py
[2025-07-16T11:11:11.075+0000] {processor.py:826} INFO - Processing file /home/vscode/.local/lib/python3.10/site-packages/airflow/example_dags/tutorial_taskflow_api_virtualenv.py for tasks to queue
[2025-07-16T11:11:11.075+0000] {logging_mixin.py:150} INFO - [2025-07-16T11:11:11.075+0000] {dagbag.py:541} INFO - Filling up the DagBag from /home/vscode/.local/lib/python3.10/site-packages/airflow/example_dags/tutorial_taskflow_api_virtualenv.py
[2025-07-16T11:11:11.081+0000] {processor.py:836} INFO - DAG(s) dict_keys(['tutorial_taskflow_api_virtualenv']) retrieved from /home/vscode/.local/lib/python3.10/site-packages/airflow/example_dags/tutorial_taskflow_api_virtualenv.py
[2025-07-16T11:11:11.094+0000] {logging_mixin.py:150} INFO - [2025-07-16T11:11:11.094+0000] {dag.py:2742} INFO - Sync 1 DAGs
[2025-07-16T11:11:11.108+0000] {logging_mixin.py:150} INFO - [2025-07-16T11:11:11.108+0000] {dag.py:3504} INFO - Setting next_dagrun for tutorial_taskflow_api_virtualenv to None, run_after=None
[2025-07-16T11:11:11.122+0000] {processor.py:179} INFO - Processing /home/vscode/.local/lib/python3.10/site-packages/airflow/example_dags/tutorial_taskflow_api_virtualenv.py took 0.051 seconds
[2025-07-16T11:11:57.010+0000] {processor.py:157} INFO - Started process (PID=6535) to work on /home/vscode/.local/lib/python3.10/site-packages/airflow/example_dags/tutorial_taskflow_api_virtualenv.py
[2025-07-16T11:11:57.011+0000] {processor.py:826} INFO - Processing file /home/vscode/.local/lib/python3.10/site-packages/airflow/example_dags/tutorial_taskflow_api_virtualenv.py for tasks to queue
[2025-07-16T11:11:57.012+0000] {logging_mixin.py:150} INFO - [2025-07-16T11:11:57.012+0000] {dagbag.py:541} INFO - Filling up the DagBag from /home/vscode/.local/lib/python3.10/site-packages/airflow/example_dags/tutorial_taskflow_api_virtualenv.py
[2025-07-16T11:11:57.020+0000] {processor.py:836} INFO - DAG(s) dict_keys(['tutorial_taskflow_api_virtualenv']) retrieved from /home/vscode/.local/lib/python3.10/site-packages/airflow/example_dags/tutorial_taskflow_api_virtualenv.py
[2025-07-16T11:11:57.044+0000] {logging_mixin.py:150} INFO - [2025-07-16T11:11:57.044+0000] {dag.py:2742} INFO - Sync 1 DAGs
[2025-07-16T11:11:57.067+0000] {logging_mixin.py:150} INFO - [2025-07-16T11:11:57.067+0000] {dag.py:3504} INFO - Setting next_dagrun for tutorial_taskflow_api_virtualenv to None, run_after=None
[2025-07-16T11:11:57.088+0000] {processor.py:179} INFO - Processing /home/vscode/.local/lib/python3.10/site-packages/airflow/example_dags/tutorial_taskflow_api_virtualenv.py took 0.081 seconds
[2025-07-16T11:12:38.872+0000] {processor.py:157} INFO - Started process (PID=6839) to work on /home/vscode/.local/lib/python3.10/site-packages/airflow/example_dags/tutorial_taskflow_api_virtualenv.py
[2025-07-16T11:12:38.872+0000] {processor.py:826} INFO - Processing file /home/vscode/.local/lib/python3.10/site-packages/airflow/example_dags/tutorial_taskflow_api_virtualenv.py for tasks to queue
[2025-07-16T11:12:38.873+0000] {logging_mixin.py:150} INFO - [2025-07-16T11:12:38.873+0000] {dagbag.py:541} INFO - Filling up the DagBag from /home/vscode/.local/lib/python3.10/site-packages/airflow/example_dags/tutorial_taskflow_api_virtualenv.py
[2025-07-16T11:12:38.879+0000] {processor.py:836} INFO - DAG(s) dict_keys(['tutorial_taskflow_api_virtualenv']) retrieved from /home/vscode/.local/lib/python3.10/site-packages/airflow/example_dags/tutorial_taskflow_api_virtualenv.py
[2025-07-16T11:12:38.891+0000] {logging_mixin.py:150} INFO - [2025-07-16T11:12:38.891+0000] {dag.py:2742} INFO - Sync 1 DAGs
[2025-07-16T11:12:38.905+0000] {logging_mixin.py:150} INFO - [2025-07-16T11:12:38.905+0000] {dag.py:3504} INFO - Setting next_dagrun for tutorial_taskflow_api_virtualenv to None, run_after=None
[2025-07-16T11:12:38.920+0000] {processor.py:179} INFO - Processing /home/vscode/.local/lib/python3.10/site-packages/airflow/example_dags/tutorial_taskflow_api_virtualenv.py took 0.051 seconds
[2025-07-16T11:13:25.796+0000] {processor.py:157} INFO - Started process (PID=7195) to work on /home/vscode/.local/lib/python3.10/site-packages/airflow/example_dags/tutorial_taskflow_api_virtualenv.py
[2025-07-16T11:13:25.796+0000] {processor.py:826} INFO - Processing file /home/vscode/.local/lib/python3.10/site-packages/airflow/example_dags/tutorial_taskflow_api_virtualenv.py for tasks to queue
[2025-07-16T11:13:25.797+0000] {logging_mixin.py:150} INFO - [2025-07-16T11:13:25.797+0000] {dagbag.py:541} INFO - Filling up the DagBag from /home/vscode/.local/lib/python3.10/site-packages/airflow/example_dags/tutorial_taskflow_api_virtualenv.py
[2025-07-16T11:13:25.803+0000] {processor.py:836} INFO - DAG(s) dict_keys(['tutorial_taskflow_api_virtualenv']) retrieved from /home/vscode/.local/lib/python3.10/site-packages/airflow/example_dags/tutorial_taskflow_api_virtualenv.py
[2025-07-16T11:13:25.815+0000] {logging_mixin.py:150} INFO - [2025-07-16T11:13:25.815+0000] {dag.py:2742} INFO - Sync 1 DAGs
[2025-07-16T11:13:25.829+0000] {logging_mixin.py:150} INFO - [2025-07-16T11:13:25.829+0000] {dag.py:3504} INFO - Setting next_dagrun for tutorial_taskflow_api_virtualenv to None, run_after=None
[2025-07-16T11:13:25.844+0000] {processor.py:179} INFO - Processing /home/vscode/.local/lib/python3.10/site-packages/airflow/example_dags/tutorial_taskflow_api_virtualenv.py took 0.051 seconds
[2025-07-16T11:13:59.188+0000] {processor.py:157} INFO - Started process (PID=7485) to work on /home/vscode/.local/lib/python3.10/site-packages/airflow/example_dags/tutorial_taskflow_api_virtualenv.py
[2025-07-16T11:13:59.189+0000] {processor.py:826} INFO - Processing file /home/vscode/.local/lib/python3.10/site-packages/airflow/example_dags/tutorial_taskflow_api_virtualenv.py for tasks to queue
[2025-07-16T11:13:59.190+0000] {logging_mixin.py:150} INFO - [2025-07-16T11:13:59.190+0000] {dagbag.py:541} INFO - Filling up the DagBag from /home/vscode/.local/lib/python3.10/site-packages/airflow/example_dags/tutorial_taskflow_api_virtualenv.py
[2025-07-16T11:13:59.196+0000] {processor.py:836} INFO - DAG(s) dict_keys(['tutorial_taskflow_api_virtualenv']) retrieved from /home/vscode/.local/lib/python3.10/site-packages/airflow/example_dags/tutorial_taskflow_api_virtualenv.py
[2025-07-16T11:13:59.209+0000] {logging_mixin.py:150} INFO - [2025-07-16T11:13:59.209+0000] {dag.py:2742} INFO - Sync 1 DAGs
[2025-07-16T11:13:59.223+0000] {logging_mixin.py:150} INFO - [2025-07-16T11:13:59.223+0000] {dag.py:3504} INFO - Setting next_dagrun for tutorial_taskflow_api_virtualenv to None, run_after=None
[2025-07-16T11:13:59.238+0000] {processor.py:179} INFO - Processing /home/vscode/.local/lib/python3.10/site-packages/airflow/example_dags/tutorial_taskflow_api_virtualenv.py took 0.052 seconds
[2025-07-16T11:14:47.994+0000] {processor.py:157} INFO - Started process (PID=7943) to work on /home/vscode/.local/lib/python3.10/site-packages/airflow/example_dags/tutorial_taskflow_api_virtualenv.py
[2025-07-16T11:14:47.995+0000] {processor.py:826} INFO - Processing file /home/vscode/.local/lib/python3.10/site-packages/airflow/example_dags/tutorial_taskflow_api_virtualenv.py for tasks to queue
[2025-07-16T11:14:47.996+0000] {logging_mixin.py:150} INFO - [2025-07-16T11:14:47.995+0000] {dagbag.py:541} INFO - Filling up the DagBag from /home/vscode/.local/lib/python3.10/site-packages/airflow/example_dags/tutorial_taskflow_api_virtualenv.py
[2025-07-16T11:14:48.001+0000] {processor.py:836} INFO - DAG(s) dict_keys(['tutorial_taskflow_api_virtualenv']) retrieved from /home/vscode/.local/lib/python3.10/site-packages/airflow/example_dags/tutorial_taskflow_api_virtualenv.py
[2025-07-16T11:14:48.014+0000] {logging_mixin.py:150} INFO - [2025-07-16T11:14:48.014+0000] {dag.py:2742} INFO - Sync 1 DAGs
[2025-07-16T11:14:48.028+0000] {logging_mixin.py:150} INFO - [2025-07-16T11:14:48.028+0000] {dag.py:3504} INFO - Setting next_dagrun for tutorial_taskflow_api_virtualenv to None, run_after=None
[2025-07-16T11:14:48.043+0000] {processor.py:179} INFO - Processing /home/vscode/.local/lib/python3.10/site-packages/airflow/example_dags/tutorial_taskflow_api_virtualenv.py took 0.052 seconds
[2025-07-16T11:15:22.285+0000] {processor.py:157} INFO - Started process (PID=8286) to work on /home/vscode/.local/lib/python3.10/site-packages/airflow/example_dags/tutorial_taskflow_api_virtualenv.py
[2025-07-16T11:15:22.286+0000] {processor.py:826} INFO - Processing file /home/vscode/.local/lib/python3.10/site-packages/airflow/example_dags/tutorial_taskflow_api_virtualenv.py for tasks to queue
[2025-07-16T11:15:22.286+0000] {logging_mixin.py:150} INFO - [2025-07-16T11:15:22.286+0000] {dagbag.py:541} INFO - Filling up the DagBag from /home/vscode/.local/lib/python3.10/site-packages/airflow/example_dags/tutorial_taskflow_api_virtualenv.py
[2025-07-16T11:15:22.293+0000] {processor.py:836} INFO - DAG(s) dict_keys(['tutorial_taskflow_api_virtualenv']) retrieved from /home/vscode/.local/lib/python3.10/site-packages/airflow/example_dags/tutorial_taskflow_api_virtualenv.py
[2025-07-16T11:15:22.310+0000] {logging_mixin.py:150} INFO - [2025-07-16T11:15:22.310+0000] {dag.py:2742} INFO - Sync 1 DAGs
[2025-07-16T11:15:22.331+0000] {logging_mixin.py:150} INFO - [2025-07-16T11:15:22.331+0000] {dag.py:3504} INFO - Setting next_dagrun for tutorial_taskflow_api_virtualenv to None, run_after=None
[2025-07-16T11:15:22.345+0000] {processor.py:179} INFO - Processing /home/vscode/.local/lib/python3.10/site-packages/airflow/example_dags/tutorial_taskflow_api_virtualenv.py took 0.063 seconds
[2025-07-16T11:16:09.849+0000] {processor.py:157} INFO - Started process (PID=8785) to work on /home/vscode/.local/lib/python3.10/site-packages/airflow/example_dags/tutorial_taskflow_api_virtualenv.py
[2025-07-16T11:16:09.849+0000] {processor.py:826} INFO - Processing file /home/vscode/.local/lib/python3.10/site-packages/airflow/example_dags/tutorial_taskflow_api_virtualenv.py for tasks to queue
[2025-07-16T11:16:09.850+0000] {logging_mixin.py:150} INFO - [2025-07-16T11:16:09.850+0000] {dagbag.py:541} INFO - Filling up the DagBag from /home/vscode/.local/lib/python3.10/site-packages/airflow/example_dags/tutorial_taskflow_api_virtualenv.py
[2025-07-16T11:16:09.856+0000] {processor.py:836} INFO - DAG(s) dict_keys(['tutorial_taskflow_api_virtualenv']) retrieved from /home/vscode/.local/lib/python3.10/site-packages/airflow/example_dags/tutorial_taskflow_api_virtualenv.py
[2025-07-16T11:16:09.869+0000] {logging_mixin.py:150} INFO - [2025-07-16T11:16:09.869+0000] {dag.py:2742} INFO - Sync 1 DAGs
[2025-07-16T11:16:09.882+0000] {logging_mixin.py:150} INFO - [2025-07-16T11:16:09.882+0000] {dag.py:3504} INFO - Setting next_dagrun for tutorial_taskflow_api_virtualenv to None, run_after=None
[2025-07-16T11:16:09.897+0000] {processor.py:179} INFO - Processing /home/vscode/.local/lib/python3.10/site-packages/airflow/example_dags/tutorial_taskflow_api_virtualenv.py took 0.051 seconds
[2025-07-16T11:16:56.677+0000] {processor.py:157} INFO - Started process (PID=9312) to work on /home/vscode/.local/lib/python3.10/site-packages/airflow/example_dags/tutorial_taskflow_api_virtualenv.py
[2025-07-16T11:16:56.678+0000] {processor.py:826} INFO - Processing file /home/vscode/.local/lib/python3.10/site-packages/airflow/example_dags/tutorial_taskflow_api_virtualenv.py for tasks to queue
[2025-07-16T11:16:56.679+0000] {logging_mixin.py:150} INFO - [2025-07-16T11:16:56.679+0000] {dagbag.py:541} INFO - Filling up the DagBag from /home/vscode/.local/lib/python3.10/site-packages/airflow/example_dags/tutorial_taskflow_api_virtualenv.py
[2025-07-16T11:16:56.685+0000] {processor.py:836} INFO - DAG(s) dict_keys(['tutorial_taskflow_api_virtualenv']) retrieved from /home/vscode/.local/lib/python3.10/site-packages/airflow/example_dags/tutorial_taskflow_api_virtualenv.py
[2025-07-16T11:16:56.697+0000] {logging_mixin.py:150} INFO - [2025-07-16T11:16:56.697+0000] {dag.py:2742} INFO - Sync 1 DAGs
[2025-07-16T11:16:56.711+0000] {logging_mixin.py:150} INFO - [2025-07-16T11:16:56.711+0000] {dag.py:3504} INFO - Setting next_dagrun for tutorial_taskflow_api_virtualenv to None, run_after=None
[2025-07-16T11:16:56.725+0000] {processor.py:179} INFO - Processing /home/vscode/.local/lib/python3.10/site-packages/airflow/example_dags/tutorial_taskflow_api_virtualenv.py took 0.051 seconds
[2025-07-16T11:17:32.692+0000] {processor.py:157} INFO - Started process (PID=9649) to work on /home/vscode/.local/lib/python3.10/site-packages/airflow/example_dags/tutorial_taskflow_api_virtualenv.py
[2025-07-16T11:17:32.693+0000] {processor.py:826} INFO - Processing file /home/vscode/.local/lib/python3.10/site-packages/airflow/example_dags/tutorial_taskflow_api_virtualenv.py for tasks to queue
[2025-07-16T11:17:32.694+0000] {logging_mixin.py:150} INFO - [2025-07-16T11:17:32.694+0000] {dagbag.py:541} INFO - Filling up the DagBag from /home/vscode/.local/lib/python3.10/site-packages/airflow/example_dags/tutorial_taskflow_api_virtualenv.py
[2025-07-16T11:17:32.699+0000] {processor.py:836} INFO - DAG(s) dict_keys(['tutorial_taskflow_api_virtualenv']) retrieved from /home/vscode/.local/lib/python3.10/site-packages/airflow/example_dags/tutorial_taskflow_api_virtualenv.py
[2025-07-16T11:17:32.713+0000] {logging_mixin.py:150} INFO - [2025-07-16T11:17:32.713+0000] {dag.py:2742} INFO - Sync 1 DAGs
[2025-07-16T11:17:32.727+0000] {logging_mixin.py:150} INFO - [2025-07-16T11:17:32.727+0000] {dag.py:3504} INFO - Setting next_dagrun for tutorial_taskflow_api_virtualenv to None, run_after=None
[2025-07-16T11:17:32.741+0000] {processor.py:179} INFO - Processing /home/vscode/.local/lib/python3.10/site-packages/airflow/example_dags/tutorial_taskflow_api_virtualenv.py took 0.051 seconds
[2025-07-16T11:18:08.007+0000] {processor.py:157} INFO - Started process (PID=9886) to work on /home/vscode/.local/lib/python3.10/site-packages/airflow/example_dags/tutorial_taskflow_api_virtualenv.py
[2025-07-16T11:18:08.008+0000] {processor.py:826} INFO - Processing file /home/vscode/.local/lib/python3.10/site-packages/airflow/example_dags/tutorial_taskflow_api_virtualenv.py for tasks to queue
[2025-07-16T11:18:08.009+0000] {logging_mixin.py:150} INFO - [2025-07-16T11:18:08.008+0000] {dagbag.py:541} INFO - Filling up the DagBag from /home/vscode/.local/lib/python3.10/site-packages/airflow/example_dags/tutorial_taskflow_api_virtualenv.py
[2025-07-16T11:18:08.014+0000] {processor.py:836} INFO - DAG(s) dict_keys(['tutorial_taskflow_api_virtualenv']) retrieved from /home/vscode/.local/lib/python3.10/site-packages/airflow/example_dags/tutorial_taskflow_api_virtualenv.py
[2025-07-16T11:18:08.027+0000] {logging_mixin.py:150} INFO - [2025-07-16T11:18:08.027+0000] {dag.py:2742} INFO - Sync 1 DAGs
[2025-07-16T11:18:08.044+0000] {logging_mixin.py:150} INFO - [2025-07-16T11:18:08.044+0000] {dag.py:3504} INFO - Setting next_dagrun for tutorial_taskflow_api_virtualenv to None, run_after=None
[2025-07-16T11:18:08.061+0000] {processor.py:179} INFO - Processing /home/vscode/.local/lib/python3.10/site-packages/airflow/example_dags/tutorial_taskflow_api_virtualenv.py took 0.056 seconds
[2025-07-16T11:18:53.002+0000] {processor.py:157} INFO - Started process (PID=10186) to work on /home/vscode/.local/lib/python3.10/site-packages/airflow/example_dags/tutorial_taskflow_api_virtualenv.py
[2025-07-16T11:18:53.003+0000] {processor.py:826} INFO - Processing file /home/vscode/.local/lib/python3.10/site-packages/airflow/example_dags/tutorial_taskflow_api_virtualenv.py for tasks to queue
[2025-07-16T11:18:53.003+0000] {logging_mixin.py:150} INFO - [2025-07-16T11:18:53.003+0000] {dagbag.py:541} INFO - Filling up the DagBag from /home/vscode/.local/lib/python3.10/site-packages/airflow/example_dags/tutorial_taskflow_api_virtualenv.py
[2025-07-16T11:18:53.009+0000] {processor.py:836} INFO - DAG(s) dict_keys(['tutorial_taskflow_api_virtualenv']) retrieved from /home/vscode/.local/lib/python3.10/site-packages/airflow/example_dags/tutorial_taskflow_api_virtualenv.py
[2025-07-16T11:18:53.021+0000] {logging_mixin.py:150} INFO - [2025-07-16T11:18:53.021+0000] {dag.py:2742} INFO - Sync 1 DAGs
[2025-07-16T11:18:53.035+0000] {logging_mixin.py:150} INFO - [2025-07-16T11:18:53.035+0000] {dag.py:3504} INFO - Setting next_dagrun for tutorial_taskflow_api_virtualenv to None, run_after=None
[2025-07-16T11:18:53.050+0000] {processor.py:179} INFO - Processing /home/vscode/.local/lib/python3.10/site-packages/airflow/example_dags/tutorial_taskflow_api_virtualenv.py took 0.050 seconds
[2025-07-16T11:19:27.858+0000] {processor.py:157} INFO - Started process (PID=10423) to work on /home/vscode/.local/lib/python3.10/site-packages/airflow/example_dags/tutorial_taskflow_api_virtualenv.py
[2025-07-16T11:19:27.859+0000] {processor.py:826} INFO - Processing file /home/vscode/.local/lib/python3.10/site-packages/airflow/example_dags/tutorial_taskflow_api_virtualenv.py for tasks to queue
[2025-07-16T11:19:27.860+0000] {logging_mixin.py:150} INFO - [2025-07-16T11:19:27.860+0000] {dagbag.py:541} INFO - Filling up the DagBag from /home/vscode/.local/lib/python3.10/site-packages/airflow/example_dags/tutorial_taskflow_api_virtualenv.py
[2025-07-16T11:19:27.866+0000] {processor.py:836} INFO - DAG(s) dict_keys(['tutorial_taskflow_api_virtualenv']) retrieved from /home/vscode/.local/lib/python3.10/site-packages/airflow/example_dags/tutorial_taskflow_api_virtualenv.py
[2025-07-16T11:19:27.879+0000] {logging_mixin.py:150} INFO - [2025-07-16T11:19:27.879+0000] {dag.py:2742} INFO - Sync 1 DAGs
[2025-07-16T11:19:27.904+0000] {logging_mixin.py:150} INFO - [2025-07-16T11:19:27.904+0000] {dag.py:3504} INFO - Setting next_dagrun for tutorial_taskflow_api_virtualenv to None, run_after=None
[2025-07-16T11:19:27.919+0000] {processor.py:179} INFO - Processing /home/vscode/.local/lib/python3.10/site-packages/airflow/example_dags/tutorial_taskflow_api_virtualenv.py took 0.063 seconds
[2025-07-16T11:20:03.591+0000] {processor.py:157} INFO - Started process (PID=10661) to work on /home/vscode/.local/lib/python3.10/site-packages/airflow/example_dags/tutorial_taskflow_api_virtualenv.py
[2025-07-16T11:20:03.592+0000] {processor.py:826} INFO - Processing file /home/vscode/.local/lib/python3.10/site-packages/airflow/example_dags/tutorial_taskflow_api_virtualenv.py for tasks to queue
[2025-07-16T11:20:03.593+0000] {logging_mixin.py:150} INFO - [2025-07-16T11:20:03.593+0000] {dagbag.py:541} INFO - Filling up the DagBag from /home/vscode/.local/lib/python3.10/site-packages/airflow/example_dags/tutorial_taskflow_api_virtualenv.py
[2025-07-16T11:20:03.600+0000] {processor.py:836} INFO - DAG(s) dict_keys(['tutorial_taskflow_api_virtualenv']) retrieved from /home/vscode/.local/lib/python3.10/site-packages/airflow/example_dags/tutorial_taskflow_api_virtualenv.py
[2025-07-16T11:20:03.612+0000] {logging_mixin.py:150} INFO - [2025-07-16T11:20:03.612+0000] {dag.py:2742} INFO - Sync 1 DAGs
[2025-07-16T11:20:03.626+0000] {logging_mixin.py:150} INFO - [2025-07-16T11:20:03.626+0000] {dag.py:3504} INFO - Setting next_dagrun for tutorial_taskflow_api_virtualenv to None, run_after=None
[2025-07-16T11:20:03.640+0000] {processor.py:179} INFO - Processing /home/vscode/.local/lib/python3.10/site-packages/airflow/example_dags/tutorial_taskflow_api_virtualenv.py took 0.051 seconds
[2025-07-16T11:20:40.807+0000] {processor.py:157} INFO - Started process (PID=11136) to work on /home/vscode/.local/lib/python3.10/site-packages/airflow/example_dags/tutorial_taskflow_api_virtualenv.py
[2025-07-16T11:20:40.808+0000] {processor.py:826} INFO - Processing file /home/vscode/.local/lib/python3.10/site-packages/airflow/example_dags/tutorial_taskflow_api_virtualenv.py for tasks to queue
[2025-07-16T11:20:40.809+0000] {logging_mixin.py:150} INFO - [2025-07-16T11:20:40.809+0000] {dagbag.py:541} INFO - Filling up the DagBag from /home/vscode/.local/lib/python3.10/site-packages/airflow/example_dags/tutorial_taskflow_api_virtualenv.py
[2025-07-16T11:20:40.815+0000] {processor.py:836} INFO - DAG(s) dict_keys(['tutorial_taskflow_api_virtualenv']) retrieved from /home/vscode/.local/lib/python3.10/site-packages/airflow/example_dags/tutorial_taskflow_api_virtualenv.py
[2025-07-16T11:20:40.828+0000] {logging_mixin.py:150} INFO - [2025-07-16T11:20:40.828+0000] {dag.py:2742} INFO - Sync 1 DAGs
[2025-07-16T11:20:40.842+0000] {logging_mixin.py:150} INFO - [2025-07-16T11:20:40.842+0000] {dag.py:3504} INFO - Setting next_dagrun for tutorial_taskflow_api_virtualenv to None, run_after=None
[2025-07-16T11:20:40.857+0000] {processor.py:179} INFO - Processing /home/vscode/.local/lib/python3.10/site-packages/airflow/example_dags/tutorial_taskflow_api_virtualenv.py took 0.052 seconds
[2025-07-16T11:21:23.781+0000] {processor.py:157} INFO - Started process (PID=11771) to work on /home/vscode/.local/lib/python3.10/site-packages/airflow/example_dags/tutorial_taskflow_api_virtualenv.py
[2025-07-16T11:21:23.782+0000] {processor.py:826} INFO - Processing file /home/vscode/.local/lib/python3.10/site-packages/airflow/example_dags/tutorial_taskflow_api_virtualenv.py for tasks to queue
[2025-07-16T11:21:23.782+0000] {logging_mixin.py:150} INFO - [2025-07-16T11:21:23.782+0000] {dagbag.py:541} INFO - Filling up the DagBag from /home/vscode/.local/lib/python3.10/site-packages/airflow/example_dags/tutorial_taskflow_api_virtualenv.py
[2025-07-16T11:21:23.788+0000] {processor.py:836} INFO - DAG(s) dict_keys(['tutorial_taskflow_api_virtualenv']) retrieved from /home/vscode/.local/lib/python3.10/site-packages/airflow/example_dags/tutorial_taskflow_api_virtualenv.py
[2025-07-16T11:21:23.800+0000] {logging_mixin.py:150} INFO - [2025-07-16T11:21:23.800+0000] {dag.py:2742} INFO - Sync 1 DAGs
[2025-07-16T11:21:23.813+0000] {logging_mixin.py:150} INFO - [2025-07-16T11:21:23.813+0000] {dag.py:3504} INFO - Setting next_dagrun for tutorial_taskflow_api_virtualenv to None, run_after=None
[2025-07-16T11:21:23.827+0000] {processor.py:179} INFO - Processing /home/vscode/.local/lib/python3.10/site-packages/airflow/example_dags/tutorial_taskflow_api_virtualenv.py took 0.049 seconds
[2025-07-16T11:22:02.482+0000] {processor.py:157} INFO - Started process (PID=12259) to work on /home/vscode/.local/lib/python3.10/site-packages/airflow/example_dags/tutorial_taskflow_api_virtualenv.py
[2025-07-16T11:22:02.483+0000] {processor.py:826} INFO - Processing file /home/vscode/.local/lib/python3.10/site-packages/airflow/example_dags/tutorial_taskflow_api_virtualenv.py for tasks to queue
[2025-07-16T11:22:02.484+0000] {logging_mixin.py:150} INFO - [2025-07-16T11:22:02.483+0000] {dagbag.py:541} INFO - Filling up the DagBag from /home/vscode/.local/lib/python3.10/site-packages/airflow/example_dags/tutorial_taskflow_api_virtualenv.py
[2025-07-16T11:22:02.489+0000] {processor.py:836} INFO - DAG(s) dict_keys(['tutorial_taskflow_api_virtualenv']) retrieved from /home/vscode/.local/lib/python3.10/site-packages/airflow/example_dags/tutorial_taskflow_api_virtualenv.py
[2025-07-16T11:22:02.560+0000] {logging_mixin.py:150} INFO - [2025-07-16T11:22:02.560+0000] {dag.py:2742} INFO - Sync 1 DAGs
[2025-07-16T11:22:02.574+0000] {logging_mixin.py:150} INFO - [2025-07-16T11:22:02.574+0000] {dag.py:3504} INFO - Setting next_dagrun for tutorial_taskflow_api_virtualenv to None, run_after=None
[2025-07-16T11:22:02.590+0000] {processor.py:179} INFO - Processing /home/vscode/.local/lib/python3.10/site-packages/airflow/example_dags/tutorial_taskflow_api_virtualenv.py took 0.111 seconds
