[2025-07-16T11:06:26.755+0000] {processor.py:157} INFO - Started process (PID=4015) to work on /home/vscode/.local/lib/python3.10/site-packages/airflow/example_dags/plugins/workday.py
[2025-07-16T11:06:26.756+0000] {processor.py:826} INFO - Processing file /home/vscode/.local/lib/python3.10/site-packages/airflow/example_dags/plugins/workday.py for tasks to queue
[2025-07-16T11:06:26.757+0000] {logging_mixin.py:150} INFO - [2025-07-16T11:06:26.756+0000] {dagbag.py:541} INFO - Filling up the DagBag from /home/vscode/.local/lib/python3.10/site-packages/airflow/example_dags/plugins/workday.py
[2025-07-16T11:06:26.759+0000] {logging_mixin.py:150} INFO - [2025-07-16T11:06:26.759+0000] {workday.py:36} WARNING - Could not import pandas. Holidays will not be considered.
[2025-07-16T11:06:26.759+0000] {processor.py:838} WARNING - No viable dags retrieved from /home/vscode/.local/lib/python3.10/site-packages/airflow/example_dags/plugins/workday.py
[2025-07-16T11:06:26.767+0000] {processor.py:179} INFO - Processing /home/vscode/.local/lib/python3.10/site-packages/airflow/example_dags/plugins/workday.py took 0.015 seconds
[2025-07-16T11:07:12.514+0000] {processor.py:157} INFO - Started process (PID=4395) to work on /home/vscode/.local/lib/python3.10/site-packages/airflow/example_dags/plugins/workday.py
[2025-07-16T11:07:12.515+0000] {processor.py:826} INFO - Processing file /home/vscode/.local/lib/python3.10/site-packages/airflow/example_dags/plugins/workday.py for tasks to queue
[2025-07-16T11:07:12.515+0000] {logging_mixin.py:150} INFO - [2025-07-16T11:07:12.515+0000] {dagbag.py:541} INFO - Filling up the DagBag from /home/vscode/.local/lib/python3.10/site-packages/airflow/example_dags/plugins/workday.py
[2025-07-16T11:07:12.518+0000] {logging_mixin.py:150} INFO - [2025-07-16T11:07:12.517+0000] {workday.py:36} WARNING - Could not import pandas. Holidays will not be considered.
[2025-07-16T11:07:12.518+0000] {processor.py:838} WARNING - No viable dags retrieved from /home/vscode/.local/lib/python3.10/site-packages/airflow/example_dags/plugins/workday.py
[2025-07-16T11:07:12.525+0000] {processor.py:179} INFO - Processing /home/vscode/.local/lib/python3.10/site-packages/airflow/example_dags/plugins/workday.py took 0.014 seconds
[2025-07-16T11:07:44.908+0000] {processor.py:157} INFO - Started process (PID=4675) to work on /home/vscode/.local/lib/python3.10/site-packages/airflow/example_dags/plugins/workday.py
[2025-07-16T11:07:44.909+0000] {processor.py:826} INFO - Processing file /home/vscode/.local/lib/python3.10/site-packages/airflow/example_dags/plugins/workday.py for tasks to queue
[2025-07-16T11:07:44.910+0000] {logging_mixin.py:150} INFO - [2025-07-16T11:07:44.910+0000] {dagbag.py:541} INFO - Filling up the DagBag from /home/vscode/.local/lib/python3.10/site-packages/airflow/example_dags/plugins/workday.py
[2025-07-16T11:07:44.913+0000] {logging_mixin.py:150} INFO - [2025-07-16T11:07:44.913+0000] {workday.py:36} WARNING - Could not import pandas. Holidays will not be considered.
[2025-07-16T11:07:44.913+0000] {processor.py:838} WARNING - No viable dags retrieved from /home/vscode/.local/lib/python3.10/site-packages/airflow/example_dags/plugins/workday.py
[2025-07-16T11:07:44.924+0000] {processor.py:179} INFO - Processing /home/vscode/.local/lib/python3.10/site-packages/airflow/example_dags/plugins/workday.py took 0.019 seconds
[2025-07-16T11:08:30.792+0000] {processor.py:157} INFO - Started process (PID=4995) to work on /home/vscode/.local/lib/python3.10/site-packages/airflow/example_dags/plugins/workday.py
[2025-07-16T11:08:30.793+0000] {processor.py:826} INFO - Processing file /home/vscode/.local/lib/python3.10/site-packages/airflow/example_dags/plugins/workday.py for tasks to queue
[2025-07-16T11:08:30.794+0000] {logging_mixin.py:150} INFO - [2025-07-16T11:08:30.794+0000] {dagbag.py:541} INFO - Filling up the DagBag from /home/vscode/.local/lib/python3.10/site-packages/airflow/example_dags/plugins/workday.py
[2025-07-16T11:08:30.796+0000] {logging_mixin.py:150} INFO - [2025-07-16T11:08:30.796+0000] {workday.py:36} WARNING - Could not import pandas. Holidays will not be considered.
[2025-07-16T11:08:30.797+0000] {processor.py:838} WARNING - No viable dags retrieved from /home/vscode/.local/lib/python3.10/site-packages/airflow/example_dags/plugins/workday.py
[2025-07-16T11:08:30.804+0000] {processor.py:179} INFO - Processing /home/vscode/.local/lib/python3.10/site-packages/airflow/example_dags/plugins/workday.py took 0.014 seconds
[2025-07-16T11:09:16.024+0000] {processor.py:157} INFO - Started process (PID=5341) to work on /home/vscode/.local/lib/python3.10/site-packages/airflow/example_dags/plugins/workday.py
[2025-07-16T11:09:16.025+0000] {processor.py:826} INFO - Processing file /home/vscode/.local/lib/python3.10/site-packages/airflow/example_dags/plugins/workday.py for tasks to queue
[2025-07-16T11:09:16.026+0000] {logging_mixin.py:150} INFO - [2025-07-16T11:09:16.025+0000] {dagbag.py:541} INFO - Filling up the DagBag from /home/vscode/.local/lib/python3.10/site-packages/airflow/example_dags/plugins/workday.py
[2025-07-16T11:09:16.028+0000] {logging_mixin.py:150} INFO - [2025-07-16T11:09:16.028+0000] {workday.py:36} WARNING - Could not import pandas. Holidays will not be considered.
[2025-07-16T11:09:16.028+0000] {processor.py:838} WARNING - No viable dags retrieved from /home/vscode/.local/lib/python3.10/site-packages/airflow/example_dags/plugins/workday.py
[2025-07-16T11:09:16.036+0000] {processor.py:179} INFO - Processing /home/vscode/.local/lib/python3.10/site-packages/airflow/example_dags/plugins/workday.py took 0.014 seconds
[2025-07-16T11:09:49.885+0000] {processor.py:157} INFO - Started process (PID=5595) to work on /home/vscode/.local/lib/python3.10/site-packages/airflow/example_dags/plugins/workday.py
[2025-07-16T11:09:49.886+0000] {processor.py:826} INFO - Processing file /home/vscode/.local/lib/python3.10/site-packages/airflow/example_dags/plugins/workday.py for tasks to queue
[2025-07-16T11:09:49.886+0000] {logging_mixin.py:150} INFO - [2025-07-16T11:09:49.886+0000] {dagbag.py:541} INFO - Filling up the DagBag from /home/vscode/.local/lib/python3.10/site-packages/airflow/example_dags/plugins/workday.py
[2025-07-16T11:09:49.889+0000] {logging_mixin.py:150} INFO - [2025-07-16T11:09:49.889+0000] {workday.py:36} WARNING - Could not import pandas. Holidays will not be considered.
[2025-07-16T11:09:49.889+0000] {processor.py:838} WARNING - No viable dags retrieved from /home/vscode/.local/lib/python3.10/site-packages/airflow/example_dags/plugins/workday.py
[2025-07-16T11:09:49.897+0000] {processor.py:179} INFO - Processing /home/vscode/.local/lib/python3.10/site-packages/airflow/example_dags/plugins/workday.py took 0.014 seconds
[2025-07-16T11:10:24.144+0000] {processor.py:157} INFO - Started process (PID=5837) to work on /home/vscode/.local/lib/python3.10/site-packages/airflow/example_dags/plugins/workday.py
[2025-07-16T11:10:24.144+0000] {processor.py:826} INFO - Processing file /home/vscode/.local/lib/python3.10/site-packages/airflow/example_dags/plugins/workday.py for tasks to queue
[2025-07-16T11:10:24.145+0000] {logging_mixin.py:150} INFO - [2025-07-16T11:10:24.145+0000] {dagbag.py:541} INFO - Filling up the DagBag from /home/vscode/.local/lib/python3.10/site-packages/airflow/example_dags/plugins/workday.py
[2025-07-16T11:10:24.147+0000] {logging_mixin.py:150} INFO - [2025-07-16T11:10:24.147+0000] {workday.py:36} WARNING - Could not import pandas. Holidays will not be considered.
[2025-07-16T11:10:24.148+0000] {processor.py:838} WARNING - No viable dags retrieved from /home/vscode/.local/lib/python3.10/site-packages/airflow/example_dags/plugins/workday.py
[2025-07-16T11:10:24.155+0000] {processor.py:179} INFO - Processing /home/vscode/.local/lib/python3.10/site-packages/airflow/example_dags/plugins/workday.py took 0.013 seconds
[2025-07-16T11:11:07.635+0000] {processor.py:157} INFO - Started process (PID=6171) to work on /home/vscode/.local/lib/python3.10/site-packages/airflow/example_dags/plugins/workday.py
[2025-07-16T11:11:07.636+0000] {processor.py:826} INFO - Processing file /home/vscode/.local/lib/python3.10/site-packages/airflow/example_dags/plugins/workday.py for tasks to queue
[2025-07-16T11:11:07.637+0000] {logging_mixin.py:150} INFO - [2025-07-16T11:11:07.637+0000] {dagbag.py:541} INFO - Filling up the DagBag from /home/vscode/.local/lib/python3.10/site-packages/airflow/example_dags/plugins/workday.py
[2025-07-16T11:11:07.639+0000] {logging_mixin.py:150} INFO - [2025-07-16T11:11:07.639+0000] {workday.py:36} WARNING - Could not import pandas. Holidays will not be considered.
[2025-07-16T11:11:07.639+0000] {processor.py:838} WARNING - No viable dags retrieved from /home/vscode/.local/lib/python3.10/site-packages/airflow/example_dags/plugins/workday.py
[2025-07-16T11:11:07.647+0000] {processor.py:179} INFO - Processing /home/vscode/.local/lib/python3.10/site-packages/airflow/example_dags/plugins/workday.py took 0.014 seconds
[2025-07-16T11:11:40.351+0000] {processor.py:157} INFO - Started process (PID=6409) to work on /home/vscode/.local/lib/python3.10/site-packages/airflow/example_dags/plugins/workday.py
[2025-07-16T11:11:40.352+0000] {processor.py:826} INFO - Processing file /home/vscode/.local/lib/python3.10/site-packages/airflow/example_dags/plugins/workday.py for tasks to queue
[2025-07-16T11:11:40.353+0000] {logging_mixin.py:150} INFO - [2025-07-16T11:11:40.352+0000] {dagbag.py:541} INFO - Filling up the DagBag from /home/vscode/.local/lib/python3.10/site-packages/airflow/example_dags/plugins/workday.py
[2025-07-16T11:11:40.355+0000] {logging_mixin.py:150} INFO - [2025-07-16T11:11:40.355+0000] {workday.py:36} WARNING - Could not import pandas. Holidays will not be considered.
[2025-07-16T11:11:40.355+0000] {processor.py:838} WARNING - No viable dags retrieved from /home/vscode/.local/lib/python3.10/site-packages/airflow/example_dags/plugins/workday.py
[2025-07-16T11:11:40.364+0000] {processor.py:179} INFO - Processing /home/vscode/.local/lib/python3.10/site-packages/airflow/example_dags/plugins/workday.py took 0.015 seconds
[2025-07-16T11:12:10.792+0000] {processor.py:157} INFO - Started process (PID=6629) to work on /home/vscode/.local/lib/python3.10/site-packages/airflow/example_dags/plugins/workday.py
[2025-07-16T11:12:10.793+0000] {processor.py:826} INFO - Processing file /home/vscode/.local/lib/python3.10/site-packages/airflow/example_dags/plugins/workday.py for tasks to queue
[2025-07-16T11:12:10.794+0000] {logging_mixin.py:150} INFO - [2025-07-16T11:12:10.794+0000] {dagbag.py:541} INFO - Filling up the DagBag from /home/vscode/.local/lib/python3.10/site-packages/airflow/example_dags/plugins/workday.py
[2025-07-16T11:12:10.796+0000] {logging_mixin.py:150} INFO - [2025-07-16T11:12:10.796+0000] {workday.py:36} WARNING - Could not import pandas. Holidays will not be considered.
[2025-07-16T11:12:10.797+0000] {processor.py:838} WARNING - No viable dags retrieved from /home/vscode/.local/lib/python3.10/site-packages/airflow/example_dags/plugins/workday.py
[2025-07-16T11:12:10.804+0000] {processor.py:179} INFO - Processing /home/vscode/.local/lib/python3.10/site-packages/airflow/example_dags/plugins/workday.py took 0.016 seconds
[2025-07-16T11:12:49.753+0000] {processor.py:157} INFO - Started process (PID=6923) to work on /home/vscode/.local/lib/python3.10/site-packages/airflow/example_dags/plugins/workday.py
[2025-07-16T11:12:49.754+0000] {processor.py:826} INFO - Processing file /home/vscode/.local/lib/python3.10/site-packages/airflow/example_dags/plugins/workday.py for tasks to queue
[2025-07-16T11:12:49.755+0000] {logging_mixin.py:150} INFO - [2025-07-16T11:12:49.754+0000] {dagbag.py:541} INFO - Filling up the DagBag from /home/vscode/.local/lib/python3.10/site-packages/airflow/example_dags/plugins/workday.py
[2025-07-16T11:12:49.757+0000] {logging_mixin.py:150} INFO - [2025-07-16T11:12:49.757+0000] {workday.py:36} WARNING - Could not import pandas. Holidays will not be considered.
[2025-07-16T11:12:49.757+0000] {processor.py:838} WARNING - No viable dags retrieved from /home/vscode/.local/lib/python3.10/site-packages/airflow/example_dags/plugins/workday.py
[2025-07-16T11:12:49.765+0000] {processor.py:179} INFO - Processing /home/vscode/.local/lib/python3.10/site-packages/airflow/example_dags/plugins/workday.py took 0.016 seconds
[2025-07-16T11:13:24.710+0000] {processor.py:157} INFO - Started process (PID=7187) to work on /home/vscode/.local/lib/python3.10/site-packages/airflow/example_dags/plugins/workday.py
[2025-07-16T11:13:24.711+0000] {processor.py:826} INFO - Processing file /home/vscode/.local/lib/python3.10/site-packages/airflow/example_dags/plugins/workday.py for tasks to queue
[2025-07-16T11:13:24.712+0000] {logging_mixin.py:150} INFO - [2025-07-16T11:13:24.712+0000] {dagbag.py:541} INFO - Filling up the DagBag from /home/vscode/.local/lib/python3.10/site-packages/airflow/example_dags/plugins/workday.py
[2025-07-16T11:13:24.715+0000] {logging_mixin.py:150} INFO - [2025-07-16T11:13:24.715+0000] {workday.py:36} WARNING - Could not import pandas. Holidays will not be considered.
[2025-07-16T11:13:24.716+0000] {processor.py:838} WARNING - No viable dags retrieved from /home/vscode/.local/lib/python3.10/site-packages/airflow/example_dags/plugins/workday.py
[2025-07-16T11:13:24.726+0000] {processor.py:179} INFO - Processing /home/vscode/.local/lib/python3.10/site-packages/airflow/example_dags/plugins/workday.py took 0.018 seconds
[2025-07-16T11:13:58.051+0000] {processor.py:157} INFO - Started process (PID=7473) to work on /home/vscode/.local/lib/python3.10/site-packages/airflow/example_dags/plugins/workday.py
[2025-07-16T11:13:58.051+0000] {processor.py:826} INFO - Processing file /home/vscode/.local/lib/python3.10/site-packages/airflow/example_dags/plugins/workday.py for tasks to queue
[2025-07-16T11:13:58.052+0000] {logging_mixin.py:150} INFO - [2025-07-16T11:13:58.052+0000] {dagbag.py:541} INFO - Filling up the DagBag from /home/vscode/.local/lib/python3.10/site-packages/airflow/example_dags/plugins/workday.py
[2025-07-16T11:13:58.056+0000] {logging_mixin.py:150} INFO - [2025-07-16T11:13:58.056+0000] {workday.py:36} WARNING - Could not import pandas. Holidays will not be considered.
[2025-07-16T11:13:58.056+0000] {processor.py:838} WARNING - No viable dags retrieved from /home/vscode/.local/lib/python3.10/site-packages/airflow/example_dags/plugins/workday.py
[2025-07-16T11:13:58.066+0000] {processor.py:179} INFO - Processing /home/vscode/.local/lib/python3.10/site-packages/airflow/example_dags/plugins/workday.py took 0.019 seconds
[2025-07-16T11:14:44.607+0000] {processor.py:157} INFO - Started process (PID=7918) to work on /home/vscode/.local/lib/python3.10/site-packages/airflow/example_dags/plugins/workday.py
[2025-07-16T11:14:44.607+0000] {processor.py:826} INFO - Processing file /home/vscode/.local/lib/python3.10/site-packages/airflow/example_dags/plugins/workday.py for tasks to queue
[2025-07-16T11:14:44.608+0000] {logging_mixin.py:150} INFO - [2025-07-16T11:14:44.608+0000] {dagbag.py:541} INFO - Filling up the DagBag from /home/vscode/.local/lib/python3.10/site-packages/airflow/example_dags/plugins/workday.py
[2025-07-16T11:14:44.610+0000] {logging_mixin.py:150} INFO - [2025-07-16T11:14:44.610+0000] {workday.py:36} WARNING - Could not import pandas. Holidays will not be considered.
[2025-07-16T11:14:44.611+0000] {processor.py:838} WARNING - No viable dags retrieved from /home/vscode/.local/lib/python3.10/site-packages/airflow/example_dags/plugins/workday.py
[2025-07-16T11:14:44.618+0000] {processor.py:179} INFO - Processing /home/vscode/.local/lib/python3.10/site-packages/airflow/example_dags/plugins/workday.py took 0.014 seconds
[2025-07-16T11:15:18.852+0000] {processor.py:157} INFO - Started process (PID=8263) to work on /home/vscode/.local/lib/python3.10/site-packages/airflow/example_dags/plugins/workday.py
[2025-07-16T11:15:18.853+0000] {processor.py:826} INFO - Processing file /home/vscode/.local/lib/python3.10/site-packages/airflow/example_dags/plugins/workday.py for tasks to queue
[2025-07-16T11:15:18.854+0000] {logging_mixin.py:150} INFO - [2025-07-16T11:15:18.853+0000] {dagbag.py:541} INFO - Filling up the DagBag from /home/vscode/.local/lib/python3.10/site-packages/airflow/example_dags/plugins/workday.py
[2025-07-16T11:15:18.856+0000] {logging_mixin.py:150} INFO - [2025-07-16T11:15:18.856+0000] {workday.py:36} WARNING - Could not import pandas. Holidays will not be considered.
[2025-07-16T11:15:18.856+0000] {processor.py:838} WARNING - No viable dags retrieved from /home/vscode/.local/lib/python3.10/site-packages/airflow/example_dags/plugins/workday.py
[2025-07-16T11:15:18.864+0000] {processor.py:179} INFO - Processing /home/vscode/.local/lib/python3.10/site-packages/airflow/example_dags/plugins/workday.py took 0.014 seconds
[2025-07-16T11:15:50.900+0000] {processor.py:157} INFO - Started process (PID=8630) to work on /home/vscode/.local/lib/python3.10/site-packages/airflow/example_dags/plugins/workday.py
[2025-07-16T11:15:50.901+0000] {processor.py:826} INFO - Processing file /home/vscode/.local/lib/python3.10/site-packages/airflow/example_dags/plugins/workday.py for tasks to queue
[2025-07-16T11:15:50.902+0000] {logging_mixin.py:150} INFO - [2025-07-16T11:15:50.901+0000] {dagbag.py:541} INFO - Filling up the DagBag from /home/vscode/.local/lib/python3.10/site-packages/airflow/example_dags/plugins/workday.py
[2025-07-16T11:15:50.904+0000] {logging_mixin.py:150} INFO - [2025-07-16T11:15:50.904+0000] {workday.py:36} WARNING - Could not import pandas. Holidays will not be considered.
[2025-07-16T11:15:50.904+0000] {processor.py:838} WARNING - No viable dags retrieved from /home/vscode/.local/lib/python3.10/site-packages/airflow/example_dags/plugins/workday.py
[2025-07-16T11:15:50.914+0000] {processor.py:179} INFO - Processing /home/vscode/.local/lib/python3.10/site-packages/airflow/example_dags/plugins/workday.py took 0.016 seconds
[2025-07-16T11:16:23.149+0000] {processor.py:157} INFO - Started process (PID=8947) to work on /home/vscode/.local/lib/python3.10/site-packages/airflow/example_dags/plugins/workday.py
[2025-07-16T11:16:23.149+0000] {processor.py:826} INFO - Processing file /home/vscode/.local/lib/python3.10/site-packages/airflow/example_dags/plugins/workday.py for tasks to queue
[2025-07-16T11:16:23.150+0000] {logging_mixin.py:150} INFO - [2025-07-16T11:16:23.150+0000] {dagbag.py:541} INFO - Filling up the DagBag from /home/vscode/.local/lib/python3.10/site-packages/airflow/example_dags/plugins/workday.py
[2025-07-16T11:16:23.152+0000] {logging_mixin.py:150} INFO - [2025-07-16T11:16:23.152+0000] {workday.py:36} WARNING - Could not import pandas. Holidays will not be considered.
[2025-07-16T11:16:23.153+0000] {processor.py:838} WARNING - No viable dags retrieved from /home/vscode/.local/lib/python3.10/site-packages/airflow/example_dags/plugins/workday.py
[2025-07-16T11:16:23.160+0000] {processor.py:179} INFO - Processing /home/vscode/.local/lib/python3.10/site-packages/airflow/example_dags/plugins/workday.py took 0.014 seconds
[2025-07-16T11:16:54.853+0000] {processor.py:157} INFO - Started process (PID=9296) to work on /home/vscode/.local/lib/python3.10/site-packages/airflow/example_dags/plugins/workday.py
[2025-07-16T11:16:54.854+0000] {processor.py:826} INFO - Processing file /home/vscode/.local/lib/python3.10/site-packages/airflow/example_dags/plugins/workday.py for tasks to queue
[2025-07-16T11:16:54.855+0000] {logging_mixin.py:150} INFO - [2025-07-16T11:16:54.854+0000] {dagbag.py:541} INFO - Filling up the DagBag from /home/vscode/.local/lib/python3.10/site-packages/airflow/example_dags/plugins/workday.py
[2025-07-16T11:16:54.857+0000] {logging_mixin.py:150} INFO - [2025-07-16T11:16:54.857+0000] {workday.py:36} WARNING - Could not import pandas. Holidays will not be considered.
[2025-07-16T11:16:54.857+0000] {processor.py:838} WARNING - No viable dags retrieved from /home/vscode/.local/lib/python3.10/site-packages/airflow/example_dags/plugins/workday.py
[2025-07-16T11:16:54.865+0000] {processor.py:179} INFO - Processing /home/vscode/.local/lib/python3.10/site-packages/airflow/example_dags/plugins/workday.py took 0.014 seconds
[2025-07-16T11:17:31.006+0000] {processor.py:157} INFO - Started process (PID=9633) to work on /home/vscode/.local/lib/python3.10/site-packages/airflow/example_dags/plugins/workday.py
[2025-07-16T11:17:31.007+0000] {processor.py:826} INFO - Processing file /home/vscode/.local/lib/python3.10/site-packages/airflow/example_dags/plugins/workday.py for tasks to queue
[2025-07-16T11:17:31.008+0000] {logging_mixin.py:150} INFO - [2025-07-16T11:17:31.007+0000] {dagbag.py:541} INFO - Filling up the DagBag from /home/vscode/.local/lib/python3.10/site-packages/airflow/example_dags/plugins/workday.py
[2025-07-16T11:17:31.010+0000] {logging_mixin.py:150} INFO - [2025-07-16T11:17:31.010+0000] {workday.py:36} WARNING - Could not import pandas. Holidays will not be considered.
[2025-07-16T11:17:31.010+0000] {processor.py:838} WARNING - No viable dags retrieved from /home/vscode/.local/lib/python3.10/site-packages/airflow/example_dags/plugins/workday.py
[2025-07-16T11:17:31.017+0000] {processor.py:179} INFO - Processing /home/vscode/.local/lib/python3.10/site-packages/airflow/example_dags/plugins/workday.py took 0.014 seconds
[2025-07-16T11:18:05.721+0000] {processor.py:157} INFO - Started process (PID=9870) to work on /home/vscode/.local/lib/python3.10/site-packages/airflow/example_dags/plugins/workday.py
[2025-07-16T11:18:05.722+0000] {processor.py:826} INFO - Processing file /home/vscode/.local/lib/python3.10/site-packages/airflow/example_dags/plugins/workday.py for tasks to queue
[2025-07-16T11:18:05.723+0000] {logging_mixin.py:150} INFO - [2025-07-16T11:18:05.722+0000] {dagbag.py:541} INFO - Filling up the DagBag from /home/vscode/.local/lib/python3.10/site-packages/airflow/example_dags/plugins/workday.py
[2025-07-16T11:18:05.725+0000] {logging_mixin.py:150} INFO - [2025-07-16T11:18:05.725+0000] {workday.py:36} WARNING - Could not import pandas. Holidays will not be considered.
[2025-07-16T11:18:05.725+0000] {processor.py:838} WARNING - No viable dags retrieved from /home/vscode/.local/lib/python3.10/site-packages/airflow/example_dags/plugins/workday.py
[2025-07-16T11:18:05.733+0000] {processor.py:179} INFO - Processing /home/vscode/.local/lib/python3.10/site-packages/airflow/example_dags/plugins/workday.py took 0.015 seconds
[2025-07-16T11:18:37.677+0000] {processor.py:157} INFO - Started process (PID=10084) to work on /home/vscode/.local/lib/python3.10/site-packages/airflow/example_dags/plugins/workday.py
[2025-07-16T11:18:37.677+0000] {processor.py:826} INFO - Processing file /home/vscode/.local/lib/python3.10/site-packages/airflow/example_dags/plugins/workday.py for tasks to queue
[2025-07-16T11:18:37.678+0000] {logging_mixin.py:150} INFO - [2025-07-16T11:18:37.678+0000] {dagbag.py:541} INFO - Filling up the DagBag from /home/vscode/.local/lib/python3.10/site-packages/airflow/example_dags/plugins/workday.py
[2025-07-16T11:18:37.680+0000] {logging_mixin.py:150} INFO - [2025-07-16T11:18:37.680+0000] {workday.py:36} WARNING - Could not import pandas. Holidays will not be considered.
[2025-07-16T11:18:37.681+0000] {processor.py:838} WARNING - No viable dags retrieved from /home/vscode/.local/lib/python3.10/site-packages/airflow/example_dags/plugins/workday.py
[2025-07-16T11:18:37.688+0000] {processor.py:179} INFO - Processing /home/vscode/.local/lib/python3.10/site-packages/airflow/example_dags/plugins/workday.py took 0.013 seconds
[2025-07-16T11:19:25.558+0000] {processor.py:157} INFO - Started process (PID=10407) to work on /home/vscode/.local/lib/python3.10/site-packages/airflow/example_dags/plugins/workday.py
[2025-07-16T11:19:25.559+0000] {processor.py:826} INFO - Processing file /home/vscode/.local/lib/python3.10/site-packages/airflow/example_dags/plugins/workday.py for tasks to queue
[2025-07-16T11:19:25.560+0000] {logging_mixin.py:150} INFO - [2025-07-16T11:19:25.559+0000] {dagbag.py:541} INFO - Filling up the DagBag from /home/vscode/.local/lib/python3.10/site-packages/airflow/example_dags/plugins/workday.py
[2025-07-16T11:19:25.562+0000] {logging_mixin.py:150} INFO - [2025-07-16T11:19:25.562+0000] {workday.py:36} WARNING - Could not import pandas. Holidays will not be considered.
[2025-07-16T11:19:25.563+0000] {processor.py:838} WARNING - No viable dags retrieved from /home/vscode/.local/lib/python3.10/site-packages/airflow/example_dags/plugins/workday.py
[2025-07-16T11:19:25.570+0000] {processor.py:179} INFO - Processing /home/vscode/.local/lib/python3.10/site-packages/airflow/example_dags/plugins/workday.py took 0.015 seconds
[2025-07-16T11:20:01.293+0000] {processor.py:157} INFO - Started process (PID=10650) to work on /home/vscode/.local/lib/python3.10/site-packages/airflow/example_dags/plugins/workday.py
[2025-07-16T11:20:01.294+0000] {processor.py:826} INFO - Processing file /home/vscode/.local/lib/python3.10/site-packages/airflow/example_dags/plugins/workday.py for tasks to queue
[2025-07-16T11:20:01.295+0000] {logging_mixin.py:150} INFO - [2025-07-16T11:20:01.294+0000] {dagbag.py:541} INFO - Filling up the DagBag from /home/vscode/.local/lib/python3.10/site-packages/airflow/example_dags/plugins/workday.py
[2025-07-16T11:20:01.297+0000] {logging_mixin.py:150} INFO - [2025-07-16T11:20:01.297+0000] {workday.py:36} WARNING - Could not import pandas. Holidays will not be considered.
[2025-07-16T11:20:01.297+0000] {processor.py:838} WARNING - No viable dags retrieved from /home/vscode/.local/lib/python3.10/site-packages/airflow/example_dags/plugins/workday.py
[2025-07-16T11:20:01.305+0000] {processor.py:179} INFO - Processing /home/vscode/.local/lib/python3.10/site-packages/airflow/example_dags/plugins/workday.py took 0.014 seconds
[2025-07-16T11:20:36.955+0000] {processor.py:157} INFO - Started process (PID=10961) to work on /home/vscode/.local/lib/python3.10/site-packages/airflow/example_dags/plugins/workday.py
[2025-07-16T11:20:36.956+0000] {processor.py:826} INFO - Processing file /home/vscode/.local/lib/python3.10/site-packages/airflow/example_dags/plugins/workday.py for tasks to queue
[2025-07-16T11:20:36.957+0000] {logging_mixin.py:150} INFO - [2025-07-16T11:20:36.957+0000] {dagbag.py:541} INFO - Filling up the DagBag from /home/vscode/.local/lib/python3.10/site-packages/airflow/example_dags/plugins/workday.py
[2025-07-16T11:20:37.716+0000] {processor.py:838} WARNING - No viable dags retrieved from /home/vscode/.local/lib/python3.10/site-packages/airflow/example_dags/plugins/workday.py
[2025-07-16T11:20:37.725+0000] {processor.py:179} INFO - Processing /home/vscode/.local/lib/python3.10/site-packages/airflow/example_dags/plugins/workday.py took 0.773 seconds
[2025-07-16T11:21:21.187+0000] {processor.py:157} INFO - Started process (PID=11753) to work on /home/vscode/.local/lib/python3.10/site-packages/airflow/example_dags/plugins/workday.py
[2025-07-16T11:21:21.187+0000] {processor.py:826} INFO - Processing file /home/vscode/.local/lib/python3.10/site-packages/airflow/example_dags/plugins/workday.py for tasks to queue
[2025-07-16T11:21:21.188+0000] {logging_mixin.py:150} INFO - [2025-07-16T11:21:21.188+0000] {dagbag.py:541} INFO - Filling up the DagBag from /home/vscode/.local/lib/python3.10/site-packages/airflow/example_dags/plugins/workday.py
[2025-07-16T11:21:21.558+0000] {processor.py:838} WARNING - No viable dags retrieved from /home/vscode/.local/lib/python3.10/site-packages/airflow/example_dags/plugins/workday.py
[2025-07-16T11:21:21.564+0000] {processor.py:179} INFO - Processing /home/vscode/.local/lib/python3.10/site-packages/airflow/example_dags/plugins/workday.py took 0.380 seconds
[2025-07-16T11:22:00.835+0000] {processor.py:157} INFO - Started process (PID=12246) to work on /home/vscode/.local/lib/python3.10/site-packages/airflow/example_dags/plugins/workday.py
[2025-07-16T11:22:00.836+0000] {processor.py:826} INFO - Processing file /home/vscode/.local/lib/python3.10/site-packages/airflow/example_dags/plugins/workday.py for tasks to queue
[2025-07-16T11:22:00.837+0000] {logging_mixin.py:150} INFO - [2025-07-16T11:22:00.836+0000] {dagbag.py:541} INFO - Filling up the DagBag from /home/vscode/.local/lib/python3.10/site-packages/airflow/example_dags/plugins/workday.py
[2025-07-16T11:22:01.187+0000] {processor.py:838} WARNING - No viable dags retrieved from /home/vscode/.local/lib/python3.10/site-packages/airflow/example_dags/plugins/workday.py
[2025-07-16T11:22:01.193+0000] {processor.py:179} INFO - Processing /home/vscode/.local/lib/python3.10/site-packages/airflow/example_dags/plugins/workday.py took 0.360 seconds
