[2025-07-16T11:06:24.061+0000] {processor.py:157} INFO - Started process (PID=3990) to work on /workspaces/hands-on-introduction-data-engineering-4395021/airflow/dags/challenge_dag.py
[2025-07-16T11:06:24.062+0000] {processor.py:826} INFO - Processing file /workspaces/hands-on-introduction-data-engineering-4395021/airflow/dags/challenge_dag.py for tasks to queue
[2025-07-16T11:06:24.063+0000] {logging_mixin.py:150} INFO - [2025-07-16T11:06:24.062+0000] {dagbag.py:541} INFO - Filling up the DagBag from /workspaces/hands-on-introduction-data-engineering-4395021/airflow/dags/challenge_dag.py
[2025-07-16T11:06:24.067+0000] {logging_mixin.py:150} INFO - [2025-07-16T11:06:24.065+0000] {dagbag.py:350} ERROR - Failed to import: /workspaces/hands-on-introduction-data-engineering-4395021/airflow/dags/challenge_dag.py
Traceback (most recent call last):
  File "/home/vscode/.local/lib/python3.10/site-packages/airflow/models/dagbag.py", line 346, in parse
    loader.exec_module(new_module)
  File "<frozen importlib._bootstrap_external>", line 883, in exec_module
  File "<frozen importlib._bootstrap>", line 241, in _call_with_frames_removed
  File "/workspaces/hands-on-introduction-data-engineering-4395021/airflow/dags/challenge_dag.py", line 3, in <module>
    import pandas as pd
ModuleNotFoundError: No module named 'pandas'
[2025-07-16T11:06:24.067+0000] {processor.py:838} WARNING - No viable dags retrieved from /workspaces/hands-on-introduction-data-engineering-4395021/airflow/dags/challenge_dag.py
[2025-07-16T11:06:24.086+0000] {processor.py:179} INFO - Processing /workspaces/hands-on-introduction-data-engineering-4395021/airflow/dags/challenge_dag.py took 0.028 seconds
[2025-07-16T11:07:10.211+0000] {processor.py:157} INFO - Started process (PID=4379) to work on /workspaces/hands-on-introduction-data-engineering-4395021/airflow/dags/challenge_dag.py
[2025-07-16T11:07:10.212+0000] {processor.py:826} INFO - Processing file /workspaces/hands-on-introduction-data-engineering-4395021/airflow/dags/challenge_dag.py for tasks to queue
[2025-07-16T11:07:10.212+0000] {logging_mixin.py:150} INFO - [2025-07-16T11:07:10.212+0000] {dagbag.py:541} INFO - Filling up the DagBag from /workspaces/hands-on-introduction-data-engineering-4395021/airflow/dags/challenge_dag.py
[2025-07-16T11:07:10.215+0000] {logging_mixin.py:150} INFO - [2025-07-16T11:07:10.215+0000] {dagbag.py:350} ERROR - Failed to import: /workspaces/hands-on-introduction-data-engineering-4395021/airflow/dags/challenge_dag.py
Traceback (most recent call last):
  File "/home/vscode/.local/lib/python3.10/site-packages/airflow/models/dagbag.py", line 346, in parse
    loader.exec_module(new_module)
  File "<frozen importlib._bootstrap_external>", line 883, in exec_module
  File "<frozen importlib._bootstrap>", line 241, in _call_with_frames_removed
  File "/workspaces/hands-on-introduction-data-engineering-4395021/airflow/dags/challenge_dag.py", line 3, in <module>
    import pandas as pd
ModuleNotFoundError: No module named 'pandas'
[2025-07-16T11:07:10.216+0000] {processor.py:838} WARNING - No viable dags retrieved from /workspaces/hands-on-introduction-data-engineering-4395021/airflow/dags/challenge_dag.py
[2025-07-16T11:07:10.230+0000] {processor.py:179} INFO - Processing /workspaces/hands-on-introduction-data-engineering-4395021/airflow/dags/challenge_dag.py took 0.021 seconds
[2025-07-16T11:07:43.376+0000] {processor.py:157} INFO - Started process (PID=4662) to work on /workspaces/hands-on-introduction-data-engineering-4395021/airflow/dags/challenge_dag.py
[2025-07-16T11:07:43.377+0000] {processor.py:826} INFO - Processing file /workspaces/hands-on-introduction-data-engineering-4395021/airflow/dags/challenge_dag.py for tasks to queue
[2025-07-16T11:07:43.378+0000] {logging_mixin.py:150} INFO - [2025-07-16T11:07:43.377+0000] {dagbag.py:541} INFO - Filling up the DagBag from /workspaces/hands-on-introduction-data-engineering-4395021/airflow/dags/challenge_dag.py
[2025-07-16T11:07:43.381+0000] {logging_mixin.py:150} INFO - [2025-07-16T11:07:43.380+0000] {dagbag.py:350} ERROR - Failed to import: /workspaces/hands-on-introduction-data-engineering-4395021/airflow/dags/challenge_dag.py
Traceback (most recent call last):
  File "/home/vscode/.local/lib/python3.10/site-packages/airflow/models/dagbag.py", line 346, in parse
    loader.exec_module(new_module)
  File "<frozen importlib._bootstrap_external>", line 883, in exec_module
  File "<frozen importlib._bootstrap>", line 241, in _call_with_frames_removed
  File "/workspaces/hands-on-introduction-data-engineering-4395021/airflow/dags/challenge_dag.py", line 3, in <module>
    import pandas as pd
ModuleNotFoundError: No module named 'pandas'
[2025-07-16T11:07:43.381+0000] {processor.py:838} WARNING - No viable dags retrieved from /workspaces/hands-on-introduction-data-engineering-4395021/airflow/dags/challenge_dag.py
[2025-07-16T11:07:43.394+0000] {processor.py:179} INFO - Processing /workspaces/hands-on-introduction-data-engineering-4395021/airflow/dags/challenge_dag.py took 0.021 seconds
[2025-07-16T11:08:28.505+0000] {processor.py:157} INFO - Started process (PID=4979) to work on /workspaces/hands-on-introduction-data-engineering-4395021/airflow/dags/challenge_dag.py
[2025-07-16T11:08:28.506+0000] {processor.py:826} INFO - Processing file /workspaces/hands-on-introduction-data-engineering-4395021/airflow/dags/challenge_dag.py for tasks to queue
[2025-07-16T11:08:28.506+0000] {logging_mixin.py:150} INFO - [2025-07-16T11:08:28.506+0000] {dagbag.py:541} INFO - Filling up the DagBag from /workspaces/hands-on-introduction-data-engineering-4395021/airflow/dags/challenge_dag.py
[2025-07-16T11:08:28.509+0000] {logging_mixin.py:150} INFO - [2025-07-16T11:08:28.508+0000] {dagbag.py:350} ERROR - Failed to import: /workspaces/hands-on-introduction-data-engineering-4395021/airflow/dags/challenge_dag.py
Traceback (most recent call last):
  File "/home/vscode/.local/lib/python3.10/site-packages/airflow/models/dagbag.py", line 346, in parse
    loader.exec_module(new_module)
  File "<frozen importlib._bootstrap_external>", line 883, in exec_module
  File "<frozen importlib._bootstrap>", line 241, in _call_with_frames_removed
  File "/workspaces/hands-on-introduction-data-engineering-4395021/airflow/dags/challenge_dag.py", line 3, in <module>
    import pandas as pd
ModuleNotFoundError: No module named 'pandas'
[2025-07-16T11:08:28.509+0000] {processor.py:838} WARNING - No viable dags retrieved from /workspaces/hands-on-introduction-data-engineering-4395021/airflow/dags/challenge_dag.py
[2025-07-16T11:08:28.523+0000] {processor.py:179} INFO - Processing /workspaces/hands-on-introduction-data-engineering-4395021/airflow/dags/challenge_dag.py took 0.021 seconds
[2025-07-16T11:09:00.746+0000] {processor.py:157} INFO - Started process (PID=5222) to work on /workspaces/hands-on-introduction-data-engineering-4395021/airflow/dags/challenge_dag.py
[2025-07-16T11:09:00.749+0000] {processor.py:826} INFO - Processing file /workspaces/hands-on-introduction-data-engineering-4395021/airflow/dags/challenge_dag.py for tasks to queue
[2025-07-16T11:09:00.750+0000] {logging_mixin.py:150} INFO - [2025-07-16T11:09:00.749+0000] {dagbag.py:541} INFO - Filling up the DagBag from /workspaces/hands-on-introduction-data-engineering-4395021/airflow/dags/challenge_dag.py
[2025-07-16T11:09:00.754+0000] {logging_mixin.py:150} INFO - [2025-07-16T11:09:00.753+0000] {dagbag.py:350} ERROR - Failed to import: /workspaces/hands-on-introduction-data-engineering-4395021/airflow/dags/challenge_dag.py
Traceback (most recent call last):
  File "/home/vscode/.local/lib/python3.10/site-packages/airflow/models/dagbag.py", line 346, in parse
    loader.exec_module(new_module)
  File "<frozen importlib._bootstrap_external>", line 883, in exec_module
  File "<frozen importlib._bootstrap>", line 241, in _call_with_frames_removed
  File "/workspaces/hands-on-introduction-data-engineering-4395021/airflow/dags/challenge_dag.py", line 3, in <module>
    import pandas as pd
ModuleNotFoundError: No module named 'pandas'
[2025-07-16T11:09:00.754+0000] {processor.py:838} WARNING - No viable dags retrieved from /workspaces/hands-on-introduction-data-engineering-4395021/airflow/dags/challenge_dag.py
[2025-07-16T11:09:00.772+0000] {processor.py:179} INFO - Processing /workspaces/hands-on-introduction-data-engineering-4395021/airflow/dags/challenge_dag.py took 0.030 seconds
[2025-07-16T11:09:32.864+0000] {processor.py:157} INFO - Started process (PID=5473) to work on /workspaces/hands-on-introduction-data-engineering-4395021/airflow/dags/challenge_dag.py
[2025-07-16T11:09:32.864+0000] {processor.py:826} INFO - Processing file /workspaces/hands-on-introduction-data-engineering-4395021/airflow/dags/challenge_dag.py for tasks to queue
[2025-07-16T11:09:32.865+0000] {logging_mixin.py:150} INFO - [2025-07-16T11:09:32.865+0000] {dagbag.py:541} INFO - Filling up the DagBag from /workspaces/hands-on-introduction-data-engineering-4395021/airflow/dags/challenge_dag.py
[2025-07-16T11:09:32.868+0000] {logging_mixin.py:150} INFO - [2025-07-16T11:09:32.867+0000] {dagbag.py:350} ERROR - Failed to import: /workspaces/hands-on-introduction-data-engineering-4395021/airflow/dags/challenge_dag.py
Traceback (most recent call last):
  File "/home/vscode/.local/lib/python3.10/site-packages/airflow/models/dagbag.py", line 346, in parse
    loader.exec_module(new_module)
  File "<frozen importlib._bootstrap_external>", line 883, in exec_module
  File "<frozen importlib._bootstrap>", line 241, in _call_with_frames_removed
  File "/workspaces/hands-on-introduction-data-engineering-4395021/airflow/dags/challenge_dag.py", line 3, in <module>
    import pandas as pd
ModuleNotFoundError: No module named 'pandas'
[2025-07-16T11:09:32.868+0000] {processor.py:838} WARNING - No viable dags retrieved from /workspaces/hands-on-introduction-data-engineering-4395021/airflow/dags/challenge_dag.py
[2025-07-16T11:09:32.882+0000] {processor.py:179} INFO - Processing /workspaces/hands-on-introduction-data-engineering-4395021/airflow/dags/challenge_dag.py took 0.021 seconds
[2025-07-16T11:10:06.736+0000] {processor.py:157} INFO - Started process (PID=5705) to work on /workspaces/hands-on-introduction-data-engineering-4395021/airflow/dags/challenge_dag.py
[2025-07-16T11:10:06.737+0000] {processor.py:826} INFO - Processing file /workspaces/hands-on-introduction-data-engineering-4395021/airflow/dags/challenge_dag.py for tasks to queue
[2025-07-16T11:10:06.738+0000] {logging_mixin.py:150} INFO - [2025-07-16T11:10:06.737+0000] {dagbag.py:541} INFO - Filling up the DagBag from /workspaces/hands-on-introduction-data-engineering-4395021/airflow/dags/challenge_dag.py
[2025-07-16T11:10:06.741+0000] {logging_mixin.py:150} INFO - [2025-07-16T11:10:06.740+0000] {dagbag.py:350} ERROR - Failed to import: /workspaces/hands-on-introduction-data-engineering-4395021/airflow/dags/challenge_dag.py
Traceback (most recent call last):
  File "/home/vscode/.local/lib/python3.10/site-packages/airflow/models/dagbag.py", line 346, in parse
    loader.exec_module(new_module)
  File "<frozen importlib._bootstrap_external>", line 883, in exec_module
  File "<frozen importlib._bootstrap>", line 241, in _call_with_frames_removed
  File "/workspaces/hands-on-introduction-data-engineering-4395021/airflow/dags/challenge_dag.py", line 3, in <module>
    import pandas as pd
ModuleNotFoundError: No module named 'pandas'
[2025-07-16T11:10:06.742+0000] {processor.py:838} WARNING - No viable dags retrieved from /workspaces/hands-on-introduction-data-engineering-4395021/airflow/dags/challenge_dag.py
[2025-07-16T11:10:06.759+0000] {processor.py:179} INFO - Processing /workspaces/hands-on-introduction-data-engineering-4395021/airflow/dags/challenge_dag.py took 0.025 seconds
[2025-07-16T11:10:38.314+0000] {processor.py:157} INFO - Started process (PID=5953) to work on /workspaces/hands-on-introduction-data-engineering-4395021/airflow/dags/challenge_dag.py
[2025-07-16T11:10:38.315+0000] {processor.py:826} INFO - Processing file /workspaces/hands-on-introduction-data-engineering-4395021/airflow/dags/challenge_dag.py for tasks to queue
[2025-07-16T11:10:38.315+0000] {logging_mixin.py:150} INFO - [2025-07-16T11:10:38.315+0000] {dagbag.py:541} INFO - Filling up the DagBag from /workspaces/hands-on-introduction-data-engineering-4395021/airflow/dags/challenge_dag.py
[2025-07-16T11:10:38.319+0000] {logging_mixin.py:150} INFO - [2025-07-16T11:10:38.318+0000] {dagbag.py:350} ERROR - Failed to import: /workspaces/hands-on-introduction-data-engineering-4395021/airflow/dags/challenge_dag.py
Traceback (most recent call last):
  File "/home/vscode/.local/lib/python3.10/site-packages/airflow/models/dagbag.py", line 346, in parse
    loader.exec_module(new_module)
  File "<frozen importlib._bootstrap_external>", line 883, in exec_module
  File "<frozen importlib._bootstrap>", line 241, in _call_with_frames_removed
  File "/workspaces/hands-on-introduction-data-engineering-4395021/airflow/dags/challenge_dag.py", line 3, in <module>
    import pandas as pd
ModuleNotFoundError: No module named 'pandas'
[2025-07-16T11:10:38.319+0000] {processor.py:838} WARNING - No viable dags retrieved from /workspaces/hands-on-introduction-data-engineering-4395021/airflow/dags/challenge_dag.py
[2025-07-16T11:10:38.335+0000] {processor.py:179} INFO - Processing /workspaces/hands-on-introduction-data-engineering-4395021/airflow/dags/challenge_dag.py took 0.026 seconds
[2025-07-16T11:11:24.020+0000] {processor.py:157} INFO - Started process (PID=6294) to work on /workspaces/hands-on-introduction-data-engineering-4395021/airflow/dags/challenge_dag.py
[2025-07-16T11:11:24.021+0000] {processor.py:826} INFO - Processing file /workspaces/hands-on-introduction-data-engineering-4395021/airflow/dags/challenge_dag.py for tasks to queue
[2025-07-16T11:11:24.022+0000] {logging_mixin.py:150} INFO - [2025-07-16T11:11:24.021+0000] {dagbag.py:541} INFO - Filling up the DagBag from /workspaces/hands-on-introduction-data-engineering-4395021/airflow/dags/challenge_dag.py
[2025-07-16T11:11:24.024+0000] {logging_mixin.py:150} INFO - [2025-07-16T11:11:24.024+0000] {dagbag.py:350} ERROR - Failed to import: /workspaces/hands-on-introduction-data-engineering-4395021/airflow/dags/challenge_dag.py
Traceback (most recent call last):
  File "/home/vscode/.local/lib/python3.10/site-packages/airflow/models/dagbag.py", line 346, in parse
    loader.exec_module(new_module)
  File "<frozen importlib._bootstrap_external>", line 883, in exec_module
  File "<frozen importlib._bootstrap>", line 241, in _call_with_frames_removed
  File "/workspaces/hands-on-introduction-data-engineering-4395021/airflow/dags/challenge_dag.py", line 3, in <module>
    import pandas as pd
ModuleNotFoundError: No module named 'pandas'
[2025-07-16T11:11:24.025+0000] {processor.py:838} WARNING - No viable dags retrieved from /workspaces/hands-on-introduction-data-engineering-4395021/airflow/dags/challenge_dag.py
[2025-07-16T11:11:24.041+0000] {processor.py:179} INFO - Processing /workspaces/hands-on-introduction-data-engineering-4395021/airflow/dags/challenge_dag.py took 0.023 seconds
[2025-07-16T11:11:55.578+0000] {processor.py:157} INFO - Started process (PID=6524) to work on /workspaces/hands-on-introduction-data-engineering-4395021/airflow/dags/challenge_dag.py
[2025-07-16T11:11:55.579+0000] {processor.py:826} INFO - Processing file /workspaces/hands-on-introduction-data-engineering-4395021/airflow/dags/challenge_dag.py for tasks to queue
[2025-07-16T11:11:55.580+0000] {logging_mixin.py:150} INFO - [2025-07-16T11:11:55.580+0000] {dagbag.py:541} INFO - Filling up the DagBag from /workspaces/hands-on-introduction-data-engineering-4395021/airflow/dags/challenge_dag.py
[2025-07-16T11:11:55.583+0000] {logging_mixin.py:150} INFO - [2025-07-16T11:11:55.582+0000] {dagbag.py:350} ERROR - Failed to import: /workspaces/hands-on-introduction-data-engineering-4395021/airflow/dags/challenge_dag.py
Traceback (most recent call last):
  File "/home/vscode/.local/lib/python3.10/site-packages/airflow/models/dagbag.py", line 346, in parse
    loader.exec_module(new_module)
  File "<frozen importlib._bootstrap_external>", line 883, in exec_module
  File "<frozen importlib._bootstrap>", line 241, in _call_with_frames_removed
  File "/workspaces/hands-on-introduction-data-engineering-4395021/airflow/dags/challenge_dag.py", line 3, in <module>
    import pandas as pd
ModuleNotFoundError: No module named 'pandas'
[2025-07-16T11:11:55.583+0000] {processor.py:838} WARNING - No viable dags retrieved from /workspaces/hands-on-introduction-data-engineering-4395021/airflow/dags/challenge_dag.py
[2025-07-16T11:11:55.598+0000] {processor.py:179} INFO - Processing /workspaces/hands-on-introduction-data-engineering-4395021/airflow/dags/challenge_dag.py took 0.022 seconds
[2025-07-16T11:12:36.584+0000] {processor.py:157} INFO - Started process (PID=6824) to work on /workspaces/hands-on-introduction-data-engineering-4395021/airflow/dags/challenge_dag.py
[2025-07-16T11:12:36.585+0000] {processor.py:826} INFO - Processing file /workspaces/hands-on-introduction-data-engineering-4395021/airflow/dags/challenge_dag.py for tasks to queue
[2025-07-16T11:12:36.586+0000] {logging_mixin.py:150} INFO - [2025-07-16T11:12:36.586+0000] {dagbag.py:541} INFO - Filling up the DagBag from /workspaces/hands-on-introduction-data-engineering-4395021/airflow/dags/challenge_dag.py
[2025-07-16T11:12:36.589+0000] {logging_mixin.py:150} INFO - [2025-07-16T11:12:36.588+0000] {dagbag.py:350} ERROR - Failed to import: /workspaces/hands-on-introduction-data-engineering-4395021/airflow/dags/challenge_dag.py
Traceback (most recent call last):
  File "/home/vscode/.local/lib/python3.10/site-packages/airflow/models/dagbag.py", line 346, in parse
    loader.exec_module(new_module)
  File "<frozen importlib._bootstrap_external>", line 883, in exec_module
  File "<frozen importlib._bootstrap>", line 241, in _call_with_frames_removed
  File "/workspaces/hands-on-introduction-data-engineering-4395021/airflow/dags/challenge_dag.py", line 3, in <module>
    import pandas as pd
ModuleNotFoundError: No module named 'pandas'
[2025-07-16T11:12:36.589+0000] {processor.py:838} WARNING - No viable dags retrieved from /workspaces/hands-on-introduction-data-engineering-4395021/airflow/dags/challenge_dag.py
[2025-07-16T11:12:36.604+0000] {processor.py:179} INFO - Processing /workspaces/hands-on-introduction-data-engineering-4395021/airflow/dags/challenge_dag.py took 0.022 seconds
[2025-07-16T11:13:22.931+0000] {processor.py:157} INFO - Started process (PID=7173) to work on /workspaces/hands-on-introduction-data-engineering-4395021/airflow/dags/challenge_dag.py
[2025-07-16T11:13:22.932+0000] {processor.py:826} INFO - Processing file /workspaces/hands-on-introduction-data-engineering-4395021/airflow/dags/challenge_dag.py for tasks to queue
[2025-07-16T11:13:22.933+0000] {logging_mixin.py:150} INFO - [2025-07-16T11:13:22.933+0000] {dagbag.py:541} INFO - Filling up the DagBag from /workspaces/hands-on-introduction-data-engineering-4395021/airflow/dags/challenge_dag.py
[2025-07-16T11:13:22.936+0000] {logging_mixin.py:150} INFO - [2025-07-16T11:13:22.935+0000] {dagbag.py:350} ERROR - Failed to import: /workspaces/hands-on-introduction-data-engineering-4395021/airflow/dags/challenge_dag.py
Traceback (most recent call last):
  File "/home/vscode/.local/lib/python3.10/site-packages/airflow/models/dagbag.py", line 346, in parse
    loader.exec_module(new_module)
  File "<frozen importlib._bootstrap_external>", line 883, in exec_module
  File "<frozen importlib._bootstrap>", line 241, in _call_with_frames_removed
  File "/workspaces/hands-on-introduction-data-engineering-4395021/airflow/dags/challenge_dag.py", line 3, in <module>
    import pandas as pd
ModuleNotFoundError: No module named 'pandas'
[2025-07-16T11:13:22.936+0000] {processor.py:838} WARNING - No viable dags retrieved from /workspaces/hands-on-introduction-data-engineering-4395021/airflow/dags/challenge_dag.py
[2025-07-16T11:13:22.949+0000] {processor.py:179} INFO - Processing /workspaces/hands-on-introduction-data-engineering-4395021/airflow/dags/challenge_dag.py took 0.020 seconds
[2025-07-16T11:13:56.575+0000] {processor.py:157} INFO - Started process (PID=7457) to work on /workspaces/hands-on-introduction-data-engineering-4395021/airflow/dags/challenge_dag.py
[2025-07-16T11:13:56.576+0000] {processor.py:826} INFO - Processing file /workspaces/hands-on-introduction-data-engineering-4395021/airflow/dags/challenge_dag.py for tasks to queue
[2025-07-16T11:13:56.577+0000] {logging_mixin.py:150} INFO - [2025-07-16T11:13:56.577+0000] {dagbag.py:541} INFO - Filling up the DagBag from /workspaces/hands-on-introduction-data-engineering-4395021/airflow/dags/challenge_dag.py
[2025-07-16T11:13:56.580+0000] {logging_mixin.py:150} INFO - [2025-07-16T11:13:56.579+0000] {dagbag.py:350} ERROR - Failed to import: /workspaces/hands-on-introduction-data-engineering-4395021/airflow/dags/challenge_dag.py
Traceback (most recent call last):
  File "/home/vscode/.local/lib/python3.10/site-packages/airflow/models/dagbag.py", line 346, in parse
    loader.exec_module(new_module)
  File "<frozen importlib._bootstrap_external>", line 883, in exec_module
  File "<frozen importlib._bootstrap>", line 241, in _call_with_frames_removed
  File "/workspaces/hands-on-introduction-data-engineering-4395021/airflow/dags/challenge_dag.py", line 3, in <module>
    import pandas as pd
ModuleNotFoundError: No module named 'pandas'
[2025-07-16T11:13:56.580+0000] {processor.py:838} WARNING - No viable dags retrieved from /workspaces/hands-on-introduction-data-engineering-4395021/airflow/dags/challenge_dag.py
[2025-07-16T11:13:56.595+0000] {processor.py:179} INFO - Processing /workspaces/hands-on-introduction-data-engineering-4395021/airflow/dags/challenge_dag.py took 0.023 seconds
[2025-07-16T11:14:27.427+0000] {processor.py:157} INFO - Started process (PID=7754) to work on /workspaces/hands-on-introduction-data-engineering-4395021/airflow/dags/challenge_dag.py
[2025-07-16T11:14:27.428+0000] {processor.py:826} INFO - Processing file /workspaces/hands-on-introduction-data-engineering-4395021/airflow/dags/challenge_dag.py for tasks to queue
[2025-07-16T11:14:27.429+0000] {logging_mixin.py:150} INFO - [2025-07-16T11:14:27.428+0000] {dagbag.py:541} INFO - Filling up the DagBag from /workspaces/hands-on-introduction-data-engineering-4395021/airflow/dags/challenge_dag.py
[2025-07-16T11:14:27.432+0000] {logging_mixin.py:150} INFO - [2025-07-16T11:14:27.431+0000] {dagbag.py:350} ERROR - Failed to import: /workspaces/hands-on-introduction-data-engineering-4395021/airflow/dags/challenge_dag.py
Traceback (most recent call last):
  File "/home/vscode/.local/lib/python3.10/site-packages/airflow/models/dagbag.py", line 346, in parse
    loader.exec_module(new_module)
  File "<frozen importlib._bootstrap_external>", line 883, in exec_module
  File "<frozen importlib._bootstrap>", line 241, in _call_with_frames_removed
  File "/workspaces/hands-on-introduction-data-engineering-4395021/airflow/dags/challenge_dag.py", line 3, in <module>
    import pandas as pd
ModuleNotFoundError: No module named 'pandas'
[2025-07-16T11:14:27.432+0000] {processor.py:838} WARNING - No viable dags retrieved from /workspaces/hands-on-introduction-data-engineering-4395021/airflow/dags/challenge_dag.py
[2025-07-16T11:14:27.446+0000] {processor.py:179} INFO - Processing /workspaces/hands-on-introduction-data-engineering-4395021/airflow/dags/challenge_dag.py took 0.021 seconds
[2025-07-16T11:15:00.899+0000] {processor.py:157} INFO - Started process (PID=8068) to work on /workspaces/hands-on-introduction-data-engineering-4395021/airflow/dags/challenge_dag.py
[2025-07-16T11:15:00.900+0000] {processor.py:826} INFO - Processing file /workspaces/hands-on-introduction-data-engineering-4395021/airflow/dags/challenge_dag.py for tasks to queue
[2025-07-16T11:15:00.901+0000] {logging_mixin.py:150} INFO - [2025-07-16T11:15:00.900+0000] {dagbag.py:541} INFO - Filling up the DagBag from /workspaces/hands-on-introduction-data-engineering-4395021/airflow/dags/challenge_dag.py
[2025-07-16T11:15:00.904+0000] {logging_mixin.py:150} INFO - [2025-07-16T11:15:00.903+0000] {dagbag.py:350} ERROR - Failed to import: /workspaces/hands-on-introduction-data-engineering-4395021/airflow/dags/challenge_dag.py
Traceback (most recent call last):
  File "/home/vscode/.local/lib/python3.10/site-packages/airflow/models/dagbag.py", line 346, in parse
    loader.exec_module(new_module)
  File "<frozen importlib._bootstrap_external>", line 883, in exec_module
  File "<frozen importlib._bootstrap>", line 241, in _call_with_frames_removed
  File "/workspaces/hands-on-introduction-data-engineering-4395021/airflow/dags/challenge_dag.py", line 3, in <module>
    import pandas as pd
ModuleNotFoundError: No module named 'pandas'
[2025-07-16T11:15:00.904+0000] {processor.py:838} WARNING - No viable dags retrieved from /workspaces/hands-on-introduction-data-engineering-4395021/airflow/dags/challenge_dag.py
[2025-07-16T11:15:00.918+0000] {processor.py:179} INFO - Processing /workspaces/hands-on-introduction-data-engineering-4395021/airflow/dags/challenge_dag.py took 0.021 seconds
[2025-07-16T11:15:34.308+0000] {processor.py:157} INFO - Started process (PID=8388) to work on /workspaces/hands-on-introduction-data-engineering-4395021/airflow/dags/challenge_dag.py
[2025-07-16T11:15:34.309+0000] {processor.py:826} INFO - Processing file /workspaces/hands-on-introduction-data-engineering-4395021/airflow/dags/challenge_dag.py for tasks to queue
[2025-07-16T11:15:34.310+0000] {logging_mixin.py:150} INFO - [2025-07-16T11:15:34.309+0000] {dagbag.py:541} INFO - Filling up the DagBag from /workspaces/hands-on-introduction-data-engineering-4395021/airflow/dags/challenge_dag.py
[2025-07-16T11:15:34.314+0000] {logging_mixin.py:150} INFO - [2025-07-16T11:15:34.313+0000] {dagbag.py:350} ERROR - Failed to import: /workspaces/hands-on-introduction-data-engineering-4395021/airflow/dags/challenge_dag.py
Traceback (most recent call last):
  File "/home/vscode/.local/lib/python3.10/site-packages/airflow/models/dagbag.py", line 346, in parse
    loader.exec_module(new_module)
  File "<frozen importlib._bootstrap_external>", line 883, in exec_module
  File "<frozen importlib._bootstrap>", line 241, in _call_with_frames_removed
  File "/workspaces/hands-on-introduction-data-engineering-4395021/airflow/dags/challenge_dag.py", line 3, in <module>
    import pandas as pd
ModuleNotFoundError: No module named 'pandas'
[2025-07-16T11:15:34.314+0000] {processor.py:838} WARNING - No viable dags retrieved from /workspaces/hands-on-introduction-data-engineering-4395021/airflow/dags/challenge_dag.py
[2025-07-16T11:15:34.331+0000] {processor.py:179} INFO - Processing /workspaces/hands-on-introduction-data-engineering-4395021/airflow/dags/challenge_dag.py took 0.026 seconds
[2025-07-16T11:16:06.422+0000] {processor.py:157} INFO - Started process (PID=8757) to work on /workspaces/hands-on-introduction-data-engineering-4395021/airflow/dags/challenge_dag.py
[2025-07-16T11:16:06.423+0000] {processor.py:826} INFO - Processing file /workspaces/hands-on-introduction-data-engineering-4395021/airflow/dags/challenge_dag.py for tasks to queue
[2025-07-16T11:16:06.424+0000] {logging_mixin.py:150} INFO - [2025-07-16T11:16:06.424+0000] {dagbag.py:541} INFO - Filling up the DagBag from /workspaces/hands-on-introduction-data-engineering-4395021/airflow/dags/challenge_dag.py
[2025-07-16T11:16:06.427+0000] {logging_mixin.py:150} INFO - [2025-07-16T11:16:06.426+0000] {dagbag.py:350} ERROR - Failed to import: /workspaces/hands-on-introduction-data-engineering-4395021/airflow/dags/challenge_dag.py
Traceback (most recent call last):
  File "/home/vscode/.local/lib/python3.10/site-packages/airflow/models/dagbag.py", line 346, in parse
    loader.exec_module(new_module)
  File "<frozen importlib._bootstrap_external>", line 883, in exec_module
  File "<frozen importlib._bootstrap>", line 241, in _call_with_frames_removed
  File "/workspaces/hands-on-introduction-data-engineering-4395021/airflow/dags/challenge_dag.py", line 3, in <module>
    import pandas as pd
ModuleNotFoundError: No module named 'pandas'
[2025-07-16T11:16:06.427+0000] {processor.py:838} WARNING - No viable dags retrieved from /workspaces/hands-on-introduction-data-engineering-4395021/airflow/dags/challenge_dag.py
[2025-07-16T11:16:06.442+0000] {processor.py:179} INFO - Processing /workspaces/hands-on-introduction-data-engineering-4395021/airflow/dags/challenge_dag.py took 0.022 seconds
[2025-07-16T11:16:38.412+0000] {processor.py:157} INFO - Started process (PID=9136) to work on /workspaces/hands-on-introduction-data-engineering-4395021/airflow/dags/challenge_dag.py
[2025-07-16T11:16:38.412+0000] {processor.py:826} INFO - Processing file /workspaces/hands-on-introduction-data-engineering-4395021/airflow/dags/challenge_dag.py for tasks to queue
[2025-07-16T11:16:38.413+0000] {logging_mixin.py:150} INFO - [2025-07-16T11:16:38.413+0000] {dagbag.py:541} INFO - Filling up the DagBag from /workspaces/hands-on-introduction-data-engineering-4395021/airflow/dags/challenge_dag.py
[2025-07-16T11:16:38.416+0000] {logging_mixin.py:150} INFO - [2025-07-16T11:16:38.415+0000] {dagbag.py:350} ERROR - Failed to import: /workspaces/hands-on-introduction-data-engineering-4395021/airflow/dags/challenge_dag.py
Traceback (most recent call last):
  File "/home/vscode/.local/lib/python3.10/site-packages/airflow/models/dagbag.py", line 346, in parse
    loader.exec_module(new_module)
  File "<frozen importlib._bootstrap_external>", line 883, in exec_module
  File "<frozen importlib._bootstrap>", line 241, in _call_with_frames_removed
  File "/workspaces/hands-on-introduction-data-engineering-4395021/airflow/dags/challenge_dag.py", line 3, in <module>
    import pandas as pd
ModuleNotFoundError: No module named 'pandas'
[2025-07-16T11:16:38.416+0000] {processor.py:838} WARNING - No viable dags retrieved from /workspaces/hands-on-introduction-data-engineering-4395021/airflow/dags/challenge_dag.py
[2025-07-16T11:16:38.430+0000] {processor.py:179} INFO - Processing /workspaces/hands-on-introduction-data-engineering-4395021/airflow/dags/challenge_dag.py took 0.021 seconds
[2025-07-16T11:17:11.557+0000] {processor.py:157} INFO - Started process (PID=9490) to work on /workspaces/hands-on-introduction-data-engineering-4395021/airflow/dags/challenge_dag.py
[2025-07-16T11:17:11.558+0000] {processor.py:826} INFO - Processing file /workspaces/hands-on-introduction-data-engineering-4395021/airflow/dags/challenge_dag.py for tasks to queue
[2025-07-16T11:17:11.559+0000] {logging_mixin.py:150} INFO - [2025-07-16T11:17:11.558+0000] {dagbag.py:541} INFO - Filling up the DagBag from /workspaces/hands-on-introduction-data-engineering-4395021/airflow/dags/challenge_dag.py
[2025-07-16T11:17:11.561+0000] {logging_mixin.py:150} INFO - [2025-07-16T11:17:11.561+0000] {dagbag.py:350} ERROR - Failed to import: /workspaces/hands-on-introduction-data-engineering-4395021/airflow/dags/challenge_dag.py
Traceback (most recent call last):
  File "/home/vscode/.local/lib/python3.10/site-packages/airflow/models/dagbag.py", line 346, in parse
    loader.exec_module(new_module)
  File "<frozen importlib._bootstrap_external>", line 883, in exec_module
  File "<frozen importlib._bootstrap>", line 241, in _call_with_frames_removed
  File "/workspaces/hands-on-introduction-data-engineering-4395021/airflow/dags/challenge_dag.py", line 3, in <module>
    import pandas as pd
ModuleNotFoundError: No module named 'pandas'
[2025-07-16T11:17:11.562+0000] {processor.py:838} WARNING - No viable dags retrieved from /workspaces/hands-on-introduction-data-engineering-4395021/airflow/dags/challenge_dag.py
[2025-07-16T11:17:11.575+0000] {processor.py:179} INFO - Processing /workspaces/hands-on-introduction-data-engineering-4395021/airflow/dags/challenge_dag.py took 0.021 seconds
[2025-07-16T11:17:47.386+0000] {processor.py:157} INFO - Started process (PID=9749) to work on /workspaces/hands-on-introduction-data-engineering-4395021/airflow/dags/challenge_dag.py
[2025-07-16T11:17:47.387+0000] {processor.py:826} INFO - Processing file /workspaces/hands-on-introduction-data-engineering-4395021/airflow/dags/challenge_dag.py for tasks to queue
[2025-07-16T11:17:47.388+0000] {logging_mixin.py:150} INFO - [2025-07-16T11:17:47.387+0000] {dagbag.py:541} INFO - Filling up the DagBag from /workspaces/hands-on-introduction-data-engineering-4395021/airflow/dags/challenge_dag.py
[2025-07-16T11:17:47.390+0000] {logging_mixin.py:150} INFO - [2025-07-16T11:17:47.390+0000] {dagbag.py:350} ERROR - Failed to import: /workspaces/hands-on-introduction-data-engineering-4395021/airflow/dags/challenge_dag.py
Traceback (most recent call last):
  File "/home/vscode/.local/lib/python3.10/site-packages/airflow/models/dagbag.py", line 346, in parse
    loader.exec_module(new_module)
  File "<frozen importlib._bootstrap_external>", line 883, in exec_module
  File "<frozen importlib._bootstrap>", line 241, in _call_with_frames_removed
  File "/workspaces/hands-on-introduction-data-engineering-4395021/airflow/dags/challenge_dag.py", line 3, in <module>
    import pandas as pd
ModuleNotFoundError: No module named 'pandas'
[2025-07-16T11:17:47.391+0000] {processor.py:838} WARNING - No viable dags retrieved from /workspaces/hands-on-introduction-data-engineering-4395021/airflow/dags/challenge_dag.py
[2025-07-16T11:17:47.404+0000] {processor.py:179} INFO - Processing /workspaces/hands-on-introduction-data-engineering-4395021/airflow/dags/challenge_dag.py took 0.020 seconds
[2025-07-16T11:18:22.164+0000] {processor.py:157} INFO - Started process (PID=9974) to work on /workspaces/hands-on-introduction-data-engineering-4395021/airflow/dags/challenge_dag.py
[2025-07-16T11:18:22.165+0000] {processor.py:826} INFO - Processing file /workspaces/hands-on-introduction-data-engineering-4395021/airflow/dags/challenge_dag.py for tasks to queue
[2025-07-16T11:18:22.166+0000] {logging_mixin.py:150} INFO - [2025-07-16T11:18:22.165+0000] {dagbag.py:541} INFO - Filling up the DagBag from /workspaces/hands-on-introduction-data-engineering-4395021/airflow/dags/challenge_dag.py
[2025-07-16T11:18:22.168+0000] {logging_mixin.py:150} INFO - [2025-07-16T11:18:22.168+0000] {dagbag.py:350} ERROR - Failed to import: /workspaces/hands-on-introduction-data-engineering-4395021/airflow/dags/challenge_dag.py
Traceback (most recent call last):
  File "/home/vscode/.local/lib/python3.10/site-packages/airflow/models/dagbag.py", line 346, in parse
    loader.exec_module(new_module)
  File "<frozen importlib._bootstrap_external>", line 883, in exec_module
  File "<frozen importlib._bootstrap>", line 241, in _call_with_frames_removed
  File "/workspaces/hands-on-introduction-data-engineering-4395021/airflow/dags/challenge_dag.py", line 3, in <module>
    import pandas as pd
ModuleNotFoundError: No module named 'pandas'
[2025-07-16T11:18:22.169+0000] {processor.py:838} WARNING - No viable dags retrieved from /workspaces/hands-on-introduction-data-engineering-4395021/airflow/dags/challenge_dag.py
[2025-07-16T11:18:22.182+0000] {processor.py:179} INFO - Processing /workspaces/hands-on-introduction-data-engineering-4395021/airflow/dags/challenge_dag.py took 0.020 seconds
[2025-07-16T11:19:07.288+0000] {processor.py:157} INFO - Started process (PID=10287) to work on /workspaces/hands-on-introduction-data-engineering-4395021/airflow/dags/challenge_dag.py
[2025-07-16T11:19:07.289+0000] {processor.py:826} INFO - Processing file /workspaces/hands-on-introduction-data-engineering-4395021/airflow/dags/challenge_dag.py for tasks to queue
[2025-07-16T11:19:07.290+0000] {logging_mixin.py:150} INFO - [2025-07-16T11:19:07.289+0000] {dagbag.py:541} INFO - Filling up the DagBag from /workspaces/hands-on-introduction-data-engineering-4395021/airflow/dags/challenge_dag.py
[2025-07-16T11:19:07.292+0000] {logging_mixin.py:150} INFO - [2025-07-16T11:19:07.292+0000] {dagbag.py:350} ERROR - Failed to import: /workspaces/hands-on-introduction-data-engineering-4395021/airflow/dags/challenge_dag.py
Traceback (most recent call last):
  File "/home/vscode/.local/lib/python3.10/site-packages/airflow/models/dagbag.py", line 346, in parse
    loader.exec_module(new_module)
  File "<frozen importlib._bootstrap_external>", line 883, in exec_module
  File "<frozen importlib._bootstrap>", line 241, in _call_with_frames_removed
  File "/workspaces/hands-on-introduction-data-engineering-4395021/airflow/dags/challenge_dag.py", line 3, in <module>
    import pandas as pd
ModuleNotFoundError: No module named 'pandas'
[2025-07-16T11:19:07.293+0000] {processor.py:838} WARNING - No viable dags retrieved from /workspaces/hands-on-introduction-data-engineering-4395021/airflow/dags/challenge_dag.py
[2025-07-16T11:19:07.307+0000] {processor.py:179} INFO - Processing /workspaces/hands-on-introduction-data-engineering-4395021/airflow/dags/challenge_dag.py took 0.021 seconds
[2025-07-16T11:19:44.300+0000] {processor.py:157} INFO - Started process (PID=10533) to work on /workspaces/hands-on-introduction-data-engineering-4395021/airflow/dags/challenge_dag.py
[2025-07-16T11:19:44.301+0000] {processor.py:826} INFO - Processing file /workspaces/hands-on-introduction-data-engineering-4395021/airflow/dags/challenge_dag.py for tasks to queue
[2025-07-16T11:19:44.302+0000] {logging_mixin.py:150} INFO - [2025-07-16T11:19:44.302+0000] {dagbag.py:541} INFO - Filling up the DagBag from /workspaces/hands-on-introduction-data-engineering-4395021/airflow/dags/challenge_dag.py
[2025-07-16T11:19:44.306+0000] {logging_mixin.py:150} INFO - [2025-07-16T11:19:44.305+0000] {dagbag.py:350} ERROR - Failed to import: /workspaces/hands-on-introduction-data-engineering-4395021/airflow/dags/challenge_dag.py
Traceback (most recent call last):
  File "/home/vscode/.local/lib/python3.10/site-packages/airflow/models/dagbag.py", line 346, in parse
    loader.exec_module(new_module)
  File "<frozen importlib._bootstrap_external>", line 883, in exec_module
  File "<frozen importlib._bootstrap>", line 241, in _call_with_frames_removed
  File "/workspaces/hands-on-introduction-data-engineering-4395021/airflow/dags/challenge_dag.py", line 3, in <module>
    import pandas as pd
ModuleNotFoundError: No module named 'pandas'
[2025-07-16T11:19:44.306+0000] {processor.py:838} WARNING - No viable dags retrieved from /workspaces/hands-on-introduction-data-engineering-4395021/airflow/dags/challenge_dag.py
[2025-07-16T11:19:44.325+0000] {processor.py:179} INFO - Processing /workspaces/hands-on-introduction-data-engineering-4395021/airflow/dags/challenge_dag.py took 0.028 seconds
[2025-07-16T11:20:19.010+0000] {processor.py:157} INFO - Started process (PID=10764) to work on /workspaces/hands-on-introduction-data-engineering-4395021/airflow/dags/challenge_dag.py
[2025-07-16T11:20:19.010+0000] {processor.py:826} INFO - Processing file /workspaces/hands-on-introduction-data-engineering-4395021/airflow/dags/challenge_dag.py for tasks to queue
[2025-07-16T11:20:19.011+0000] {logging_mixin.py:150} INFO - [2025-07-16T11:20:19.011+0000] {dagbag.py:541} INFO - Filling up the DagBag from /workspaces/hands-on-introduction-data-engineering-4395021/airflow/dags/challenge_dag.py
[2025-07-16T11:20:19.014+0000] {logging_mixin.py:150} INFO - [2025-07-16T11:20:19.013+0000] {dagbag.py:350} ERROR - Failed to import: /workspaces/hands-on-introduction-data-engineering-4395021/airflow/dags/challenge_dag.py
Traceback (most recent call last):
  File "/home/vscode/.local/lib/python3.10/site-packages/airflow/models/dagbag.py", line 346, in parse
    loader.exec_module(new_module)
  File "<frozen importlib._bootstrap_external>", line 883, in exec_module
  File "<frozen importlib._bootstrap>", line 241, in _call_with_frames_removed
  File "/workspaces/hands-on-introduction-data-engineering-4395021/airflow/dags/challenge_dag.py", line 3, in <module>
    import pandas as pd
ModuleNotFoundError: No module named 'pandas'
[2025-07-16T11:20:19.014+0000] {processor.py:838} WARNING - No viable dags retrieved from /workspaces/hands-on-introduction-data-engineering-4395021/airflow/dags/challenge_dag.py
[2025-07-16T11:20:19.028+0000] {processor.py:179} INFO - Processing /workspaces/hands-on-introduction-data-engineering-4395021/airflow/dags/challenge_dag.py took 0.021 seconds
[2025-07-16T11:20:57.227+0000] {processor.py:157} INFO - Started process (PID=11339) to work on /workspaces/hands-on-introduction-data-engineering-4395021/airflow/dags/challenge_dag.py
[2025-07-16T11:20:57.227+0000] {processor.py:826} INFO - Processing file /workspaces/hands-on-introduction-data-engineering-4395021/airflow/dags/challenge_dag.py for tasks to queue
[2025-07-16T11:20:57.228+0000] {logging_mixin.py:150} INFO - [2025-07-16T11:20:57.228+0000] {dagbag.py:541} INFO - Filling up the DagBag from /workspaces/hands-on-introduction-data-engineering-4395021/airflow/dags/challenge_dag.py
[2025-07-16T11:20:57.757+0000] {processor.py:836} INFO - DAG(s) dict_keys(['challenge_dag']) retrieved from /workspaces/hands-on-introduction-data-engineering-4395021/airflow/dags/challenge_dag.py
[2025-07-16T11:20:57.895+0000] {logging_mixin.py:150} INFO - [2025-07-16T11:20:57.895+0000] {manager.py:504} INFO - Created Permission View: can delete on DAG:challenge_dag
[2025-07-16T11:20:57.907+0000] {logging_mixin.py:150} INFO - [2025-07-16T11:20:57.907+0000] {manager.py:504} INFO - Created Permission View: can edit on DAG:challenge_dag
[2025-07-16T11:20:57.917+0000] {logging_mixin.py:150} INFO - [2025-07-16T11:20:57.917+0000] {manager.py:504} INFO - Created Permission View: can read on DAG:challenge_dag
[2025-07-16T11:20:57.930+0000] {logging_mixin.py:150} INFO - [2025-07-16T11:20:57.930+0000] {dag.py:2742} INFO - Sync 1 DAGs
[2025-07-16T11:20:57.944+0000] {logging_mixin.py:150} INFO - [2025-07-16T11:20:57.942+0000] {dag.py:2763} INFO - Creating ORM DAG for challenge_dag
[2025-07-16T11:20:57.953+0000] {logging_mixin.py:150} INFO - [2025-07-16T11:20:57.953+0000] {dag.py:3504} INFO - Setting next_dagrun for challenge_dag to None, run_after=None
[2025-07-16T11:20:57.975+0000] {processor.py:179} INFO - Processing /workspaces/hands-on-introduction-data-engineering-4395021/airflow/dags/challenge_dag.py took 0.751 seconds
[2025-07-16T11:21:42.054+0000] {processor.py:157} INFO - Started process (PID=12017) to work on /workspaces/hands-on-introduction-data-engineering-4395021/airflow/dags/challenge_dag.py
[2025-07-16T11:21:42.055+0000] {processor.py:826} INFO - Processing file /workspaces/hands-on-introduction-data-engineering-4395021/airflow/dags/challenge_dag.py for tasks to queue
[2025-07-16T11:21:42.056+0000] {logging_mixin.py:150} INFO - [2025-07-16T11:21:42.055+0000] {dagbag.py:541} INFO - Filling up the DagBag from /workspaces/hands-on-introduction-data-engineering-4395021/airflow/dags/challenge_dag.py
[2025-07-16T11:21:42.434+0000] {processor.py:836} INFO - DAG(s) dict_keys(['challenge_dag']) retrieved from /workspaces/hands-on-introduction-data-engineering-4395021/airflow/dags/challenge_dag.py
[2025-07-16T11:21:42.438+0000] {logging_mixin.py:150} INFO - [2025-07-16T11:21:42.438+0000] {dag.py:2742} INFO - Sync 1 DAGs
[2025-07-16T11:21:42.457+0000] {logging_mixin.py:150} INFO - [2025-07-16T11:21:42.457+0000] {dag.py:3504} INFO - Setting next_dagrun for challenge_dag to None, run_after=None
[2025-07-16T11:21:42.490+0000] {processor.py:179} INFO - Processing /workspaces/hands-on-introduction-data-engineering-4395021/airflow/dags/challenge_dag.py took 0.438 seconds
[2025-07-16T11:22:40.765+0000] {processor.py:157} INFO - Started process (PID=12648) to work on /workspaces/hands-on-introduction-data-engineering-4395021/airflow/dags/challenge_dag.py
[2025-07-16T11:22:40.766+0000] {processor.py:826} INFO - Processing file /workspaces/hands-on-introduction-data-engineering-4395021/airflow/dags/challenge_dag.py for tasks to queue
[2025-07-16T11:22:40.767+0000] {logging_mixin.py:150} INFO - [2025-07-16T11:22:40.766+0000] {dagbag.py:541} INFO - Filling up the DagBag from /workspaces/hands-on-introduction-data-engineering-4395021/airflow/dags/challenge_dag.py
[2025-07-16T11:22:41.387+0000] {processor.py:836} INFO - DAG(s) dict_keys(['challenge_dag']) retrieved from /workspaces/hands-on-introduction-data-engineering-4395021/airflow/dags/challenge_dag.py
[2025-07-16T11:22:41.408+0000] {logging_mixin.py:150} INFO - [2025-07-16T11:22:41.408+0000] {dag.py:2742} INFO - Sync 1 DAGs
[2025-07-16T11:22:41.430+0000] {logging_mixin.py:150} INFO - [2025-07-16T11:22:41.430+0000] {dag.py:3504} INFO - Setting next_dagrun for challenge_dag to None, run_after=None
[2025-07-16T11:22:41.449+0000] {processor.py:179} INFO - Processing /workspaces/hands-on-introduction-data-engineering-4395021/airflow/dags/challenge_dag.py took 0.688 seconds
[2025-07-16T11:27:22.819+0000] {processor.py:157} INFO - Started process (PID=15071) to work on /workspaces/hands-on-introduction-data-engineering-4395021/airflow/dags/challenge_dag.py
[2025-07-16T11:27:22.821+0000] {processor.py:826} INFO - Processing file /workspaces/hands-on-introduction-data-engineering-4395021/airflow/dags/challenge_dag.py for tasks to queue
[2025-07-16T11:27:22.822+0000] {logging_mixin.py:150} INFO - [2025-07-16T11:27:22.821+0000] {dagbag.py:541} INFO - Filling up the DagBag from /workspaces/hands-on-introduction-data-engineering-4395021/airflow/dags/challenge_dag.py
[2025-07-16T11:27:23.610+0000] {processor.py:836} INFO - DAG(s) dict_keys(['challenge_dag']) retrieved from /workspaces/hands-on-introduction-data-engineering-4395021/airflow/dags/challenge_dag.py
[2025-07-16T11:27:23.767+0000] {logging_mixin.py:150} INFO - [2025-07-16T11:27:23.766+0000] {dag.py:2742} INFO - Sync 1 DAGs
[2025-07-16T11:27:23.903+0000] {logging_mixin.py:150} INFO - [2025-07-16T11:27:23.902+0000] {dag.py:3504} INFO - Setting next_dagrun for challenge_dag to None, run_after=None
[2025-07-16T11:27:23.919+0000] {processor.py:179} INFO - Processing /workspaces/hands-on-introduction-data-engineering-4395021/airflow/dags/challenge_dag.py took 1.103 seconds
[2025-07-16T11:27:54.035+0000] {processor.py:157} INFO - Started process (PID=15312) to work on /workspaces/hands-on-introduction-data-engineering-4395021/airflow/dags/challenge_dag.py
[2025-07-16T11:27:54.036+0000] {processor.py:826} INFO - Processing file /workspaces/hands-on-introduction-data-engineering-4395021/airflow/dags/challenge_dag.py for tasks to queue
[2025-07-16T11:27:54.037+0000] {logging_mixin.py:150} INFO - [2025-07-16T11:27:54.037+0000] {dagbag.py:541} INFO - Filling up the DagBag from /workspaces/hands-on-introduction-data-engineering-4395021/airflow/dags/challenge_dag.py
[2025-07-16T11:27:54.276+0000] {processor.py:836} INFO - DAG(s) dict_keys(['challenge_dag']) retrieved from /workspaces/hands-on-introduction-data-engineering-4395021/airflow/dags/challenge_dag.py
[2025-07-16T11:27:54.298+0000] {logging_mixin.py:150} INFO - [2025-07-16T11:27:54.298+0000] {dag.py:2742} INFO - Sync 1 DAGs
[2025-07-16T11:27:54.318+0000] {logging_mixin.py:150} INFO - [2025-07-16T11:27:54.318+0000] {dag.py:3504} INFO - Setting next_dagrun for challenge_dag to None, run_after=None
[2025-07-16T11:27:54.336+0000] {processor.py:179} INFO - Processing /workspaces/hands-on-introduction-data-engineering-4395021/airflow/dags/challenge_dag.py took 0.303 seconds
