[2025-07-16T11:23:09.986+0000] {processor.py:157} INFO - Started process (PID=12861) to work on /workspaces/hands-on-introduction-data-engineering-4395021/airflow/dags/load_dag.py
[2025-07-16T11:23:09.987+0000] {processor.py:826} INFO - Processing file /workspaces/hands-on-introduction-data-engineering-4395021/airflow/dags/load_dag.py for tasks to queue
[2025-07-16T11:23:09.988+0000] {logging_mixin.py:150} INFO - [2025-07-16T11:23:09.987+0000] {dagbag.py:541} INFO - Filling up the DagBag from /workspaces/hands-on-introduction-data-engineering-4395021/airflow/dags/load_dag.py
[2025-07-16T11:23:09.996+0000] {processor.py:836} INFO - DAG(s) dict_keys(['load_dag']) retrieved from /workspaces/hands-on-introduction-data-engineering-4395021/airflow/dags/load_dag.py
[2025-07-16T11:23:10.069+0000] {logging_mixin.py:150} INFO - [2025-07-16T11:23:10.069+0000] {manager.py:504} INFO - Created Permission View: can read on DAG:load_dag
[2025-07-16T11:23:10.077+0000] {logging_mixin.py:150} INFO - [2025-07-16T11:23:10.077+0000] {manager.py:504} INFO - Created Permission View: can delete on DAG:load_dag
[2025-07-16T11:23:10.083+0000] {logging_mixin.py:150} INFO - [2025-07-16T11:23:10.082+0000] {manager.py:504} INFO - Created Permission View: can edit on DAG:load_dag
[2025-07-16T11:23:10.090+0000] {logging_mixin.py:150} INFO - [2025-07-16T11:23:10.090+0000] {dag.py:2742} INFO - Sync 1 DAGs
[2025-07-16T11:23:10.098+0000] {logging_mixin.py:150} INFO - [2025-07-16T11:23:10.097+0000] {dag.py:2763} INFO - Creating ORM DAG for load_dag
[2025-07-16T11:23:10.105+0000] {logging_mixin.py:150} INFO - [2025-07-16T11:23:10.105+0000] {dag.py:3504} INFO - Setting next_dagrun for load_dag to None, run_after=None
[2025-07-16T11:23:10.117+0000] {processor.py:179} INFO - Processing /workspaces/hands-on-introduction-data-engineering-4395021/airflow/dags/load_dag.py took 0.135 seconds
[2025-07-16T11:25:24.959+0000] {processor.py:157} INFO - Started process (PID=13906) to work on /workspaces/hands-on-introduction-data-engineering-4395021/airflow/dags/load_dag.py
[2025-07-16T11:25:24.960+0000] {processor.py:826} INFO - Processing file /workspaces/hands-on-introduction-data-engineering-4395021/airflow/dags/load_dag.py for tasks to queue
[2025-07-16T11:25:24.961+0000] {logging_mixin.py:150} INFO - [2025-07-16T11:25:24.960+0000] {dagbag.py:541} INFO - Filling up the DagBag from /workspaces/hands-on-introduction-data-engineering-4395021/airflow/dags/load_dag.py
[2025-07-16T11:25:24.974+0000] {processor.py:836} INFO - DAG(s) dict_keys(['load_dag']) retrieved from /workspaces/hands-on-introduction-data-engineering-4395021/airflow/dags/load_dag.py
[2025-07-16T11:25:25.117+0000] {logging_mixin.py:150} INFO - [2025-07-16T11:25:25.116+0000] {dag.py:2742} INFO - Sync 1 DAGs
[2025-07-16T11:25:25.157+0000] {logging_mixin.py:150} INFO - [2025-07-16T11:25:25.157+0000] {dag.py:3504} INFO - Setting next_dagrun for load_dag to None, run_after=None
[2025-07-16T11:25:25.229+0000] {processor.py:179} INFO - Processing /workspaces/hands-on-introduction-data-engineering-4395021/airflow/dags/load_dag.py took 0.275 seconds
[2025-07-16T11:25:56.131+0000] {processor.py:157} INFO - Started process (PID=14156) to work on /workspaces/hands-on-introduction-data-engineering-4395021/airflow/dags/load_dag.py
[2025-07-16T11:25:56.132+0000] {processor.py:826} INFO - Processing file /workspaces/hands-on-introduction-data-engineering-4395021/airflow/dags/load_dag.py for tasks to queue
[2025-07-16T11:25:56.132+0000] {logging_mixin.py:150} INFO - [2025-07-16T11:25:56.132+0000] {dagbag.py:541} INFO - Filling up the DagBag from /workspaces/hands-on-introduction-data-engineering-4395021/airflow/dags/load_dag.py
[2025-07-16T11:25:56.141+0000] {processor.py:836} INFO - DAG(s) dict_keys(['load_dag']) retrieved from /workspaces/hands-on-introduction-data-engineering-4395021/airflow/dags/load_dag.py
[2025-07-16T11:25:56.160+0000] {logging_mixin.py:150} INFO - [2025-07-16T11:25:56.159+0000] {dag.py:2742} INFO - Sync 1 DAGs
[2025-07-16T11:25:56.174+0000] {logging_mixin.py:150} INFO - [2025-07-16T11:25:56.174+0000] {dag.py:3504} INFO - Setting next_dagrun for load_dag to None, run_after=None
[2025-07-16T11:25:56.189+0000] {processor.py:179} INFO - Processing /workspaces/hands-on-introduction-data-engineering-4395021/airflow/dags/load_dag.py took 0.061 seconds
[2025-07-16T11:26:26.339+0000] {processor.py:157} INFO - Started process (PID=14537) to work on /workspaces/hands-on-introduction-data-engineering-4395021/airflow/dags/load_dag.py
[2025-07-16T11:26:26.340+0000] {processor.py:826} INFO - Processing file /workspaces/hands-on-introduction-data-engineering-4395021/airflow/dags/load_dag.py for tasks to queue
[2025-07-16T11:26:26.341+0000] {logging_mixin.py:150} INFO - [2025-07-16T11:26:26.341+0000] {dagbag.py:541} INFO - Filling up the DagBag from /workspaces/hands-on-introduction-data-engineering-4395021/airflow/dags/load_dag.py
[2025-07-16T11:26:26.350+0000] {processor.py:836} INFO - DAG(s) dict_keys(['load_dag']) retrieved from /workspaces/hands-on-introduction-data-engineering-4395021/airflow/dags/load_dag.py
[2025-07-16T11:26:26.368+0000] {logging_mixin.py:150} INFO - [2025-07-16T11:26:26.368+0000] {dag.py:2742} INFO - Sync 1 DAGs
[2025-07-16T11:26:26.383+0000] {logging_mixin.py:150} INFO - [2025-07-16T11:26:26.383+0000] {dag.py:3504} INFO - Setting next_dagrun for load_dag to None, run_after=None
[2025-07-16T11:26:26.398+0000] {processor.py:179} INFO - Processing /workspaces/hands-on-introduction-data-engineering-4395021/airflow/dags/load_dag.py took 0.061 seconds
[2025-07-16T11:26:56.549+0000] {processor.py:157} INFO - Started process (PID=14848) to work on /workspaces/hands-on-introduction-data-engineering-4395021/airflow/dags/load_dag.py
[2025-07-16T11:26:56.550+0000] {processor.py:826} INFO - Processing file /workspaces/hands-on-introduction-data-engineering-4395021/airflow/dags/load_dag.py for tasks to queue
[2025-07-16T11:26:56.550+0000] {logging_mixin.py:150} INFO - [2025-07-16T11:26:56.550+0000] {dagbag.py:541} INFO - Filling up the DagBag from /workspaces/hands-on-introduction-data-engineering-4395021/airflow/dags/load_dag.py
[2025-07-16T11:26:56.559+0000] {processor.py:836} INFO - DAG(s) dict_keys(['load_dag']) retrieved from /workspaces/hands-on-introduction-data-engineering-4395021/airflow/dags/load_dag.py
[2025-07-16T11:26:56.576+0000] {logging_mixin.py:150} INFO - [2025-07-16T11:26:56.576+0000] {dag.py:2742} INFO - Sync 1 DAGs
[2025-07-16T11:26:56.590+0000] {logging_mixin.py:150} INFO - [2025-07-16T11:26:56.590+0000] {dag.py:3504} INFO - Setting next_dagrun for load_dag to None, run_after=None
[2025-07-16T11:26:56.604+0000] {processor.py:179} INFO - Processing /workspaces/hands-on-introduction-data-engineering-4395021/airflow/dags/load_dag.py took 0.058 seconds
